=== §88-S86 — homeostatic set-point MITOSIS (trained scale) ===
device=cuda corpus_sha=ca1018090b28a4b9…
/workspace/s88s86/homeostatic_setpoint_train_s88s86.py:175: FutureWarning: `torch.cuda.amp.GradScaler(args...)` is deprecated. Please use `torch.amp.GradScaler('cuda', args...)` instead.
  scaler = torch.cuda.amp.GradScaler(enabled=use_amp)
[step 0/6000] ce=5.661060 lr=1.500000e-06
[step 100/6000] ce=1.337810 lr=1.515000e-04
[step 200/6000] ce=0.267358 lr=3.000000e-04
[step 300/6000] ce=0.065414 lr=2.998020e-04
[step 400/6000] ce=0.055651 lr=2.992086e-04
[step 500/6000] ce=0.044308 lr=2.982216e-04
[step 600/6000] ce=0.031544 lr=2.968438e-04
[step 700/6000] ce=0.028054 lr=2.950792e-04
[step 800/6000] ce=0.021814 lr=2.929332e-04
[step 900/6000] ce=0.021907 lr=2.904119e-04
[step 1000/6000] ce=0.024541 lr=2.875227e-04
[step 1100/6000] ce=0.014982 lr=2.842741e-04
[step 1200/6000] ce=0.022261 lr=2.806757e-04
[step 1300/6000] ce=0.016540 lr=2.767380e-04
[step 1400/6000] ce=0.022568 lr=2.724726e-04
[step 1500/6000] ce=0.018613 lr=2.678919e-04
[step 1600/6000] ce=0.012382 lr=2.630094e-04
[step 1700/6000] ce=0.015042 lr=2.578394e-04
[step 1800/6000] ce=0.014023 lr=2.523971e-04
[step 1900/6000] ce=0.013612 lr=2.466985e-04
[step 2000/6000] ce=0.013816 lr=2.407603e-04
[step 2100/6000] ce=0.016278 lr=2.345998e-04
[step 2200/6000] ce=0.010023 lr=2.282351e-04
[step 2300/6000] ce=0.009407 lr=2.216850e-04
[step 2400/6000] ce=0.007096 lr=2.149687e-04
[step 2500/6000] ce=0.010319 lr=2.081057e-04
[step 2600/6000] ce=0.007061 lr=2.011163e-04
[step 2700/6000] ce=0.004081 lr=1.940210e-04
[step 2800/6000] ce=0.010486 lr=1.868406e-04
[step 2900/6000] ce=0.006661 lr=1.795961e-04
[step 3000/6000] ce=0.013512 lr=1.723088e-04
[step 3100/6000] ce=0.013162 lr=1.650000e-04
[step 3200/6000] ce=0.004070 lr=1.576912e-04
[step 3300/6000] ce=0.005933 lr=1.504039e-04
[step 3400/6000] ce=0.006761 lr=1.431594e-04
[step 3500/6000] ce=0.006597 lr=1.359790e-04
[step 3600/6000] ce=0.004628 lr=1.288837e-04
[step 3700/6000] ce=0.005234 lr=1.218943e-04
[step 3800/6000] ce=0.006382 lr=1.150313e-04
[step 3900/6000] ce=0.002697 lr=1.083150e-04
[step 4000/6000] ce=0.003883 lr=1.017649e-04
[step 4100/6000] ce=0.006829 lr=9.540023e-05
[step 4200/6000] ce=0.004196 lr=8.923975e-05
[step 4300/6000] ce=0.007042 lr=8.330148e-05
[step 4400/6000] ce=0.005469 lr=7.760285e-05
[step 4500/6000] ce=0.004897 lr=7.216057e-05
[step 4600/6000] ce=0.003348 lr=6.699061e-05
[step 4700/6000] ce=0.005102 lr=6.210812e-05
[step 4800/6000] ce=0.003229 lr=5.752744e-05
[step 4900/6000] ce=0.005195 lr=5.326199e-05
[step 5000/6000] ce=0.005374 lr=4.932428e-05
[step 5100/6000] ce=0.005348 lr=4.572587e-05
[step 5200/6000] ce=0.003647 lr=4.247732e-05
[step 5300/6000] ce=0.001500 lr=3.958814e-05
[step 5400/6000] ce=0.004720 lr=3.706682e-05
[step 5500/6000] ce=0.005713 lr=3.492075e-05
[step 5600/6000] ce=0.002459 lr=3.315622e-05
[step 5700/6000] ce=0.003998 lr=3.177842e-05
[step 5800/6000] ce=0.004089 lr=3.079138e-05
[step 5900/6000] ce=0.004450 lr=3.019799e-05
[step 5999/6000] ce=0.006993 lr=3.000002e-05

=== §16 baseline 8-anchor probe (ckpt bbbea0e2273b04c0…) ===

=== cell0 s24-baseline-separate ===
  E_mean=29.783558 regime Q0/E20/S0 int_var=0.0000 §9_coh=True maj=0.200 splits=0

=== cell1 setpoint-emit-only ===
  E_mean=29.783558 regime Q0/E20/S0 int_var=0.0000 §9_coh=True maj=0.200 splits=0

=== cell2 setpoint-split-only ===
  E_mean=29.783558 regime Q1/E0/S19 int_var=0.0000 §9_coh=False maj=0.211 splits=19

=== cell3 full-unified-3regime ===
  E_mean=29.783558 regime Q0/E1/S19 int_var=0.0000 §9_coh=True maj=0.200 splits=19

=== cell4 s85-hopf-overlay ===
  E_mean=29.783558 regime Q0/E1/S19 int_var=0.0000 §9_coh=True maj=0.200 splits=19

=== §88-S86 verdict: (β-mixed) PARTIAL-COLLAPSE-NO-CLEAN-SURVIVAL ===
4-corner: α=False β=False γ=False δ=True
result → /workspace/s88s86/result.json
