
================================================================
anima_persona_4_per_session_pool_verify.hexa
F-PERSONA-4 cond #3 ☑ verification path (d) — REBORN §89
hexa-native per-session fresh cell pool
================================================================
config: d_model=384 n_cells=64
        n_perms=100 kl_threshold=0.5
        z_threshold=1.65
probe path: /Users/ghost/core/anima/state/p_idr_identity_rules_2026_05_12/identity_probe.jsonl
loaded 50 probes
  cat=boundary n=10
  cat=emotion n=10
  cat=self_definition n=10
  cat=self_knowledge n=10
  cat=values n=10

─── Phase 3: per-session pool measurement (5 sessions × 10 probes) ───
  ── session [boundary] ── fresh cell_pool_init(d=384, cells=64)
    probes_in_cat=10 avg_dist_len=64
    tension diag (prompt 0): max=0.194019 min=0.143149 mean=0.16313
  ── session [emotion] ── fresh cell_pool_init(d=384, cells=64)
    probes_in_cat=10 avg_dist_len=64
    tension diag (prompt 0): max=0.204918 min=0.144255 mean=0.171527
  ── session [self_definition] ── fresh cell_pool_init(d=384, cells=64)
    probes_in_cat=10 avg_dist_len=64
    tension diag (prompt 0): max=0.180019 min=0.127632 mean=0.154005
  ── session [self_knowledge] ── fresh cell_pool_init(d=384, cells=64)
    probes_in_cat=10 avg_dist_len=64
    tension diag (prompt 0): max=0.215644 min=0.149175 mean=0.171263
  ── session [values] ── fresh cell_pool_init(d=384, cells=64)
    probes_in_cat=10 avg_dist_len=64
    tension diag (prompt 0): max=0.219706 min=0.144902 mean=0.178385

─── Phase 4: observed 5×5 KL matrix (10 pairs upper triangle) ───
  observed mean_KL = 1.79263e-05 nats
  observed min_KL  = 1.15284e-05 nats
  observed max_KL  = 2.44014e-05 nats
  KL matrix (rows=P, cols=Q):
    boundary:  0.0  1.35168e-05  1.15284e-05  1.97857e-05  1.39733e-05  
    emotion:  1.35114e-05  0.0  1.98834e-05  1.95253e-05  1.3997e-05  
    self_definition:  1.15322e-05  1.98656e-05  0.0  2.44014e-05  2.07268e-05  
    self_knowledge:  1.97662e-05  1.94924e-05  2.43732e-05  0.0  2.19245e-05  
    values:  1.39601e-05  1.3989e-05  2.07304e-05  2.19404e-05  0.0  

─── Phase 5: null permutation test (n_perms=100) ───
  seeding LCG=20260512 for reproducible permutation order
  null_mean = 1.4612e-05
  null_std  = 1.25554e-06
  null_max  = 1.79704e-05
  n_above   = 1 / 100
  p_value   = 0.01
  z_score   = 2.63975

─── Phase 6: verdict ───
  observed_pass (mean_KL ≥ 0.5) = false
  null_pass     (z ≥ 1.65 AND p ≤ 0.05) = true
  SCENARIO: (iii) FALSIFIED — (d) path closed, mean_KL < 0.5

  result JSON: /Users/ghost/core/anima/state/anima_d3_per_session_pool_2026_05_12/per_session_pool_results_prod.json
