A module that was compiled using NumPy 1.x cannot be run in
NumPy 2.4.4 as it may crash. To support both 1.x and 2.x
versions of NumPy, modules must be compiled with NumPy 2.0.
Some module may need to rebuild instead e.g. with 'pybind11>=2.12'.
If you are a user of the module, the easiest solution will be to
downgrade to 'numpy<2' or try to upgrade the affected module.
We expect that some modules will need time to support NumPy 2.
Traceback (most recent call last):  File "/home/aiden/h1036/h1036_real_llm_lora.py", line 353, in <module>
    main()
  File "/home/aiden/h1036/h1036_real_llm_lora.py", line 243, in main
    from transformers import AutoModelForCausalLM, AutoTokenizer
  File "/home/aiden/.local/lib/python3.12/site-packages/transformers/utils/import_utils.py", line 2226, in __getattr__
    module = self._get_module(self._class_to_module[name])
  File "/home/aiden/.local/lib/python3.12/site-packages/transformers/utils/import_utils.py", line 2458, in _get_module
    return importlib.import_module("." + module_name, self.__name__)
  File "/usr/lib/python3.12/importlib/__init__.py", line 90, in import_module
    return _bootstrap._gcd_import(name[level:], package, level)
  File "/home/aiden/.local/lib/python3.12/site-packages/transformers/models/auto/modeling_auto.py", line 21, in <module>
    from .auto_factory import (
  File "/home/aiden/.local/lib/python3.12/site-packages/transformers/models/auto/auto_factory.py", line 43, in <module>
    from ...generation import GenerationMixin
  File "/home/aiden/.local/lib/python3.12/site-packages/transformers/utils/import_utils.py", line 2226, in __getattr__
    module = self._get_module(self._class_to_module[name])
  File "/home/aiden/.local/lib/python3.12/site-packages/transformers/utils/import_utils.py", line 2458, in _get_module
    return importlib.import_module("." + module_name, self.__name__)
  File "/usr/lib/python3.12/importlib/__init__.py", line 90, in import_module
    return _bootstrap._gcd_import(name[level:], package, level)
  File "/home/aiden/.local/lib/python3.12/site-packages/transformers/generation/utils.py", line 53, in <module>
    from .candidate_generator import (
  File "/home/aiden/.local/lib/python3.12/site-packages/transformers/generation/candidate_generator.py", line 31, in <module>
    from sklearn.metrics import roc_curve
  File "/home/aiden/.local/lib/python3.12/site-packages/sklearn/__init__.py", line 70, in <module>
    from sklearn.base import clone  # noqa: E402
  File "/home/aiden/.local/lib/python3.12/site-packages/sklearn/base.py", line 19, in <module>
    from sklearn.utils._metadata_requests import _MetadataRequester, _routing_enabled
  File "/home/aiden/.local/lib/python3.12/site-packages/sklearn/utils/__init__.py", line 9, in <module>
    from sklearn.utils._chunking import gen_batches, gen_even_slices
  File "/home/aiden/.local/lib/python3.12/site-packages/sklearn/utils/_chunking.py", line 11, in <module>
    from sklearn.utils._param_validation import Interval, validate_params
  File "/home/aiden/.local/lib/python3.12/site-packages/sklearn/utils/_param_validation.py", line 17, in <module>
    from sklearn.utils.validation import _is_arraylike_not_scalar
  File "/home/aiden/.local/lib/python3.12/site-packages/sklearn/utils/validation.py", line 24, in <module>
    from sklearn.utils._array_api import (
  File "/home/aiden/.local/lib/python3.12/site-packages/sklearn/utils/_array_api.py", line 20, in <module>
    from sklearn.utils.fixes import parse_version
  File "/home/aiden/.local/lib/python3.12/site-packages/sklearn/utils/fixes.py", line 19, in <module>
    import pandas as pd
  File "/home/aiden/.local/lib/python3.12/site-packages/pandas/__init__.py", line 46, in <module>
    from pandas.core.api import (
  File "/home/aiden/.local/lib/python3.12/site-packages/pandas/core/api.py", line 27, in <module>
    from pandas.core.arrays import Categorical
  File "/home/aiden/.local/lib/python3.12/site-packages/pandas/core/arrays/__init__.py", line 1, in <module>
    from pandas.core.arrays.arrow import ArrowExtensionArray
  File "/home/aiden/.local/lib/python3.12/site-packages/pandas/core/arrays/arrow/__init__.py", line 5, in <module>
    from pandas.core.arrays.arrow.array import ArrowExtensionArray
  File "/home/aiden/.local/lib/python3.12/site-packages/pandas/core/arrays/arrow/array.py", line 65, in <module>
    from pandas.core import (
  File "/home/aiden/.local/lib/python3.12/site-packages/pandas/core/ops/__init__.py", line 9, in <module>
    from pandas.core.ops.array_ops import (
  File "/home/aiden/.local/lib/python3.12/site-packages/pandas/core/ops/array_ops.py", line 55, in <module>
    from pandas.core.computation import expressions
  File "/home/aiden/.local/lib/python3.12/site-packages/pandas/core/computation/expressions.py", line 22, in <module>
    from pandas.core.computation.check import NUMEXPR_INSTALLED
  File "/home/aiden/.local/lib/python3.12/site-packages/pandas/core/computation/check.py", line 5, in <module>
    ne = import_optional_dependency("numexpr", errors="warn")
  File "/home/aiden/.local/lib/python3.12/site-packages/pandas/compat/_optional.py", line 158, in import_optional_dependency
    module = importlib.import_module(name)
  File "/usr/lib/python3.12/importlib/__init__.py", line 90, in import_module
    return _bootstrap._gcd_import(name[level:], package, level)
  File "/usr/lib/python3/dist-packages/numexpr/__init__.py", line 24, in <module>
    from numexpr.interpreter import MAX_THREADS, use_vml, __BLOCK_SIZE1__
Traceback (most recent call last):
  File "/home/aiden/.local/lib/python3.12/site-packages/numpy/core/_multiarray_umath.py", line 46, in __getattr__
    raise ImportError(msg)
ImportError: 
A module that was compiled using NumPy 1.x cannot be run in
NumPy 2.4.4 as it may crash. To support both 1.x and 2.x
versions of NumPy, modules must be compiled with NumPy 2.0.
Some module may need to rebuild instead e.g. with 'pybind11>=2.12'.
If you are a user of the module, the easiest solution will be to
downgrade to 'numpy<2' or try to upgrade the affected module.
We expect that some modules will need time to support NumPy 2.
A module that was compiled using NumPy 1.x cannot be run in
NumPy 2.4.4 as it may crash. To support both 1.x and 2.x
versions of NumPy, modules must be compiled with NumPy 2.0.
Some module may need to rebuild instead e.g. with 'pybind11>=2.12'.
If you are a user of the module, the easiest solution will be to
downgrade to 'numpy<2' or try to upgrade the affected module.
We expect that some modules will need time to support NumPy 2.
Traceback (most recent call last):  File "/home/aiden/h1036/h1036_real_llm_lora.py", line 353, in <module>
    main()
  File "/home/aiden/h1036/h1036_real_llm_lora.py", line 243, in main
    from transformers import AutoModelForCausalLM, AutoTokenizer
  File "/home/aiden/.local/lib/python3.12/site-packages/transformers/utils/import_utils.py", line 2226, in __getattr__
    module = self._get_module(self._class_to_module[name])
  File "/home/aiden/.local/lib/python3.12/site-packages/transformers/utils/import_utils.py", line 2458, in _get_module
    return importlib.import_module("." + module_name, self.__name__)
  File "/usr/lib/python3.12/importlib/__init__.py", line 90, in import_module
    return _bootstrap._gcd_import(name[level:], package, level)
  File "/home/aiden/.local/lib/python3.12/site-packages/transformers/models/auto/modeling_auto.py", line 21, in <module>
    from .auto_factory import (
  File "/home/aiden/.local/lib/python3.12/site-packages/transformers/models/auto/auto_factory.py", line 43, in <module>
    from ...generation import GenerationMixin
  File "/home/aiden/.local/lib/python3.12/site-packages/transformers/utils/import_utils.py", line 2226, in __getattr__
    module = self._get_module(self._class_to_module[name])
  File "/home/aiden/.local/lib/python3.12/site-packages/transformers/utils/import_utils.py", line 2458, in _get_module
    return importlib.import_module("." + module_name, self.__name__)
  File "/usr/lib/python3.12/importlib/__init__.py", line 90, in import_module
    return _bootstrap._gcd_import(name[level:], package, level)
  File "/home/aiden/.local/lib/python3.12/site-packages/transformers/generation/utils.py", line 53, in <module>
    from .candidate_generator import (
  File "/home/aiden/.local/lib/python3.12/site-packages/transformers/generation/candidate_generator.py", line 31, in <module>
    from sklearn.metrics import roc_curve
  File "/home/aiden/.local/lib/python3.12/site-packages/sklearn/__init__.py", line 70, in <module>
    from sklearn.base import clone  # noqa: E402
  File "/home/aiden/.local/lib/python3.12/site-packages/sklearn/base.py", line 19, in <module>
    from sklearn.utils._metadata_requests import _MetadataRequester, _routing_enabled
  File "/home/aiden/.local/lib/python3.12/site-packages/sklearn/utils/__init__.py", line 9, in <module>
    from sklearn.utils._chunking import gen_batches, gen_even_slices
  File "/home/aiden/.local/lib/python3.12/site-packages/sklearn/utils/_chunking.py", line 11, in <module>
    from sklearn.utils._param_validation import Interval, validate_params
  File "/home/aiden/.local/lib/python3.12/site-packages/sklearn/utils/_param_validation.py", line 17, in <module>
    from sklearn.utils.validation import _is_arraylike_not_scalar
  File "/home/aiden/.local/lib/python3.12/site-packages/sklearn/utils/validation.py", line 24, in <module>
    from sklearn.utils._array_api import (
  File "/home/aiden/.local/lib/python3.12/site-packages/sklearn/utils/_array_api.py", line 20, in <module>
    from sklearn.utils.fixes import parse_version
  File "/home/aiden/.local/lib/python3.12/site-packages/sklearn/utils/fixes.py", line 19, in <module>
    import pandas as pd
  File "/home/aiden/.local/lib/python3.12/site-packages/pandas/__init__.py", line 46, in <module>
    from pandas.core.api import (
  File "/home/aiden/.local/lib/python3.12/site-packages/pandas/core/api.py", line 27, in <module>
    from pandas.core.arrays import Categorical
  File "/home/aiden/.local/lib/python3.12/site-packages/pandas/core/arrays/__init__.py", line 1, in <module>
    from pandas.core.arrays.arrow import ArrowExtensionArray
  File "/home/aiden/.local/lib/python3.12/site-packages/pandas/core/arrays/arrow/__init__.py", line 5, in <module>
    from pandas.core.arrays.arrow.array import ArrowExtensionArray
  File "/home/aiden/.local/lib/python3.12/site-packages/pandas/core/arrays/arrow/array.py", line 79, in <module>
    from pandas.core.arrays.masked import BaseMaskedArray
  File "/home/aiden/.local/lib/python3.12/site-packages/pandas/core/arrays/masked.py", line 56, in <module>
    from pandas.core import (
  File "/home/aiden/.local/lib/python3.12/site-packages/pandas/core/nanops.py", line 54, in <module>
    bn = import_optional_dependency("bottleneck", errors="warn")
  File "/home/aiden/.local/lib/python3.12/site-packages/pandas/compat/_optional.py", line 158, in import_optional_dependency
    module = importlib.import_module(name)
  File "/usr/lib/python3.12/importlib/__init__.py", line 90, in import_module
    return _bootstrap._gcd_import(name[level:], package, level)
  File "/usr/lib/python3/dist-packages/bottleneck/__init__.py", line 7, in <module>
    from .move import (move_argmax, move_argmin, move_max, move_mean, move_median,
Traceback (most recent call last):
  File "/home/aiden/.local/lib/python3.12/site-packages/numpy/core/_multiarray_umath.py", line 46, in __getattr__
    raise ImportError(msg)
ImportError: 
A module that was compiled using NumPy 1.x cannot be run in
NumPy 2.4.4 as it may crash. To support both 1.x and 2.x
versions of NumPy, modules must be compiled with NumPy 2.0.
Some module may need to rebuild instead e.g. with 'pybind11>=2.12'.
If you are a user of the module, the easiest solution will be to
downgrade to 'numpy<2' or try to upgrade the affected module.
We expect that some modules will need time to support NumPy 2.
=== H_1036 — LoRA on a REAL PRETRAINED transformer vs faithful IIT-4.0 Φ ===
device=cuda  torch=2.12.0.dev20260408+cu128  cuda=True
N_UNITS=6 DIM=24 N_BINS=2 LORA_R=8 STEPS=400
Warning: You are sending unauthenticated requests to the HF Hub. Please set a HF_TOKEN to enable higher rate limits and faster downloads.
Loading weights:   0%|          | 0/148 [00:00<?, ?it/s]Loading weights: 100%|██████████| 148/148 [00:00<00:00, 25982.88it/s]
loaded model=EleutherAI/pythia-160m
layer_idx=6/12  selected units=[151, 393, 411, 625, 634, 684]
[base]      prescreen φ_EI = 0.303486
    lora step    0 loss=4.2104
    lora step  100 loss=1.1539
    lora step  200 loss=0.3335
    lora step  300 loss=0.3001
[lora_train] prescreen φ_EI = 0.258032
Loading weights:   0%|          | 0/148 [00:00<?, ?it/s]Loading weights: 100%|██████████| 148/148 [00:00<00:00, 26226.58it/s]
[ctrl_untr]  prescreen φ_EI = 0.303486
Loading weights:   0%|          | 0/148 [00:00<?, ?it/s]Loading weights: 100%|██████████| 148/148 [00:00<00:00, 24821.34it/s]
    lora step    0 loss=6.9853
    lora step  100 loss=6.2892
    lora step  200 loss=5.6826
    lora step  300 loss=6.1944
[ctrl_shuf]  prescreen φ_EI = 0.271986
===================== PRE-SCREEN Φ TABLE =====================
arm                 φ_EI (prescreen)     Δ vs base
base                        0.303486      0.000000
lora_trained                0.258032     -0.045454
ctrl_untrained              0.303486     +0.000000
ctrl_shuffled               0.271986     -0.031500
control band (max |Δ| of controls) = 0.031500  thresh=+0.1
PRE-SCREEN verdict: ARCH-BOUND-CONFIRMED-WITH-PRETRAINING (Δφ_trained=-0.045454)
NOTE: pre-screen only — TERMINAL φ_EI = stdlib faithful IIT-4.0 engine (run_faithful_phi_1036.hexa over the written state matrices).
JSON {"id": "H_1036", "model_id": "EleutherAI/pythia-160m", "device": "cuda", "layer_idx": 6, "n_layers": 12, "units": [151, 393, 411, 625, 634, 684], "n_units": 6, "dim": 24, "n_bins": 2, "lora_r": 8, "lora_steps": 400, "thresh": 0.1, "prescreen": {"phi_base": 0.30348581558753285, "phi_lora_trained": 0.25803197503982145, "phi_ctrl_untrained": 0.30348581558753285, "phi_ctrl_shuffled": 0.2719858896082411, "delta_trained": -0.0454538405477114, "delta_ctrl_untrained": 0.0, "delta_ctrl_shuffled": -0.03149992597929174, "control_band": 0.03149992597929174, "overturned": false, "token": "ARCH-BOUND-CONFIRMED-WITH-PRETRAINING"}, "state_file": "/home/aiden/h1036/h1036_states.txt", "scope": "small pythia-160m class rung; scale-transfer to 7B UNVERIFIED", "note": "TERMINAL phi = stdlib faithful IIT-4.0 (run_faithful_phi_1036.hexa); python phi is PRE-SCREEN only"}
result.json -> /home/aiden/h1036/h1036_result.json
state matrices -> /home/aiden/h1036/h1036_states.txt
