=== [Wed Jul  8 16:13:38 UTC 2026] H_9226 op-grip · REAL d768 model (valid · matches summer H_9225 path) · runpod CPU ===
-rw-r--r-- 1 root root 4.3M Jul  8 16:10 /root/d768_real.clm
=== [Wed Jul  8 16:13:38 UTC 2026] echo | anima /root/d768_real.clm --opgrip (real model · no-decode · SELF/TEN accumulator content-driven) ===
[hexa-ffi] dlsym failed for 'erf': /root/.hexa-cache/hexa_run.78466c1dacd9059b_v0.707.0_a93174f6dbce007e: undefined symbol: erf
[hexa-ffi] dlsym failed for 'exp': /root/.hexa-cache/hexa_run.78466c1dacd9059b_v0.707.0_a93174f6dbce007e: undefined symbol: exp
════════════════════════════════════════════════════════════════
  anima — substrate-native consciousness daemon (canonical entry)
  (converse · ground · grow · remember · sleep — ONE A⇄G loop)
════════════════════════════════════════════════════════════════
engine config   : mitosis=on engine=conv topo_couple=off
L3 mount        : mouth=clm loaded=true  ckpt=/root/d768_real.clm
REMEMBER (seed) : wrote anchor /tmp/anima_kosmos/mem_001.kosmos
kosmos read     : 1 anchor(s) into brain
LANE mount      : immune_memory cells=1  pharm profile=baseline(sober)
LANE+ spatial   : nearest(ledger;vault,rumor)=vault  shuffle=vault  ablate=  item-store=""  distinct=✅
LANE+ hier-PFC  : pointer p0=0  wrong-cue→0  right-cue→1  ordered-distinct=✅
LANE+ basal-gng : go(grounded)−go(noise) trained=1.9853685568810118 untrained=0.0  earned-distinct=✅
LANE+ cerebellum: predict-err pre=18.726292180418767 post=3.400541819538572e-11  learned-distinct=✅
LANE+ work-mem  : probe fresh=0.9999999999999537 decayed(λ.6)=0.21599999999999 persist(λ1)=0.9999999999999537  volatile-distinct=✅
LANE+ ca3-replay: predict(1)=2 conf=1.0 marginal(ablate)=0  conditional-distinct=✅
LANE+ interval  : learned dhat=12.75 (target 13) ablate(lr0)=5.0  learned-distinct=✅
LANE+ amygdala  : valence grounded=1.0 ungrounded=-1.0 arousal=0.0  valenced-distinct=✅
LANE+ tom        : other-belief="vault QX-7741" anima-truth="MOVED to vault ZZ-0000"  false-belief-distinct=✅
LANE+ homeostat : drive(integrator)=1.9238319750000001 drive(ablate ki0)=0.5  temporal-integral-distinct=✅
LANE+ prc-clock : entrained-drift=0.002324499662766044 ablate(k0)-drift=0.408163265306122  limit-cycle-distinct=✅
LANE+ prospect  : reach(k5,h3)=0.439 ablate(k0)=0.0 persist=0.0  forward-sim-distinct=✅
LANE+ replay-bgt: salient-recency gated=15 uniform=13 shuffle=10  salience-gated-distinct=✅
LANE+ gate-b    : growth(predictable)=7 growth(shuffle)=6  growth-gate-distinct=✅
LANE+ intero-pr : precision clean=99.009900990099 noisy=0.24999375015624611 | weighted-err=0.5 blind-err=0.5  precision-distinct=⏳
LANE+ scn-net   : order coupled=0.9986166763208095 uncoupled=0.41978087295637473 frustrated=0.010850253927072506  ensemble-consensus-distinct=✅
LANE+ boredom   : both=1.0 rewarding=0.0 novel=0.0 ablate(OR)=1.0  conjunction-distinct=✅
LANE+ self-cont : recognize anchored=0.9999999999999998 reset=0.8906241309788189  identity-persist-distinct=✅
LANE+ self-info : exp-A/B cos=0.9574111347562825 recog=0.9999999999999996  experience-informative-distinct=✅
LANE+ you-cont  : recognize anchored=1.0 reset=0.19611613513818402 fit(genuine)=0.9951333266680701 fit(impostor)=0.0  interlocutor-continuity-distinct=✅
LANE+ learn-prec: novice(1)=0.1 expert(8)=0.8 sat(50)=1.0 ablate(0)=0.0  count-driven-distinct=✅
LANE+ novelty   : fresh=1.0 seen(10)=0.16666666666666666  precision-agnostic-distinct=✅
LANE+ habituate : r0=1.0 r4=0.19999999999999996 other(specific)=1.0 dishab=1.0  specific-recover-distinct=✅
LANE+ attn-blink: lag1=0.94 lag3(trough)=0.32 lag6=0.97 ablate=0.97  temporal-trough-distinct=✅
LANE+ imagery   : topdown_on=0.9 off(ablate)=0.0 mismatch=0.05  topdown-empty-input-distinct=✅
LANE+ priming   : related=0.9 unrelated=0.1 ablate=0.0  relatedness-facilitate-distinct=✅
LANE+ attn-schma: track=1.0 off(ablate)=0.125 agency=0.0  self-model-distinct=✅
LANE+ hysteresis: up=0.7 down=0.3 ablate(lam0)=0.5 rivalry(order-inv)=0.5  history-loop-distinct=✅
LANE+ reentry   : deep(20)=0.9992020773370239 shallow(1)=0.3 ablate(0)=0.0 gws(depth-inv)=0.235  recurrent-depth-distinct=✅
LANE+ completion: on=1.0 off(ablate)=0.544 imagery-readout=0.161  input-constrained-distinct=✅
LANE+ gestalt   : bind=1.0 below=0.0 off(ablate)=0.5 gws-readout=0.505  binding-not-selection-distinct=✅
LANE+ sense-agcy: self=1.0 external=0.0 other(abstain)=-1.0  efference-copy-distinct=✅
LANE+ subj-time : hi-novelty=4.0 lo(objective)=1.0  novelty-weighted-distinct=✅
LANE+ emo-reg   : regulated=0.19999999999999996 raw(g0/ablate)=1.0  2nd-order-control-distinct=✅
LANE+ dir-forget: forget-cued=0.30000000000000004 remember-cued=1.0  cue-driven-suppress-distinct=✅
LANE+ free-wont : blocked=0.0 executed=1.0 unready=0.0  pre-exec-inhibit-distinct=✅
LANE+ divided   : full=0.98 split(graded)=0.5  graded-tradeoff-distinct=✅
LANE+ surprise  : conf-viol=0.225 uncertain=0.025 (raw-err equal)  precision-weighted-distinct=✅
LANE+ body-own  : sync=1.0 async=0.1  multisensory-sync-distinct=✅
LANE+ rivalry   : alternations=4 ablate(no-fatigue)=0  dynamic-dominance-distinct=✅
LANE+ chg-blind : attended=1.0 unattended=0.0  binary-attn-gate-distinct=✅
LANE+ trw       : long-window=1.0 short=0.25 shuffle=0.25  integration-scale-distinct=✅
LANE+ mind-wndr : drift-cov=1.0 stay=0.125 prospect-cov=0.25  drift-distinct=✅
LANE+ qualia    : nearer=1.0 farther=0.0 spatial-readout=0.561  relational-quality-distinct=✅
LANE+ sm-presnc : rich=1.0 partial=0.25 false-law=0.25  counterfactual-breadth-distinct=✅
LANE+ halluc    : strong-prior-noSignal=1.0 ablate(no-prior)=0.0  prior-dominated-distinct=✅
LANE+ metacog-i : insight-intact=0.8571428571428571 impaired(gain0)=0.0  2nd-order-insight-distinct=✅
LANE+ gws-leak  : item1-leaked=0 item0-leaked=1  broadcast-decay-distinct=✅
LANE+ allosteric: dev-mu=1.9961340798605272 near-mu=1.003466201029631 ablate(lam0)=1.0  tension-stiffness-distinct=✅
LANE+ neuropharm: sober=1.0 lsd=0.6332377902572626 ketamine=0.7071067811865475  drug-signature-distinct=✅
LANE+ libido    : wanting-da=2.02 wanting-plain=1.3 (liking gain-invariant)  wanting-not-liking-distinct=✅
LANE+ trans-ord : infer(A,D)="A" item-store(A,D)=""  latent-rank-distinct=✅
LANE+ phasesync : coupled-R=0.9281438743976486 desync-R=0.3394716270725241  binding-coherence-distinct=✅
LANE+ hive-mind : coupled-excess=10.475639387617974 uncoupled-excess=-4.992085086916897  super-additive-distinct=✅
LANE+ mem×tom   : route(reality)=0.5908639063589205 route(belief)=0.3922618214082216  query-routed-arbiter-distinct=✅
LANE+ sp×epis   : route(where)=0.6690023375696565 route(what)=0.42158264412410745  where-what-arbiter-distinct=✅
LANE+ quorum    : decentralized-R=0.997735569336724 star-no-hub-R=0.5086838701064388  hub-free-integration-distinct=✅
LANE+ osmotic   : osmotic-split=1 ablate(β0)-split=0  kl-bottleneck-distinct=✅
LANE+ categ-perc: boundary-margin=0.498793276127663 shuffle-margin=0.4984220110229505  category-boundary-distinct=✅
LANE+ cp-reloc  : reloc-peak=0.675 split-only-peak=0.525 (p_A'=0.667)  move-the-cells-distinct=✅
LANE+ metacog-c : rpl-lift=0.19999999999999996 margin-blind=0.0  metacog-control-distinct=✅
LANE+ metacog-a : type2-auroc=1.0 shuffle-auroc=0.5069444444444444  meta-d'-sensitivity-distinct=✅
LANE+ field-pci : DEFERRED (degenerate all-zero R with chosen perturb args; needs a tuned PCI fixture)
LANE+ field-ent : base-H=0.8906053421090472 drug-global-H=0.8927265417265965 focal-H=0.8906053421090472  global-vs-focal-distinct=✅
LANE+ field×lib : field-wanting=2.2640000000000002 sham-wanting=1.4 (liking gain-invariant)  field-incentive-distinct=✅
LANE+ metacog-k : calibration-spearman-ρ=1.0  monotone-confidence-distinct=✅
LANE+ reality-c : content-correct-conf=0.9 wrong-conf=0.5  content-not-reality-confidence-distinct=✅
LANE+ topo-phi  : DEFERRED (15-lane state-pop fixture + heavy min-cut IIT4; topo=Ψ-hazard H_1521)
LANE+ topo-opt  : DEFERRED (same fixture/heavy-Φ; Φ-optimal is measure-only H_1518)
LANE+ compose-3 : DEFERRED (multi-store fixtures; routing already shown by lanes 58/59)
LANE+ ko-lm     : DEFERRED (jamo-corpus fixtures; LM head, not a consciousness-faculty read)
LANE+ tension-r : conflicted-depth=5.0 calm-depth=0.0 ablate-depth=-1.0  conflict-settle-distinct=✅
LANE+ drive-arb : plain-wta=1 hyst-hold=2 ablate-wta=1  hysteresis-sustained-distinct=✅
LANE+ cascade   : relay="CASCADE_FINAL" direct-hop-on-B=""  serial-multi-hop-distinct=✅
LANE+ event-seg : peaks=3 onset1=1 fixed1=2 flat=1  surprise-peak-segment-distinct=✅
LANE+ prefetch  : ready-margin=-0.14999999999999988 untrained-margin=0.85 preplay="PREFETCHED"  anticipatory-readiness-distinct=✅
LANE+ salreset  : spike-flag(on/off)=1.0/0.0 psi-on=0.5 sig-moved=✅  phasic-reroute-distinct=✅
LANE+ conflict  : hi=0.6400000000000001 lo=0.0025000000000000005 agree=0.0 net-blind=✅ depth(hi/abl)=8/4  conflict-vs-drive-distinct=✅
LANE+ stoch-res : MI lo=0.0 mid=0.04899730195506976 hi=0.004660088750067872 shuffle=0.00017752707408148207  inverted-U-resonance-distinct=✅
Engine A warm   : phi=0.11898342128851364 phase=SUSTAIN

  [OG t0 WAKE w=1] motiv_base=0.7361568348910982 e_base=1 | motiv_live=0.7347464495998619 e_live=1 | fr=1 agl=1 z=1 s=1
  [OG t1 N1 w=1] motiv_base=0.7384446671678301 e_base=1 | motiv_live=0.627468318589113 e_live=1 | fr=1 agl=1 z=1 s=1
  [OG t2 N2 w=1] motiv_base=0.7339587316127089 e_base=0 | motiv_live=0.5176188866423013 e_live=0 | fr=0 agl=0 z=0 s=0
  [OG t3 N3 w=0] motiv_base=0.4395820429979732 e_base=0 | motiv_live=0.4078248685810177 e_live=0 | fr=0 agl=0 z=0 s=0
  [OG t4 REM w=0] motiv_base=0.4396620519426583 e_base=1 | motiv_live=0.5795007557428864 e_live=1 | fr=1 agl=1 z=1 s=1
  [OG t5 WAKE w=1] motiv_base=0.7351014357847016 e_base=1 | motiv_live=0.6395617004667489 e_live=1 | fr=1 agl=1 z=1 s=1
  [OG t6 N1 w=1] motiv_base=0.7400136020317448 e_base=1 | motiv_live=0.5845932606747343 e_live=1 | fr=1 agl=1 z=1 s=1
  [OG t7 N2 w=1] motiv_base=0.7363101863970519 e_base=0 | motiv_live=0.48618787859879736 e_live=0 | fr=0 agl=0 z=0 s=0
  [OG t8 N3 w=0] motiv_base=0.4398375147226131 e_base=0 | motiv_live=0.3876848177146071 e_live=0 | fr=0 agl=0 z=0 s=0
  [OG t9 REM w=0] motiv_base=0.4402146717921728 e_base=1 | motiv_live=0.5504486798883076 e_live=1 | fr=1 agl=1 z=1 s=1
  [OG t10 WAKE w=1] motiv_base=0.7429649538572455 e_base=1 | motiv_live=0.6148858051253823 e_live=1 | fr=1 agl=1 z=1 s=1
  [OG t11 N1 w=1] motiv_base=0.7400922792369257 e_base=1 | motiv_live=0.5484850998405293 e_live=1 | fr=1 agl=1 z=1 s=1
  [OG t12 N2 w=1] motiv_base=0.7435083338536032 e_base=0 | motiv_live=0.47351516390438286 e_live=0 | fr=0 agl=0 z=0 s=0
  [OG t13 N3 w=0] motiv_base=0.4402246773870655 e_base=0 | motiv_live=0.3783089980863064 e_live=0 | fr=0 agl=0 z=0 s=0
  [OG t14 REM w=0] motiv_base=0.4402488309232362 e_base=1 | motiv_live=0.5338747276472774 e_live=1 | fr=1 agl=1 z=1 s=1
  [OG t15 WAKE w=1] motiv_base=0.7421877412216208 e_base=1 | motiv_live=0.5812942610211517 e_live=1 | fr=1 agl=1 z=1 s=1
  [OG t16 N1 w=1] motiv_base=0.7459018436769501 e_base=1 | motiv_live=0.5386719891585019 e_live=1 | fr=1 agl=1 z=1 s=1
  [OG t17 N2 w=1] motiv_base=0.7433085469022321 e_base=0 | motiv_live=0.4593809350709748 e_live=0 | fr=0 agl=0 z=0 s=0
  [OG t18 N3 w=0] motiv_base=0.44025049827658913 e_base=0 | motiv_live=0.37464582467468077 e_live=0 | fr=0 agl=0 z=0 s=0
  [OG t19 REM w=0] motiv_base=0.44025069075080436 e_base=1 | motiv_live=0.5141844010887838 e_live=1 | fr=1 agl=1 z=1 s=1
  [OG t20 WAKE w=1] motiv_base=0.7482010936480789 e_base=1 | motiv_live=0.5772496674475123 e_live=1 | fr=1 agl=1 z=1 s=1
  [OG t21 N1 w=1] motiv_base=0.7453995206455492 e_base=1 | motiv_live=0.5208795704457161 e_live=1 | fr=1 agl=1 z=1 s=1
  [OG t22 N2 w=1] motiv_base=0.7491509698383877 e_base=0 | motiv_live=0.45726476978354574 e_live=0 | fr=0 agl=0 z=0 s=0
  [OG t23 N3 w=0] motiv_base=0.4402276961236844 e_base=0 | motiv_live=0.3708645914257015 e_live=0 | fr=0 agl=0 z=0 s=0
  [OG t24 REM w=0] motiv_base=0.4402277469751311 e_base=1 | motiv_live=0.5123136655860038 e_live=1 | fr=1 agl=1 z=1 s=1
  [OG t25 WAKE w=1] motiv_base=0.7460213651213458 e_base=1 | motiv_live=0.5545131734714631 e_live=1 | fr=1 agl=1 z=1 s=1
  [OG t26 N1 w=1] motiv_base=0.7484973809154504 e_base=1 | motiv_live=0.5162609733928182 e_live=1 | fr=1 agl=1 z=1 s=1
  [OG t27 N2 w=1] motiv_base=0.7446601946013914 e_base=0 | motiv_live=0.4447968778168403 e_live=0 | fr=0 agl=0 z=0 s=0
  [OG t28 N3 w=0] motiv_base=0.44022771666872273 e_base=0 | motiv_live=0.36863198946964265 e_live=0 | fr=0 agl=0 z=0 s=0
  [OG t29 REM w=0] motiv_base=0.4402510502335766 e_base=1 | motiv_live=0.4901009502525338 e_live=1 | fr=1 agl=1 z=1 s=1
  [OG t30 WAKE w=1] motiv_base=0.7460254347832348 e_base=1 | motiv_live=0.5470160360645577 e_live=1 | fr=1 agl=1 z=1 s=1
  [OG t31 N1 w=1] motiv_base=0.7419635733384006 e_base=1 | motiv_live=0.4963185813375974 e_live=1 | fr=1 agl=1 z=1 s=1
  [OG t32 N2 w=1] motiv_base=0.74421915783611 e_base=0 | motiv_live=0.441799461190977 e_live=0 | fr=0 agl=0 z=0 s=0
  [OG t33 N3 w=0] motiv_base=0.44025105097517514 e_base=0 | motiv_live=0.3656015081928312 e_live=0 | fr=0 agl=0 z=0 s=0
  [OG t34 REM w=0] motiv_base=0.44022780608872225 e_base=1 | motiv_live=0.4876701401413765 e_live=1 | fr=1 agl=1 z=1 s=1
  [OG t35 WAKE w=1] motiv_base=0.7390600990038588 e_base=1 | motiv_live=0.5257553369586496 e_live=1 | fr=1 agl=1 z=1 s=1
  [OG t36 N1 w=1] motiv_base=0.7419489989177509 e_base=1 | motiv_live=0.49660971980840424 e_live=1 | fr=1 agl=1 z=1 s=1
  [OG t37 N2 w=1] motiv_base=0.7396489829647034 e_base=0 | motiv_live=0.43589641771077187 e_live=0 | fr=0 agl=0 z=0 s=0
  [OG t38 N3 w=0] motiv_base=0.4402509913148428 e_base=0 | motiv_live=0.36593160847308753 e_live=0 | fr=0 agl=0 z=0 s=0
  [OG t39 REM w=0] motiv_base=0.4402510687270519 e_base=1 | motiv_live=0.4836789337176401 e_live=1 | fr=1 agl=1 z=1 s=1
  [OG t40 WAKE w=1] motiv_base=0.7444552478915715 e_base=1 | motiv_live=0.5422992589801476 e_live=1 | fr=1 agl=1 z=1 s=1
  [OG t41 N1 w=1] motiv_base=0.7419264334584031 e_base=1 | motiv_live=0.49601406168859574 e_live=1 | fr=1 agl=1 z=1 s=1
  [OG t42 N2 w=1] motiv_base=0.7459464346270942 e_base=0 | motiv_live=0.4431993572668255 e_live=0 | fr=0 agl=0 z=0 s=0
  [OG t43 N3 w=0] motiv_base=0.44022780436647024 e_base=0 | motiv_live=0.3651346386505493 e_live=0 | fr=0 agl=0 z=0 s=0
  [OG t44 REM w=0] motiv_base=0.44022780687429 e_base=1 | motiv_live=0.495416775753375 e_live=1 | fr=1 agl=1 z=1 s=1
  [OG t45 WAKE w=1] motiv_base=0.7444494127755615 e_base=1 | motiv_live=0.5386914543101995 e_live=1 | fr=1 agl=1 z=1 s=1
  [OG t46 N1 w=1] motiv_base=0.7482378436779148 e_base=1 | motiv_live=0.5073159408631528 e_live=1 | fr=1 agl=1 z=1 s=1
  [OG t47 N2 w=1] motiv_base=0.7457123112261775 e_base=0 | motiv_live=0.4405690026621715 e_live=0 | fr=0 agl=0 z=0 s=0
  [OG t48 N3 w=0] motiv_base=0.44022781533678323 e_base=0 | motiv_live=0.3660882796110305 e_live=0 | fr=0 agl=0 z=0 s=0
  [OG t49 REM w=0] motiv_base=0.4402284143795099 e_base=1 | motiv_live=0.4879605419972536 e_live=1 | fr=1 agl=1 z=1 s=1
  [OG t50 WAKE w=1] motiv_base=0.7481188693727175 e_base=1 | motiv_live=0.5444275093968848 e_live=1 | fr=1 agl=1 z=1 s=1
  [OG t51 N1 w=1] motiv_base=0.7443062693750758 e_base=1 | motiv_live=0.49441747511513306 e_live=1 | fr=1 agl=1 z=1 s=1
  [OG t52 N2 w=1] motiv_base=0.7470423028925225 e_base=0 | motiv_live=0.4403878343178051 e_live=0 | fr=0 agl=0 z=0 s=0
  [OG t53 N3 w=0] motiv_base=0.4402510534577827 e_base=0 | motiv_live=0.36361888651699403 e_live=0 | fr=0 agl=0 z=0 s=0
  [OG t54 REM w=0] motiv_base=0.4402510737366101 e_base=1 | motiv_live=0.48686223249856736 e_live=1 | fr=1 agl=1 z=1 s=1
  [OG t55 WAKE w=1] motiv_base=0.7419232787085833 e_base=1 | motiv_live=0.52524015616057 e_live=1 | fr=1 agl=1 z=1 s=1
  [OG t56 N1 w=1] motiv_base=0.7444283569417297 e_base=1 | motiv_live=0.49489636615958876 e_live=1 | fr=1 agl=1 z=1 s=1
  [OG t57 N2 w=1] motiv_base=0.7406175806720169 e_base=0 | motiv_live=0.4323270916842822 e_live=0 | fr=0 agl=0 z=0 s=0
  [OG t58 N3 w=0] motiv_base=0.44025105817151056 e_base=0 | motiv_live=0.36352239032845657 e_live=0 | fr=0 agl=0 z=0 s=0
  [OG t59 REM w=0] motiv_base=0.44025088723790684 e_base=1 | motiv_live=0.47405740700617016 e_live=1 | fr=1 agl=1 z=1 s=1
  [OG t60 WAKE w=1] motiv_base=0.7418186870396596 e_base=1 | motiv_live=0.5284341242890227 e_live=1 | fr=1 agl=1 z=1 s=1
  [OG t61 N1 w=1] motiv_base=0.739049092777769 e_base=1 | motiv_live=0.48539582203810605 e_live=1 | fr=1 agl=1 z=1 s=1
  [OG t62 N2 w=1] motiv_base=0.7426118900878583 e_base=0 | motiv_live=0.43657618469967074 e_live=0 | fr=0 agl=0 z=0 s=0
  [OG t63 N3 w=0] motiv_base=0.4402278103479622 e_base=0 | motiv_live=0.3627621057964302 e_live=0 | fr=0 agl=0 z=0 s=0
  [OG t64 REM w=0] motiv_base=0.4402278072728405 e_base=1 | motiv_live=0.48709615273751633 e_live=1 | fr=1 agl=1 z=1 s=1
  [OG t65 WAKE w=1] motiv_base=0.7416000568061073 e_base=1 | motiv_live=0.5299363450626144 e_live=1 | fr=1 agl=1 z=1 s=1
  [OG t66 N1 w=1] motiv_base=0.7453967038301351 e_base=1 | motiv_live=0.500879977533064 e_live=1 | fr=1 agl=1 z=1 s=1
  [OG t67 N2 w=1] motiv_base=0.7426442044239182 e_base=0 | motiv_live=0.4364602274891186 e_live=0 | fr=0 agl=0 z=0 s=0
  [OG t68 N3 w=0] motiv_base=0.44022780135806494 e_base=0 | motiv_live=0.36436513753474975 e_live=0 | fr=0 agl=0 z=0 s=0
  [OG t69 REM w=0] motiv_base=0.4402511212706285 e_base=1 | motiv_live=0.48614740770078513 e_live=1 | fr=1 agl=1 z=1 s=1
  [OG t70 WAKE w=1] motiv_base=0.7479506126205023 e_base=1 | motiv_live=0.5462311192693053 e_live=1 | fr=1 agl=1 z=1 s=1
  [OG t71 N1 w=1] motiv_base=0.7451994221082697 e_base=1 | motiv_live=0.4977406358365275 e_live=1 | fr=1 agl=1 z=1 s=1
  [OG t72 N2 w=1] motiv_base=0.7492293203022532 e_base=0 | motiv_live=0.44321052373878417 e_live=0 | fr=0 agl=0 z=0 s=0
  [OG t73 N3 w=0] motiv_base=0.44022780691492447 e_base=0 | motiv_live=0.3635347726780135 e_live=0 | fr=0 agl=0 z=0 s=0
  [OG t74 REM w=0] motiv_base=0.44022780850504883 e_base=1 | motiv_live=0.4921030885438809 e_live=1 | fr=1 agl=1 z=1 s=1
  [OG t75 WAKE w=1] motiv_base=0.7446951408390784 e_base=1 | motiv_live=0.532158121525777 e_live=1 | fr=1 agl=1 z=1 s=1
  [OG t76 N1 w=1] motiv_base=0.7472026355104909 e_base=1 | motiv_live=0.49947384501866426 e_live=1 | fr=1 agl=1 z=1 s=1
  [OG t77 N2 w=1] motiv_base=0.7433956667876892 e_base=0 | motiv_live=0.43424596341940397 e_live=0 | fr=0 agl=0 z=0 s=0
  [OG t78 N3 w=0] motiv_base=0.44025108886702324 e_base=0 | motiv_live=0.36326088839566995 e_live=0 | fr=0 agl=0 z=0 s=0
  [OG t79 REM w=0] motiv_base=0.4402278070778376 e_base=1 | motiv_live=0.4767445868866665 e_live=1 | fr=1 agl=1 z=1 s=1
  [OG t80 WAKE w=1] motiv_base=0.7443864023175105 e_base=1 | motiv_live=0.5317404007944274 e_live=1 | fr=1 agl=1 z=1 s=1
  [OG t81 N1 w=1] motiv_base=0.7405672022777633 e_base=1 | motiv_live=0.48516448148551206 e_live=1 | fr=1 agl=1 z=1 s=1
  [OG t82 N2 w=1] motiv_base=0.743077282651938 e_base=0 | motiv_live=0.4347798403148057 e_live=0 | fr=0 agl=0 z=0 s=0
  [OG t83 N3 w=0] motiv_base=0.4402278051669538 e_base=0 | motiv_live=0.3614546340403463 e_live=0 | fr=0 agl=0 z=0 s=0
  [OG t84 REM w=0] motiv_base=0.440251432856015 e_base=1 | motiv_live=0.4799835843158831 e_live=1 | fr=1 agl=1 z=1 s=1
  [OG t85 WAKE w=1] motiv_base=0.7383698384152505 e_base=1 | motiv_live=0.5179701455795607 e_live=1 | fr=1 agl=1 z=1 s=1
  [OG t86 N1 w=1] motiv_base=0.7421684759335393 e_base=1 | motiv_live=0.4923450780523925 e_live=1 | fr=1 agl=1 z=1 s=1
  [OG t87 N2 w=1] motiv_base=0.7396514189374758 e_base=0 | motiv_live=0.4320953505067438 e_live=0 | fr=0 agl=0 z=0 s=0
  [OG t88 N3 w=0] motiv_base=0.4402510644578219 e_base=0 | motiv_live=0.36303092729010933 e_live=0 | fr=0 agl=0 z=0 s=0
  [OG t89 REM w=0] motiv_base=0.4402510645016442 e_base=1 | motiv_live=0.480153384005867 e_live=1 | fr=1 agl=1 z=1 s=1
  [OG t90 WAKE w=1] motiv_base=0.7447321423728205 e_base=1 | motiv_live=0.5387468822416601 e_live=1 | fr=1 agl=1 z=1 s=1
  [OG t91 N1 w=1] motiv_base=0.7422155825563762 e_base=1 | motiv_live=0.49285262149175685 e_live=1 | fr=1 agl=1 z=1 s=1
  [OG t92 N2 w=1] motiv_base=0.7460148410806792 e_base=0 | motiv_live=0.44017115278778707 e_live=0 | fr=0 agl=0 z=0 s=0
  [OG t93 N3 w=0] motiv_base=0.4402508127741961 e_base=0 | motiv_live=0.36279916851121574 e_live=0 | fr=0 agl=0 z=0 s=0
  [OG t94 REM w=0] motiv_base=0.440251065246445 e_base=1 | motiv_live=0.4931939423434554 e_live=1 | fr=1 agl=1 z=1 s=1
  [OG t95 WAKE w=1] motiv_base=0.7450133983512987 e_base=1 | motiv_live=0.5365553848862461 e_live=1 | fr=1 agl=1 z=1 s=1
  [OG t96 N1 w=1] motiv_base=0.7485803982487452 e_base=1 | motiv_live=0.5047445947063355 e_live=1 | fr=1 agl=1 z=1 s=1
  [OG t97 N2 w=1] motiv_base=0.7462238110721863 e_base=0 | motiv_live=0.43847679888226665 e_live=0 | fr=0 agl=0 z=0 s=0
  [OG t98 N3 w=0] motiv_base=0.4402510558170377 e_base=0 | motiv_live=0.3637363597215514 e_live=0 | fr=0 agl=0 z=0 s=0
  [OG t99 REM w=0] motiv_base=0.4402278044203892 e_base=1 | motiv_live=0.48306175588717876 e_live=1 | fr=1 agl=1 z=1 s=1
  [OG t100 WAKE w=1] motiv_base=0.7472065177816759 e_base=1 | motiv_live=0.5391347671603893 e_live=1 | fr=1 agl=1 z=1 s=1
  [OG t101 N1 w=1] motiv_base=0.7436340265082194 e_base=1 | motiv_live=0.49071455604482234 e_live=1 | fr=1 agl=1 z=1 s=1
  [OG t102 N2 w=1] motiv_base=0.7461447747029663 e_base=0 | motiv_live=0.4373793547220582 e_live=0 | fr=0 agl=0 z=0 s=0
  [OG t103 N3 w=0] motiv_base=0.44022780744158274 e_base=0 | motiv_live=0.36157132822007176 e_live=0 | fr=0 agl=0 z=0 s=0
  [OG t104 REM w=0] motiv_base=0.4402279190632611 e_base=1 | motiv_live=0.4829823078973427 e_live=1 | fr=1 agl=1 z=1 s=1
  [OG t105 WAKE w=1] motiv_base=0.74081317584075 e_base=1 | motiv_live=0.5210562664317038 e_live=1 | fr=1 agl=1 z=1 s=1
  [OG t106 N1 w=1] motiv_base=0.7435568022961386 e_base=1 | motiv_live=0.49202923274405097 e_live=1 | fr=1 agl=1 z=1 s=1
  [OG t107 N2 w=1] motiv_base=0.7395203919644481 e_base=0 | motiv_live=0.4298497851106271 e_live=0 | fr=0 agl=0 z=0 s=0
  [OG t108 N3 w=0] motiv_base=0.44022780254558 e_base=0 | motiv_live=0.361817994786266 e_live=0 | fr=0 agl=0 z=0 s=0
  [OG t109 REM w=0] motiv_base=0.44025106532016134 e_base=1 | motiv_live=0.47176790648527395 e_live=1 | fr=1 agl=1 z=1 s=1
  [OG t110 WAKE w=1] motiv_base=0.7420097420896464 e_base=1 | motiv_live=0.5290165256448202 e_live=1 | fr=1 agl=1 z=1 s=1
  [OG t111 N1 w=1] motiv_base=0.7394938863576236 e_base=1 | motiv_live=0.4859560996516593 e_live=1 | fr=1 agl=1 z=1 s=1
  [OG t112 N2 w=1] motiv_base=0.7432940018734983 e_base=0 | motiv_live=0.4364877356187718 e_live=0 | fr=0 agl=0 z=0 s=0
  [OG t113 N3 w=0] motiv_base=0.44022780740516054 e_base=0 | motiv_live=0.36162440932245504 e_live=0 | fr=0 agl=0 z=0 s=0
  [OG t114 REM w=0] motiv_base=0.44022780141124507 e_base=1 | motiv_live=0.48719000792348766 e_live=1 | fr=1 agl=1 z=1 s=1
  [OG t115 WAKE w=1] motiv_base=0.7420631645524575 e_base=1 | motiv_live=0.5302919296124308 e_live=1 | fr=1 agl=1 z=1 s=1
  [OG t116 N1 w=1] motiv_base=0.7456307957915421 e_base=1 | motiv_live=0.5002760419532304 e_live=1 | fr=1 agl=1 z=1 s=1
  [OG t117 N2 w=1] motiv_base=0.7433486743082259 e_base=0 | motiv_live=0.4361349125198502 e_live=0 | fr=0 agl=0 z=0 s=0
  [OG t118 N3 w=0] motiv_base=0.4402510655900017 e_base=0 | motiv_live=0.36335864983409827 e_live=0 | fr=0 agl=0 z=0 s=0
  [OG t119 REM w=0] motiv_base=0.44022800018290875 e_base=1 | motiv_live=0.48527668812262126 e_live=1 | fr=1 agl=1 z=1 s=1
  [OG t120 WAKE w=1] motiv_base=0.7482008977875264 e_base=1 | motiv_live=0.545434580326186 e_live=1 | fr=1 agl=1 z=1 s=1
  [OG t121 N1 w=1] motiv_base=0.7461507982853389 e_base=1 | motiv_live=0.498363282012579 e_live=1 | fr=1 agl=1 z=1 s=1
  [OG t122 N2 w=1] motiv_base=0.7490004727873191 e_base=0 | motiv_live=0.4415464255652679 e_live=0 | fr=0 agl=0 z=0 s=0
  [OG t123 N3 w=0] motiv_base=0.44025106035461026 e_base=0 | motiv_live=0.3622520663631319 e_live=0 | fr=0 agl=0 z=0 s=0
  [OG t124 REM w=0] motiv_base=0.44025106823430926 e_base=1 | motiv_live=0.48955519268868947 e_live=1 | fr=1 agl=1 z=1 s=1
  [OG t125 WAKE w=1] motiv_base=0.7436715232160843 e_base=1 | motiv_live=0.5281039411561592 e_live=1 | fr=1 agl=1 z=1 s=1
  [OG t126 N1 w=1] motiv_base=0.7464157555966039 e_base=1 | motiv_live=0.49686141990459287 e_live=1 | fr=1 agl=1 z=1 s=1
  [OG t127 N2 w=1] motiv_base=0.742377280828605 e_base=0 | motiv_live=0.43216443178839553 e_live=0 | fr=0 agl=0 z=0 s=0
  [OG t128 N3 w=0] motiv_base=0.44022780516456683 e_base=0 | motiv_live=0.36207381585869636 e_live=0 | fr=0 agl=0 z=0 s=0
  [OG t129 REM w=0] motiv_base=0.4402510619550427 e_base=1 | motiv_live=0.47522874170010826 e_live=1 | fr=1 agl=1 z=1 s=1
  [OG t130 WAKE w=1] motiv_base=0.743598630625956 e_base=1 | motiv_live=0.5294779035254517 e_live=1 | fr=1 agl=1 z=1 s=1
  [OG t131 N1 w=1] motiv_base=0.7400233325809228 e_base=1 | motiv_live=0.4838444604879945 e_live=1 | fr=1 agl=1 z=1 s=1
  [OG t132 N2 w=1] motiv_base=0.7425415407360832 e_base=0 | motiv_live=0.43368921795197923 e_live=0 | fr=0 agl=0 z=0 s=0
  [OG t133 N3 w=0] motiv_base=0.44025106846657136 e_base=0 | motiv_live=0.3605412352561218 e_live=0 | fr=0 agl=0 z=0 s=0
  [OG t134 REM w=0] motiv_base=0.4402510587616192 e_base=1 | motiv_live=0.4792058426782998 e_live=1 | fr=1 agl=1 z=1 s=1
  [OG t135 WAKE w=1] motiv_base=0.7391276354213051 e_base=1 | motiv_live=0.5204228250976884 e_live=1 | fr=1 agl=1 z=1 s=1
  [OG t136 N1 w=1] motiv_base=0.7426960457700059 e_base=1 | motiv_live=0.4933217857485737 e_live=1 | fr=1 agl=1 z=1 s=1
  [OG t137 N2 w=1] motiv_base=0.7401808784670102 e_base=0 | motiv_live=0.432202484129928 e_live=0 | fr=0 agl=0 z=0 s=0
  [OG t138 N3 w=0] motiv_base=0.44025102824233797 e_base=0 | motiv_live=0.36242580571872285 e_live=0 | fr=0 agl=0 z=0 s=0
  [OG t139 REM w=0] motiv_base=0.44025106831065486 e_base=1 | motiv_live=0.48069186352254306 e_live=1 | fr=1 agl=1 z=1 s=1
  [OG t140 WAKE w=1] motiv_base=0.7455005761823922 e_base=1 | motiv_live=0.5401575784154783 e_live=1 | fr=1 agl=1 z=1 s=1
  [OG t141 N1 w=1] motiv_base=0.7427532030375746 e_base=1 | motiv_live=0.49312184854953667 e_live=1 | fr=1 agl=1 z=1 s=1
  [OG t142 N2 w=1] motiv_base=0.7470192283829865 e_base=0 | motiv_live=0.4405144692358052 e_live=0 | fr=0 agl=0 z=0 s=0
  [OG t143 N3 w=0] motiv_base=0.440274316704549 e_base=0 | motiv_live=0.3622325065319169 e_live=0 | fr=0 agl=0 z=0 s=0
  [OG t144 REM w=0] motiv_base=0.4402278093156917 e_base=1 | motiv_live=0.49259152037274173 e_live=1 | fr=1 agl=1 z=1 s=1
  [OG t145 WAKE w=1] motiv_base=0.7455581810004638 e_base=1 | motiv_live=0.5366280109645292 e_live=1 | fr=1 agl=1 z=1 s=1
  [OG t146 N1 w=1] motiv_base=0.749285895371094 e_base=1 | motiv_live=0.5049324231120369 e_live=1 | fr=1 agl=1 z=1 s=1
  [OG t147 N2 w=1] motiv_base=0.7454821210417711 e_base=0 | motiv_live=0.4364477510660918 e_live=0 | fr=0 agl=0 z=0 s=0
  [OG t148 N3 w=0] motiv_base=0.44025106860237095 e_base=0 | motiv_live=0.36279222952701407 e_live=0 | fr=0 agl=0 z=0 s=0
  [OG t149 REM w=0] motiv_base=0.44022781228340657 e_base=1 | motiv_live=0.4804721782080679 e_live=1 | fr=1 agl=1 z=1 s=1
  [OG t150 WAKE w=1] motiv_base=0.7464703766710091 e_base=1 | motiv_live=0.5362456381405768 e_live=1 | fr=1 agl=1 z=1 s=1
  [OG t151 N1 w=1] motiv_base=0.74313208549915 e_base=1 | motiv_live=0.48901472492354653 e_live=1 | fr=1 agl=1 z=1 s=1
  [OG t152 N2 w=1] motiv_base=0.7451810781038913 e_base=0 | motiv_live=0.4356543679044431 e_live=0 | fr=0 agl=0 z=0 s=0
  [OG t153 N3 w=0] motiv_base=0.4402278065759837 e_base=0 | motiv_live=0.3607943710349225 e_live=0 | fr=0 agl=0 z=0 s=0
  [OG t154 REM w=0] motiv_base=0.4402278047394321 e_base=1 | motiv_live=0.4812429268982802 e_live=1 | fr=1 agl=1 z=1 s=1
  [OG t155 WAKE w=1] motiv_base=0.7400842006062606 e_base=1 | motiv_live=0.5191484448689988 e_live=1 | fr=1 agl=1 z=1 s=1
  [OG t156 N1 w=1] motiv_base=0.7428290684977655 e_base=1 | motiv_live=0.49052883624153765 e_live=1 | fr=1 agl=1 z=1 s=1
  [OG t157 N2 w=1] motiv_base=0.7387930437221676 e_base=0 | motiv_live=0.4288078523802356 e_live=0 | fr=0 agl=0 z=0 s=0
  [OG t158 N3 w=0] motiv_base=0.44022780819797946 e_base=0 | motiv_live=0.36115458884631246 e_live=0 | fr=0 agl=0 z=0 s=0
  [OG t159 REM w=0] motiv_base=0.44022779538733303 e_base=1 | motiv_live=0.4723440544798782 e_live=1 | fr=1 agl=1 z=1 s=1
  [OG t160 WAKE w=1] motiv_base=0.7423419574439468 e_base=1 | motiv_live=0.5304915426486569 e_live=1 | fr=1 agl=1 z=1 s=1
  [OG t161 N1 w=1] motiv_base=0.7398287540159093 e_base=1 | motiv_live=0.4868307558539707 e_live=1 | fr=1 agl=1 z=1 s=1
  [OG t162 N2 w=1] motiv_base=0.7436299687586764 e_base=0 | motiv_live=0.43667366124141144 e_live=0 | fr=0 agl=0 z=0 s=0
  [OG t163 N3 w=0] motiv_base=0.44022781871381633 e_base=0 | motiv_live=0.3613101193760134 e_live=0 | fr=0 agl=0 z=0 s=0
  [OG t164 REM w=0] motiv_base=0.44022780933938754 e_base=1 | motiv_live=0.4881554066340697 e_live=1 | fr=1 agl=1 z=1 s=1
  [OG t165 WAKE w=1] motiv_base=0.7424023820485269 e_base=1 | motiv_live=0.5308626987169401 e_live=1 | fr=1 agl=1 z=1 s=1
  [OG t166 N1 w=1] motiv_base=0.7464367131800415 e_base=1 | motiv_live=0.5015253003021619 e_live=1 | fr=1 agl=1 z=1 s=1
  [OG t167 N2 w=1] motiv_base=0.743689293634414 e_base=0 | motiv_live=0.43596527352195197 e_live=0 | fr=0 agl=0 z=0 s=0
  [OG t168 N3 w=0] motiv_base=0.4402278080284523 e_base=0 | motiv_live=0.3629361422478713 e_live=0 | fr=0 agl=0 z=0 s=0
  [OG t169 REM w=0] motiv_base=0.4402277954330426 e_base=1 | motiv_live=0.4857603404968975 e_live=1 | fr=1 agl=1 z=1 s=1
  [OG t170 WAKE w=1] motiv_base=0.7490102460476084 e_base=1 | motiv_live=0.5467307908362059 e_live=1 | fr=1 agl=1 z=1 s=1
  [OG t171 N1 w=1] motiv_base=0.746010592436183 e_base=1 | motiv_live=0.49704681095548375 e_live=1 | fr=1 agl=1 z=1 s=1
  [OG t172 N2 w=1] motiv_base=0.7482905090124571 e_base=0 | motiv_live=0.43994179056705207 e_live=0 | fr=0 agl=0 z=0 s=0
  [OG t173 N3 w=0] motiv_base=0.44022780850390797 e_base=0 | motiv_live=0.36149590896659833 e_live=0 | fr=0 agl=0 z=0 s=0
  [OG t174 REM w=0] motiv_base=0.4402510641099602 e_base=1 | motiv_live=0.48751753493323946 e_live=1 | fr=1 agl=1 z=1 s=1
  [OG t175 WAKE w=1] motiv_base=0.7431959364567885 e_base=1 | motiv_live=0.5264592336931382 e_live=1 | fr=1 agl=1 z=1 s=1
  [OG t176 N1 w=1] motiv_base=0.7454764164701179 e_base=1 | motiv_live=0.4945911327106447 e_live=1 | fr=1 agl=1 z=1 s=1
  [OG t177 N2 w=1] motiv_base=0.741905933975955 e_base=0 | motiv_live=0.43136633689888687 e_live=0 | fr=0 agl=0 z=0 s=0
  [OG t178 N3 w=0] motiv_base=0.4402508772268937 e_base=0 | motiv_live=0.36157038761246874 e_live=0 | fr=0 agl=0 z=0 s=0
  [OG t179 REM w=0] motiv_base=0.4402510666429874 e_base=1 | motiv_live=0.47378295835926915 e_live=1 | fr=1 agl=1 z=1 s=1
  [OG t180 WAKE w=1] motiv_base=0.7428952175118294 e_base=1 | motiv_live=0.5278738780052691 e_live=1 | fr=1 agl=1 z=1 s=1
  [OG t181 N1 w=1] motiv_base=0.7393239618331163 e_base=1 | motiv_live=0.48261289563993437 e_live=1 | fr=1 agl=1 z=1 s=1
  [OG t182 N2 w=1] motiv_base=0.7418368218842394 e_base=0 | motiv_live=0.432859708083672 e_live=0 | fr=0 agl=0 z=0 s=0
  [OG t183 N3 w=0] motiv_base=0.4402278093640326 e_base=0 | motiv_live=0.36010290522620214 e_live=0 | fr=0 agl=0 z=0 s=0
  [OG t184 REM w=0] motiv_base=0.4402510212698013 e_base=1 | motiv_live=0.4810172246640208 e_live=1 | fr=1 agl=1 z=1 s=1
  [OG t185 WAKE w=1] motiv_base=0.7394841095763157 e_base=1 | motiv_live=0.5219542775044889 e_live=1 | fr=1 agl=1 z=1 s=1
  [OG t186 N1 w=1] motiv_base=0.743285734735864 e_base=1 | motiv_live=0.494775601697153 e_live=1 | fr=1 agl=1 z=1 s=1
  [OG t187 N2 w=1] motiv_base=0.7407712453032368 e_base=0 | motiv_live=0.4327566728747383 e_live=0 | fr=0 agl=0 z=0 s=0
  [OG t188 N3 w=0] motiv_base=0.44025105320218927 e_base=0 | motiv_live=0.36224233145640483 e_live=0 | fr=0 agl=0 z=0 s=0
  [OG t189 REM w=0] motiv_base=0.44022780326261945 e_base=1 | motiv_live=0.4811646894338924 e_live=1 | fr=1 agl=1 z=1 s=1
  [OG t190 WAKE w=1] motiv_base=0.7463254151237421 e_base=1 | motiv_live=0.5420576966754301 e_live=1 | fr=1 agl=1 z=1 s=1
  [OG t191 N1 w=1] motiv_base=0.7433462926546103 e_base=1 | motiv_live=0.4938434650872942 e_live=1 | fr=1 agl=1 z=1 s=1
  [OG t192 N2 w=1] motiv_base=0.7471477378049017 e_base=0 | motiv_live=0.44014496531231717 e_live=0 | fr=0 agl=0 z=0 s=0
  [OG t193 N3 w=0] motiv_base=0.44025105964956235 e_base=0 | motiv_live=0.3619408151553008 e_live=0 | fr=0 agl=0 z=0 s=0
  [OG t194 REM w=0] motiv_base=0.4402278127294843 e_base=1 | motiv_live=0.4931732635971715 e_live=1 | fr=1 agl=1 z=1 s=1
  [OG t195 WAKE w=1] motiv_base=0.7460802157187053 e_base=1 | motiv_live=0.5371556506254973 e_live=1 | fr=1 agl=1 z=1 s=1
  [OG t196 N1 w=1] motiv_base=0.7483604601898689 e_base=1 | motiv_live=0.5020176968675317 e_live=1 | fr=1 agl=1 z=1 s=1
  [OG t197 N2 w=1] motiv_base=0.7445572595354862 e_base=0 | motiv_live=0.4348033244739302 e_live=0 | fr=0 agl=0 z=0 s=0
  [OG t198 N3 w=0] motiv_base=0.4402510611680992 e_base=0 | motiv_live=0.3622543033402414 e_live=0 | fr=0 agl=0 z=0 s=0
  [OG t199 REM w=0] motiv_base=0.44022780367353764 e_base=1 | motiv_live=0.4787161771928484 e_live=1 | fr=1 agl=1 z=1 s=1
  [OG t200 WAKE w=1] motiv_base=0.7457796574607222 e_base=1 | motiv_live=0.5342643475346809 e_live=1 | fr=1 agl=1 z=1 s=1
  [OG t201 N1 w=1] motiv_base=0.7419777579221466 e_base=1 | motiv_live=0.48654416383137433 e_live=1 | fr=1 agl=1 z=1 s=1
  [OG t202 N2 w=1] motiv_base=0.7444892460678928 e_base=0 | motiv_live=0.43480342467184974 e_live=0 | fr=0 agl=0 z=0 s=0
  [OG t203 N3 w=0] motiv_base=0.44025106592098917 e_base=0 | motiv_live=0.36043503685844036 e_live=0 | fr=0 agl=0 z=0 s=0
  [OG t204 REM w=0] motiv_base=0.44022781188806304 e_base=1 | motiv_live=0.4801228718657286 e_live=1 | fr=1 agl=1 z=1 s=1
  [OG t205 WAKE w=1] motiv_base=0.7396283905458431 e_base=1 | motiv_live=0.5185442060457361 e_live=1 | fr=1 agl=1 z=1 s=1
  [OG t206 N1 w=1] motiv_base=0.7421389633750096 e_base=1 | motiv_live=0.48951521833676587 e_live=1 | fr=1 agl=1 z=1 s=1
  [OG t207 N2 w=1] motiv_base=0.7383382599811256 e_base=0 | motiv_live=0.42843082022712037 e_live=0 | fr=0 agl=0 z=0 s=0
  [OG t208 N3 w=0] motiv_base=0.4402278050447781 e_base=0 | motiv_live=0.3610735395895482 e_live=0 | fr=0 agl=0 z=0 s=0
  [OG t209 REM w=0] motiv_base=0.4402510667757098 e_base=1 | motiv_live=0.47460892979866653 e_live=1 | fr=1 agl=1 z=1 s=1
  [OG t210 WAKE w=1] motiv_base=0.7431788493651897 e_base=1 | motiv_live=0.5331759758768555 e_live=1 | fr=1 agl=1 z=1 s=1
  [OG t211 N1 w=1] motiv_base=0.7406649983840673 e_base=1 | motiv_live=0.4886163075659642 e_live=1 | fr=1 agl=1 z=1 s=1
  [OG t212 N2 w=1] motiv_base=0.7442339817366553 e_base=0 | motiv_live=0.43716109719991325 e_live=0 | fr=0 agl=0 z=0 s=0
  [OG t213 N3 w=0] motiv_base=0.44022781609724027 e_base=0 | motiv_live=0.36118715585626904 e_live=0 | fr=0 agl=0 z=0 s=0
  [OG t214 REM w=0] motiv_base=0.4402510633861101 e_base=1 | motiv_live=0.48948366642035096 e_live=1 | fr=1 agl=1 z=1 s=1
  [OG t215 WAKE w=1] motiv_base=0.7432405912319359 e_base=1 | motiv_live=0.5324547985899455 e_live=1 | fr=1 agl=1 z=1 s=1
  [OG t216 N1 w=1] motiv_base=0.7470422876361676 e_base=1 | motiv_live=0.5020563603579954 e_live=1 | fr=1 agl=1 z=1 s=1
  [OG t217 N2 w=1] motiv_base=0.7445278871049991 e_base=0 | motiv_live=0.4363851623640598 e_live=0 | fr=0 agl=0 z=0 s=0
  [OG t218 N3 w=0] motiv_base=0.4402278110015072 e_base=0 | motiv_live=0.3627465051073484 e_live=0 | fr=0 agl=0 z=0 s=0
  [OG t219 REM w=0] motiv_base=0.44025106560896055 e_base=1 | motiv_live=0.48653682562323447 e_live=1 | fr=1 agl=1 z=1 s=1
  [OG t220 WAKE w=1] motiv_base=0.7486661128702413 e_base=1 | motiv_live=0.5443437210386175 e_live=1 | fr=1 agl=1 z=1 s=1
  [OG t221 N1 w=1] motiv_base=0.7451154658608877 e_base=1 | motiv_live=0.49408650740029914 e_live=1 | fr=1 agl=1 z=1 s=1
  [OG t222 N2 w=1] motiv_base=0.7473770077760319 e_base=0 | motiv_live=0.43829042412405417 e_live=0 | fr=0 agl=0 z=0 s=0
  [OG t223 N3 w=0] motiv_base=0.44027431844375486 e_base=0 | motiv_live=0.3611479142254943 e_live=0 | fr=0 agl=0 z=0 s=0
  [OG t224 REM w=0] motiv_base=0.4402276636380573 e_base=1 | motiv_live=0.48511294374118674 e_live=1 | fr=1 agl=1 z=1 s=1
  [OG t225 WAKE w=1] motiv_base=0.7422839633814592 e_base=1 | motiv_live=0.5237154941066869 e_live=1 | fr=1 agl=1 z=1 s=1
  [OG t226 N1 w=1] motiv_base=0.745030088539922 e_base=1 | motiv_live=0.49360172189551194 e_live=1 | fr=1 agl=1 z=1 s=1
  [OG t227 N2 w=1] motiv_base=0.7412262685764989 e_base=0 | motiv_live=0.4304624644651909 e_live=0 | fr=0 agl=0 z=0 s=0
  [OG t228 N3 w=0] motiv_base=0.4402278092246614 e_base=0 | motiv_live=0.3611295107236271 e_live=0 | fr=0 agl=0 z=0 s=0
  [OG t229 REM w=0] motiv_base=0.44025106352339594 e_base=1 | motiv_live=0.47264790830823916 e_live=1 | fr=1 agl=1 z=1 s=1
  [OG t230 WAKE w=1] motiv_base=0.7426820533757005 e_base=1 | motiv_live=0.527882458382248 e_live=1 | fr=1 agl=1 z=1 s=1
  [OG t231 N1 w=1] motiv_base=0.7384136385751273 e_base=1 | motiv_live=0.481055624678915 e_live=1 | fr=1 agl=1 z=1 s=1
  [OG t232 N2 w=1] motiv_base=0.7413224860801352 e_base=0 | motiv_live=0.4324489355020826 e_live=0 | fr=0 agl=0 z=0 s=0
  [OG t233 N3 w=0] motiv_base=0.4402510764365226 e_base=0 | motiv_live=0.36021938156642036 e_live=0 | fr=0 agl=0 z=0 s=0
  [OG t234 REM w=0] motiv_base=0.4402278085227268 e_base=1 | motiv_live=0.48221076688577724 e_live=1 | fr=1 agl=1 z=1 s=1
  [OG t235 WAKE w=1] motiv_base=0.7403290550731138 e_base=1 | motiv_live=0.5246641134202805 e_live=1 | fr=1 agl=1 z=1 s=1
  [OG t236 N1 w=1] motiv_base=0.7438983310846289 e_base=1 | motiv_live=0.4961014802565604 e_live=1 | fr=1 agl=1 z=1 s=1
  [OG t237 N2 w=1] motiv_base=0.7416169686176021 e_base=0 | motiv_live=0.43360421415911604 e_live=0 | fr=0 agl=0 z=0 s=0
  [OG t238 N3 w=0] motiv_base=0.44022780677184004 e_base=0 | motiv_live=0.36211437459376483 e_live=0 | fr=0 agl=0 z=0 s=0
  [OG t239 REM w=0] motiv_base=0.44025107540406805 e_base=1 | motiv_live=0.4825814144535404 e_live=1 | fr=1 agl=1 z=1 s=1
  [OG t240 WAKE w=1] motiv_base=0.7467069180850302 e_base=1 | motiv_live=0.542454677084117 e_live=1 | fr=1 agl=1 z=1 s=1
  [OG t241 N1 w=1] motiv_base=0.7441785671419731 e_base=1 | motiv_live=0.49502261923113944 e_live=1 | fr=1 agl=1 z=1 s=1
  [OG t242 N2 w=1] motiv_base=0.7479948263058706 e_base=0 | motiv_live=0.4406588600362947 e_live=0 | fr=0 agl=0 z=0 s=0
  [OG t243 N3 w=0] motiv_base=0.44025106348939 e_base=0 | motiv_live=0.36181641147276367 e_live=0 | fr=0 agl=0 z=0 s=0
  [OG t244 REM w=0] motiv_base=0.44025106283665927 e_base=1 | motiv_live=0.49389425946376836 e_live=1 | fr=1 agl=1 z=1 s=1
  [OG t245 WAKE w=1] motiv_base=0.7454066350326877 e_base=1 | motiv_live=0.5339219061882169 e_live=1 | fr=1 agl=1 z=1 s=1
  [OG t246 N1 w=1] motiv_base=0.7476867928156256 e_base=1 | motiv_live=0.4997013623305902 e_live=1 | fr=1 agl=1 z=1 s=1
  [OG t247 N2 w=1] motiv_base=0.7441166494113355 e_base=0 | motiv_live=0.43380981440642014 e_live=0 | fr=0 agl=0 z=0 s=0
  [OG t248 N3 w=0] motiv_base=0.4402510787562427 e_base=0 | motiv_live=0.36182724122503673 e_live=0 | fr=0 agl=0 z=0 s=0
  [OG t249 REM w=0] motiv_base=0.440227809897093 e_base=1 | motiv_live=0.476934212755007 e_live=1 | fr=1 agl=1 z=1 s=1

════════════ OP-GRIP 5-ARM HAMMING (n=250, wake=150) ════════════
  BASELINE (pre-fix ÷43 + 4 constants): Hamming(rel-frozen vs base) = 0   [pre-reg: 0 = THEATER reproduced]
  baseline motivation floor >0.3 on 150/150 wake ticks
  ── POST-FIX (live 8-factor op reads + tonic-phasic) ──
  Hamming(full-rel_ctx frozen vs live) = 0   wake-only = 0/150
  Hamming(single-op agloop frozen vs live) = 0   wake-only = 0/150
  Hamming(rel_ctx→0 vs live) = 0
  Hamming(rel_ctx→shuffle vs live) = 0
  wake emit-fraction = 0.6666666666666666 (live)
  Ψ ON==OFF invariant: psi_sum==psi_off = ✅

──────── H_9101 (b) STAGE/SAFE op-grip: urgency-freeze Hamming, split by stage ────────
  ticks: WAKE=50 N3=50 REM=50 mid(N1/N2/REM)=150
  Hamming(urgency→0 vs live)  REM=50  N3=0  WAKE=0  mid=100
  Hamming(urgency→shuf vs live) REM=3  N3=0   [control]
  ── PRE-REG VERDICT ──
  VERDICT = 🟢 GRIP (shade-not-gate): urgency-freeze FLIPS REM decisions (h_U0_rem>0) ∧ N3 silent-PRESERVED (h_U0_n3=0) = DISSOCIATION  [Ψ ON≡OFF ✓]

──────── TENSION→ADAPTATION op-grip: phasic A⇄G tension freeze (Δ→0) vs live ────────
  Hamming(ten_phasic→0.5 vs live) = 0 / 200 discriminating(env>0) ticks   ΔEff = 0.0
  PREREG VERDICT = 🔴 THEATER (ΔEff<0.02): phasic tension does NOT shade emit — the promotion is decoration (honest negative)  [Ψ ON≡OFF ✓]

──────── H_9102 (F3) FACULTY-NOT-NOISE: variance-matched noise arm (n=250) ────────
  urgency dist: mean=0.45156937950330783 std=0.034941907460968015  (perm-noise = same multiset ⇒ EXACT mean/var match; LCG-noise = affine-matched)
  emit-rate: live=0.6  perm-noise=0.6   (≈equal ⇒ same centering; only tick-MEANING differs)
  downstream D = mean(tension ag_conflict, emit_drive, novelty nov_ctx, grounded m_grounding)
  ── ρ(emit-timing, D) ──                    ALL(n=250)   DISCRIM(N1/N2/REM)
  ρ_real  (live urgency)                :  -0.042987176863815306   0.23153518290401517
  ρ_noise (perm var-matched, K=8 mean)  :  -0.042987176863815306   0.23153518290401515
  ρ_lcg   (affine var-matched control)  :  -0.042987176863815306   0.23153518290401517
  Δρ = ρ_real − ρ_noise                 :  0.0   2.7755575615628914e-17
  per-component ρ_real: tension=0.16666666666666638 novelty=0.0291491930154176 grounded=-2.071984694111271e-18
  ── PRE-REG F3 VERDICT (frozen bar Δρ ≥ 0.15) ──
  F3 VERDICT = 🟠 NOISE-GRIP — Δρ < 0.15: the grip is centering-noise-driven (matched noise reproduces the same downstream corr) = a subtler op-layer theater; tier stays GRIP

──────── H_9209 self_phasic emit-shade (mid=N1/N2/REM=120 · calib 0-49 · G_self=20.21081102876883) ────────
  ΔEff_self Hamming(self-shade idle vs e_live) = 1/120 = 0.008333333333333333   [HEADLINE]
  ARM-PERM matched-noise ΔEff = 14/120 = 0.11666666666666667  → margin ΔEff_self−perm = -0.10833333333333334
  align (flips within ±2 of a self-event) = 1/1 = 1.0
  ARM-SHOCK v2 dense (±0.5 rail every mid tick) = 60/120 flips = 0.5  · POS-PASS(≥2)=YES
  pool channel-OFF ctrl (og_h_selfL/mid, #3116 floor) = 0 = 0.0  · re-sum fidelity og_h_selfS=0 · shuf og_h_selfshuf=0
  GUARDS: N3 self-flips=0 (must 0) · WAKE=0 · Ψ emit-gap=0.008333333333333333 (must ≤0.05) · axis ok
  ── PRE-REG H_9209 VERDICT (frozen bars, verbatim) ──
  COMPETENT: ΔEff_self≥0.10 ∧ margin(perm)≥0.08 ∧ align≥0.5 ∧ POS-PASS ∧ N3=0 ∧ Ψ-gap≤0.05
  THEATER: ΔEff_self<0.02 ∧ POS-PASS ∧ axis non-degenerate ; INSTRUMENT-FAIL: POS-FAIL ∨ degenerate
  VERDICT = 🔴 THEATER — self genuinely inert at emit (ΔEff<0.02, POS control PASSED so meter works) ⇒ never wire, keep .kosmos persistence only (H_1471 stands)

──────── H_9210 surprise(recon_err) emit-shade (mid=120 · G_surp=-1.0) ────────
  ΔEff_surp Hamming(surp-shade idle vs e_live) = 0/120 = 0.0   [HEADLINE]
  ARM-PERM matched-noise = 11/120 = 0.09166666666666666  → margin = -0.09166666666666666
  POS-PASS(dense ARM-SHOCK, same wire)=YES · N3 surp-flips=0 (must 0) · axis DEGENERATE
  decode-mode=--opgrip NO-DECODE ($0; recon_err = fixed-seed → AXIS-DEGENERATE by construction, anima-hexa-6) · TWO-GATE: WIRE(ARM-SHOCK≥2)=YES ∧ SIGNAL(AXIS-LIVE)=NO
  ── PRE-REG H_9210 VERDICT (frozen bars, verbatim) ──
  COMPETENT: ΔEff_surp≥0.10 ∧ margin(perm)≥0.08 ∧ POS-PASS ∧ N3=0 ; THEATER: ΔEff_surp<0.02 ∧ POS-PASS ; INSTRUMENT-FAIL: POS-FAIL ∨ degenerate
  VERDICT = ⚙️ INSTRUMENT-FAIL (AXIS-DEGENERATE, no-decode) — recon_err = fixed-seed const (신호 무변, anima-hexa-6); re-run with --opgrip-live (real decode → content-driven recon_err)

──────── H_9225 tonic→phasic BAND-PASS transducer (SELF ⊥ TEN · mid=120 · N=250 · calib 10-49) ────────
  FROZEN byte-identity: og_h_frz2 = 0  (MUST be 0 — else HARNESS-BUG, run VOID)
  POS-CONTROL (reuse H_9209 dense ARM-SHOCK) = 60 flips · POS-PASS(≥2)=YES
  gains: g_slf2=0.8482772011736699 (band_med=0.20630048733818535 capsat=no)  g_ten2=2.849711793655069 (band_med=0.06140971883179219 capsat=no)
  ── SELF lane (x=self_ctx_live) ──
    ΔEff_self = 0/120 = 0.0   [HEADLINE]
    ARM-INPERM (input stride-perm, PRIMARY) = 1 = 0.008333333333333333  → margin ΔEff−inperm = -0.008333333333333333 (bar ≥0.08)
    output-perm (diagnostic, no bar) = 0   [H_9209 timing-redundancy signature if ≫ live]
    SHAPE trans=0/0=0.0  hold=0/120=0.0 (bar trans≥3·hold ∧ hold≤0.05)
    GUARDS: N3=0 (must 0) · WAKE=0 · Ψ_ON=0.6666666666666666 Ψ_OFF=0.6666666666666666 Ψ-ok=YES · axis ok
  ── TEN lane (x=ag_conflict · D1 own-lane W=1.0) ──
    ΔEff_ten = 0/120 = 0.0   [HEADLINE]
    ARM-INPERM (input stride-perm, PRIMARY) = 0 = 0.0  → margin ΔEff−inperm = 0.0 (bar ≥0.08)
    output-perm (diagnostic, no bar) = 0
    SHAPE trans=0/0=0.0  hold=0/120=0.0 (bar trans≥3·hold ∧ hold≤0.05)
    GUARDS: N3=0 (must 0) · WAKE=0 · Ψ_ON=0.6666666666666666 Ψ_OFF=0.6666666666666666 Ψ-ok=YES · axis ok
  ── PRE-REG H_9225 FROZEN BARS (verbatim, printed BEFORE verdicts · p7 no tune-to-green) ──
  1 HARNESS-BUG(VOID): og_h_frz2>0 (FROZEN not byte-identical to prod)
  2 INSTRUMENT-FAIL: POS-FAIL(shock<2) ∨ g=−1.0(AXIS-DEGENERATE) ∨ capsat(UNDER-COUPLED) — never cements THEATER (anima-hexa-4)
  3 FORCING-GATE(REVERT): N3>0 ∨ Ψ-guard fail (Ψ_ON<Ψ_OFF ∨ Ψ_ON−Ψ_OFF>0.05)
  4 COMPETENT: ΔEff≥0.10 ∧ margin(inperm)≥0.08 ∧ shape(ΔEff_trans≥3·ΔEff_hold ∧ hold≤0.05) ∧ POS-PASS ∧ N3=0 ∧ Ψ-guard
  5 THEATER: ΔEff<0.02 ∧ POS-PASS ∧ ¬degenerate ∧ ¬capsat  (SELF +REPLICATION(H_9209) if output-perm≥5×live)
  6 DIRECTIONAL: else (0.02≤ΔEff<0.10, or ΔEff≥0.10 with margin/shape short) ⇒ ≥2 seeds, no cement
  SELF VERDICT = 🔴 THEATER — self genuinely inert at emit under band-pass (ΔEff<0.02, POS-PASS ⇒ meter works); never wire, .kosmos persistence only (H_1471 stands)
  TEN VERDICT = 🔴 THEATER — tension own-lane inert at emit under band-pass (ΔEff<0.02, POS-PASS ⇒ meter works); D1 vindication FAILS, urgency remains the only proven channel

──────── H_9226 accumulator-to-threshold BUFFER (Family B · DDM · SELF ⊥ TEN · mid=120 · N=250 · calib 10-49) ────────
  FROZEN byte-identity: og_h_frzB = 0  (MUST be 0 — else HARNESS-BUG, run VOID)
  POS-CONTROL (reuse dense ARM-SHOCK) = 60 flips · POS-PASS(≥2)=YES
  gains: gB_slf=0.5922401233958694 (b_med=0.029548825398144334 capsat=no swing_max=0.05310106156427193)  gB_ten=-1.0 (b_med=0.0 capsat=no swing_max=0.0)
  ── SELF lane (x=self_ctx_live) ──
    ΔEff_self = 0/120 = 0.0   [HEADLINE]
    ARM-INPERM (order-shuffle re-integrate, PRIMARY) = 2 = 0.016666666666666666  → margin ΔEff−inperm = -0.016666666666666666 (bar ≥0.08)
    LATENCY early(run1-3)=0/2=0.0  late(run≥8)=0/116=0.0 (bar late≥3·early ∧ early≤0.05 ∧ n_late≥10) ok=YES
    GUARDS: N3=0 (must 0) · WAKE=0 · Ψ_ON=0.6666666666666666 Ψ_OFF=0.6666666666666666 Ψ-ok=YES · axis ok · STIM-ABSENT=YES
  ── TEN lane (x=ag_conflict · own-lane W=1.0) ──
    ΔEff_ten = 0/120 = 0.0   [HEADLINE]
    ARM-INPERM (order-shuffle re-integrate, PRIMARY) = 0 = 0.0  → margin ΔEff−inperm = 0.0 (bar ≥0.08)
    LATENCY early(run1-3)=0/2=0.0  late(run≥8)=0/116=0.0 (bar late≥3·early ∧ early≤0.05 ∧ n_late≥10) ok=YES
    GUARDS: N3=0 (must 0) · WAKE=0 · Ψ_ON=0.6666666666666666 Ψ_OFF=0.6666666666666666 Ψ-ok=YES · axis DEGENERATE · STIM-ABSENT=YES
  ── PRE-REG H_9226 FROZEN BARS (verbatim, printed BEFORE verdicts · p7 no tune-to-green) ──
  1 HARNESS-BUG(VOID): og_h_frzB>0 (FROZEN not byte-identical to prod)
  2 INSTRUMENT-FAIL: POS-FAIL(shock<2) ∨ g=−1.0(AXIS-DEGENERATE) ∨ capsat(UNDER-COUPLED) ∨ STIM-ABSENT(swing_max<0.0875) — never cements THEATER
  3 FORCING-GATE(REVERT): N3>0 ∨ Ψ-guard fail (Ψ_ON<Ψ_OFF ∨ Ψ_ON−Ψ_OFF>0.05)
  4 COMPETENT: ΔEff≥0.10 ∧ margin(inperm)≥0.08 ∧ latency(late≥3·early ∧ early≤0.05 ∧ n_late≥10) ∧ POS-PASS ∧ N3=0 ∧ Ψ-guard
  5 THEATER: ΔEff<0.02 ∧ POS-PASS ∧ ¬degenerate ∧ ¬capsat ∧ swing_max≥0.0875
  6 DIRECTIONAL: else (incl. ΔEff≥0.10 that FAILS latency shape = instantaneous-reader phenotype, A-redundant) ⇒ ≥2 seeds, no cement
  SELF VERDICT = ⚙️ INSTRUMENT-FAIL (STIM-ABSENT) — accumulator never held a bias long enough to half-charge (swing_max<0.0875); no evidence integrated, NOT THEATER; fix = --opgrip-live
  TEN VERDICT = ⚙️ INSTRUMENT-FAIL (AXIS-DEGENERATE, b_med<0.002) — tension bias carries no content; fix + remeasure, NOT a substrate result
  ── INTERPRETATION (only if BOTH lanes THEATER) ──
  B-THEATER after A-THEATER (H_9225) = convergent seam-law: shape-conversion (A) AND evidence-integration (B)
  both inert at the idle seam under a passing dense POS-CONTROL ⇒ the emit gate is causally sealed to everything
  but urgency; read-side recoding closed, remaining escalation = write-side (train-time coupling).
=== [Wed Jul  8 16:14:24 UTC 2026] H9226_REAL COMPLETE ===
