======================================================================
A: CROSS-FUNCTION FIXED POINTS AND CYCLES
======================================================================
  n=6: sigma=12, tau=4, omega=2, sigma=2n:True, tau=2omega:True, BOTH:True
  n=10: sigma=18, tau=4, omega=2, sigma=2n:False, tau=2omega:True, BOTH:False
  n=12: sigma=28, tau=6, omega=2, sigma=2n:False, tau=2omega:False, BOTH:False
  n=28: sigma=56, tau=6, omega=2, sigma=2n:True, tau=2omega:False, BOTH:False
  n=496: sigma=992, tau=10, omega=2, sigma=2n:True, tau=2omega:False, BOTH:False
  n=8128: sigma=16256, tau=14, omega=2, sigma=2n:True, tau=2omega:False, BOTH:False
  n=28 detail: tau=6, omega=2, tau=2*omega: 6==4: False
  H01: 🟩 n=6 uniquely satisfies sigma(n)=2n AND tau(n)=2*omega(n)

  n=6: sigma=12, tau(sigma)=6, sigma(tau(sigma))=12, sigma(n)=12, self-loop:True
  n=10: sigma=18, tau(sigma)=6, sigma(tau(sigma))=12, sigma(n)=18, self-loop:False
  n=12: sigma=28, tau(sigma)=6, sigma(tau(sigma))=12, sigma(n)=28, self-loop:False
  n=28: sigma=56, tau(sigma)=8, sigma(tau(sigma))=15, sigma(n)=56, self-loop:False
  H02: 🟩 sigma(tau(sigma(6)))=sigma(6) self-loop, unique

  sigma^k(6): [6, 12, 28]... steps to perfect: 2
  sigma^k(10): [10, 18, 39, 56, 120, 360]... steps: -1
  sigma^k(12): [12, 28]... steps: 1
  sigma^k(28): [28, 56, 120, 360, 1170, 3276]... steps: -1
  H03: 🟩 sigma(sigma(6))=28=P_2 confirmed

  Aliquot seq of 6: [6, 6, 6, 6, 6, 6]
  H04: ⚪ Tautology — all perfect numbers are aliquot fixed points

  Distance from 6 to nearest amicable pair (220,284): 214
  220 = {2: 2, 5: 1, 11: 1}, 284 = {2: 2, 71: 1}
  220 - 6 = 214 = 2*107 (107 prime)
  H05: ⚪ No structural connection

======================================================================
B: ANALYTIC NUMBER THEORY
======================================================================

  Σ d*ln(d) for d|6 = 15.432688
  8*ln2 + 9*ln3    = 15.432688
  Match: True
  8 = sigma(6)-tau(6) = 12-4 = 8, 9 = p(6)-2 = 11-2 = 9
  n=10: Σd*lnd=32.4593, sigma-tau=14
  n=12: Σd*lnd=50.7967, sigma-tau=22
  n=28: Σd*lnd=150.8014, sigma-tau=50
  H06: 🟧 Coincidental coefficient match for n=6

  c_6(1) = Σ_{d|gcd(6,1)=1} d*mu(6/d) = 1*mu(6) = mu(6) = 1
  c_6(1) = 1
  sigma_{-1}(6) = 2.0
  H07: ⚪ Tautology c_n(1)=mu(n)

  ∏_{d|6} d = 36, 6^(tau/2)=6^2=36
  Match: True
  n=10: prod=100, n^(tau/2)=100, match:True
  n=12: prod=1728, n^(tau/2)=1728, match:True
  n=28: prod=21952, n^(tau/2)=21952, match:True
  H08: ⚪ Tautology — universal identity ∏d|n d = n^(tau/2)

  Σ 1/phi(d) for d|6 = 3 = 3.0000
  tau(6)-1 = 3
  n=6: Σ1/phi(d)=3=3.0000, tau-1=3, match:True
  n=10: Σ1/phi(d)=5/2=2.5000, tau-1=3, match:False
  n=12: Σ1/phi(d)=15/4=3.7500, tau-1=5, match:False
  n=28: Σ1/phi(d)=35/12=2.9167, tau-1=5, match:False
  n=10: Σ1/phi(d)=2.5000, n/phi(n)=2.5000
  H09: 🟩 Triple coincidence Σ1/phi(d)=3=n/phi(n)=tau-1 for n=6

  Σ mu(d)*ln(d) for d|6 = 0.0000000000
  Analytical: -ln2-ln3+ln6 = 0.0000000000
  n=6: Σmu(d)*ln(d) = 0.00000000
  n=10: Σmu(d)*ln(d) = 0.00000000
  n=12: Σmu(d)*ln(d) = 0.00000000
  n=15: Σmu(d)*ln(d) = 0.00000000
  n=30: Σmu(d)*ln(d) = 0.00000000
  H10: ⚪ Universal — holds for all squarefree composites

======================================================================
C: INFORMATION THEORY
======================================================================

  BSC(p=1/6) capacity C = 1 - H(1/6) = 1 - 0.650022 = 0.349978
  H(1/6) bits = 0.650022
