[2026-05-07T23:52:04] === BG-KJ V5-α H100 500M test orchestrator started ===
[2026-05-07T23:52:04] mac_state_dir=/Users/ghost/core/anima/state/anima_kj_v5_alpha_h100_500m_2026_05_07
[2026-05-07T23:52:04] corpus=/Users/ghost/core/anima/state/anima_jy_chat_template_corpus_2026_05_07/corpus_chat_template.txt conscious_lm=/Users/ghost/core/anima/ready/models/conscious_lm.py
[2026-05-07T23:52:04] this_script=/Users/ghost/core/anima/tool/transient_py/anima_kj_v5_alpha_h100.py
[2026-05-07T23:52:04] COST_HARD_CAP=$5.0 COST_EARLY_KILL=$4.5 TOTAL_BUDGET_S=6600
[2026-05-07T23:52:04] creating H100 SXM pod (RunPod SECURE cloud)…
[2026-05-07T23:52:06] pod created: id=kl8201rqo44k0v machine=? $2.99/hr
[2026-05-07T23:52:25] pod status: RUNNING
[2026-05-07T23:52:27] ssh ready: root@103.207.149.87:14683
[2026-05-07T23:52:32] GPU smoke OK: GPU 0: NVIDIA H100 80GB HBM3 (UUID: GPU-b9ddbcaf-5c6b-27bc-a85a-7b0c6ae323df)
2.8.0+cu128 True NVIDIA H100 80GB HBM3
[2026-05-07T23:52:34] staging files (corpus 91MB→gz + conscious_lm.py + this script)…
[2026-05-07T23:52:34] compressing corpus locally with gzip -1…
[2026-05-07T23:52:42] corpus.gz size: 39.4MB
[2026-05-07T23:54:03] decompressing corpus on pod…
[2026-05-07T23:54:07] pod decompress OK: -rw-r--r-- 1 root root 95420911 May  7 14:53 corpus_chat_template.txt
[2026-05-07T23:54:40] training launched on pod rc=-1
[2026-05-07T23:55:11] heartbeat synced; cost=$0.13 pod_step=0 pod_status=init
[2026-05-08T00:01:33] heartbeat synced; cost=$0.44 pod_step=1500 pod_status=DONE final_class=FAIL_TRUE
[2026-05-08T00:01:38] training emitted verdict.json on pod — pulling artifacts
[2026-05-08T00:01:38] pulling artifacts from pod…
[2026-05-08T00:06:38] scp pull state rc=-2 err=Command '['scp', '-o', 'StrictHostKeyChecking=no', '-o', 'UserKnownHostsFile=/dev/null', '-o', 'ConnectTimeout=15', '-r', '-P', '14683', 'root@103.207.149.87:/workspace/anima_kj/state/.', '/Users/ghos
[2026-05-08T00:06:38] deleting pod (teardown)…
[2026-05-08T00:06:41] pod delete rc=0 out={
  "deleted": true,
  "id": "kl8201rqo44k0v"
}
 err=
[2026-05-08T00:06:48] pod deletion verify: pod_id=kl8201rqo44k0v excluded=True info={'pods_count': 1, 'ids': ['475b93kc8405xw']}
[2026-05-08T00:06:48] ledger appended: /Users/ghost/core/anima/state/anima_model_attempts_ledger.jsonl bg_id=BG-KJ final_class=FAIL_TRUE
[2026-05-08T00:06:48] === BG-KJ complete: final_class=FAIL_TRUE cost=$0.44 pod_excluded=True ===
