=== H_1632 N4+N8 arm=baseline (jamo=False set=False) seed=7 ===
  device=cuda d=3784 L=4 E0=2 Emax=3 seq_len=1024 steps=2000 bs=8 sample=proportional
  levers: lambda_jamo=0.5 lambda_set=0.5 setsearch(every=50 K=8 frames=5 gen=48)
  cuda: NVIDIA A40 cap=8.6 torch=2.5.1+cu124
  params: 345664875 (345.665M)
  corpus cell[0] ko-general   state/clm303_clean_corpus/gen_ko.txt size=1114649 train=1058916 val_tail=55733
  corpus cell[1] en-general   state/clm303_clean_corpus/gen_en.txt size=1145081 train=1087826 val_tail=57255
  corpus cell[2] ko-sns       state/clm303_clean_corpus/sns_ko.txt size=1440628 train=1368596 val_tail=72032
  corpus cell[3] en-sns       state/clm303_clean_corpus/sns_en.txt size=1326111 train=1259805 val_tail=66306
  step     1  CE=5.68509  E=2  wd=0.0500 dp=0.5000  val_CE=13.20480
  step    50  CE=2.61861  E=2  wd=0.0492 dp=0.4917
  step   100  CE=2.14983  E=2  wd=0.0483 dp=0.4833
  step   150  CE=2.17684  E=2  wd=0.0475 dp=0.4748
  step   200  CE=1.95158  E=2  wd=0.0466 dp=0.4664
  step   250  CE=1.79392  E=2  wd=0.0458 dp=0.4579
  step   300  CE=2.00152  E=2  wd=0.0449 dp=0.4495
  step   350  CE=1.73609  E=2  wd=0.0441 dp=0.4410
  step   400  CE=1.66287  E=2  wd=0.0433 dp=0.4326
  step   450  CE=1.21120  E=2  wd=0.0424 dp=0.4242
  step   500  CE=1.53902  E=2  wd=0.0416 dp=0.4157  val_CE=1.49139
  step   550  CE=1.64640  E=2  wd=0.0407 dp=0.4073
  step   600  CE=1.43798  E=2  wd=0.0399 dp=0.3988
  step   650  CE=1.53486  E=2  wd=0.0390 dp=0.3904
  step   700  CE=1.31434  E=2  wd=0.0382 dp=0.3819
  step   750  CE=1.37767  E=2  wd=0.0373 dp=0.3735
  step   800  CE=1.27745  E=2  wd=0.0365 dp=0.3650
  step   850  CE=1.29640  E=2  wd=0.0357 dp=0.3566
  step   900  CE=1.43478  E=2  wd=0.0348 dp=0.3481
  step   950  CE=1.50074  E=2  wd=0.0340 dp=0.3397
  step 1000 (MITOSIS SPLIT) E 2->3
  step  1000  CE=1.05480  E=3  wd=0.0331 dp=0.3312  val_CE=1.16920
  step  1050  CE=1.58863  E=3  wd=0.0323 dp=0.3228
  step  1100  CE=1.35447  E=3  wd=0.0314 dp=0.3144
  step  1150  CE=1.21488  E=3  wd=0.0306 dp=0.3059
  step  1200  CE=1.31684  E=3  wd=0.0297 dp=0.2975
  step  1250  CE=1.33058  E=3  wd=0.0289 dp=0.2890
  step  1300  CE=1.41769  E=3  wd=0.0281 dp=0.2806
  step  1350  CE=1.21440  E=3  wd=0.0272 dp=0.2721
  step  1400  CE=0.96142  E=3  wd=0.0264 dp=0.2637
  step  1450  CE=1.37967  E=3  wd=0.0255 dp=0.2552
  step  1500  CE=1.35325  E=3  wd=0.0247 dp=0.2468  val_CE=1.03541
  step  1550  CE=1.33431  E=3  wd=0.0238 dp=0.2383
  step  1600  CE=1.31766  E=3  wd=0.0230 dp=0.2299
  step  1650  CE=1.14482  E=3  wd=0.0221 dp=0.2214
  step  1700  CE=1.32134  E=3  wd=0.0213 dp=0.2130
  step  1750  CE=1.07434  E=3  wd=0.0205 dp=0.2045
  step  1800  CE=1.11644  E=3  wd=0.0196 dp=0.1961
  step  1850  CE=1.24463  E=3  wd=0.0188 dp=0.1877
  step  1900  CE=1.23192  E=3  wd=0.0179 dp=0.1792
  step  1950  CE=1.06980  E=3  wd=0.0171 dp=0.1708
  step  2000  CE=1.15836  E=3  wd=0.0162 dp=0.1623  val_CE=0.90714
  ── FINAL held-out val-CE per register (uniform=5.5452) ──
     ko-general   val_CE=0.36512  DESCENT
     en-general   val_CE=0.56648  DESCENT
     ko-sns       val_CE=1.46982  DESCENT
     en-sns       val_CE=1.40685  DESCENT
  FINAL val_CE(pooled)=0.9520672876387835  registers_DESCENT=4/4
  loss0=5.68509 lossF=1.15836 wall=1090.9s savant_latched_at=1 E0=2->E=3 setsearch_runs=0
  [G1/G6 torch-probe DIRECTIONAL] {"step": 2000, "ce": 1.15836, "g1_composed_distinct": 0, "g2_novelty_rate": 0.0, "g6_count": 0, "g6_jaccard": null, "phi_proxy": 32.908012, "mitosis_cells": 61}
  torch ckpt -> state/1632_g6setsearch_g1jamo/ckpt/baseline_seed7.pt (1382668526 bytes)
  summary -> state/1632_g6setsearch_g1jamo/ckpt/baseline_seed7.json
  .clm WRITTEN 176584498 bytes -> state/1632_g6setsearch_g1jamo/ckpt/baseline_seed7.clm
  clm_decodable=True
