H_641 — d2-gap-closing-life-vs-sampling · RASTER #5 (2026-05-28, axis D2)
  source: UNIVERSE/H_*.md DISK per-file scan (8-source verdict + 2-source domain)
  test: gap CLOSING = sampling artifact (life STABLE) vs substrate-real (life FALLING)

  N(H files) = 194  (H_238 self-excluded · disk scan)

  ── raster#5 full landscape headline (life vs consciousness) ──
  life          SUPP-rate = 0.5  (39/78)
  consciousness SUPP-rate = 0.40708  (46/113)
  gap_now = 0.0929204   gap_prior(r#4)=0.0874   Δ=0.00552035   trend=stable

  ── per-domain trajectory vs raster#4 (the SEPARATION test) ──
  life  : r#4 0.5065 → r#5 0.5   Δ=-0.0065  (ε_life=0.05)
  consc : r#4 0.419 → r#5 0.40708   Δ=-0.0119204
  life_stable  = true
  life_falling = false
  consc_rising = false

  ── per-cohort stratified life vs consciousness SUPP-rate ──
  cohort                  |  N | life SUPP/tot (rate) | consc SUPP/tot (rate)
  core (<H_347)  | 155 | 38/75 (0.506667) | 34/86 (0.395349)
  session26 (H_347-629)  | 27 | 1/2 (0.5) | 10/20 (0.5)
  raster5-new (H_630+)  | 12 | 0/1 (0.0) | 2/7 (0.285714)

  ── raster#5 NEW cohort (id ≥ H_630) composition ──
  new_N=12  SUPP=6  FALS=3
  domain hits: life=1  consciousness=7  physics=7  information=1  math=2

  ── MECHANISM SEPARATION ──
  MECHANISM : SAMPLING-ARTIFACT (life stable)

  ── criteria (meta) ──
  C1 REPRODUCIBLE (N≥120) : true
  C2 STRATIFIED (≥2 cohort nonempty) : true
  C3 ALL_CLASSIFIED : true
  VERDICT_RULE: SUPPORTED(sampling) iff C1∧C2∧life_stable∧¬life_falling · FALSIFIED if life_falling
  VERDICT     : SUPPORTED

  result.json written → /tmp/u-h641b/UNIVERSE/state/h641_d2_gap_closing_life_vs_sampling/result.json
=== H_641 raster#5 separation complete: SUPPORTED · SAMPLING-ARTIFACT (life stable) ===
