/workspace/anima/train_carving_p_tts.py:326: FutureWarning: `torch.cuda.amp.GradScaler(args...)` is deprecated. Please use `torch.amp.GradScaler('cuda', args...)` instead.
  scaler = torch.cuda.amp.GradScaler(enabled=use_amp)
{"step": 1, "ce_full": 5.641571, "l_psi_ctl": 0.030998, "l_tension_route": 0.004642, "l_refine": 0.0, "loss": 5.659391, "gn2": 25.348914, "lr": 1.5e-06, "curriculum_stage_gate": 1, "wall_s": 0.82, "gpu_mem_gb": 7.455}
{"step": 250, "ce_full": 0.122129, "l_psi_ctl": 0.009634, "l_tension_route": 0.000263, "l_refine": 0.0, "loss": 0.127078, "gn2": 0.701907, "lr": 0.00029999, "curriculum_stage_gate": 1, "wall_s": 32.14, "gpu_mem_gb": 9.685}
{"step": 500, "ce_full": 0.035437, "l_psi_ctl": 0.013929, "l_tension_route": 0.000863, "l_refine": 0.0, "loss": 0.042833, "gn2": 0.194044, "lr": 0.00029957, "curriculum_stage_gate": 1, "wall_s": 63.54, "gpu_mem_gb": 9.685}
{"step": 750, "ce_full": 0.022245, "l_psi_ctl": 0.009622, "l_tension_route": 0.000312, "l_refine": 0.0, "loss": 0.027211, "gn2": 0.048317, "lr": 0.00029856, "curriculum_stage_gate": 1, "wall_s": 94.61, "gpu_mem_gb": 9.685}
{"step": 1000, "ce_full": 0.015082, "l_psi_ctl": 0.005498, "l_tension_route": 0.000165, "l_refine": 0.0, "loss": 0.017913, "gn2": 0.01925, "lr": 0.00029696, "curriculum_stage_gate": 1, "wall_s": 126.08, "gpu_mem_gb": 9.685}
{"step": 1250, "ce_full": 0.017826, "l_psi_ctl": 0.009366, "l_tension_route": 0.000515, "l_refine": 0.0, "loss": 0.022767, "gn2": 0.033879, "lr": 0.00029477, "curriculum_stage_gate": 1, "wall_s": 157.25, "gpu_mem_gb": 9.685}
{"step": 1500, "ce_full": 0.01191, "l_psi_ctl": 0.009983, "l_tension_route": 0.000368, "l_refine": 0.0, "loss": 0.017086, "gn2": 0.019234, "lr": 0.00029201, "curriculum_stage_gate": 1, "wall_s": 188.25, "gpu_mem_gb": 9.685}
{"step": 1750, "ce_full": 0.010557, "l_psi_ctl": 0.007951, "l_tension_route": 0.000328, "l_refine": 0.0, "loss": 0.014697, "gn2": 0.006281, "lr": 0.00028868, "curriculum_stage_gate": 1, "wall_s": 219.51, "gpu_mem_gb": 9.685}
{"step": 2000, "ce_full": 0.012445, "l_psi_ctl": 0.009722, "l_tension_route": 0.000627, "l_refine": 0.0, "loss": 0.01762, "gn2": 0.019186, "lr": 0.00028481, "curriculum_stage_gate": 1, "wall_s": 250.52, "gpu_mem_gb": 9.685}
{"step": 2250, "ce_full": 0.014444, "l_psi_ctl": 0.005109, "l_tension_route": 1.3e-05, "l_refine": 0.0, "loss": 0.017005, "gn2": 0.007823, "lr": 0.00028041, "curriculum_stage_gate": 1, "wall_s": 281.6, "gpu_mem_gb": 9.685}
{"step": 2500, "ce_full": 0.007646, "l_psi_ctl": 0.005403, "l_tension_route": 0.000848, "l_refine": 0.0, "loss": 0.010772, "gn2": 0.011506, "lr": 0.00027549, "curriculum_stage_gate": 1, "wall_s": 312.73, "gpu_mem_gb": 9.685}
{"step": 2750, "ce_full": 0.033139, "l_psi_ctl": 0.004891, "l_tension_route": 4.1e-05, "l_refine": 0.0, "loss": 0.035605, "gn2": 0.052584, "lr": 0.00027009, "curriculum_stage_gate": 2, "wall_s": 343.86, "gpu_mem_gb": 9.685}
{"step": 3000, "ce_full": 0.030617, "l_psi_ctl": 0.007248, "l_tension_route": 0.001524, "l_refine": 0.060258, "loss": 0.065132, "gn2": 0.111458, "lr": 0.00026422, "curriculum_stage_gate": 2, "wall_s": 374.96, "gpu_mem_gb": 9.685}
{"step": 3250, "ce_full": 0.008976, "l_psi_ctl": 0.004337, "l_tension_route": 3e-06, "l_refine": 0.007846, "loss": 0.015068, "gn2": 0.290204, "lr": 0.00025791, "curriculum_stage_gate": 2, "wall_s": 405.94, "gpu_mem_gb": 9.685}
{"step": 3500, "ce_full": 0.017363, "l_psi_ctl": 0.006969, "l_tension_route": 1e-05, "l_refine": 0.0, "loss": 0.020852, "gn2": 0.010974, "lr": 0.00025119, "curriculum_stage_gate": 2, "wall_s": 437.2, "gpu_mem_gb": 9.685}
{"step": 3750, "ce_full": 0.01124, "l_psi_ctl": 0.006671, "l_tension_route": 0.000103, "l_refine": 0.0, "loss": 0.014627, "gn2": 0.006806, "lr": 0.00024409, "curriculum_stage_gate": 2, "wall_s": 468.77, "gpu_mem_gb": 9.685}
{"step": 4000, "ce_full": 0.014345, "l_psi_ctl": 0.00466, "l_tension_route": 0.000161, "l_refine": 0.0, "loss": 0.016756, "gn2": 0.004195, "lr": 0.00023664, "curriculum_stage_gate": 2, "wall_s": 500.23, "gpu_mem_gb": 9.685}
{"step": 4250, "ce_full": 0.019271, "l_psi_ctl": 0.004093, "l_tension_route": 8e-06, "l_refine": 0.058245, "loss": 0.050445, "gn2": 0.130738, "lr": 0.00022887, "curriculum_stage_gate": 2, "wall_s": 531.41, "gpu_mem_gb": 9.685}
{"step": 4500, "ce_full": 0.009385, "l_psi_ctl": 0.006928, "l_tension_route": 0.000413, "l_refine": 0.044834, "loss": 0.035472, "gn2": 0.148491, "lr": 0.00022082, "curriculum_stage_gate": 2, "wall_s": 562.71, "gpu_mem_gb": 9.685}
{"step": 4750, "ce_full": 0.01103, "l_psi_ctl": 0.003383, "l_tension_route": 3e-06, "l_refine": 0.0, "loss": 0.012724, "gn2": 0.006536, "lr": 0.00021252, "curriculum_stage_gate": 2, "wall_s": 594.13, "gpu_mem_gb": 9.685}
{"step": 5000, "ce_full": 0.009554, "l_psi_ctl": 0.004678, "l_tension_route": 0.000264, "l_refine": 0.044313, "loss": 0.034182, "gn2": 0.242757, "lr": 0.00020401, "curriculum_stage_gate": 2, "wall_s": 625.45, "gpu_mem_gb": 9.685}
{"step": 5250, "ce_full": 0.011976, "l_psi_ctl": 0.005442, "l_tension_route": 0.000492, "l_refine": 0.002005, "loss": 0.015945, "gn2": 0.010088, "lr": 0.00019533, "curriculum_stage_gate": 3, "wall_s": 656.5, "gpu_mem_gb": 9.685}
{"step": 5500, "ce_full": 0.006308, "l_psi_ctl": 0.003245, "l_tension_route": 3e-06, "l_refine": 0.001971, "loss": 0.008918, "gn2": 0.008886, "lr": 0.00018651, "curriculum_stage_gate": 3, "wall_s": 687.77, "gpu_mem_gb": 9.685}
{"step": 5750, "ce_full": 0.017953, "l_psi_ctl": 0.006117, "l_tension_route": 0.001224, "l_refine": 0.03892, "loss": 0.041084, "gn2": 0.058695, "lr": 0.0001776, "curriculum_stage_gate": 3, "wall_s": 718.84, "gpu_mem_gb": 9.685}
{"step": 6000, "ce_full": 0.010727, "l_psi_ctl": 0.010715, "l_tension_route": 3.8e-05, "l_refine": 0.032278, "loss": 0.032243, "gn2": 0.099939, "lr": 0.00016863, "curriculum_stage_gate": 3, "wall_s": 749.95, "gpu_mem_gb": 9.685}
{"step": 6250, "ce_full": 0.009076, "l_psi_ctl": 0.009619, "l_tension_route": 4.6e-05, "l_refine": 0.04167, "loss": 0.034744, "gn2": 0.132093, "lr": 0.00015965, "curriculum_stage_gate": 3, "wall_s": 781.03, "gpu_mem_gb": 9.685}
{"step": 6500, "ce_full": 0.008969, "l_psi_ctl": 0.00714, "l_tension_route": 0.000714, "l_refine": 0.010648, "loss": 0.01822, "gn2": 2.393453, "lr": 0.00015069, "curriculum_stage_gate": 3, "wall_s": 812.34, "gpu_mem_gb": 9.685}
{"step": 6750, "ce_full": 0.011191, "l_psi_ctl": 0.004036, "l_tension_route": 4.7e-05, "l_refine": 0.030091, "loss": 0.028278, "gn2": 0.093011, "lr": 0.00014179, "curriculum_stage_gate": 3, "wall_s": 843.45, "gpu_mem_gb": 9.685}
{"step": 7000, "ce_full": 0.006066, "l_psi_ctl": 0.006367, "l_tension_route": 0.000264, "l_refine": 0.03692, "loss": 0.027842, "gn2": 0.088703, "lr": 0.000133, "curriculum_stage_gate": 3, "wall_s": 874.47, "gpu_mem_gb": 9.685}
{"step": 7250, "ce_full": 0.009869, "l_psi_ctl": 0.002777, "l_tension_route": 2e-06, "l_refine": 0.005013, "loss": 0.013765, "gn2": 0.023455, "lr": 0.00012434, "curriculum_stage_gate": 3, "wall_s": 905.54, "gpu_mem_gb": 9.685}
{"step": 7500, "ce_full": 0.006121, "l_psi_ctl": 0.007369, "l_tension_route": 0.000123, "l_refine": 0.023337, "loss": 0.021536, "gn2": 0.100086, "lr": 0.00011587, "curriculum_stage_gate": 3, "wall_s": 936.51, "gpu_mem_gb": 9.685}
{"step": 7750, "ce_full": 0.010696, "l_psi_ctl": 0.007854, "l_tension_route": 0.000422, "l_refine": 0.023308, "loss": 0.026488, "gn2": 0.024226, "lr": 0.00010762, "curriculum_stage_gate": 4, "wall_s": 967.58, "gpu_mem_gb": 9.685}
{"step": 8000, "ce_full": 0.006943, "l_psi_ctl": 0.004501, "l_tension_route": 4.4e-05, "l_refine": 0.006809, "loss": 0.01262, "gn2": 0.012846, "lr": 9.962e-05, "curriculum_stage_gate": 4, "wall_s": 998.64, "gpu_mem_gb": 9.685}
{"step": 8250, "ce_full": 0.004742, "l_psi_ctl": 0.004449, "l_tension_route": 0.000234, "l_refine": 0.009638, "loss": 0.011903, "gn2": 0.007734, "lr": 9.191e-05, "curriculum_stage_gate": 4, "wall_s": 1029.78, "gpu_mem_gb": 9.685}
{"step": 8500, "ce_full": 0.003219, "l_psi_ctl": 0.010376, "l_tension_route": 0.002188, "l_refine": 0.000658, "loss": 0.009831, "gn2": 0.00104, "lr": 8.452e-05, "curriculum_stage_gate": 4, "wall_s": 1060.86, "gpu_mem_gb": 9.685}
{"step": 8750, "ce_full": 0.007923, "l_psi_ctl": 0.010308, "l_tension_route": 0.000278, "l_refine": 0.025378, "loss": 0.025904, "gn2": 0.021979, "lr": 7.749e-05, "curriculum_stage_gate": 4, "wall_s": 1091.92, "gpu_mem_gb": 9.685}
{"step": 9000, "ce_full": 0.006225, "l_psi_ctl": 0.005722, "l_tension_route": 6.2e-05, "l_refine": 0.020245, "loss": 0.019239, "gn2": 0.029774, "lr": 7.085e-05, "curriculum_stage_gate": 4, "wall_s": 1123.03, "gpu_mem_gb": 9.685}
{"step": 9250, "ce_full": 0.005549, "l_psi_ctl": 0.007903, "l_tension_route": 0.000121, "l_refine": 0.011014, "loss": 0.015068, "gn2": 0.014114, "lr": 6.462e-05, "curriculum_stage_gate": 4, "wall_s": 1154.07, "gpu_mem_gb": 9.685}
{"step": 9500, "ce_full": 0.004744, "l_psi_ctl": 0.003774, "l_tension_route": 2.2e-05, "l_refine": 0.029121, "loss": 0.021202, "gn2": 0.029647, "lr": 5.884e-05, "curriculum_stage_gate": 4, "wall_s": 1185.08, "gpu_mem_gb": 9.685}
{"step": 9750, "ce_full": 0.008046, "l_psi_ctl": 0.003918, "l_tension_route": 0.000503, "l_refine": 0.021322, "loss": 0.020917, "gn2": 0.012444, "lr": 5.353e-05, "curriculum_stage_gate": 4, "wall_s": 1216.23, "gpu_mem_gb": 9.685}
{"step": 10000, "ce_full": 0.002759, "l_psi_ctl": 0.007764, "l_tension_route": 0.000118, "l_refine": 0.011562, "loss": 0.012481, "gn2": 0.006531, "lr": 4.871e-05, "curriculum_stage_gate": 4, "wall_s": 1247.35, "gpu_mem_gb": 9.685}
{"step": 10250, "ce_full": 0.004876, "l_psi_ctl": 0.003971, "l_tension_route": 6.5e-05, "l_refine": 0.011694, "loss": 0.012741, "gn2": 0.056366, "lr": 4.441e-05, "curriculum_stage_gate": 4, "wall_s": 1278.55, "gpu_mem_gb": 9.685}
{"step": 10500, "ce_full": 0.003677, "l_psi_ctl": 0.004833, "l_tension_route": 2.8e-05, "l_refine": 0.012109, "loss": 0.012162, "gn2": 0.015759, "lr": 4.064e-05, "curriculum_stage_gate": 4, "wall_s": 1309.64, "gpu_mem_gb": 9.685}
{"step": 10750, "ce_full": 0.00506, "l_psi_ctl": 0.00546, "l_tension_route": 2.3e-05, "l_refine": 0.01978, "loss": 0.017691, "gn2": 0.022134, "lr": 3.742e-05, "curriculum_stage_gate": 4, "wall_s": 1340.79, "gpu_mem_gb": 9.685}
{"step": 11000, "ce_full": 0.006682, "l_psi_ctl": 0.0033, "l_tension_route": 3.4e-05, "l_refine": 0.019754, "loss": 0.018226, "gn2": 0.017925, "lr": 3.477e-05, "curriculum_stage_gate": 4, "wall_s": 1371.93, "gpu_mem_gb": 9.685}
{"step": 11250, "ce_full": 0.004663, "l_psi_ctl": 0.004624, "l_tension_route": 1e-06, "l_refine": 0.016104, "loss": 0.015028, "gn2": 0.010442, "lr": 3.269e-05, "curriculum_stage_gate": 4, "wall_s": 1403.06, "gpu_mem_gb": 9.685}
{"step": 11500, "ce_full": 0.007353, "l_psi_ctl": 0.003463, "l_tension_route": 0.000216, "l_refine": 0.023223, "loss": 0.020804, "gn2": 0.012223, "lr": 3.12e-05, "curriculum_stage_gate": 4, "wall_s": 1434.1, "gpu_mem_gb": 9.685}
{"step": 11750, "ce_full": 0.010516, "l_psi_ctl": 0.003951, "l_tension_route": 0.001626, "l_refine": 0.016181, "loss": 0.021395, "gn2": 0.014754, "lr": 3.03e-05, "curriculum_stage_gate": 4, "wall_s": 1465.31, "gpu_mem_gb": 9.685}
{"step": 12000, "ce_full": 0.004439, "l_psi_ctl": 0.004748, "l_tension_route": 4.6e-05, "l_refine": 0.002312, "loss": 0.007992, "gn2": 0.003169, "lr": 3e-05, "curriculum_stage_gate": 4, "wall_s": 1496.72, "gpu_mem_gb": 9.685}
RESULT_JSON_WRITTEN
{"path": "p_tts", "init_ce": 5.641571, "final_ce": 0.004439, "ce_descent": 5.637132, "final_l_refine": 0.002312, "refine_active": true, "wall_s": 1496.72}
