=== H_1818 CO-TRAINED-LIVE-BIND arm=bind seed=7 ===
  device=cuda d=3784 L=4 E0=2 Emax=3 k=512 seq_len=1024 steps=2000 bs=8 sample=proportional
  cuda: NVIDIA A40 cap=8.6 torch=2.4.1+cu124
  params: 348,703,083 (348.703M)
  corpus cell[0] ko-general   state/clm303_clean_corpus/gen_ko.txt size=1114649 train=1058916 val=55733
  corpus cell[1] en-general   state/clm303_clean_corpus/gen_en.txt size=1145081 train=1087826 val=57255
  corpus cell[2] ko-sns       state/clm303_clean_corpus/sns_ko.txt size=1440628 train=1368596 val=72032
  corpus cell[3] en-sns       state/clm303_clean_corpus/sns_en.txt size=1326111 train=1259805 val=66306
  step     1  CE=5.57012  E=2  wd=0.0500 dp=0.5000  val_CE=5.70418
  step    50  CE=2.71390  E=2  wd=0.0492 dp=0.4917
  step   100  CE=2.25197  E=2  wd=0.0483 dp=0.4833
  step   150  CE=2.10301  E=2  wd=0.0475 dp=0.4748
  step   200  CE=1.94479  E=2  wd=0.0466 dp=0.4664  val_CE=1.98102
  step   250  CE=1.72663  E=2  wd=0.0458 dp=0.4579
  step   300  CE=1.94193  E=2  wd=0.0449 dp=0.4495
  step   350  CE=1.69205  E=2  wd=0.0441 dp=0.4410
  step   400  CE=1.63754  E=2  wd=0.0433 dp=0.4326  val_CE=1.56719
  step   450  CE=1.18142  E=2  wd=0.0424 dp=0.4242
  step   500  CE=1.48858  E=2  wd=0.0416 dp=0.4157
  step   550  CE=1.59025  E=2  wd=0.0407 dp=0.4073
  step   600  CE=1.37788  E=2  wd=0.0399 dp=0.3988  val_CE=1.40648
  step   650  CE=1.45975  E=2  wd=0.0390 dp=0.3904
  step   700  CE=1.29823  E=2  wd=0.0382 dp=0.3819
  step   750  CE=1.33162  E=2  wd=0.0373 dp=0.3735
  step   800  CE=1.22733  E=2  wd=0.0365 dp=0.3650  val_CE=1.21639
  step   850  CE=1.27928  E=2  wd=0.0357 dp=0.3566
  step   900  CE=1.40411  E=2  wd=0.0348 dp=0.3481
  step   950  CE=1.46981  E=2  wd=0.0340 dp=0.3397
  step 1000 (MITOSIS SPLIT) E 2->3
  step  1000  CE=1.05786  E=3  wd=0.0331 dp=0.3312  val_CE=1.22142
  step  1050  CE=1.52451  E=3  wd=0.0323 dp=0.3228
  step  1100  CE=1.35209  E=3  wd=0.0314 dp=0.3144
  step  1150  CE=1.17281  E=3  wd=0.0306 dp=0.3059
  step  1200  CE=1.28531  E=3  wd=0.0297 dp=0.2975  val_CE=1.15910
  step  1250  CE=1.30516  E=3  wd=0.0289 dp=0.2890
  step  1300  CE=1.35927  E=3  wd=0.0281 dp=0.2806
  step  1350  CE=1.16176  E=3  wd=0.0272 dp=0.2721
  step  1400  CE=0.90289  E=3  wd=0.0264 dp=0.2637  val_CE=1.00815
  step  1450  CE=1.31428  E=3  wd=0.0255 dp=0.2552
  step  1500  CE=1.32697  E=3  wd=0.0247 dp=0.2468
  step  1550  CE=1.25037  E=3  wd=0.0238 dp=0.2383
  step  1600  CE=1.24495  E=3  wd=0.0230 dp=0.2299  val_CE=0.95751
  step  1650  CE=1.07385  E=3  wd=0.0221 dp=0.2214
  step  1700  CE=1.26938  E=3  wd=0.0213 dp=0.2130
  step  1750  CE=1.05319  E=3  wd=0.0205 dp=0.2045
  step  1800  CE=1.06775  E=3  wd=0.0196 dp=0.1961  val_CE=0.90731
  step  1850  CE=1.17908  E=3  wd=0.0188 dp=0.1877
  step  1900  CE=1.18748  E=3  wd=0.0179 dp=0.1792
  step  1950  CE=1.00576  E=3  wd=0.0171 dp=0.1708
  step  2000  CE=1.12008  E=3  wd=0.0162 dp=0.1623  val_CE=0.88971
  ── FINAL held-out val-CE per register (uniform=5.5452) ──
     ko-general   val_CE=0.37984  DESCENT
     en-general   val_CE=0.51084  DESCENT
     ko-sns       val_CE=1.45831  DESCENT
     en-sns       val_CE=1.02046  DESCENT
  FINAL val_CE(pooled)=0.8423625659197569  registers_DESCENT=4/4
  loss0=5.57012 lossF=1.12008 wall=957.4s savant_latched_at=1 E0=2->E=3
  torch ckpt -> state/g1_cotrain_live_bind/ckpt/bind_seed7.pt (1394822498 bytes)
  summary -> state/g1_cotrain_live_bind/ckpt/bind_seed7.json
  .clm (CLMB bind) WRITTEN 178111311 bytes -> state/g1_cotrain_live_bind/ckpt/bind_seed7.clm
  clm_decodable=True
  verify_descent error: module 'verify_clm_v2' has no attribute 'descent'
