════════════════════════════════════════════════════════════
H_663 Wolfram class-I × Φ-property profile (matrix empty row)
class-I rule 8 (homogeneous→0) vs class II/III/IV baselines
════════════════════════════════════════════════════════════
── P4 homogeneity (1-bit frac of n=4 ECA TPM) ──
  rule8  (class-I)   one_bit_frac = 0.125
  rule184(class-II)  one_bit_frac = 0.5
  rule110(class-IV)  one_bit_frac = 0.625

── P1 faithful magnitude (n=4 I=0 16-state mean big_phi) ──
  rule8  (class-I)   Φ = 0.58822
  rule184(class-II)  Φ = 12.6273
  rule30 (class-III) Φ = 13.8852
  rule110(class-IV)  Φ = 13.1302

── P2/P3 collective (n=5 cohort · big_phi_bounded sys=0 cap=3) ──
  rule8 Φ(W): [0.0278291, 0.0778953, 0.110346, 0.144771, 0.206952, 0.220166]
  rule8  collective Φ@W=1.0 (P2) = 0.220166
  rule184 collective Φ@W=1.0     = 51.5361
  rule8  convexity span_ratio (P3) = 7.88301   (Φ_min=0.0278291 Φ_max=0.220166)
  [baseline H_653 span] rule184=12.1163 rule90=30.4167 rule30=30.7705 rule110=35.4975

── falsifiers ──
  [PASS] F663.1 MAG-FAITHFUL-FLOOR: P1(8) < P1(184) AND < P1(30)
  [PASS] F663.2 CONVEXITY-FLOOR: span(8) <= span(184)=12.1163
  [PASS] F663.3 COLLECTIVE-FLOOR: P2(8) < P2(184) @W=1.0
  [PASS] F663.4 HOMOGENEITY: rule8 one_bit_frac < 0.2
  [PASS] F663.5 BOUND: Φ ≥ 0, span finite

════════════════════════════════════════════════════════════
  F663.1-5 5/5 PASS
  VERDICT = 🟢 SUPPORTED-NUMERICAL
════════════════════════════════════════════════════════════
wrote UNIVERSE/state/h663_class_I_phi_profile_2026_05_28/result.json
