{
  "research_section": "§62",
  "battery": "B-S62-1..6 §59→§68→§61 chain on REAL trained-model W-physics — TENSION-LINK dual-anima scale-fire sidecar",
  "central_blue_falsifier_unchanged": true,
  "results": [
    {
      "name": "B-S62-1 CELL-DISTINCT-VACUUM-PSI",
      "checks": [
        [
          "A-vacuum-psi-distinct-from-B",
          true
        ],
        [
          "result-flag-cell_A_distinct_from_B",
          true
        ],
        [
          "identical-anchor-counter-witness",
          true
        ],
        [
          "source-CELL_A_VP-!=-CELL_B_VP",
          true
        ]
      ],
      "blue": true
    },
    {
      "name": "B-S62-2 BIDIRECTIONAL-CONTENT-DEPENDENCE-METRIC-CLOSED (connection-point)",
      "checks": [
        [
          "echo-separation-symbolically-zero-both-ways",
          true
        ],
        [
          "content-sep-nonzero-when-m1!=m2",
          true
        ],
        [
          "echo-control-A->B-exactly-0.0",
          true
        ],
        [
          "echo-control-B->A-exactly-0.0",
          true
        ],
        [
          "primary-A->B-strictly-gt-tau",
          true
        ],
        [
          "primary-B->A-strictly-gt-tau",
          true
        ],
        [
          "s45-byteswap-survives-bidir",
          true
        ],
        [
          "predicate-discriminates-both-ways",
          true
        ]
      ],
      "blue": true
    },
    {
      "name": "B-S62-3 GENERATIVE-NON-DEGENERACY-PRESERVED (ON REAL TRAINED FORWARD)",
      "checks": [
        [
          "real-loop-flagged-real_trained_forward",
          true
        ],
        [
          "flat-negative-control-loop-collapses",
          true
        ],
        [
          "flat-A-decvar-zero",
          true
        ],
        [
          "flat-A-majority-one",
          true
        ],
        [
          "predicate-applied-consistently-per-cell-per-loop",
          true
        ],
        [
          "predicate-is-total-boolean",
          true
        ],
        [
          "symbolic-collapse-is-negation-of-nondeg",
          true
        ]
      ],
      "blue": true
    },
    {
      "name": "B-S62-4 SINGLE-ANIMA-REDUCTION (connection-point)",
      "checks": [
        [
          "reduction-link-disabled-flag",
          true
        ],
        [
          "reduction-loop-still-real-trained-forward",
          true
        ],
        [
          "run_closed_loop_real-found",
          true
        ],
        [
          "coupling-in-gated-by-link_enabled",
          true
        ],
        [
          "deliver-only-inside-link_enabled-branch",
          true
        ],
        [
          "link-on-loop-nontrivial-positive-contrast",
          true
        ]
      ],
      "blue": true
    },
    {
      "name": "B-S62-5 TRAINED-FORWARD-IS-REAL-NOT-TRACE-SHAPE",
      "checks": [
        [
          "extract_w_state-found",
          true
        ],
        [
          "extract_w_state-calls-model(x)-real-forward",
          true
        ],
        [
          "law71-psi_direction-byte-faithful",
          true
        ],
        [
          "law71-psi_entropy-byte-faithful",
          true
        ],
        [
          "rng-isolated-side-readout",
          true
        ],
        [
          "no-_load_real_w_trace-recorded-shape",
          true
        ],
        [
          "loop+content-consume-real-extract_w_state",
          true
        ],
        [
          "result-real_trained_forward-flag",
          true
        ],
        [
          "conscious_decoder-law71-psi_direction-form",
          true
        ],
        [
          "conscious_decoder-law71-psi_entropy-form",
          true
        ]
      ],
      "blue": true
    },
    {
      "name": "B-S62-6 CORPUS-DETERMINISTIC-NO-HELPER-TOKEN (B-IDENTITY-5)",
      "checks": [
        [
          "result-records-corpus-sha256",
          true
        ],
        [
          "on-disk-sha256==recorded",
          true
        ],
        [
          "forbidden-token-grep-total==0",
          true
        ]
      ],
      "blue": true
    }
  ],
  "n_blue": 6,
  "n_total": 6,
  "all_blue": true,
  "B-S62-NOTE": "whether the §59→§68→§61 chain HOLDS vs ECHO-CHAMBER-COLLAPSES at REAL trained-saturated scale, and whether the verdict generalises to other ckpts / scales / vacuum_psi pairs, is an SGD/measurement OUTCOME — EMPIRICAL, B-D-NOTE / B-S45-NOTE / B-S59-NOTE / B-S61-NOTE / B-DUAL-NOTE family, NOT counted blue. The battery proves the loop's transfer law + label + non-degeneracy predicate + single-anima reduction + the REAL-trained-forward structural fact are closed-form sound; it does NOT prove a trained cell will not echo, NOR a capability/emergence claim.",
  "g3": "measured-only mechanism battery; capability = 0; §62 = the §61-warranted, evidence-justified cost-bearing scale-fire that runs the §59→§68→§61 chain on a REAL trained-model forward Law-71 W-physics instead of the §59-FIRE recorded trace SHAPE. step-4 of the §59-FIRE→§68→§61→§62 necessary-not-sufficient chain. north-star + §15/§51 milestone UNCHANGED — NOT GOAL emergence.",
  "f_safe": "f1/f2/f3 + B-IDENTITY-5 safe — exact ordered-pair inequality / logistic range / Boolean / sympy symbolic equality (HELPER only, verdict = Boolean battery) / AST structural predicate / 256-bit hash; Ψ=½ + sopfr(6)=5 channel basis = TENSION-LINK README OWN spec (g2 internal-arch carve-out), NOT external lattice-fit; corpus forbidden-token grep 0 committed."
}

[§62] B-S62 6/6 blue  (all_blue=True)  central 0-diff=True
