============================================================
V14 mirror — TRAINED init from v2 cells64 d=384 ckpt
============================================================
  v2 blocks loaded: 6  random cells: [6, 7]
  shared modules: ['tok_emb', 'pos_emb', 'final_ln']
  cell[0] copy diag: {'idx': 0, 'attn_qkv_w': 1, 'attn_out_w': 1, 'ffn_a': 4, 'ffn_g': 4, 'ln1': 2, 'ln2': 2, 'skipped_bias': 2}
  [TRAINED] turn     0 n_cells=8 phi=0.557 phi/c=0.070  (0.0s)
  [TRAINED] turn    50 n_cells=42 phi=170.366 phi/c=4.483  (8.8s)
  [TRAINED] turn   100 n_cells=64 phi=449.878 phi/c=7.029  (41.9s)
  [TRAINED] turn   150 n_cells=64 phi=677.994 phi/c=10.594  (85.1s)
============================================================
V14 mirror — RANDOM init × 5 seeds
============================================================

--- seed 7 ---
  [RANDOM_s7] turn     0 n_cells=8 phi=0.569 phi/c=0.071  (0.1s)
  [RANDOM_s7] turn    50 n_cells=63 phi=446.919 phi/c=7.841  (16.5s)
  [RANDOM_s7] turn   100 n_cells=64 phi=582.024 phi/c=9.094  (58.5s)
  [RANDOM_s7] turn   150 n_cells=64 phi=577.312 phi/c=9.020  (105.3s)

--- seed 17 ---
  [RANDOM_s17] turn     0 n_cells=8 phi=0.559 phi/c=0.070  (0.0s)
  [RANDOM_s17] turn    50 n_cells=64 phi=629.101 phi/c=9.986  (16.3s)
  [RANDOM_s17] turn   100 n_cells=64 phi=668.671 phi/c=10.448  (49.4s)
  [RANDOM_s17] turn   150 n_cells=64 phi=566.943 phi/c=8.858  (87.4s)

--- seed 23 ---
  [RANDOM_s23] turn     0 n_cells=8 phi=0.566 phi/c=0.071  (0.1s)
  [RANDOM_s23] turn    50 n_cells=64 phi=566.603 phi/c=8.853  (19.9s)
  [RANDOM_s23] turn   100 n_cells=64 phi=583.861 phi/c=9.123  (58.0s)
  [RANDOM_s23] turn   150 n_cells=64 phi=626.847 phi/c=9.794  (88.0s)

--- seed 41 ---
  [RANDOM_s41] turn     0 n_cells=8 phi=0.551 phi/c=0.069  (0.1s)
  [RANDOM_s41] turn    50 n_cells=64 phi=664.182 phi/c=10.378  (15.0s)
  [RANDOM_s41] turn   100 n_cells=64 phi=613.691 phi/c=9.589  (48.7s)
  [RANDOM_s41] turn   150 n_cells=64 phi=363.083 phi/c=5.673  (88.4s)

--- seed 71 ---
  [RANDOM_s71] turn     0 n_cells=8 phi=0.566 phi/c=0.071  (0.1s)
  [RANDOM_s71] turn    50 n_cells=64 phi=647.723 phi/c=10.121  (23.5s)
  [RANDOM_s71] turn   100 n_cells=64 phi=703.960 phi/c=10.999  (66.0s)
  [RANDOM_s71] turn   150 n_cells=64 phi=645.355 phi/c=10.084  (115.7s)

[saved] /Users/ghost/core/anima/state/anima_v5mitosis_d384_sweep_2026_05_10/result.json

=== V14 VERDICT: V14_VIOLATED ===
  trained: phi=398.4379 phi/c=6.2256  n=64  splits=56  α=0.9410443845663506
  random_s7: phi=697.4697 phi/c=10.8980  n=64  splits=56  α=0.9126057040159433
  random_s17: phi=669.9931 phi/c=10.4686  n=64  splits=56  α=0.9621590283925684
  random_s23: phi=513.8418 phi/c=8.0288  n=64  splits=56  α=0.9804626527575493
  random_s41: phi=694.2094 phi/c=10.8470  n=64  splits=56  α=0.9017171717809463
  random_s71: phi=428.2922 phi/c=6.6921  n=64  splits=56  α=0.9691438737577196
  separations: phi=-202.3233  phi/c=-3.1613  α=-0.004173301574594723
  cap_bound=True (max_cells=64)
