Info: constrained 'clk' to bel 'X4/Y33/io1'
Info: constrained 'rst_n' to bel 'X22/Y33/io1'
Info: constrained 'start' to bel 'X22/Y33/io0'
Info: constrained 'step_count[0]' to bel 'X27/Y33/io0'
Info: constrained 'step_count[1]' to bel 'X27/Y33/io1'
Info: constrained 'step_count[2]' to bel 'X5/Y33/io1'
Info: constrained 'step_count[3]' to bel 'X8/Y33/io0'
Info: constrained 'step_count[4]' to bel 'X9/Y33/io0'
Info: constrained 'step_count[5]' to bel 'X12/Y33/io0'
Info: constrained 'step_count[6]' to bel 'X18/Y33/io1'
Info: constrained 'step_count[7]' to bel 'X0/Y30/io0'
Info: constrained 'step_count[8]' to bel 'X24/Y33/io0'
Info: constrained 'step_count[9]' to bel 'X23/Y33/io1'
Info: constrained 'step_count[10]' to bel 'X24/Y33/io1'
Info: constrained 'step_count[11]' to bel 'X26/Y33/io1'
Info: constrained 'step_count[12]' to bel 'X30/Y33/io0'
Info: constrained 'step_count[13]' to bel 'X31/Y33/io0'
Info: constrained 'step_count[14]' to bel 'X33/Y30/io0'
Info: constrained 'step_count[15]' to bel 'X0/Y31/io0'
Info: constrained 'state_dump[0]' to bel 'X3/Y33/io0'
Info: constrained 'state_dump[1]' to bel 'X6/Y33/io1'
Info: constrained 'state_dump[2]' to bel 'X7/Y33/io1'
Info: constrained 'state_dump[3]' to bel 'X10/Y33/io1'
Info: constrained 'state_dump[4]' to bel 'X11/Y33/io0'
Info: constrained 'state_dump[5]' to bel 'X13/Y33/io0'
Info: constrained 'state_dump[6]' to bel 'X16/Y33/io0'
Info: constrained 'state_dump[7]' to bel 'X0/Y28/io1'
Info: constrained 'state_dump[8]' to bel 'X23/Y33/io0'
Info: constrained 'state_dump[9]' to bel 'X25/Y33/io1'
Info: constrained 'state_dump[10]' to bel 'X29/Y33/io1'
Info: constrained 'state_dump[11]' to bel 'X28/Y33/io1'
Info: constrained 'state_dump[12]' to bel 'X31/Y33/io1'
Info: constrained 'state_dump[13]' to bel 'X33/Y28/io0'
Info: constrained 'state_dump[14]' to bel 'X0/Y28/io0'
Info: constrained 'state_dump[15]' to bel 'X1/Y33/io0'
Info: constrained 'state_dump[16]' to bel 'X3/Y33/io1'
Info: constrained 'state_dump[17]' to bel 'X4/Y33/io0'
Info: constrained 'state_dump[18]' to bel 'X10/Y33/io0'
Info: constrained 'state_dump[19]' to bel 'X11/Y33/io1'
Info: constrained 'state_dump[20]' to bel 'X17/Y33/io0'
Info: constrained 'state_dump[21]' to bel 'X20/Y33/io0'
Info: constrained 'state_dump[22]' to bel 'X0/Y25/io0'
Info: constrained 'state_dump[23]' to bel 'X20/Y33/io1'

Info: Packing constants..
Info: Packing IOs..
Info: Packing LUT-FFs..
Info:       17 LCs used as LUT4 only
Info:       40 LCs used as LUT4 and DFF
Info: Packing non-LUT FFs..
Info:        0 LCs used as DFF only
Info: Packing carries..
Info:        1 LCs used as CARRY only
Info: Packing indirect carry+LUT pairs...
Info:        0 LUTs merged into carry LCs
Info: Packing RAMs..
Info: Placing PLLs..
Info: Packing special functions..
Info: Packing PLLs..
Info: Promoting globals..
Info: promoting clk$SB_IO_IN (fanout 40)
Info: promoting rst_n_SB_LUT4_I3_O [reset] (fanout 40)
Info: promoting start$SB_IO_IN [cen] (fanout 40)
Info: Constraining chains...
Info:        1 LCs used to legalise carry chains.
Info: Checksum: 0x68f61dc4

Info: Device utilisation:
Info: 	         ICESTORM_LC:      61/   7680     0%
Info: 	        ICESTORM_RAM:       0/     32     0%
Info: 	               SB_IO:      43/    256    16%
Info: 	               SB_GB:       3/      8    37%
Info: 	        ICESTORM_PLL:       0/      2     0%
Info: 	         SB_WARMBOOT:       0/      1     0%

Info: Placed 43 cells based on constraints.
Info: Creating initial analytic placement for 39 cells, random placement wirelen = 2232.
Info:     at initial placer iter 0, wirelen = 473
Info:     at initial placer iter 1, wirelen = 451
Info:     at initial placer iter 2, wirelen = 447
Info:     at initial placer iter 3, wirelen = 448
Info: Running main analytical placer, max placement attempts per cell = 10000.
Info:     at iteration #1, type ICESTORM_LC: wirelen solved = 447, spread = 504, legal = 511; time = 0.00s
Info:     at iteration #1, type SB_GB: wirelen solved = 511, spread = 526, legal = 543; time = 0.00s
Info:     at iteration #1, type ALL: wirelen solved = 443, spread = 478, legal = 518; time = 0.00s
Info: HeAP Placer Time: 0.02s
Info:   of which solving equations: 0.00s
Info:   of which spreading cells: 0.00s
Info:   of which strict legalisation: 0.00s

Info: Running simulated annealing placer for refinement.
Info:   at iteration #1: temp = 0.000000, timing cost = 6, wirelen = 518
Info:   at iteration #3: temp = 0.000000, timing cost = 6, wirelen = 500 
Info: SA placement time 0.00s

Info: Max frequency for clock 'clk$SB_IO_IN_$glb_clk': 267.67 MHz (PASS at 12.00 MHz)

Info: Max delay <async>                       -> posedge clk$SB_IO_IN_$glb_clk: 5.21 ns
Info: Max delay posedge clk$SB_IO_IN_$glb_clk -> <async>                      : 2.83 ns

Info: Slack histogram:
Info:  legend: * represents 1 endpoint(s)
Info:          + represents [1,1) endpoint(s)
Info: [ 79597,  79711) |* 
Info: [ 79711,  79825) |* 
Info: [ 79825,  79939) |* 
Info: [ 79939,  80053) |** 
Info: [ 80053,  80167) |** 
Info: [ 80167,  80281) |** 
Info: [ 80281,  80395) |** 
Info: [ 80395,  80509) |** 
Info: [ 80509,  80623) |***** 
Info: [ 80623,  80737) |******************* 
Info: [ 80737,  80851) |*************** 
Info: [ 80851,  80965) |***** 
Info: [ 80965,  81079) |** 
Info: [ 81079,  81193) |** 
Info: [ 81193,  81307) |** 
Info: [ 81307,  81421) |** 
Info: [ 81421,  81535) |* 
Info: [ 81535,  81649) |* 
Info: [ 81649,  81763) | 
Info: [ 81763,  81877) |**** 
Info: Checksum: 0xd3456760

Info: Routing..
Info: Setting up routing queue.
Info: Routing 219 arcs.
Info:            |   (re-)routed arcs  |   delta    | remaining|       time spent     |
Info:    IterCnt |  w/ripup   wo/ripup |  w/r  wo/r |      arcs| batch(sec) total(sec)|
Info:        233 |       14        206 |   14   206 |         0|       0.22       0.22|
Info: Routing complete.
Info: Router1 time 0.22s
Info: Checksum: 0x4a7e255b

Info: Critical path report for clock 'clk$SB_IO_IN_$glb_clk' (posedge -> posedge):
Info:       type curr  total name
Info:   clk-to-q  0.54  0.54 Source step_count_SB_LUT4_I3_LC.O
Info:    routing  0.59  1.13 Net step_count[0]$SB_IO_OUT (19,31) -> (18,31)
Info:                          Sink $nextpnr_ICESTORM_LC_0.I1
Info:                          Defined in:
Info:                               src/strange_loop_top.v:17.24-17.34
Info:      logic  0.26  1.39 Source $nextpnr_ICESTORM_LC_0.COUT
Info:    routing  0.00  1.39 Net $nextpnr_ICESTORM_LC_0$O (18,31) -> (18,31)
Info:                          Sink step_count_SB_CARRY_CI$CARRY.CIN
Info:      logic  0.13  1.51 Source step_count_SB_CARRY_CI$CARRY.COUT
Info:    routing  0.00  1.51 Net step_count_SB_CARRY_CI_CO (18,31) -> (18,31)
Info:                          Sink step_count_SB_LUT4_I2_7_LC.CIN
Info:                          Defined in:
Info:                               src/strange_loop_top.v:52.27-52.45
Info:                               /opt/homebrew/bin/../share/yosys/ice40/arith_map.v:62.5-70.4
Info:                               /opt/homebrew/bin/../share/yosys/ice40/abc9_model.v:4.9-4.11
Info:      logic  0.13  1.64 Source step_count_SB_LUT4_I2_7_LC.COUT
Info:    routing  0.00  1.64 Net step_count_SB_CARRY_I1_12_CO (18,31) -> (18,31)
Info:                          Sink step_count_SB_LUT4_I2_2_LC.CIN
Info:                          Defined in:
Info:                               src/strange_loop_top.v:52.27-52.45
Info:                               /opt/homebrew/bin/../share/yosys/ice40/arith_map.v:62.5-70.4
Info:                               /opt/homebrew/bin/../share/yosys/ice40/abc9_model.v:4.9-4.11
Info:      logic  0.13  1.76 Source step_count_SB_LUT4_I2_2_LC.COUT
Info:    routing  0.00  1.76 Net step_count_SB_CARRY_I1_2_CO (18,31) -> (18,31)
Info:                          Sink step_count_SB_LUT4_I2_4_LC.CIN
Info:                          Defined in:
Info:                               src/strange_loop_top.v:52.27-52.45
Info:                               /opt/homebrew/bin/../share/yosys/ice40/arith_map.v:62.5-70.4
Info:                               /opt/homebrew/bin/../share/yosys/ice40/abc9_model.v:4.9-4.11
Info:      logic  0.13  1.89 Source step_count_SB_LUT4_I2_4_LC.COUT
Info:    routing  0.00  1.89 Net step_count_SB_CARRY_I1_5_CO (18,31) -> (18,31)
Info:                          Sink step_count_SB_LUT4_I2_5_LC.CIN
Info:                          Defined in:
Info:                               src/strange_loop_top.v:52.27-52.45
Info:                               /opt/homebrew/bin/../share/yosys/ice40/arith_map.v:62.5-70.4
Info:                               /opt/homebrew/bin/../share/yosys/ice40/abc9_model.v:4.9-4.11
Info:      logic  0.13  2.02 Source step_count_SB_LUT4_I2_5_LC.COUT
Info:    routing  0.00  2.02 Net step_count_SB_CARRY_I1_4_CO (18,31) -> (18,31)
Info:                          Sink step_count_SB_LUT4_I2_10_LC.CIN
Info:                          Defined in:
Info:                               src/strange_loop_top.v:52.27-52.45
Info:                               /opt/homebrew/bin/../share/yosys/ice40/arith_map.v:62.5-70.4
Info:                               /opt/homebrew/bin/../share/yosys/ice40/abc9_model.v:4.9-4.11
Info:      logic  0.13  2.14 Source step_count_SB_LUT4_I2_10_LC.COUT
Info:    routing  0.00  2.14 Net step_count_SB_CARRY_I1_9_CO (18,31) -> (18,31)
Info:                          Sink step_count_SB_LUT4_I2_1_LC.CIN
Info:                          Defined in:
Info:                               src/strange_loop_top.v:52.27-52.45
Info:                               /opt/homebrew/bin/../share/yosys/ice40/arith_map.v:62.5-70.4
Info:                               /opt/homebrew/bin/../share/yosys/ice40/abc9_model.v:4.9-4.11
Info:      logic  0.13  2.27 Source step_count_SB_LUT4_I2_1_LC.COUT
Info:    routing  0.20  2.46 Net step_count_SB_CARRY_I1_1_CO (18,31) -> (18,32)
Info:                          Sink step_count_SB_LUT4_I2_LC.CIN
Info:                          Defined in:
Info:                               src/strange_loop_top.v:52.27-52.45
Info:                               /opt/homebrew/bin/../share/yosys/ice40/arith_map.v:62.5-70.4
Info:                               /opt/homebrew/bin/../share/yosys/ice40/abc9_model.v:4.9-4.11
Info:      logic  0.13  2.59 Source step_count_SB_LUT4_I2_LC.COUT
Info:    routing  0.00  2.59 Net step_count_SB_CARRY_I1_CO (18,32) -> (18,32)
Info:                          Sink step_count_SB_LUT4_I2_9_LC.CIN
Info:                          Defined in:
Info:                               src/strange_loop_top.v:52.27-52.45
Info:                               /opt/homebrew/bin/../share/yosys/ice40/arith_map.v:62.5-70.4
Info:                               /opt/homebrew/bin/../share/yosys/ice40/abc9_model.v:4.9-4.11
Info:      logic  0.13  2.72 Source step_count_SB_LUT4_I2_9_LC.COUT
Info:    routing  0.00  2.72 Net step_count_SB_CARRY_I1_10_CO (18,32) -> (18,32)
Info:                          Sink step_count_SB_LUT4_I2_11_LC.CIN
Info:                          Defined in:
Info:                               src/strange_loop_top.v:52.27-52.45
Info:                               /opt/homebrew/bin/../share/yosys/ice40/arith_map.v:62.5-70.4
Info:                               /opt/homebrew/bin/../share/yosys/ice40/abc9_model.v:4.9-4.11
Info:      logic  0.13  2.84 Source step_count_SB_LUT4_I2_11_LC.COUT
Info:    routing  0.00  2.84 Net step_count_SB_CARRY_I1_8_CO (18,32) -> (18,32)
Info:                          Sink step_count_SB_LUT4_I2_13_LC.CIN
Info:                          Defined in:
Info:                               src/strange_loop_top.v:52.27-52.45
Info:                               /opt/homebrew/bin/../share/yosys/ice40/arith_map.v:62.5-70.4
Info:                               /opt/homebrew/bin/../share/yosys/ice40/abc9_model.v:4.9-4.11
Info:      logic  0.13  2.97 Source step_count_SB_LUT4_I2_13_LC.COUT
Info:    routing  0.00  2.97 Net step_count_SB_CARRY_I1_6_CO (18,32) -> (18,32)
Info:                          Sink step_count_SB_LUT4_I2_12_LC.CIN
Info:                          Defined in:
Info:                               src/strange_loop_top.v:52.27-52.45
Info:                               /opt/homebrew/bin/../share/yosys/ice40/arith_map.v:62.5-70.4
Info:                               /opt/homebrew/bin/../share/yosys/ice40/abc9_model.v:4.9-4.11
Info:      logic  0.13  3.10 Source step_count_SB_LUT4_I2_12_LC.COUT
Info:    routing  0.00  3.10 Net step_count_SB_CARRY_I1_7_CO (18,32) -> (18,32)
Info:                          Sink step_count_SB_LUT4_I2_3_LC.CIN
Info:                          Defined in:
Info:                               src/strange_loop_top.v:52.27-52.45
Info:                               /opt/homebrew/bin/../share/yosys/ice40/arith_map.v:62.5-70.4
Info:                               /opt/homebrew/bin/../share/yosys/ice40/abc9_model.v:4.9-4.11
Info:      logic  0.13  3.22 Source step_count_SB_LUT4_I2_3_LC.COUT
Info:    routing  0.00  3.22 Net step_count_SB_CARRY_I1_3_CO (18,32) -> (18,32)
Info:                          Sink step_count_SB_LUT4_I2_8_LC.CIN
Info:                          Defined in:
Info:                               src/strange_loop_top.v:52.27-52.45
Info:                               /opt/homebrew/bin/../share/yosys/ice40/arith_map.v:62.5-70.4
Info:                               /opt/homebrew/bin/../share/yosys/ice40/abc9_model.v:4.9-4.11
Info:      logic  0.13  3.35 Source step_count_SB_LUT4_I2_8_LC.COUT
Info:    routing  0.26  3.61 Net step_count_SB_CARRY_I1_11_CO (18,32) -> (18,32)
Info:                          Sink step_count_SB_LUT4_I2_6_LC.I3
Info:                          Defined in:
Info:                               src/strange_loop_top.v:52.27-52.45
Info:                               /opt/homebrew/bin/../share/yosys/ice40/arith_map.v:62.5-70.4
Info:                               /opt/homebrew/bin/../share/yosys/ice40/abc9_model.v:4.9-4.11
Info:      setup  0.34  3.94 Source step_count_SB_LUT4_I2_6_LC.I3
Info: 2.90 ns logic, 1.04 ns routing

Info: Critical path report for cross-domain path '<async>' -> 'posedge clk$SB_IO_IN_$glb_clk':
Info:       type curr  total name
Info:     source  0.00  0.00 Source rst_n$sb_io.D_IN_0
Info:    routing  1.28  1.28 Net rst_n$SB_IO_IN (22,33) -> (19,32)
Info:                          Sink rst_n_SB_LUT4_I3_LC.I3
Info:                          Defined in:
Info:                               src/strange_loop_top.v:15.24-15.29
Info:      logic  0.31  1.60 Source rst_n_SB_LUT4_I3_LC.O
Info:    routing  1.39  2.98 Net rst_n_SB_LUT4_I3_O (19,32) -> (16,33)
Info:                          Sink $gbuf_rst_n_SB_LUT4_I3_O_$glb_sr.USER_SIGNAL_TO_GLOBAL_BUFFER
Info:      logic  0.62  3.60 Source $gbuf_rst_n_SB_LUT4_I3_O_$glb_sr.GLOBAL_BUFFER_OUTPUT
Info:    routing  0.46  4.06 Net rst_n_SB_LUT4_I3_O_$glb_sr (16,33) -> (13,30)
Info:                          Sink na0_SB_LUT4_O_LC.SR
Info:      setup  0.10  4.16 Source na0_SB_LUT4_O_LC.SR
Info: 1.03 ns logic, 3.13 ns routing

Info: Critical path report for cross-domain path 'posedge clk$SB_IO_IN_$glb_clk' -> '<async>':
Info:       type curr  total name
Info:   clk-to-q  0.54  0.54 Source na3_SB_LUT4_O_2_LC.O
Info:    routing  2.85  3.39 Net a3[1] (11,31) -> (33,28)
Info:                          Sink state_dump[13]$sb_io.D_OUT_0
Info:                          Defined in:
Info:                               src/mix4.v:13.23-13.24
Info: 0.54 ns logic, 2.85 ns routing

Info: Max frequency for clock 'clk$SB_IO_IN_$glb_clk': 253.74 MHz (PASS at 12.00 MHz)

Info: Max delay <async>                       -> posedge clk$SB_IO_IN_$glb_clk: 4.16 ns
Info: Max delay posedge clk$SB_IO_IN_$glb_clk -> <async>                      : 3.39 ns

Info: Slack histogram:
Info:  legend: * represents 1 endpoint(s)
Info:          + represents [1,1) endpoint(s)
Info: [ 79392,  79516) |* 
Info: [ 79516,  79640) |* 
Info: [ 79640,  79764) |** 
Info: [ 79764,  79888) |** 
Info: [ 79888,  80012) |** 
Info: [ 80012,  80136) |** 
Info: [ 80136,  80260) |** 
Info: [ 80260,  80384) |** 
Info: [ 80384,  80508) |************************ 
Info: [ 80508,  80632) |** 
Info: [ 80632,  80756) |** 
Info: [ 80756,  80880) |****************** 
Info: [ 80880,  81004) |** 
Info: [ 81004,  81128) |* 
Info: [ 81128,  81252) |** 
Info: [ 81252,  81376) |* 
Info: [ 81376,  81500) |* 
Info: [ 81500,  81624) | 
Info: [ 81624,  81748) | 
Info: [ 81748,  81872) |**** 

Info: Program finished normally.
