----- shard rule=8 (I-dieout) -----
RULE=8 CLASS=I-dieout
PHI_W=0.0278291 0.0778953 0.110346 0.144771 0.206952 0.220166 
PMIN=0.0278291 PMAX=0.220166 PMEAN=0.131327
SPAN_RATIO=7.88301
ABS_DELTA=0.192337
NORM_CONV=1.46457
LOG_SPAN=2.06471
(exit )
----- shard rule=136 (I-dieout) -----
RULE=136 CLASS=I-dieout
PHI_W=0.0 0.0 0.0 0.0 0.0 0.553383 
PMIN=0.0 PMAX=0.553383 PMEAN=0.0922306
SPAN_RATIO=5533.83
ABS_DELTA=0.553383
NORM_CONV=6.0
LOG_SPAN=8.61864
(exit )
----- shard rule=184 (II-additive) -----
RULE=184 CLASS=II-additive
PHI_W=4.49492 19.8846 32.7523 45.5429 54.4631 51.5361 
PMIN=4.49492 PMAX=54.4631 PMEAN=34.779
SPAN_RATIO=12.1163
ABS_DELTA=49.9682
NORM_CONV=1.43674
LOG_SPAN=2.49455
(exit )
----- shard rule=226 (II-additive) -----
RULE=226 CLASS=II-additive
PHI_W=4.42601 19.859 32.5702 45.6283 53.2586 51.5361 
PMIN=4.42601 PMAX=53.2586 PMEAN=34.5464
SPAN_RATIO=12.0328
ABS_DELTA=48.8326
NORM_CONV=1.41354
LOG_SPAN=2.48764
(exit )
----- shard rule=90 (III-XOR/additive) -----
(exit )
----- shard rule=30 (III-chaotic) -----
RULE=30 CLASS=III-chaotic
PHI_W=0.315809 1.18852 2.07721 3.4687 8.13002 9.72067 
PMIN=0.315809 PMAX=9.72067 PMEAN=4.15016
SPAN_RATIO=30.7705
ABS_DELTA=9.40487
NORM_CONV=2.26615
LOG_SPAN=3.42656
(exit )
----- shard rule=90 (III-XOR-fractal) -----
RULE=90 CLASS=III-XOR-fractal
PHI_W=0.246475 0.943149 1.65498 2.75808 6.32388 7.5 
PMIN=0.246475 PMAX=7.5 PMEAN=3.23776
SPAN_RATIO=30.4167
ABS_DELTA=7.25353
NORM_CONV=2.24029
LOG_SPAN=3.41499
(exit )
----- shard rule=45 (III-chaotic) -----
RULE=45 CLASS=III-chaotic
PHI_W=2.63487 8.27371 12.2652 13.2937 3.14416 4.16786 
PMIN=2.63487 PMAX=13.2937 PMEAN=7.29658
SPAN_RATIO=5.0451
ABS_DELTA=10.6588
NORM_CONV=1.4608
LOG_SPAN=1.61842
(exit )
----- shard rule=110 (IV-complex) -----
RULE=110 CLASS=IV-complex
PHI_W=1.17498 4.50052 7.62552 13.6383 34.8823 41.7124 
PMIN=1.17498 PMAX=41.7124 PMEAN=17.2557
SPAN_RATIO=35.4975
ABS_DELTA=40.5374
NORM_CONV=2.34922
LOG_SPAN=3.56946
(exit )
----- shard rule=54 (IV-complex) -----
RULE=54 CLASS=IV-complex
PHI_W=0.175125 0.675972 1.18881 2.01568 5.45395 6.97263 
PMIN=0.175125 PMAX=6.97263 PMEAN=2.74703
SPAN_RATIO=39.7923
ABS_DELTA=6.7975
NORM_CONV=2.4745
LOG_SPAN=3.68367
(exit )
