[gen] corpus_big count=250 concepts=50 langs=5 shift=37 units=256
[gen] teacher-forced train transitions=245
[gen] generation probes (neutral-bound, NO successor in input)=245
[gen] akida 2.19.1 device BC.00.000.002 ip IpVersion.v1 N=8 trials units=256
[gen] trial 0: gen_acc=0.4122 identity_acc=0.3347 learn=True (q=245)
[gen] trial 1: gen_acc=0.4245 identity_acc=0.3469 learn=True (q=245)
[gen] trial 2: gen_acc=0.3878 identity_acc=0.2980 learn=True (q=245)
[gen] trial 3: gen_acc=0.4163 identity_acc=0.3429 learn=True (q=245)
[gen] trial 4: gen_acc=0.4367 identity_acc=0.3551 learn=True (q=245)
[gen] trial 5: gen_acc=0.4367 identity_acc=0.3673 learn=True (q=245)
[gen] trial 6: gen_acc=0.5061 identity_acc=0.4367 learn=True (q=245)
[gen] trial 7: gen_acc=0.4490 identity_acc=0.3755 learn=True (q=245)
[gen] computing shuffle-NULL (B=200) ...

[gen] ========== DISPOSITION ==========
[gen] learn_all_hw       : True
[gen] gen_acc (open-vocab): mean=0.4337 ci_lo=0.4096 (chance=0.0204)
[gen] identity-NULL acc  : mean=0.3571 hi=0.3847
[gen] shuffle-NULL       : mean=0.0183 sd=0.0120 hi=0.0418 p=0.0050
[gen] F-GEN-1 above-shuf : REFUTED: open-vocab on-chip GENERATION beats shuffle-NULL (gen ci_lo>NULL hi AND p<0.05) -> produced successor carries t->t+1 structure
[gen] F-GEN-2 not-echo   : REFUTED: generated successor beats the IDENTITY-NULL (untrained-FC echo) -> the chip PRODUCES a successor, it is not echoing code_t
[gen] DISPOSITION        : ON-CHIP OPEN-VOCAB GENERATION DEMONSTRATED (gen > shuffle-NULL AND > identity-NULL) -> retrieval->generation bridge CROSSED on silicon; Lane A PUBLIC full-LM (generation) flips toward earned-green
[gen] wrote /home/ubuntu/clm_kosmos_akida/out/result_onchip_xlm_generation.json
