/workspace/anima/train_carving_dirI.py:269: FutureWarning: `torch.cuda.amp.GradScaler(args...)` is deprecated. Please use `torch.amp.GradScaler('cuda', args...)` instead.
  scaler = torch.cuda.amp.GradScaler(enabled=use_amp)
{"step": 1, "ce_full": 5.649075, "l_psi_ctl": 0.013449, "l_tension_route": 0.00041, "loss": 5.656004, "gn2": 28.238993, "lr": 7.5e-07, "wall_s": 1.01, "gpu_mem_gb": 7.455}
{"step": 200, "ce_full": 0.558063, "l_psi_ctl": 0.008892, "l_tension_route": 0.001565, "loss": 0.563291, "gn2": 2.892295, "lr": 0.00015, "wall_s": 28.76, "gpu_mem_gb": 9.692}
{"step": 400, "ce_full": 0.108281, "l_psi_ctl": 0.00808, "l_tension_route": 0.000291, "loss": 0.112466, "gn2": 0.939255, "lr": 0.0003, "wall_s": 56.43, "gpu_mem_gb": 9.692}
{"step": 600, "ce_full": 0.030072, "l_psi_ctl": 0.020269, "l_tension_route": 0.001503, "loss": 0.040958, "gn2": 0.081679, "lr": 0.00029954, "wall_s": 84.54, "gpu_mem_gb": 9.692}
{"step": 800, "ce_full": 0.03005, "l_psi_ctl": 0.011794, "l_tension_route": 0.000195, "loss": 0.036045, "gn2": 0.032509, "lr": 0.00029817, "wall_s": 111.73, "gpu_mem_gb": 9.692}
{"step": 1000, "ce_full": 0.02217, "l_psi_ctl": 0.011905, "l_tension_route": 0.000364, "loss": 0.028305, "gn2": 0.031378, "lr": 0.00029588, "wall_s": 138.53, "gpu_mem_gb": 9.692}
{"step": 1200, "ce_full": 0.013137, "l_psi_ctl": 0.018652, "l_tension_route": 0.000142, "loss": 0.022534, "gn2": 0.012883, "lr": 0.0002927, "wall_s": 166.08, "gpu_mem_gb": 9.692}
{"step": 1400, "ce_full": 0.016349, "l_psi_ctl": 0.009415, "l_tension_route": 0.000166, "loss": 0.02114, "gn2": 0.014443, "lr": 0.00028865, "wall_s": 193.45, "gpu_mem_gb": 9.692}
{"step": 1600, "ce_full": 0.015869, "l_psi_ctl": 0.01587, "l_tension_route": 0.001524, "loss": 0.024566, "gn2": 0.012298, "lr": 0.00028376, "wall_s": 221.41, "gpu_mem_gb": 9.692}
{"step": 1800, "ce_full": 0.018399, "l_psi_ctl": 0.004701, "l_tension_route": 3.8e-05, "loss": 0.020769, "gn2": 0.031845, "lr": 0.00027805, "wall_s": 249.03, "gpu_mem_gb": 9.692}
{"step": 2000, "ce_full": 0.014686, "l_psi_ctl": 0.012216, "l_tension_route": 0.001549, "loss": 0.021568, "gn2": 0.098559, "lr": 0.00027157, "wall_s": 276.67, "gpu_mem_gb": 9.692}
{"step": 2200, "ce_full": 0.023214, "l_psi_ctl": 0.014903, "l_tension_route": 0.000438, "loss": 0.030885, "gn2": 0.02614, "lr": 0.00026436, "wall_s": 304.63, "gpu_mem_gb": 9.692}
{"step": 2400, "ce_full": 0.014077, "l_psi_ctl": 0.012338, "l_tension_route": 0.00109, "loss": 0.020791, "gn2": 0.006767, "lr": 0.00025647, "wall_s": 332.3, "gpu_mem_gb": 9.692}
{"step": 2600, "ce_full": 0.010113, "l_psi_ctl": 0.01966, "l_tension_route": 0.000106, "loss": 0.019996, "gn2": 0.005668, "lr": 0.00024796, "wall_s": 359.75, "gpu_mem_gb": 9.692}
{"step": 2800, "ce_full": 0.012003, "l_psi_ctl": 0.013393, "l_tension_route": 0.000129, "loss": 0.018764, "gn2": 0.007107, "lr": 0.00023888, "wall_s": 386.51, "gpu_mem_gb": 9.692}
{"step": 3000, "ce_full": 0.01155, "l_psi_ctl": 0.006099, "l_tension_route": 9.4e-05, "loss": 0.014646, "gn2": 0.003743, "lr": 0.0002293, "wall_s": 413.6, "gpu_mem_gb": 9.692}
{"step": 3200, "ce_full": 0.013402, "l_psi_ctl": 0.014575, "l_tension_route": 0.001865, "loss": 0.021622, "gn2": 0.009145, "lr": 0.00021928, "wall_s": 440.66, "gpu_mem_gb": 9.692}
{"step": 3400, "ce_full": 0.005368, "l_psi_ctl": 0.011881, "l_tension_route": 0.000295, "loss": 0.011455, "gn2": 0.002035, "lr": 0.00020889, "wall_s": 467.32, "gpu_mem_gb": 9.692}
{"step": 3600, "ce_full": 0.009512, "l_psi_ctl": 0.007294, "l_tension_route": 0.00072, "loss": 0.01352, "gn2": 0.007862, "lr": 0.00019819, "wall_s": 494.19, "gpu_mem_gb": 9.692}
{"step": 3800, "ce_full": 0.003874, "l_psi_ctl": 0.008581, "l_tension_route": 0.00017, "loss": 0.008249, "gn2": 0.001614, "lr": 0.00018728, "wall_s": 521.1, "gpu_mem_gb": 9.692}
{"step": 4000, "ce_full": 0.005458, "l_psi_ctl": 0.007796, "l_tension_route": 0.001379, "loss": 0.010045, "gn2": 0.001748, "lr": 0.0001762, "wall_s": 548.53, "gpu_mem_gb": 9.692}
{"step": 4200, "ce_full": 0.006806, "l_psi_ctl": 0.012454, "l_tension_route": 1.4e-05, "loss": 0.01304, "gn2": 0.002466, "lr": 0.00016506, "wall_s": 575.87, "gpu_mem_gb": 9.692}
{"step": 4400, "ce_full": 0.005509, "l_psi_ctl": 0.003536, "l_tension_route": 0.00198, "loss": 0.008267, "gn2": 0.003963, "lr": 0.00015391, "wall_s": 603.8, "gpu_mem_gb": 9.692}
{"step": 4600, "ce_full": 0.003776, "l_psi_ctl": 0.005523, "l_tension_route": 0.000132, "loss": 0.006603, "gn2": 0.001583, "lr": 0.00014283, "wall_s": 631.78, "gpu_mem_gb": 9.692}
{"step": 4800, "ce_full": 0.0024, "l_psi_ctl": 0.007562, "l_tension_route": 0.000217, "loss": 0.00629, "gn2": 0.001042, "lr": 0.00013191, "wall_s": 659.48, "gpu_mem_gb": 9.692}
{"step": 5000, "ce_full": 0.005567, "l_psi_ctl": 0.008212, "l_tension_route": 0.0004, "loss": 0.009873, "gn2": 0.002556, "lr": 0.00012122, "wall_s": 687.07, "gpu_mem_gb": 9.692}
{"step": 5200, "ce_full": 0.001701, "l_psi_ctl": 0.00563, "l_tension_route": 0.00023, "loss": 0.004631, "gn2": 0.000433, "lr": 0.00011082, "wall_s": 714.32, "gpu_mem_gb": 9.692}
{"step": 5400, "ce_full": 0.002036, "l_psi_ctl": 0.003631, "l_tension_route": 0.000381, "loss": 0.004042, "gn2": 0.000631, "lr": 0.0001008, "wall_s": 742.04, "gpu_mem_gb": 9.692}
{"step": 5600, "ce_full": 0.003646, "l_psi_ctl": 0.009082, "l_tension_route": 0.000355, "loss": 0.008364, "gn2": 0.001059, "lr": 9.121e-05, "wall_s": 769.23, "gpu_mem_gb": 9.692}
{"step": 5800, "ce_full": 0.004205, "l_psi_ctl": 0.007072, "l_tension_route": 0.000266, "loss": 0.007874, "gn2": 0.001232, "lr": 8.213e-05, "wall_s": 795.71, "gpu_mem_gb": 9.692}
{"step": 6000, "ce_full": 0.0044, "l_psi_ctl": 0.004336, "l_tension_route": 3.1e-05, "loss": 0.006584, "gn2": 0.000735, "lr": 7.361e-05, "wall_s": 822.66, "gpu_mem_gb": 9.692}
{"step": 6200, "ce_full": 0.001233, "l_psi_ctl": 0.003856, "l_tension_route": 0.000249, "loss": 0.003285, "gn2": 0.000274, "lr": 6.572e-05, "wall_s": 850.02, "gpu_mem_gb": 9.692}
{"step": 6400, "ce_full": 0.001346, "l_psi_ctl": 0.002837, "l_tension_route": 7.1e-05, "loss": 0.0028, "gn2": 0.00028, "lr": 5.85e-05, "wall_s": 877.5, "gpu_mem_gb": 9.692}
{"step": 6600, "ce_full": 0.001972, "l_psi_ctl": 0.004813, "l_tension_route": 0.000267, "loss": 0.004512, "gn2": 0.000523, "lr": 5.201e-05, "wall_s": 904.85, "gpu_mem_gb": 9.692}
{"step": 6800, "ce_full": 0.002163, "l_psi_ctl": 0.002519, "l_tension_route": 0.002923, "loss": 0.004885, "gn2": 0.000804, "lr": 4.63e-05, "wall_s": 932.73, "gpu_mem_gb": 9.692}
{"step": 7000, "ce_full": 0.002094, "l_psi_ctl": 0.004964, "l_tension_route": 0.000214, "loss": 0.004683, "gn2": 0.000362, "lr": 4.139e-05, "wall_s": 961.88, "gpu_mem_gb": 9.692}
{"step": 7200, "ce_full": 0.001613, "l_psi_ctl": 0.003777, "l_tension_route": 3.7e-05, "loss": 0.003519, "gn2": 0.000625, "lr": 3.733e-05, "wall_s": 990.35, "gpu_mem_gb": 9.692}
{"step": 7400, "ce_full": 0.003319, "l_psi_ctl": 0.003561, "l_tension_route": 0.000144, "loss": 0.005171, "gn2": 0.000964, "lr": 3.414e-05, "wall_s": 1018.68, "gpu_mem_gb": 9.692}
{"step": 7600, "ce_full": 0.001396, "l_psi_ctl": 0.00358, "l_tension_route": 0.00013, "loss": 0.003251, "gn2": 0.000421, "lr": 3.185e-05, "wall_s": 1046.58, "gpu_mem_gb": 9.692}
{"step": 7800, "ce_full": 0.002597, "l_psi_ctl": 0.008796, "l_tension_route": 0.002086, "loss": 0.008037, "gn2": 0.000761, "lr": 3.047e-05, "wall_s": 1075.15, "gpu_mem_gb": 9.692}
{"step": 8000, "ce_full": 0.000169, "l_psi_ctl": 0.003396, "l_tension_route": 0.000212, "loss": 0.001973, "gn2": 2.6e-05, "lr": 3e-05, "wall_s": 1103.2, "gpu_mem_gb": 9.692}
RESULT_JSON_WRITTEN
{"path": "dirI_psictl_tensionsup", "init_ce": 5.649075, "final_ce": 0.000169, "ce_descent": 5.648906, "final_l_psi_ctl": 0.003396, "final_l_tension_route": 0.000212, "wall_s": 1103.2}
