########## nsmc_concession
SEEDS       9304:+0.00908 (0.172%) · 9305:+0.00836 (0.158%) · 9306:+0.00919 (0.173%)
            spread across seeds = 0.00083 nats (0.016% of the ruler)   — seed-stable
held-out EARNED = +0.00888 nats   95.0% CI [+0.00886, +0.00938]   delta=-0.30  (0=additive, -2=flip)
  vs the XBIND ruler: 0.168% of a PLANTED operator   [p-values are NOT the verdict — with this n a speck is significant]
VERDICT: DATA-ADDITIVE — no transferable non-additive information at all ⇒ no estimator can ever bank it
########## nsmc_parity
SEEDS       9304:+0.00318 (0.060%) · 9305:+0.00612 (0.116%) · 9306:+0.00561 (0.106%)
            spread across seeds = 0.00294 nats (0.055% of the ruler)   — a single-seed number here would be NOISE
held-out EARNED = +0.00497 nats   95.0% CI [+0.00487, +0.00507]   delta=-0.25  (0=additive, -2=flip)
  vs the XBIND ruler: 0.094% of a PLANTED operator   [p-values are NOT the verdict — with this n a speck is significant]
⚠️  SEED-UNSTABLE: the spread across seeds is comparable to the effect itself.
    retracted in H_9319. A ranking claim needs the gap to exceed the seed spread.
VERDICT: DATA-ADDITIVE — no transferable non-additive information at all ⇒ no estimator can ever bank it
########## arsarcasm_irony
SEEDS       9304:+0.00321 (0.061%) · 9305:+0.00157 (0.030%) · 9306:+0.00010 (0.002%)
            spread across seeds = 0.00311 nats (0.059% of the ruler)   — a single-seed number here would be NOISE
held-out EARNED = +0.00162 nats   95.0% CI [+0.00057, +0.00293]   delta=-0.35  (0=additive, -2=flip)
  vs the XBIND ruler: 0.031% of a PLANTED operator   [p-values are NOT the verdict — with this n a speck is significant]
⚠️  SEED-UNSTABLE: the spread across seeds is comparable to the effect itself.
    retracted in H_9319. A ranking claim needs the gap to exceed the seed spread.
VERDICT: DATA-ADDITIVE — no transferable non-additive information at all ⇒ no estimator can ever bank it
