================================================================
  H_317 — HOMEOSTASIS × negative-feedback setpoint regulation
  plant: x[t+1]=x[t]+v ; v[t+1]=alpha*v - k*(x-x*)  (inertia+delay)
================================================================
  setpoint x*=10.0  perturb x0=0.0  alpha=0.5  K=400  eps=0.05  hold=20
  analytic stable band (cross-check only): 0 < k < 1-alpha = 0.5
----------------------------------------------------------------
  k=0.00 (no feedback):
    settled=false settle_t=400 final|e|=10.0 overshoot=1.0 diverged=false sign_flips=0
  k=0.05 (very low, sluggish):
    settled=true settle_t=39 final|e|=3.55271e-15 overshoot=1.0 diverged=false sign_flips=0
  k=0.15 (stable):
    settled=true settle_t=22 final|e|=1.77636e-15 overshoot=1.0 diverged=false sign_flips=20
  k=0.30 (stable, faster):
    settled=true settle_t=46 final|e|=1.77636e-15 overshoot=1.0 diverged=false sign_flips=72
  k=0.45 (near upper edge):
    settled=true settle_t=210 final|e|=0.000364701 overshoot=1.0 diverged=false sign_flips=88
  k=0.50 (boundary, marginal):
    settled=false settle_t=400 final|e|=10.2312 overshoot=1.06904 diverged=false sign_flips=92
  k=0.70 (above band, oscillation):
    settled=false settle_t=400 final|e|=6.72224e+16 overshoot=5.17259e+15 diverged=true sign_flips=104
  k=1.20 (well above, divergence):
    settled=false settle_t=400 final|e|=1.19191e+47 overshoot=5.68439e+45 diverged=true sign_flips=122
  k=-0.20 (negative gain, positive feedback):
    settled=false settle_t=400 final|e|=2.2036e+41 overshoot=1.74564e+40 diverged=true sign_flips=0
----------------------------------------------------------------
  FALSIFIER EVALUATION (from MEASURED trajectories):
  [PASS] F317.1 STABLE-BAND-EXISTS: k in {0.05,0.15,0.30} all settle within eps
  [PASS] F317.2 NO-FEEDBACK-FAILS: k=0.0 does NOT settle
  [PASS] F317.3 NEGATIVE-GAIN-DIVERGES: k=-0.20 diverges AND does not settle
  [PASS] F317.4 HIGH-GAIN-UNSTABLE: k=1.20 does NOT settle
  [PASS] F317.5 OSCILLATION-ABOVE-BAND: k=0.70 sign_flips>=5 AND no settle
  [PASS] F317.6 BOUNDARY-MARGINAL: k=0.50 does NOT settle (marginal)
  [PASS] F317.7 BAND-CHARACTERIZABLE: all k in [0.05,0.45] settle AND all k>=0.5 (or k<0) do not
  [PASS] F317.8 REGULATION-REAL: stable k=0.15 final|e|<eps but unstable k=0.70 final|e|>=eps
================================================================
  RESULT: 8 PASS / 0 FAIL
  HEADLINE: CHARACTERIZABLE STABLE BAND EXISTS — homeostasis is a real
    emergent property with a k-dependent stable regime (0<k<1-alpha),
    NOT automatic. -> verdict candidate per measured numbers
================================================================
