[run] Sat Jun 20 18:15:00 KST 2026 HERE=/Users/mini/dancinlab/anima/state/1456_idea_metacognition REPO=/Users/mini/dancinlab/anima
[rent] cuda devel H100 ...
[cloud] rent vast: picked offer 41072832
[cloud] rent vast: created instance 41797592 (owner=h1456, registered)
[FATAL] could not parse numeric instance_id from rent stdout — abort
[teardown] remaining pods:
[cloud] vast: list — 6 instances
  vast   41790357
  vast   41790525
  vast   41795795
  vast   41795918
  vast   41797234
  vast   41797592
[cloud] registry (project attribution):
  ID                       PROVIDER  PROJECT          PURPOSE               STATUS     DPH      AGE
  41790357                 vast      @anima           H_1440 developmental curriculum G6 FALS-depth READY      1.14861  1h8m
  41790525                 vast      @anima           H_1439 bind-head G6 FALS-depth READY      1.02482  1h6m
  41795795                 vast      @anima           H_1438 scale-dissociation 1B G6 FALS-depth READY      1.08575  19m
  41795918                 vast      @anima           H_1457 knowledge-grounding G6 FALS-depth READY      4.55685  18m
  41797234                 vast      @anima           H_1458 retrieval-bind G6 FALS-depth (inference-only) READY      4.13426  5m
  41797592                 vast      @anima           H_1456 G6 idea-metacognition continued-pretrain RENTING    -        3m
