════════════════════════════════════════════════════════════════
  anima — substrate-native consciousness daemon (canonical entry)
  (converse · ground · grow · remember · sleep — ONE A⇄G loop)
════════════════════════════════════════════════════════════════
engine config   : mitosis=on engine=conv topo_couple=off
L3 mount        : mouth=clm loaded=true  ckpt=/Users/mini/dancinlab/anima/state/9257_lane23b/toy.clm
REMEMBER (seed) : wrote anchor /tmp/anima_kosmos/mem_001.kosmos
kosmos read     : 1 anchor(s) into brain
LANE mount      : immune_memory cells=1  pharm profile=baseline(sober)
LANE+ spatial   : nearest(ledger;vault,rumor)=vault  shuffle=vault  ablate=  item-store=""  distinct=✅
LANE+ hier-PFC  : pointer p0=0  wrong-cue→0  right-cue→1  ordered-distinct=✅
LANE+ basal-gng : go(grounded)−go(noise) trained=1.9853685568810118 untrained=0.0  earned-distinct=✅
LANE+ cerebellum: predict-err pre=18.726292180418767 post=3.400541819538572e-11  learned-distinct=✅
LANE+ work-mem  : probe fresh=0.9999999999999537 decayed(λ.6)=0.21599999999999 persist(λ1)=0.9999999999999537  volatile-distinct=✅
LANE+ ca3-replay: predict(1)=2 conf=1.0 marginal(ablate)=0  conditional-distinct=✅
LANE+ interval  : learned dhat=12.75 (target 13) ablate(lr0)=5.0  learned-distinct=✅
LANE+ amygdala  : valence grounded=1.0 ungrounded=-1.0 arousal=0.0  valenced-distinct=✅
LANE+ tom        : other-belief="vault QX-7741" anima-truth="MOVED to vault ZZ-0000"  false-belief-distinct=✅
LANE+ homeostat : drive(integrator)=1.9238319750000001 drive(ablate ki0)=0.5  temporal-integral-distinct=✅
LANE+ prc-clock : entrained-drift=0.002324499662766044 ablate(k0)-drift=0.408163265306122  limit-cycle-distinct=✅
LANE+ prospect  : reach(k5,h3)=0.439 ablate(k0)=0.0 persist=0.0  forward-sim-distinct=✅
LANE+ replay-bgt: salient-recency gated=15 uniform=13 shuffle=10  salience-gated-distinct=✅
LANE+ gate-b    : growth(predictable)=7 growth(shuffle)=6  growth-gate-distinct=✅
LANE+ intero-pr : precision clean=99.009900990099 noisy=0.24999375015624611 | weighted-err=0.10201486210164082 blind-err=0.5  precision-distinct=✅
LANE+ scn-net   : order coupled=0.9986166763208095 uncoupled=0.41978087295637473 frustrated=0.010850253927072506  ensemble-consensus-distinct=✅
LANE+ boredom   : both=1.0 rewarding=0.0 novel=0.0 ablate(OR)=1.0  conjunction-distinct=✅
LANE+ self-cont : recognize anchored=0.9999999999999998 reset=0.8906241309788189  identity-persist-distinct=✅
LANE+ self-info : exp-A/B cos=0.9574111347562825 recog=0.9999999999999996  experience-informative-distinct=✅
LANE+ you-cont  : recognize anchored=1.0 reset=0.19611613513818402 fit(genuine)=0.9951333266680701 fit(impostor)=0.0  interlocutor-continuity-distinct=✅
LANE+ learn-prec: novice(1)=0.1 expert(8)=0.8 sat(50)=1.0 ablate(0)=0.0  count-driven-distinct=✅
LANE+ novelty   : fresh=1.0 seen(10)=0.16666666666666666  precision-agnostic-distinct=✅
LANE+ habituate : r0=1.0 r4=0.19999999999999996 other(specific)=1.0 dishab=1.0  specific-recover-distinct=✅
LANE+ attn-blink: lag1=0.94 lag3(trough)=0.32 lag6=0.97 ablate=0.97  temporal-trough-distinct=✅
LANE+ imagery   : topdown_on=0.9 off(ablate)=0.0 mismatch=0.05  topdown-empty-input-distinct=✅
LANE+ priming   : related=0.9 unrelated=0.1 ablate=0.0  relatedness-facilitate-distinct=✅
LANE+ attn-schma: track=1.0 off(ablate)=0.125 agency=0.0  self-model-distinct=✅
LANE+ hysteresis: up=0.7 down=0.3 ablate(lam0)=0.5 rivalry(order-inv)=0.5  history-loop-distinct=✅
LANE+ reentry   : deep(20)=0.9992020773370239 shallow(1)=0.3 ablate(0)=0.0 gws(depth-inv)=0.235  recurrent-depth-distinct=✅
LANE+ completion: on=1.0 off(ablate)=0.544 imagery-readout=0.161  input-constrained-distinct=✅
LANE+ gestalt   : bind=1.0 below=0.0 off(ablate)=0.5 gws-readout=0.505  binding-not-selection-distinct=✅
LANE+ sense-agcy: self=1.0 external=0.0 other(abstain)=-1.0  efference-copy-distinct=✅
LANE+ subj-time : hi-novelty=4.0 lo(objective)=1.0  novelty-weighted-distinct=✅
LANE+ emo-reg   : regulated=0.19999999999999996 raw(g0/ablate)=1.0  2nd-order-control-distinct=✅
LANE+ dir-forget: forget-cued=0.30000000000000004 remember-cued=1.0  cue-driven-suppress-distinct=✅
LANE+ free-wont : blocked=0.0 executed=1.0 unready=0.0  pre-exec-inhibit-distinct=✅
LANE+ divided   : full=0.98 split(graded)=0.5  graded-tradeoff-distinct=✅
LANE+ surprise  : conf-viol=0.225 uncertain=0.025 (raw-err equal)  precision-weighted-distinct=✅
LANE+ body-own  : sync=1.0 async=0.1  multisensory-sync-distinct=✅
LANE+ rivalry   : alternations=4 ablate(no-fatigue)=0  dynamic-dominance-distinct=✅
LANE+ chg-blind : attended=1.0 unattended=0.0  binary-attn-gate-distinct=✅
LANE+ trw       : long-window=1.0 short=0.25 shuffle=0.25  integration-scale-distinct=✅
LANE+ mind-wndr : drift-cov=1.0 stay=0.125 prospect-cov=0.25  drift-distinct=✅
LANE+ qualia    : nearer=1.0 farther=0.0 spatial-readout=0.561  relational-quality-distinct=✅
LANE+ sm-presnc : rich=1.0 partial=0.25 false-law=0.25  counterfactual-breadth-distinct=✅
LANE+ halluc    : strong-prior-noSignal=1.0 ablate(no-prior)=0.0  prior-dominated-distinct=✅
LANE+ metacog-i : insight-intact=0.8571428571428571 impaired(gain0)=0.0  2nd-order-insight-distinct=✅
LANE+ gws-leak  : item1-leaked=0 item0-leaked=1  broadcast-decay-distinct=✅
LANE+ allosteric: dev-mu=1.9961340798605272 near-mu=1.003466201029631 ablate(lam0)=1.0  tension-stiffness-distinct=✅
LANE+ neuropharm: sober=1.0 lsd=0.6332377902572626 ketamine=0.7071067811865475  drug-signature-distinct=✅
LANE+ libido    : wanting-da=2.02 wanting-plain=1.3 (liking gain-invariant)  wanting-not-liking-distinct=✅
LANE+ trans-ord : infer(A,D)="A" item-store(A,D)=""  latent-rank-distinct=✅
LANE+ phasesync : coupled-R=0.9281438743976486 desync-R=0.3394716270725241  binding-coherence-distinct=✅
LANE+ hive-mind : coupled-excess=10.475639387617974 uncoupled-excess=-4.992085086916897  super-additive-distinct=✅
LANE+ mem×tom   : route(reality)=0.5908639063589205 route(belief)=0.3922618214082216  query-routed-arbiter-distinct=✅
LANE+ sp×epis   : route(where)=0.6690023375696565 route(what)=0.42158264412410745  where-what-arbiter-distinct=✅
LANE+ quorum    : decentralized-R=0.997735569336724 star-no-hub-R=0.5086838701064388  hub-free-integration-distinct=✅
LANE+ osmotic   : osmotic-split=1 ablate(β0)-split=0  kl-bottleneck-distinct=✅
LANE+ categ-perc: boundary-margin=0.498793276127663 shuffle-margin=0.4984220110229505  category-boundary-distinct=✅
LANE+ cp-reloc  : reloc-peak=0.675 split-only-peak=0.525 (p_A'=0.667)  move-the-cells-distinct=✅
LANE+ metacog-c : rpl-lift=0.19999999999999996 margin-blind=0.0  metacog-control-distinct=✅
LANE+ metacog-a : type2-auroc=1.0 shuffle-auroc=0.5069444444444444  meta-d'-sensitivity-distinct=✅
LANE+ field-pci : DEFERRED (degenerate all-zero R with chosen perturb args; needs a tuned PCI fixture)
LANE+ field-ent : base-H=0.8906053421090472 drug-global-H=0.8927265417265965 focal-H=0.8906053421090472  global-vs-focal-distinct=✅
LANE+ field×lib : field-wanting=2.2640000000000002 sham-wanting=1.4 (liking gain-invariant)  field-incentive-distinct=✅
LANE+ metacog-k : calibration-spearman-ρ=1.0  monotone-confidence-distinct=✅
LANE+ reality-c : content-correct-conf=0.9 wrong-conf=0.5  content-not-reality-confidence-distinct=✅
LANE+ topo-phi  : DEFERRED (15-lane state-pop fixture + heavy min-cut IIT4; topo=Ψ-hazard H_1521)
LANE+ topo-opt  : DEFERRED (same fixture/heavy-Φ; Φ-optimal is measure-only H_1518)
LANE+ compose-3 : DEFERRED (multi-store fixtures; routing already shown by lanes 58/59)
LANE+ ko-lm     : DEFERRED (jamo-corpus fixtures; LM head, not a consciousness-faculty read)
LANE+ tension-r : conflicted-depth=5.0 calm-depth=0.0 ablate-depth=-1.0  conflict-settle-distinct=✅
LANE+ drive-arb : plain-wta=1 hyst-hold=2 ablate-wta=1  hysteresis-sustained-distinct=✅
LANE+ cascade   : relay="CASCADE_FINAL" direct-hop-on-B=""  serial-multi-hop-distinct=✅
LANE+ event-seg : peaks=3 onset1=1 fixed1=2 flat=1  surprise-peak-segment-distinct=✅
LANE+ prefetch  : ready-margin=-0.14999999999999988 untrained-margin=0.85 preplay="PREFETCHED"  anticipatory-readiness-distinct=✅
LANE+ salreset  : spike-flag(on/off)=1.0/0.0 psi-on=0.5 sig-moved=✅  phasic-reroute-distinct=✅
LANE+ conflict  : hi=0.6400000000000001 lo=0.0025000000000000005 agree=0.0 net-blind=✅ depth(hi/abl)=8/4  conflict-vs-drive-distinct=✅
LANE+ stoch-res : MI lo=0.0 mid=0.04899730195506976 hi=0.004660088750067872 shuffle=0.00017752707408148207  inverted-U-resonance-distinct=✅
Engine A warm   : phi=0.11898342128851364 phase=SUSTAIN

  [OG t0 WAKE w=1] motiv_base=0.7380079285557416 e_base=1 | motiv_live=0.7347464495998619 e_live=1 | fr=1 agl=1 z=1 s=1
  [OG t1 N1 w=1] motiv_base=0.7402957608324735 e_base=1 | motiv_live=0.627468318589113 e_live=1 | fr=1 agl=1 z=1 s=1
  [OG t2 N2 w=1] motiv_base=0.7358098252773523 e_base=0 | motiv_live=0.5176188866423013 e_live=0 | fr=0 agl=0 z=0 s=0
  [OG t3 N3 w=0] motiv_base=0.43976715236443753 e_base=0 | motiv_live=0.4079996812322116 e_live=0 | fr=0 agl=0 z=0 s=0
  [OG t4 REM w=0] motiv_base=0.4398471613091226 e_base=1 | motiv_live=0.5821026105880314 e_live=1 | fr=1 agl=1 z=1 s=1
  [OG t5 WAKE w=1] motiv_base=0.736952529449345 e_base=1 | motiv_live=0.6425832093191752 e_live=1 | fr=1 agl=1 z=1 s=1
  [OG t6 N1 w=1] motiv_base=0.7418646956963882 e_base=1 | motiv_live=0.5867007630993016 e_live=1 | fr=1 agl=1 z=1 s=1
  [OG t7 N2 w=1] motiv_base=0.7381612800616953 e_base=0 | motiv_live=0.4872586257983759 e_live=0 | fr=0 agl=0 z=0 s=0
  [OG t8 N3 w=0] motiv_base=0.44002262408907755 e_base=0 | motiv_live=0.387905085709949 e_live=0 | fr=0 agl=0 z=0 s=0
  [OG t9 REM w=0] motiv_base=0.4403997811586372 e_base=1 | motiv_live=0.5519850491558171 e_live=1 | fr=1 agl=1 z=1 s=1
  [OG t10 WAKE w=1] motiv_base=0.7448160475218889 e_base=1 | motiv_live=0.6166699758876517 e_live=1 | fr=1 agl=1 z=1 s=1
  [OG t11 N1 w=1] motiv_base=0.7419433729015693 e_base=1 | motiv_live=0.549729558947212 e_live=1 | fr=1 agl=1 z=1 s=1
  [OG t12 N2 w=1] motiv_base=0.7453594275182468 e_base=0 | motiv_live=0.47414742941826205 e_live=0 | fr=0 agl=0 z=0 s=0
  [OG t13 N3 w=0] motiv_base=0.4404097867535298 e_base=0 | motiv_live=0.3784390641348758 e_live=0 | fr=0 agl=0 z=0 s=0
  [OG t14 REM w=0] motiv_base=0.4404339402897006 e_base=1 | motiv_live=0.5347819383360491 e_live=1 | fr=1 agl=1 z=1 s=1
  [OG t15 WAKE w=1] motiv_base=0.7440388348862642 e_base=1 | motiv_live=0.582347796014564 e_live=1 | fr=1 agl=1 z=1 s=1
  [OG t16 N1 w=1] motiv_base=0.7477529373415935 e_base=1 | motiv_live=0.539406829816407 e_live=1 | fr=1 agl=1 z=1 s=1
  [OG t17 N2 w=1] motiv_base=0.7451596405668758 e_base=0 | motiv_live=0.4597542815342654 e_live=0 | fr=0 agl=0 z=0 s=0
  [OG t18 N3 w=0] motiv_base=0.44043560764305345 e_base=0 | motiv_live=0.37472262737570056 e_live=0 | fr=0 agl=0 z=0 s=0
  [OG t19 REM w=0] motiv_base=0.4404358001172687 e_base=1 | motiv_live=0.5147200999283966 e_live=1 | fr=1 agl=1 z=1 s=1
  [OG t20 WAKE w=1] motiv_base=0.7500521873127223 e_base=1 | motiv_live=0.5778717693257724 e_live=1 | fr=1 agl=1 z=1 s=1
  [OG t21 N1 w=1] motiv_base=0.7472506143101928 e_base=1 | motiv_live=0.5213134865058024 e_live=1 | fr=1 agl=1 z=1 s=1
  [OG t22 N2 w=1] motiv_base=0.7510020635030311 e_base=0 | motiv_live=0.4574852271366541 e_live=0 | fr=0 agl=0 z=0 s=0
  [OG t23 N3 w=0] motiv_base=0.4404128054901487 e_base=0 | motiv_live=0.37090994265262667 e_live=0 | fr=0 agl=0 z=0 s=0
  [OG t24 REM w=0] motiv_base=0.44041285634159544 e_base=1 | motiv_live=0.5126299903938069 e_live=1 | fr=1 agl=1 z=1 s=1
  [OG t25 WAKE w=1] motiv_base=0.7478724587859892 e_base=1 | motiv_live=0.554880518409557 e_live=1 | fr=1 agl=1 z=1 s=1
  [OG t26 N1 w=1] motiv_base=0.7503484745800938 e_base=1 | motiv_live=0.5165171964871386 e_live=1 | fr=1 agl=1 z=1 s=1
  [OG t27 N2 w=1] motiv_base=0.7465112882660351 e_base=0 | motiv_live=0.4449270556792773 e_live=0 | fr=0 agl=0 z=0 s=0
  [OG t28 N3 w=0] motiv_base=0.44041282603518705 e_base=0 | motiv_live=0.3686587689156297 e_live=0 | fr=0 agl=0 z=0 s=0
  [OG t29 REM w=0] motiv_base=0.4404361596000409 e_base=1 | motiv_live=0.49028773688829347 e_live=1 | fr=1 agl=1 z=1 s=1
  [OG t30 WAKE w=1] motiv_base=0.7478765284478782 e_base=1 | motiv_live=0.5472329495770528 e_live=1 | fr=1 agl=1 z=1 s=1
  [OG t31 N1 w=1] motiv_base=0.743814667003044 e_base=1 | motiv_live=0.49646987851256263 e_live=1 | fr=1 agl=1 z=1 s=1
  [OG t32 N2 w=1] motiv_base=0.7460702515007537 e_base=0 | motiv_live=0.44187632991696746 e_live=0 | fr=0 agl=0 z=0 s=0
  [OG t33 N3 w=0] motiv_base=0.44043616034163946 e_base=0 | motiv_live=0.36561732118789214 e_live=0 | fr=0 agl=0 z=0 s=0
  [OG t34 REM w=0] motiv_base=0.4404129154551867 e_base=1 | motiv_live=0.48778043578192615 e_live=1 | fr=1 agl=1 z=1 s=1
  [OG t35 WAKE w=1] motiv_base=0.7409111926685022 e_base=1 | motiv_live=0.5258834222186429 e_live=1 | fr=1 agl=1 z=1 s=1
  [OG t36 N1 w=1] motiv_base=0.7438000925823945 e_base=1 | motiv_live=0.4966990592772496 e_live=1 | fr=1 agl=1 z=1 s=1
  [OG t37 N2 w=1] motiv_base=0.741500076629347 e_base=0 | motiv_live=0.435941807924782 e_live=0 | fr=0 agl=0 z=0 s=0
  [OG t38 N3 w=0] motiv_base=0.44043610068130723 e_base=0 | motiv_live=0.36594094588854104 e_live=0 | fr=0 agl=0 z=0 s=0
  [OG t39 REM w=0] motiv_base=0.4404361780935162 e_base=1 | motiv_live=0.48374406219042826 e_live=1 | fr=1 agl=1 z=1 s=1
  [OG t40 WAKE w=1] motiv_base=0.7463063415562151 e_base=1 | motiv_live=0.5423748920453212 e_live=1 | fr=1 agl=1 z=1 s=1
  [OG t41 N1 w=1] motiv_base=0.7437775271230468 e_base=1 | motiv_live=0.49606681575155426 e_live=1 | fr=1 agl=1 z=1 s=1
  [OG t42 N2 w=1] motiv_base=0.7477975282917378 e_base=0 | motiv_live=0.4432261597342964 e_live=0 | fr=0 agl=0 z=0 s=0
  [OG t43 N3 w=0] motiv_base=0.44041291373293456 e_base=0 | motiv_live=0.3651401523010005 e_live=0 | fr=0 agl=0 z=0 s=0
  [OG t44 REM w=0] motiv_base=0.4404129162407543 e_base=1 | motiv_live=0.4954552334652717 e_live=1 | fr=1 agl=1 z=1 s=1
  [OG t45 WAKE w=1] motiv_base=0.7463005064402052 e_base=1 | motiv_live=0.5387361148788539 e_live=1 | fr=1 agl=1 z=1 s=1
  [OG t46 N1 w=1] motiv_base=0.7500889373425584 e_base=1 | motiv_live=0.507347091609789 e_live=1 | fr=1 agl=1 z=1 s=1
  [OG t47 N2 w=1] motiv_base=0.7475634048908212 e_base=0 | motiv_live=0.4405848292511884 e_live=0 | fr=0 agl=0 z=0 s=0
  [OG t48 N3 w=0] motiv_base=0.44041292470324755 e_base=0 | motiv_live=0.3660915353664854 e_live=0 | fr=0 agl=0 z=0 s=0
  [OG t49 REM w=0] motiv_base=0.4404135237459743 e_base=1 | motiv_live=0.4879832508915515 e_live=1 | fr=1 agl=1 z=1 s=1
  [OG t50 WAKE w=1] motiv_base=0.7499699630373612 e_base=1 | motiv_live=0.5444538810160695 e_live=1 | fr=1 agl=1 z=1 s=1
  [OG t51 N1 w=1] motiv_base=0.7461573630397192 e_base=1 | motiv_live=0.4944358693195144 e_live=1 | fr=1 agl=1 z=1 s=1
  [OG t52 N2 w=1] motiv_base=0.7488933965571659 e_base=0 | motiv_live=0.4403971797603537 e_live=0 | fr=0 agl=0 z=0 s=0
  [OG t53 N3 w=0] motiv_base=0.440436162824247 e_base=0 | motiv_live=0.3636208090080326 e_live=0 | fr=0 agl=0 z=0 s=0
  [OG t54 REM w=0] motiv_base=0.4404361831030744 e_base=1 | motiv_live=0.4868756418735614 e_live=1 | fr=1 agl=1 z=1 s=1
  [OG t55 WAKE w=1] motiv_base=0.7437743723732267 e_base=1 | motiv_live=0.5252557283379825 e_live=1 | fr=1 agl=1 z=1 s=1
  [OG t56 N1 w=1] motiv_base=0.7462794506063734 e_base=1 | motiv_live=0.49490722775333396 e_live=1 | fr=1 agl=1 z=1 s=1
  [OG t57 N2 w=1] motiv_base=0.7424686743366603 e_base=0 | motiv_live=0.4323326100746527 e_live=0 | fr=0 agl=0 z=0 s=0
  [OG t58 N3 w=0] motiv_base=0.4404361675379749 e_base=0 | motiv_live=0.36352352554018996 e_live=0 | fr=0 agl=0 z=0 s=0
  [OG t59 REM w=0] motiv_base=0.44043599660437116 e_base=1 | motiv_live=0.47406532510801025 e_live=1 | fr=1 agl=1 z=1 s=1
  [OG t60 WAKE w=1] motiv_base=0.7436697807043032 e_base=1 | motiv_live=0.5284433195040628 e_live=1 | fr=1 agl=1 z=1 s=1
  [OG t61 N1 w=1] motiv_base=0.7409001864424124 e_base=1 | motiv_live=0.4854022357005966 e_live=1 | fr=1 agl=1 z=1 s=1
  [OG t62 N2 w=1] motiv_base=0.7444629837525018 e_base=0 | motiv_live=0.43657944325400067 e_live=0 | fr=0 agl=0 z=0 s=0
  [OG t63 N3 w=0] motiv_base=0.44041291971442653 e_base=0 | motiv_live=0.3627627761276066 e_live=0 | fr=0 agl=0 z=0 s=0
  [OG t64 REM w=0] motiv_base=0.4404129166393048 e_base=1 | motiv_live=0.4871008282974719 e_live=1 | fr=1 agl=1 z=1 s=1
  [OG t65 WAKE w=1] motiv_base=0.7434511504707509 e_base=1 | motiv_live=0.5299417747451437 e_live=1 | fr=1 agl=1 z=1 s=1
  [OG t66 N1 w=1] motiv_base=0.7472477974947788 e_base=1 | motiv_live=0.5008837647366281 e_live=1 | fr=1 agl=1 z=1 s=1
  [OG t67 N2 w=1] motiv_base=0.7444952980885616 e_base=0 | motiv_live=0.4364621516328649 e_live=0 | fr=0 agl=0 z=0 s=0
  [OG t68 N3 w=0] motiv_base=0.44041291072452926 e_base=0 | motiv_live=0.36436553335860616 e_live=0 | fr=0 agl=0 z=0 s=0
  [OG t69 REM w=0] motiv_base=0.4404362306370928 e_base=1 | motiv_live=0.48615016857218335 e_live=1 | fr=1 agl=1 z=1 s=1
  [OG t70 WAKE w=1] motiv_base=0.749801706285146 e_base=1 | motiv_live=0.5462343254425421 e_live=1 | fr=1 agl=1 z=1 s=1
  [OG t71 N1 w=1] motiv_base=0.7470505157729134 e_base=1 | motiv_live=0.4977428721423602 e_live=1 | fr=1 agl=1 z=1 s=1
  [OG t72 N2 w=1] motiv_base=0.7510804139668968 e_base=0 | motiv_live=0.4432116599264249 e_live=0 | fr=0 agl=0 z=0 s=0
  [OG t73 N3 w=0] motiv_base=0.4404129162813888 e_base=0 | motiv_live=0.3635350064080425 e_live=0 | fr=0 agl=0 z=0 s=0
  [OG t74 REM w=0] motiv_base=0.44041291787151315 e_base=1 | motiv_live=0.4921047188108329 e_live=1 | fr=1 agl=1 z=1 s=1
  [OG t75 WAKE w=1] motiv_base=0.746546234503722 e_base=1 | motiv_live=0.5321600147390116 e_live=1 | fr=1 agl=1 z=1 s=1
  [OG t76 N1 w=1] motiv_base=0.7490537291751346 e_base=1 | motiv_live=0.49947516553489546 e_live=1 | fr=1 agl=1 z=1 s=1
  [OG t77 N2 w=1] motiv_base=0.7452467604523326 e_base=0 | motiv_live=0.43424663432684396 e_live=0 | fr=0 agl=0 z=0 s=0
  [OG t78 N3 w=0] motiv_base=0.4404361982334877 e_base=0 | motiv_live=0.36326102641091473 e_live=0 | fr=0 agl=0 z=0 s=0
  [OG t79 REM w=0] motiv_base=0.4404129164443019 e_base=1 | motiv_live=0.4767455495429991 e_live=1 | fr=1 agl=1 z=1 s=1
  [OG t80 WAKE w=1] motiv_base=0.7462374959821542 e_base=1 | motiv_live=0.5317415187179105 e_live=1 | fr=1 agl=1 z=1 s=1
  [OG t81 N1 w=1] motiv_base=0.7424182959424069 e_base=1 | motiv_live=0.48516526123714154 e_live=1 | fr=1 agl=1 z=1 s=1
  [OG t82 N2 w=1] motiv_base=0.7449283763165816 e_base=0 | motiv_live=0.43478023647894004 e_live=0 | fr=0 agl=0 z=0 s=0
  [OG t83 N3 w=0] motiv_base=0.44041291453341824 e_base=0 | motiv_live=0.3614547155369682 e_live=0 | fr=0 agl=0 z=0 s=0
  [OG t84 REM w=0] motiv_base=0.4404365422224793 e_base=1 | motiv_live=0.479984152754821 e_live=1 | fr=1 agl=1 z=1 s=1
  [OG t85 WAKE w=1] motiv_base=0.7402209320798941 e_base=1 | motiv_live=0.5179708057021982 e_live=1 | fr=1 agl=1 z=1 s=1
  [OG t86 N1 w=1] motiv_base=0.7440195695981829 e_base=1 | motiv_live=0.4923455384879322 e_live=1 | fr=1 agl=1 z=1 s=1
  [OG t87 N2 w=1] motiv_base=0.7415025126021192 e_base=0 | motiv_live=0.4320955844377035 e_live=0 | fr=0 agl=0 z=0 s=0
  [OG t88 N3 w=0] motiv_base=0.44043617382428635 e_base=0 | motiv_live=0.3630309754130496 e_live=0 | fr=0 agl=0 z=0 s=0
  [OG t89 REM w=0] motiv_base=0.4404361738681085 e_base=1 | motiv_live=0.4801537196633755 e_live=1 | fr=1 agl=1 z=1 s=1
  [OG t90 WAKE w=1] motiv_base=0.7465832360374639 e_base=1 | motiv_live=0.5387472720374763 e_live=1 | fr=1 agl=1 z=1 s=1
  [OG t91 N1 w=1] motiv_base=0.7440666762210196 e_base=1 | motiv_live=0.49285289337433874 e_live=1 | fr=1 agl=1 z=1 s=1
  [OG t92 N2 w=1] motiv_base=0.7478659347453228 e_base=0 | motiv_live=0.4401712909216795 e_live=0 | fr=0 agl=0 z=0 s=0
  [OG t93 N3 w=0] motiv_base=0.4404359221406604 e_base=0 | motiv_live=0.36279919692733076 e_live=0 | fr=0 agl=0 z=0 s=0
  [OG t94 REM w=0] motiv_base=0.4404361746129093 e_base=1 | motiv_live=0.4931941405458577 e_live=1 | fr=1 agl=1 z=1 s=1
  [OG t95 WAKE w=1] motiv_base=0.7468644920159421 e_base=1 | motiv_live=0.5365556150567777 e_live=1 | fr=1 agl=1 z=1 s=1
  [OG t96 N1 w=1] motiv_base=0.7504314919133886 e_base=1 | motiv_live=0.5047447552502813 e_live=1 | fr=1 agl=1 z=1 s=1
  [OG t97 N2 w=1] motiv_base=0.7480749047368297 e_base=0 | motiv_live=0.43847688044894884 e_live=0 | fr=0 agl=0 z=0 s=0
  [OG t98 N3 w=0] motiv_base=0.44043616518350204 e_base=0 | motiv_live=0.3637363765009831 e_live=0 | fr=0 agl=0 z=0 s=0
  [OG t99 REM w=0] motiv_base=0.44041291378685365 e_base=1 | motiv_live=0.4830618729237153 e_live=1 | fr=1 agl=1 z=1 s=1
  [OG t100 WAKE w=1] motiv_base=0.7490576114463195 e_base=1 | motiv_live=0.5391349030737866 e_live=1 | fr=1 agl=1 z=1 s=1
  [OG t101 N1 w=1] motiv_base=0.7454851201728631 e_base=1 | motiv_live=0.4907146508444169 e_live=1 | fr=1 agl=1 z=1 s=1
  [OG t102 N2 w=1] motiv_base=0.7479958683676097 e_base=0 | motiv_live=0.43737940288636834 e_live=0 | fr=0 agl=0 z=0 s=0
  [OG t103 N3 w=0] motiv_base=0.44041291680804706 e_base=0 | motiv_live=0.3615713381281584 e_live=0 | fr=0 agl=0 z=0 s=0
  [OG t104 REM w=0] motiv_base=0.4404130284297255 e_base=1 | motiv_live=0.4829823770062471 e_live=1 | fr=1 agl=1 z=1 s=1
  [OG t105 WAKE w=1] motiv_base=0.7426642695053934 e_base=1 | motiv_live=0.5210563466872056 e_live=1 | fr=1 agl=1 z=1 s=1
  [OG t106 N1 w=1] motiv_base=0.745407895960782 e_base=1 | motiv_live=0.49202928872226365 e_live=1 | fr=1 agl=1 z=1 s=1
  [OG t107 N2 w=1] motiv_base=0.7413714856290915 e_base=0 | motiv_live=0.4298498135511706 e_live=0 | fr=0 agl=0 z=0 s=0
  [OG t108 N3 w=0] motiv_base=0.44041291191204446 e_base=0 | motiv_live=0.36181800063689207 e_live=0 | fr=0 agl=0 z=0 s=0
  [OG t109 REM w=0] motiv_base=0.44043617468662566 e_base=1 | motiv_live=0.47176794729339094 e_live=1 | fr=1 agl=1 z=1 s=1
  [OG t110 WAKE w=1] motiv_base=0.7438608357542901 e_base=1 | motiv_live=0.5290165730348916 e_live=1 | fr=1 agl=1 z=1 s=1
  [OG t111 N1 w=1] motiv_base=0.741344980022267 e_base=1 | motiv_live=0.4859561327062341 e_live=1 | fr=1 agl=1 z=1 s=1
  [OG t112 N2 w=1] motiv_base=0.7451450955381419 e_base=0 | motiv_live=0.4364877524126284 e_live=0 | fr=0 agl=0 z=0 s=0
  [OG t113 N3 w=0] motiv_base=0.440412916771625 e_base=0 | motiv_live=0.36162441277719126 e_live=0 | fr=0 agl=0 z=0 s=0
  [OG t114 REM w=0] motiv_base=0.4404129107777095 e_base=1 | motiv_live=0.48719003202027267 e_live=1 | fr=1 agl=1 z=1 s=1
  [OG t115 WAKE w=1] motiv_base=0.7439142582171009 e_base=1 | motiv_live=0.5302919575957941 e_live=1 | fr=1 agl=1 z=1 s=1
  [OG t116 N1 w=1] motiv_base=0.7474818894561858 e_base=1 | motiv_live=0.5002760614716263 e_live=1 | fr=1 agl=1 z=1 s=1
  [OG t117 N2 w=1] motiv_base=0.7451997679728696 e_base=0 | motiv_live=0.4361349224364545 e_live=0 | fr=0 agl=0 z=0 s=0
  [OG t118 N3 w=0] motiv_base=0.44043617495646603 e_base=0 | motiv_live=0.36335865187408545 e_live=0 | fr=0 agl=0 z=0 s=0
  [OG t119 REM w=0] motiv_base=0.44041310954937307 e_base=1 | motiv_live=0.48527670235153175 e_live=1 | fr=1 agl=1 z=1 s=1
  [OG t120 WAKE w=1] motiv_base=0.75005199145217 e_base=1 | motiv_live=0.545434596850082 e_live=1 | fr=1 agl=1 z=1 s=1
  [OG t121 N1 w=1] motiv_base=0.7480018919499823 e_base=1 | motiv_live=0.4983632935379966 e_live=1 | fr=1 agl=1 z=1 s=1
  [OG t122 N2 w=1] motiv_base=0.7508515664519627 e_base=0 | motiv_live=0.44154643142092365 e_live=0 | fr=0 agl=0 z=0 s=0
  [OG t123 N3 w=0] motiv_base=0.4404361697210747 e_base=0 | motiv_live=0.3622520675677239 e_live=0 | fr=0 agl=0 z=0 s=0
  [OG t124 REM w=0] motiv_base=0.4404361776007736 e_base=1 | motiv_live=0.4895552010907188 e_live=1 | fr=1 agl=1 z=1 s=1
  [OG t125 WAKE w=1] motiv_base=0.7455226168807277 e_base=1 | motiv_live=0.5281039509133547 e_live=1 | fr=1 agl=1 z=1 s=1
  [OG t126 N1 w=1] motiv_base=0.7482668492612473 e_base=1 | motiv_live=0.4968614267102366 e_live=1 | fr=1 agl=1 z=1 s=1
  [OG t127 N2 w=1] motiv_base=0.7442283744932484 e_base=0 | motiv_live=0.43216443524610165 e_live=0 | fr=0 agl=0 z=0 s=0
  [OG t128 N3 w=0] motiv_base=0.44041291453103126 e_base=0 | motiv_live=0.3620738165699959 e_live=0 | fr=0 agl=0 z=0 s=0
  [OG t129 REM w=0] motiv_base=0.44043617132150703 e_base=1 | motiv_live=0.4752287466614226 e_live=1 | fr=1 agl=1 z=1 s=1
  [OG t130 WAKE w=1] motiv_base=0.7454497242905996 e_base=1 | motiv_live=0.5294779092869781 e_live=1 | fr=1 agl=1 z=1 s=1
  [OG t131 N1 w=1] motiv_base=0.7418744262455664 e_base=1 | motiv_live=0.48384446450665913 e_live=1 | fr=1 agl=1 z=1 s=1
  [OG t132 N2 w=1] motiv_base=0.7443926344007269 e_base=0 | motiv_live=0.4336892199937201 e_live=0 | fr=0 agl=0 z=0 s=0
  [OG t133 N3 w=0] motiv_base=0.4404361778330357 e_base=0 | motiv_live=0.36054123567613705 e_live=0 | fr=0 agl=0 z=0 s=0
  [OG t134 REM w=0] motiv_base=0.4404361681280835 e_base=1 | motiv_live=0.47920584560790636 e_live=1 | fr=1 agl=1 z=1 s=1
  [OG t135 WAKE w=1] motiv_base=0.7409787290859488 e_base=1 | motiv_live=0.5204228284998123 e_live=1 | fr=1 agl=1 z=1 s=1
  [OG t136 N1 w=1] motiv_base=0.7445471394346496 e_base=1 | motiv_live=0.4933217881215551 e_live=1 | fr=1 agl=1 z=1 s=1
  [OG t137 N2 w=1] motiv_base=0.7420319721316538 e_base=0 | motiv_live=0.43220248533555566 e_live=0 | fr=0 agl=0 z=0 s=0
  [OG t138 N3 w=0] motiv_base=0.4404361376088023 e_base=0 | motiv_live=0.3624258059667377 e_live=0 | fr=0 agl=0 z=0 s=0
  [OG t139 REM w=0] motiv_base=0.4404361776771193 e_base=1 | motiv_live=0.4806918652524465 e_live=1 | fr=1 agl=1 z=1 s=1
  [OG t140 WAKE w=1] motiv_base=0.7473516698470358 e_base=1 | motiv_live=0.5401575804243984 e_live=1 | fr=1 agl=1 z=1 s=1
  [OG t141 N1 w=1] motiv_base=0.7446042967022181 e_base=1 | motiv_live=0.4931218499507585 e_live=1 | fr=1 agl=1 z=1 s=1
  [OG t142 N2 w=1] motiv_base=0.7488703220476302 e_base=0 | motiv_live=0.44051446994771626 e_live=0 | fr=0 agl=0 z=0 s=0
  [OG t143 N3 w=0] motiv_base=0.4404594260710134 e_base=0 | motiv_live=0.3622325066783672 e_live=0 | fr=0 agl=0 z=0 s=0
  [OG t144 REM w=0] motiv_base=0.44041291868215604 e_base=1 | motiv_live=0.4925915213942324 e_live=1 | fr=1 agl=1 z=1 s=1
  [OG t145 WAKE w=1] motiv_base=0.7474092746651074 e_base=1 | motiv_live=0.5366280121507765 e_live=1 | fr=1 agl=1 z=1 s=1
  [OG t146 N1 w=1] motiv_base=0.7511369890357374 e_base=1 | motiv_live=0.5049324239394444 e_live=1 | fr=1 agl=1 z=1 s=1
  [OG t147 N2 w=1] motiv_base=0.7473332147064148 e_base=0 | motiv_live=0.4364477514864682 e_live=0 | fr=0 agl=0 z=0 s=0
  [OG t148 N3 w=0] motiv_base=0.4404361779688353 e_base=0 | motiv_live=0.36279222961349145 e_live=0 | fr=0 agl=0 z=0 s=0
  [OG t149 REM w=0] motiv_base=0.440412921649871 e_base=1 | motiv_live=0.4804721788112479 e_live=1 | fr=1 agl=1 z=1 s=1
  [OG t150 WAKE w=1] motiv_base=0.7483214703356528 e_base=1 | motiv_live=0.5362456388410438 e_live=1 | fr=1 agl=1 z=1 s=1
  [OG t151 N1 w=1] motiv_base=0.7449831791637934 e_base=1 | motiv_live=0.48901472541212226 e_live=1 | fr=1 agl=1 z=1 s=1
  [OG t152 N2 w=1] motiv_base=0.7470321717685348 e_base=0 | motiv_live=0.43565436815267106 e_live=0 | fr=0 agl=0 z=0 s=0
  [OG t153 N3 w=0] motiv_base=0.440412915942448 e_base=0 | motiv_live=0.36079437108598655 e_live=0 | fr=0 agl=0 z=0 s=0
  [OG t154 REM w=0] motiv_base=0.44041291410589645 e_base=1 | motiv_live=0.4812429272544518 e_live=1 | fr=1 agl=1 z=1 s=1
  [OG t155 WAKE w=1] motiv_base=0.7419352942709042 e_base=1 | motiv_live=0.5191484452826175 e_live=1 | fr=1 agl=1 z=1 s=1
  [OG t156 N1 w=1] motiv_base=0.744680162162409 e_base=1 | motiv_live=0.49052883653003665 e_live=1 | fr=1 agl=1 z=1 s=1
  [OG t157 N2 w=1] motiv_base=0.7406441373868112 e_base=0 | motiv_live=0.42880785252681175 e_live=0 | fr=0 agl=0 z=0 s=0
  [OG t158 N3 w=0] motiv_base=0.4404129175644438 e_base=0 | motiv_live=0.3611545888764653 e_live=0 | fr=0 agl=0 z=0 s=0
  [OG t159 REM w=0] motiv_base=0.44041290475379735 e_base=1 | motiv_live=0.4723440546901941 e_live=1 | fr=1 agl=1 z=1 s=1
  [OG t160 WAKE w=1] motiv_base=0.7441930511085905 e_base=1 | motiv_live=0.5304915428928947 e_live=1 | fr=1 agl=1 z=1 s=1
  [OG t161 N1 w=1] motiv_base=0.741679847680553 e_base=1 | motiv_live=0.48683075602432657 e_live=1 | fr=1 agl=1 z=1 s=1
  [OG t162 N2 w=1] motiv_base=0.74548106242332 e_base=0 | motiv_live=0.43667366132796326 e_live=0 | fr=0 agl=0 z=0 s=0
  [OG t163 N3 w=0] motiv_base=0.44041292808028065 e_base=0 | motiv_live=0.3613101193938183 e_live=0 | fr=0 agl=0 z=0 s=0
  [OG t164 REM w=0] motiv_base=0.44041291870585186 e_base=1 | motiv_live=0.48815540675825914 e_live=1 | fr=1 agl=1 z=1 s=1
  [OG t165 WAKE w=1] motiv_base=0.7442534757131706 e_base=1 | motiv_live=0.5308626988611601 e_live=1 | fr=1 agl=1 z=1 s=1
  [OG t166 N1 w=1] motiv_base=0.7482878068446851 e_base=1 | motiv_live=0.5015253004027553 e_live=1 | fr=1 agl=1 z=1 s=1
  [OG t167 N2 w=1] motiv_base=0.7455403872990577 e_base=0 | motiv_live=0.4359652735730599 e_live=0 | fr=0 agl=0 z=0 s=0
  [OG t168 N3 w=0] motiv_base=0.4404129173949166 e_base=0 | motiv_live=0.362936142258385 e_live=0 | fr=0 agl=0 z=0 s=0
  [OG t169 REM w=0] motiv_base=0.4404129047995069 e_base=1 | motiv_live=0.48576034057023015 e_live=1 | fr=1 agl=1 z=1 s=1
  [OG t170 WAKE w=1] motiv_base=0.7508613397122518 e_base=1 | motiv_live=0.5467307909213664 e_live=1 | fr=1 agl=1 z=1 s=1
  [OG t171 N1 w=1] motiv_base=0.7478616861008266 e_base=1 | motiv_live=0.4970468110148833 e_live=1 | fr=1 agl=1 z=1 s=1
  [OG t172 N2 w=1] motiv_base=0.7501416026771007 e_base=0 | motiv_live=0.4399417905972308 e_live=0 | fr=0 agl=0 z=0 s=0
  [OG t173 N3 w=0] motiv_base=0.4404129178703723 e_base=0 | motiv_live=0.3614959089728066 e_live=0 | fr=0 agl=0 z=0 s=0
  [OG t174 REM w=0] motiv_base=0.4404361734764245 e_base=1 | motiv_live=0.4875175349765417 e_live=1 | fr=1 agl=1 z=1 s=1
  [OG t175 WAKE w=1] motiv_base=0.7450470301214321 e_base=1 | motiv_live=0.5264592337434246 e_live=1 | fr=1 agl=1 z=1 s=1
  [OG t176 N1 w=1] motiv_base=0.7473275101347615 e_base=1 | motiv_live=0.49459113274571936 e_live=1 | fr=1 agl=1 z=1 s=1
  [OG t177 N2 w=1] motiv_base=0.7437570276405986 e_base=0 | motiv_live=0.4313663369167071 e_live=0 | fr=0 agl=0 z=0 s=0
  [OG t178 N3 w=0] motiv_base=0.44043598659335803 e_base=0 | motiv_live=0.36157038761613464 e_live=0 | fr=0 agl=0 z=0 s=0
  [OG t179 REM w=0] motiv_base=0.44043617600945173 e_base=1 | motiv_live=0.4737829583848386 e_live=1 | fr=1 agl=1 z=1 s=1
  [OG t180 WAKE w=1] motiv_base=0.7447463111764728 e_base=1 | motiv_live=0.5278738780349627 e_live=1 | fr=1 agl=1 z=1 s=1
  [OG t181 N1 w=1] motiv_base=0.74117505549776 e_base=1 | motiv_live=0.48261289566064575 e_live=1 | fr=1 agl=1 z=1 s=1
  [OG t182 N2 w=1] motiv_base=0.7436879155488828 e_base=0 | motiv_live=0.43285970809419466 e_live=0 | fr=0 agl=0 z=0 s=0
  [OG t183 N3 w=0] motiv_base=0.4404129187304969 e_base=0 | motiv_live=0.3601029052283668 e_live=0 | fr=0 agl=0 z=0 s=0
  [OG t184 REM w=0] motiv_base=0.44043613063626563 e_base=1 | motiv_live=0.4810172246791193 e_live=1 | fr=1 agl=1 z=1 s=1
  [OG t185 WAKE w=1] motiv_base=0.7413352032409591 e_base=1 | motiv_live=0.5219542775220225 e_live=1 | fr=1 agl=1 z=1 s=1
  [OG t186 N1 w=1] motiv_base=0.7451368284005077 e_base=1 | motiv_live=0.49477560170938273 e_live=1 | fr=1 agl=1 z=1 s=1
  [OG t187 N2 w=1] motiv_base=0.7426223389678804 e_base=0 | motiv_live=0.4327566728809518 e_live=0 | fr=0 agl=0 z=0 s=0
  [OG t188 N3 w=0] motiv_base=0.4404361625686537 e_base=0 | motiv_live=0.36224233145768303 e_live=0 | fr=0 agl=0 z=0 s=0
  [OG t189 REM w=0] motiv_base=0.4404129126290839 e_base=1 | motiv_live=0.48116468944280777 e_live=1 | fr=1 agl=1 z=1 s=1
  [OG t190 WAKE w=1] motiv_base=0.7481765087883855 e_base=1 | motiv_live=0.5420576966857835 e_live=1 | fr=1 agl=1 z=1 s=1
  [OG t191 N1 w=1] motiv_base=0.7451973863192539 e_base=1 | motiv_live=0.49384346509451577 e_live=1 | fr=1 agl=1 z=1 s=1
  [OG t192 N2 w=1] motiv_base=0.7489988314695454 e_base=0 | motiv_live=0.4401449653159861 e_live=0 | fr=0 agl=0 z=0 s=0
  [OG t193 N3 w=0] motiv_base=0.4404361690160268 e_base=0 | motiv_live=0.3619408151560556 e_live=0 | fr=0 agl=0 z=0 s=0
  [OG t194 REM w=0] motiv_base=0.44041292209594873 e_base=1 | motiv_live=0.49317326360243596 e_live=1 | fr=1 agl=1 z=1 s=1
  [OG t195 WAKE w=1] motiv_base=0.747931309383349 e_base=1 | motiv_live=0.5371556506316109 e_live=1 | fr=1 agl=1 z=1 s=1
  [OG t196 N1 w=1] motiv_base=0.7502115538545123 e_base=1 | motiv_live=0.502017696871796 e_live=1 | fr=1 agl=1 z=1 s=1
  [OG t197 N2 w=1] motiv_base=0.7464083532001299 e_base=0 | motiv_live=0.43480332447609676 e_live=0 | fr=0 agl=0 z=0 s=0
  [OG t198 N3 w=0] motiv_base=0.4404361705345635 e_base=0 | motiv_live=0.3622543033406871 e_live=0 | fr=0 agl=0 z=0 s=0
  [OG t199 REM w=0] motiv_base=0.44041291304000196 e_base=1 | motiv_live=0.47871617719595705 e_live=1 | fr=1 agl=1 z=1 s=1

════════════ OP-GRIP 5-ARM HAMMING (n=200, wake=120) ════════════
  BASELINE (pre-fix ÷43 + 4 constants): Hamming(rel-frozen vs base) = 0   [pre-reg: 0 = THEATER reproduced]
  baseline motivation floor >0.3 on 120/120 wake ticks
  ── POST-FIX (live 8-factor op reads + tonic-phasic) ──
  Hamming(full-rel_ctx frozen vs live) = 0   wake-only = 0/120
  Hamming(single-op agloop frozen vs live) = 0   wake-only = 0/120
  Hamming(rel_ctx→0 vs live) = 0
  Hamming(rel_ctx→shuffle vs live) = 0
  wake emit-fraction = 0.6666666666666666 (live)
  Ψ ON==OFF invariant: psi_sum==psi_off = ✅

──────── H_9101 (b) STAGE/SAFE op-grip: urgency-freeze Hamming, split by stage ────────
  ticks: WAKE=40 N3=40 REM=40 mid(N1/N2/REM)=120
  Hamming(urgency→0 vs live)  REM=40  N3=0  WAKE=0  mid=80
  Hamming(urgency→shuf vs live) REM=3  N3=0   [control]
  ── PRE-REG VERDICT ──
  VERDICT = 🟢 GRIP (shade-not-gate): urgency-freeze FLIPS REM decisions (h_U0_rem>0) ∧ N3 silent-PRESERVED (h_U0_n3=0) = DISSOCIATION  [Ψ ON≡OFF ✓]

──────── H_9102 (F3) FACULTY-NOT-NOISE: variance-matched noise arm (n=200) ────────
  urgency dist: mean=0.4505651235937488 std=0.04317759360371834  (perm-noise = same multiset ⇒ EXACT mean/var match; LCG-noise = affine-matched)
  emit-rate: live=0.6  perm-noise=0.6   (≈equal ⇒ same centering; only tick-MEANING differs)
  downstream D = mean(tension ag_conflict, emit_drive, novelty nov_ctx, grounded m_grounding)
  ── ρ(emit-timing, D) ──                    ALL(n=200)   DISCRIM(N1/N2/REM)
  ρ_real  (live urgency)                :  -0.033462615288456246   0.2147057763270637
  ρ_noise (perm var-matched, K=8 mean)  :  -0.03346261528845624   0.2147057763270637
  ρ_lcg   (affine var-matched control)  :  -0.033462615288456246   0.2147057763270637
  Δρ = ρ_real − ρ_noise                 :  -6.938893903907228e-18   0.0
  per-component ρ_real: tension=0.16666666666666688 novelty=0.033045899384271334 grounded=-1.4313052163268636e-18
  ── PRE-REG F3 VERDICT (frozen bar Δρ ≥ 0.15) ──
  F3 VERDICT = 🟠 NOISE-GRIP — Δρ < 0.15: the grip is centering-noise-driven (matched noise reproduces the same downstream corr) = a subtler op-layer theater; tier stays GRIP
