=== dump win=24 arm=main_s7 06:37:09
[GPU-FALLBACK] decode device path=CPU-numpy (No module named 'cupy')
=== anima evaluate --dump-hidden — ρ·weave / γ binding-lane probe (H_9235) ===
ckpt:  /home/aiden/anima-weights/natem_n2/natem_n2_main_s7.clm
spec:  gt_prompts_n92.json (2664 prompts · T=24 right-align · read-only trunk penultimate)
  [dump #25/2664] 최악이__0
  [dump #50/2664] 아깝__1
  [dump #75/2664] 뻔하__2
  [dump #100/2664] 훌륭하__3
  [dump #125/2664] 유쾌하__4
  [dump #150/2664] 진부하__5
  [dump #175/2664] 슬프__6
  [dump #200/2664] 유치하__7
  [dump #225/2664] 최고__8
  [dump #250/2664] 따뜻하__9
  [dump #275/2664] 멋지__10
  [dump #300/2664] 어이없__11
  [dump #325/2664] 너무좋__12
  [dump #350/2664] 별로__13
  [dump #375/2664] 아름답__14
  [dump #400/2664] 재밋__15
  [dump #425/2664] 지루하__16
  [dump #450/2664] 명작이__17
  [dump #475/2664] 재미없__18
  [dump #500/2664] 빠르__19
  [dump #525/2664] 편하__20
  [dump #550/2664] 이쁘__21
  [dump #575/2664] 예쁘__22
  [dump #600/2664] 깔끔하__23
  [dump #625/2664] 저렴하__0
  [dump #650/2664] 귀엽__1
  [dump #675/2664] 부드럽__2
  [dump #700/2664] 잘먹__3
  [dump #725/2664] 조__4
  [dump #750/2664] 맘에들__5
  [dump #775/2664] 적당하__6
  [dump #800/2664] 신선하__7
  [dump #825/2664] 시원하__8
  [dump #850/2664] 좋으__9
  [dump #875/2664] 보고싶__10
  [dump #900/2664] 잘쓰__11
  [dump #925/2664] 아주좋__12
  [dump #950/2664] 딱이__13
  [dump #975/2664] 간편하__14
  [dump #1000/2664] 잘맞__15
  [dump #1025/2664] 촉촉하__16
  [dump #1050/2664] 고맙__17
  [dump #1075/2664] 맛잇__18
  [dump #1100/2664] 딱좋__19
  [dump #1125/2664] 싱싱하__20
  [dump #1150/2664] 편리하__21
  [dump #1175/2664] 착하__22
  [dump #1200/2664] 간단하__23
  [dump #1225/2664] 탄탄하__0
  [dump #1250/2664] 넘좋__1
  [dump #1275/2664] 심플하__2
  [dump #1300/2664] 즐겁__3
  [dump #1325/2664] 짱이__4
  [dump #1350/2664] 순하__5
  [dump #1375/2664] 기대되__6
  [dump #1400/2664] 다먹__7
  [dump #1425/2664] 정말좋__8
  [dump #1450/2664] 친절하__9
  [dump #1475/2664] 맛나__10
  [dump #1500/2664] 수작이__11
  [dump #1525/2664] 다양하__12
  [dump #1550/2664] 감동이__13
  [dump #1575/2664] 안되__14
  [dump #1600/2664] 귀찮__15
  [dump #1625/2664] 못하__16
  [dump #1650/2664] 안맞__17
  [dump #1675/2664] 안좋__18
  [dump #1700/2664] 불편하__19
  [dump #1725/2664] 떨어지__20
  [dump #1750/2664] 심하__21
  [dump #1775/2664] 느리__22
  [dump #1800/2664] 늦__23
  [dump #1825/2664] 맛없__0
  [dump #1850/2664] 뜨__1
  [dump #1875/2664] 비싸__2
  [dump #1900/2664] 이상하__3
  [dump #1925/2664] 실망이__4
  [dump #1950/2664] 짜증나__5
  [dump #1975/2664] 별루__6
  [dump #2000/2664] 엉망이__7
  [dump #2025/2664] 답답하__8
  [dump #2050/2664] 확인하__9
  [dump #2075/2664] 엉성하__10
  [dump #2100/2664] 너무작__11
  [dump #2125/2664] 쓰레기__12
  [dump #2150/2664] 묻__13
  [dump #2175/2664] 허접하__14
  [dump #2200/2664] 돈아깝__15
  [dump #2225/2664] 구리__16
  [dump #2250/2664] 튕기__17
  [dump #2275/2664] 안들__18
  [dump #2300/2664] 너무하__19
  [dump #2325/2664] 해놓__20
  [dump #2350/2664] 더럽__21
  [dump #2375/2664] 어설프__22
  [dump #2400/2664] 거지같__23
  [dump #2425/2664] 못쓰__0
  [dump #2450/2664] 속상하__1
  [dump #2475/2664] 지겹__2
  [dump #2500/2664] 속__3
  [dump #2525/2664] 딱딱하__4
  [dump #2550/2664] 질기__5
  [dump #2575/2664] 안받__6
  [dump #2600/2664] 허술하__7
  [dump #2625/2664] 깨지__8
  [dump #2650/2664] 불량이__9
  poscontrol cos(참__0,참__1)=0.7664 (distinct ✓)
{"ckpt": "/home/aiden/anima-weights/natem_n2/natem_n2_main_s7.clm", "d": 3784, "T": 24, "n": 2664, "out": "hid/gt_n92_main_s7.npz", "poscontrol": "poscontrol cos(참__0,참__1)=0.7664 (distinct ✓)"}
=== anima evaluate → cli/evaluate.py (engine-native ρ-AXON reach · former G0-G6, single-entry twin) ===
dispatch: /usr/bin/python3 /home/aiden/.local/lib/python3.12/site-packages/anima_py/cli/evaluate.py /home/aiden/anima-weights/natem_n2/natem_n2_main_s7.clm --dump-hidden gt_prompts_n92.json --out hid/gt_n92_main_s7.npz --win 24
=== dump win=24 arm=main_s11 06:41:58
[GPU-FALLBACK] decode device path=CPU-numpy (No module named 'cupy')
=== anima evaluate --dump-hidden — ρ·weave / γ binding-lane probe (H_9235) ===
ckpt:  /home/aiden/anima-weights/natem_n2/natem_n2_main_s11.clm
spec:  gt_prompts_n92.json (2664 prompts · T=24 right-align · read-only trunk penultimate)
  [dump #25/2664] 최악이__0
  [dump #50/2664] 아깝__1
  [dump #75/2664] 뻔하__2
  [dump #100/2664] 훌륭하__3
  [dump #125/2664] 유쾌하__4
  [dump #150/2664] 진부하__5
  [dump #175/2664] 슬프__6
  [dump #200/2664] 유치하__7
  [dump #225/2664] 최고__8
  [dump #250/2664] 따뜻하__9
  [dump #275/2664] 멋지__10
  [dump #300/2664] 어이없__11
  [dump #325/2664] 너무좋__12
  [dump #350/2664] 별로__13
  [dump #375/2664] 아름답__14
  [dump #400/2664] 재밋__15
  [dump #425/2664] 지루하__16
  [dump #450/2664] 명작이__17
  [dump #475/2664] 재미없__18
  [dump #500/2664] 빠르__19
  [dump #525/2664] 편하__20
  [dump #550/2664] 이쁘__21
  [dump #575/2664] 예쁘__22
  [dump #600/2664] 깔끔하__23
  [dump #625/2664] 저렴하__0
  [dump #650/2664] 귀엽__1
  [dump #675/2664] 부드럽__2
  [dump #700/2664] 잘먹__3
  [dump #725/2664] 조__4
  [dump #750/2664] 맘에들__5
  [dump #775/2664] 적당하__6
  [dump #800/2664] 신선하__7
  [dump #825/2664] 시원하__8
  [dump #850/2664] 좋으__9
  [dump #875/2664] 보고싶__10
  [dump #900/2664] 잘쓰__11
  [dump #925/2664] 아주좋__12
  [dump #950/2664] 딱이__13
  [dump #975/2664] 간편하__14
  [dump #1000/2664] 잘맞__15
  [dump #1025/2664] 촉촉하__16
  [dump #1050/2664] 고맙__17
  [dump #1075/2664] 맛잇__18
  [dump #1100/2664] 딱좋__19
  [dump #1125/2664] 싱싱하__20
  [dump #1150/2664] 편리하__21
  [dump #1175/2664] 착하__22
  [dump #1200/2664] 간단하__23
  [dump #1225/2664] 탄탄하__0
  [dump #1250/2664] 넘좋__1
  [dump #1275/2664] 심플하__2
  [dump #1300/2664] 즐겁__3
  [dump #1325/2664] 짱이__4
  [dump #1350/2664] 순하__5
  [dump #1375/2664] 기대되__6
  [dump #1400/2664] 다먹__7
  [dump #1425/2664] 정말좋__8
  [dump #1450/2664] 친절하__9
  [dump #1475/2664] 맛나__10
  [dump #1500/2664] 수작이__11
  [dump #1525/2664] 다양하__12
  [dump #1550/2664] 감동이__13
  [dump #1575/2664] 안되__14
  [dump #1600/2664] 귀찮__15
  [dump #1625/2664] 못하__16
  [dump #1650/2664] 안맞__17
  [dump #1675/2664] 안좋__18
  [dump #1700/2664] 불편하__19
  [dump #1725/2664] 떨어지__20
  [dump #1750/2664] 심하__21
  [dump #1775/2664] 느리__22
  [dump #1800/2664] 늦__23
  [dump #1825/2664] 맛없__0
  [dump #1850/2664] 뜨__1
  [dump #1875/2664] 비싸__2
  [dump #1900/2664] 이상하__3
  [dump #1925/2664] 실망이__4
  [dump #1950/2664] 짜증나__5
  [dump #1975/2664] 별루__6
  [dump #2000/2664] 엉망이__7
  [dump #2025/2664] 답답하__8
  [dump #2050/2664] 확인하__9
  [dump #2075/2664] 엉성하__10
  [dump #2100/2664] 너무작__11
  [dump #2125/2664] 쓰레기__12
  [dump #2150/2664] 묻__13
  [dump #2175/2664] 허접하__14
  [dump #2200/2664] 돈아깝__15
  [dump #2225/2664] 구리__16
  [dump #2250/2664] 튕기__17
  [dump #2275/2664] 안들__18
  [dump #2300/2664] 너무하__19
  [dump #2325/2664] 해놓__20
  [dump #2350/2664] 더럽__21
  [dump #2375/2664] 어설프__22
  [dump #2400/2664] 거지같__23
  [dump #2425/2664] 못쓰__0
  [dump #2450/2664] 속상하__1
  [dump #2475/2664] 지겹__2
  [dump #2500/2664] 속__3
  [dump #2525/2664] 딱딱하__4
  [dump #2550/2664] 질기__5
  [dump #2575/2664] 안받__6
  [dump #2600/2664] 허술하__7
  [dump #2625/2664] 깨지__8
  [dump #2650/2664] 불량이__9
  poscontrol cos(참__0,참__1)=0.7545 (distinct ✓)
{"ckpt": "/home/aiden/anima-weights/natem_n2/natem_n2_main_s11.clm", "d": 3784, "T": 24, "n": 2664, "out": "hid/gt_n92_main_s11.npz", "poscontrol": "poscontrol cos(참__0,참__1)=0.7545 (distinct ✓)"}
=== anima evaluate → cli/evaluate.py (engine-native ρ-AXON reach · former G0-G6, single-entry twin) ===
dispatch: /usr/bin/python3 /home/aiden/.local/lib/python3.12/site-packages/anima_py/cli/evaluate.py /home/aiden/anima-weights/natem_n2/natem_n2_main_s11.clm --dump-hidden gt_prompts_n92.json --out hid/gt_n92_main_s11.npz --win 24
=== dump win=24 arm=base_only 06:46:38
[GPU-FALLBACK] decode device path=CPU-numpy (No module named 'cupy')
=== anima evaluate --dump-hidden — ρ·weave / γ binding-lane probe (H_9235) ===
ckpt:  /home/aiden/anima-weights/natem_n2/natem_n2_base_only.clm
spec:  gt_prompts_n92.json (2664 prompts · T=24 right-align · read-only trunk penultimate)
  [dump #25/2664] 최악이__0
  [dump #50/2664] 아깝__1
  [dump #75/2664] 뻔하__2
  [dump #100/2664] 훌륭하__3
  [dump #125/2664] 유쾌하__4
  [dump #150/2664] 진부하__5
  [dump #175/2664] 슬프__6
  [dump #200/2664] 유치하__7
  [dump #225/2664] 최고__8
  [dump #250/2664] 따뜻하__9
  [dump #275/2664] 멋지__10
  [dump #300/2664] 어이없__11
  [dump #325/2664] 너무좋__12
  [dump #350/2664] 별로__13
  [dump #375/2664] 아름답__14
  [dump #400/2664] 재밋__15
  [dump #425/2664] 지루하__16
  [dump #450/2664] 명작이__17
  [dump #475/2664] 재미없__18
  [dump #500/2664] 빠르__19
  [dump #525/2664] 편하__20
  [dump #550/2664] 이쁘__21
  [dump #575/2664] 예쁘__22
  [dump #600/2664] 깔끔하__23
  [dump #625/2664] 저렴하__0
  [dump #650/2664] 귀엽__1
  [dump #675/2664] 부드럽__2
  [dump #700/2664] 잘먹__3
  [dump #725/2664] 조__4
  [dump #750/2664] 맘에들__5
  [dump #775/2664] 적당하__6
  [dump #800/2664] 신선하__7
  [dump #825/2664] 시원하__8
  [dump #850/2664] 좋으__9
  [dump #875/2664] 보고싶__10
  [dump #900/2664] 잘쓰__11
  [dump #925/2664] 아주좋__12
  [dump #950/2664] 딱이__13
  [dump #975/2664] 간편하__14
  [dump #1000/2664] 잘맞__15
  [dump #1025/2664] 촉촉하__16
  [dump #1050/2664] 고맙__17
  [dump #1075/2664] 맛잇__18
  [dump #1100/2664] 딱좋__19
  [dump #1125/2664] 싱싱하__20
  [dump #1150/2664] 편리하__21
  [dump #1175/2664] 착하__22
  [dump #1200/2664] 간단하__23
  [dump #1225/2664] 탄탄하__0
  [dump #1250/2664] 넘좋__1
  [dump #1275/2664] 심플하__2
  [dump #1300/2664] 즐겁__3
  [dump #1325/2664] 짱이__4
  [dump #1350/2664] 순하__5
  [dump #1375/2664] 기대되__6
  [dump #1400/2664] 다먹__7
  [dump #1425/2664] 정말좋__8
  [dump #1450/2664] 친절하__9
  [dump #1475/2664] 맛나__10
  [dump #1500/2664] 수작이__11
  [dump #1525/2664] 다양하__12
  [dump #1550/2664] 감동이__13
  [dump #1575/2664] 안되__14
  [dump #1600/2664] 귀찮__15
  [dump #1625/2664] 못하__16
  [dump #1650/2664] 안맞__17
  [dump #1675/2664] 안좋__18
  [dump #1700/2664] 불편하__19
  [dump #1725/2664] 떨어지__20
  [dump #1750/2664] 심하__21
  [dump #1775/2664] 느리__22
  [dump #1800/2664] 늦__23
  [dump #1825/2664] 맛없__0
  [dump #1850/2664] 뜨__1
  [dump #1875/2664] 비싸__2
  [dump #1900/2664] 이상하__3
  [dump #1925/2664] 실망이__4
  [dump #1950/2664] 짜증나__5
  [dump #1975/2664] 별루__6
  [dump #2000/2664] 엉망이__7
  [dump #2025/2664] 답답하__8
  [dump #2050/2664] 확인하__9
  [dump #2075/2664] 엉성하__10
  [dump #2100/2664] 너무작__11
  [dump #2125/2664] 쓰레기__12
  [dump #2150/2664] 묻__13
  [dump #2175/2664] 허접하__14
  [dump #2200/2664] 돈아깝__15
  [dump #2225/2664] 구리__16
  [dump #2250/2664] 튕기__17
  [dump #2275/2664] 안들__18
  [dump #2300/2664] 너무하__19
  [dump #2325/2664] 해놓__20
  [dump #2350/2664] 더럽__21
  [dump #2375/2664] 어설프__22
  [dump #2400/2664] 거지같__23
  [dump #2425/2664] 못쓰__0
  [dump #2450/2664] 속상하__1
  [dump #2475/2664] 지겹__2
  [dump #2500/2664] 속__3
  [dump #2525/2664] 딱딱하__4
  [dump #2550/2664] 질기__5
  [dump #2575/2664] 안받__6
  [dump #2600/2664] 허술하__7
  [dump #2625/2664] 깨지__8
  [dump #2650/2664] 불량이__9
  poscontrol cos(참__0,참__1)=0.7898 (distinct ✓)
{"ckpt": "/home/aiden/anima-weights/natem_n2/natem_n2_base_only.clm", "d": 3784, "T": 24, "n": 2664, "out": "hid/gt_n92_base_only.npz", "poscontrol": "poscontrol cos(참__0,참__1)=0.7898 (distinct ✓)"}
=== anima evaluate → cli/evaluate.py (engine-native ρ-AXON reach · former G0-G6, single-entry twin) ===
dispatch: /usr/bin/python3 /home/aiden/.local/lib/python3.12/site-packages/anima_py/cli/evaluate.py /home/aiden/anima-weights/natem_n2/natem_n2_base_only.clm --dump-hidden gt_prompts_n92.json --out hid/gt_n92_base_only.npz --win 24
=== dump win=24 arm=shuffle_grid 06:51:31
[GPU-FALLBACK] decode device path=CPU-numpy (No module named 'cupy')
=== anima evaluate --dump-hidden — ρ·weave / γ binding-lane probe (H_9235) ===
ckpt:  /home/aiden/anima-weights/natem_n2/natem_n2_shuffle_grid.clm
spec:  gt_prompts_n92.json (2664 prompts · T=24 right-align · read-only trunk penultimate)
  [dump #25/2664] 최악이__0
  [dump #50/2664] 아깝__1
  [dump #75/2664] 뻔하__2
  [dump #100/2664] 훌륭하__3
  [dump #125/2664] 유쾌하__4
  [dump #150/2664] 진부하__5
  [dump #175/2664] 슬프__6
  [dump #200/2664] 유치하__7
  [dump #225/2664] 최고__8
  [dump #250/2664] 따뜻하__9
  [dump #275/2664] 멋지__10
  [dump #300/2664] 어이없__11
  [dump #325/2664] 너무좋__12
  [dump #350/2664] 별로__13
  [dump #375/2664] 아름답__14
  [dump #400/2664] 재밋__15
  [dump #425/2664] 지루하__16
  [dump #450/2664] 명작이__17
  [dump #475/2664] 재미없__18
  [dump #500/2664] 빠르__19
  [dump #525/2664] 편하__20
  [dump #550/2664] 이쁘__21
  [dump #575/2664] 예쁘__22
  [dump #600/2664] 깔끔하__23
  [dump #625/2664] 저렴하__0
  [dump #650/2664] 귀엽__1
  [dump #675/2664] 부드럽__2
  [dump #700/2664] 잘먹__3
  [dump #725/2664] 조__4
  [dump #750/2664] 맘에들__5
  [dump #775/2664] 적당하__6
  [dump #800/2664] 신선하__7
  [dump #825/2664] 시원하__8
  [dump #850/2664] 좋으__9
  [dump #875/2664] 보고싶__10
  [dump #900/2664] 잘쓰__11
  [dump #925/2664] 아주좋__12
  [dump #950/2664] 딱이__13
  [dump #975/2664] 간편하__14
  [dump #1000/2664] 잘맞__15
  [dump #1025/2664] 촉촉하__16
  [dump #1050/2664] 고맙__17
  [dump #1075/2664] 맛잇__18
  [dump #1100/2664] 딱좋__19
  [dump #1125/2664] 싱싱하__20
  [dump #1150/2664] 편리하__21
  [dump #1175/2664] 착하__22
  [dump #1200/2664] 간단하__23
  [dump #1225/2664] 탄탄하__0
  [dump #1250/2664] 넘좋__1
  [dump #1275/2664] 심플하__2
  [dump #1300/2664] 즐겁__3
  [dump #1325/2664] 짱이__4
  [dump #1350/2664] 순하__5
  [dump #1375/2664] 기대되__6
  [dump #1400/2664] 다먹__7
  [dump #1425/2664] 정말좋__8
  [dump #1450/2664] 친절하__9
  [dump #1475/2664] 맛나__10
  [dump #1500/2664] 수작이__11
  [dump #1525/2664] 다양하__12
  [dump #1550/2664] 감동이__13
  [dump #1575/2664] 안되__14
  [dump #1600/2664] 귀찮__15
  [dump #1625/2664] 못하__16
  [dump #1650/2664] 안맞__17
  [dump #1675/2664] 안좋__18
  [dump #1700/2664] 불편하__19
  [dump #1725/2664] 떨어지__20
  [dump #1750/2664] 심하__21
  [dump #1775/2664] 느리__22
  [dump #1800/2664] 늦__23
  [dump #1825/2664] 맛없__0
  [dump #1850/2664] 뜨__1
  [dump #1875/2664] 비싸__2
  [dump #1900/2664] 이상하__3
  [dump #1925/2664] 실망이__4
  [dump #1950/2664] 짜증나__5
  [dump #1975/2664] 별루__6
  [dump #2000/2664] 엉망이__7
  [dump #2025/2664] 답답하__8
  [dump #2050/2664] 확인하__9
  [dump #2075/2664] 엉성하__10
  [dump #2100/2664] 너무작__11
  [dump #2125/2664] 쓰레기__12
  [dump #2150/2664] 묻__13
  [dump #2175/2664] 허접하__14
  [dump #2200/2664] 돈아깝__15
  [dump #2225/2664] 구리__16
  [dump #2250/2664] 튕기__17
  [dump #2275/2664] 안들__18
  [dump #2300/2664] 너무하__19
  [dump #2325/2664] 해놓__20
  [dump #2350/2664] 더럽__21
  [dump #2375/2664] 어설프__22
  [dump #2400/2664] 거지같__23
  [dump #2425/2664] 못쓰__0
  [dump #2450/2664] 속상하__1
  [dump #2475/2664] 지겹__2
  [dump #2500/2664] 속__3
  [dump #2525/2664] 딱딱하__4
  [dump #2550/2664] 질기__5
  [dump #2575/2664] 안받__6
  [dump #2600/2664] 허술하__7
  [dump #2625/2664] 깨지__8
  [dump #2650/2664] 불량이__9
  poscontrol cos(참__0,참__1)=0.7350 (distinct ✓)
{"ckpt": "/home/aiden/anima-weights/natem_n2/natem_n2_shuffle_grid.clm", "d": 3784, "T": 24, "n": 2664, "out": "hid/gt_n92_shuffle_grid.npz", "poscontrol": "poscontrol cos(참__0,참__1)=0.7350 (distinct ✓)"}
=== anima evaluate → cli/evaluate.py (engine-native ρ-AXON reach · former G0-G6, single-entry twin) ===
dispatch: /usr/bin/python3 /home/aiden/.local/lib/python3.12/site-packages/anima_py/cli/evaluate.py /home/aiden/anima-weights/natem_n2/natem_n2_shuffle_grid.clm --dump-hidden gt_prompts_n92.json --out hid/gt_n92_shuffle_grid.npz --win 24
=== dump win=192 arm=main_s7 06:56:37
[GPU-FALLBACK] decode device path=CPU-numpy (No module named 'cupy')
=== anima evaluate --dump-hidden — ρ·weave / γ binding-lane probe (H_9235) ===
ckpt:  /home/aiden/anima-weights/natem_n2/natem_n2_main_s7.clm
spec:  gt_prompts_n92.json (2664 prompts · T=192 right-align · read-only trunk penultimate)
  [dump #25/2664] 최악이__0
  [dump #50/2664] 아깝__1
  [dump #75/2664] 뻔하__2
  [dump #100/2664] 훌륭하__3
  [dump #125/2664] 유쾌하__4
  [dump #150/2664] 진부하__5
  [dump #175/2664] 슬프__6
  [dump #200/2664] 유치하__7
  [dump #225/2664] 최고__8
  [dump #250/2664] 따뜻하__9
  [dump #275/2664] 멋지__10
  [dump #300/2664] 어이없__11
  [dump #325/2664] 너무좋__12
  [dump #350/2664] 별로__13
  [dump #375/2664] 아름답__14
  [dump #400/2664] 재밋__15
  [dump #425/2664] 지루하__16
  [dump #450/2664] 명작이__17
  [dump #475/2664] 재미없__18
  [dump #500/2664] 빠르__19
  [dump #525/2664] 편하__20
  [dump #550/2664] 이쁘__21
  [dump #575/2664] 예쁘__22
  [dump #600/2664] 깔끔하__23
  [dump #625/2664] 저렴하__0
  [dump #650/2664] 귀엽__1
  [dump #675/2664] 부드럽__2
  [dump #700/2664] 잘먹__3
  [dump #725/2664] 조__4
  [dump #750/2664] 맘에들__5
  [dump #775/2664] 적당하__6
  [dump #800/2664] 신선하__7
  [dump #825/2664] 시원하__8
  [dump #850/2664] 좋으__9
  [dump #875/2664] 보고싶__10
  [dump #900/2664] 잘쓰__11
  [dump #925/2664] 아주좋__12
  [dump #950/2664] 딱이__13
  [dump #975/2664] 간편하__14
  [dump #1000/2664] 잘맞__15
  [dump #1025/2664] 촉촉하__16
  [dump #1050/2664] 고맙__17
  [dump #1075/2664] 맛잇__18
  [dump #1100/2664] 딱좋__19
  [dump #1125/2664] 싱싱하__20
  [dump #1150/2664] 편리하__21
  [dump #1175/2664] 착하__22
  [dump #1200/2664] 간단하__23
  [dump #1225/2664] 탄탄하__0
  [dump #1250/2664] 넘좋__1
  [dump #1275/2664] 심플하__2
  [dump #1300/2664] 즐겁__3
  [dump #1325/2664] 짱이__4
  [dump #1350/2664] 순하__5
  [dump #1375/2664] 기대되__6
  [dump #1400/2664] 다먹__7
  [dump #1425/2664] 정말좋__8
  [dump #1450/2664] 친절하__9
  [dump #1475/2664] 맛나__10
  [dump #1500/2664] 수작이__11
  [dump #1525/2664] 다양하__12
  [dump #1550/2664] 감동이__13
  [dump #1575/2664] 안되__14
  [dump #1600/2664] 귀찮__15
  [dump #1625/2664] 못하__16
  [dump #1650/2664] 안맞__17
  [dump #1675/2664] 안좋__18
  [dump #1700/2664] 불편하__19
  [dump #1725/2664] 떨어지__20
  [dump #1750/2664] 심하__21
  [dump #1775/2664] 느리__22
  [dump #1800/2664] 늦__23
  [dump #1825/2664] 맛없__0
  [dump #1850/2664] 뜨__1
  [dump #1875/2664] 비싸__2
  [dump #1900/2664] 이상하__3
  [dump #1925/2664] 실망이__4
  [dump #1950/2664] 짜증나__5
  [dump #1975/2664] 별루__6
  [dump #2000/2664] 엉망이__7
  [dump #2025/2664] 답답하__8
  [dump #2050/2664] 확인하__9
  [dump #2075/2664] 엉성하__10
  [dump #2100/2664] 너무작__11
  [dump #2125/2664] 쓰레기__12
  [dump #2150/2664] 묻__13
  [dump #2175/2664] 허접하__14
  [dump #2200/2664] 돈아깝__15
  [dump #2225/2664] 구리__16
  [dump #2250/2664] 튕기__17
  [dump #2275/2664] 안들__18
  [dump #2300/2664] 너무하__19
  [dump #2325/2664] 해놓__20
  [dump #2350/2664] 더럽__21
  [dump #2375/2664] 어설프__22
  [dump #2400/2664] 거지같__23
  [dump #2425/2664] 못쓰__0
  [dump #2450/2664] 속상하__1
  [dump #2475/2664] 지겹__2
  [dump #2500/2664] 속__3
  [dump #2525/2664] 딱딱하__4
  [dump #2550/2664] 질기__5
  [dump #2575/2664] 안받__6
  [dump #2600/2664] 허술하__7
  [dump #2625/2664] 깨지__8
  [dump #2650/2664] 불량이__9
  poscontrol cos(참__0,참__1)=0.8840 (distinct ✓)
{"ckpt": "/home/aiden/anima-weights/natem_n2/natem_n2_main_s7.clm", "d": 3784, "T": 192, "n": 2664, "out": "hid/w192_main_s7.npz", "poscontrol": "poscontrol cos(참__0,참__1)=0.8840 (distinct ✓)"}
=== anima evaluate → cli/evaluate.py (engine-native ρ-AXON reach · former G0-G6, single-entry twin) ===
dispatch: /usr/bin/python3 /home/aiden/.local/lib/python3.12/site-packages/anima_py/cli/evaluate.py /home/aiden/anima-weights/natem_n2/natem_n2_main_s7.clm --dump-hidden gt_prompts_n92.json --out hid/w192_main_s7.npz --win 192
=== dump win=192 arm=main_s11 07:19:19
[GPU-FALLBACK] decode device path=CPU-numpy (No module named 'cupy')
=== anima evaluate --dump-hidden — ρ·weave / γ binding-lane probe (H_9235) ===
ckpt:  /home/aiden/anima-weights/natem_n2/natem_n2_main_s11.clm
spec:  gt_prompts_n92.json (2664 prompts · T=192 right-align · read-only trunk penultimate)
  [dump #25/2664] 최악이__0
  [dump #50/2664] 아깝__1
  [dump #75/2664] 뻔하__2
  [dump #100/2664] 훌륭하__3
  [dump #125/2664] 유쾌하__4
  [dump #150/2664] 진부하__5
  [dump #175/2664] 슬프__6
  [dump #200/2664] 유치하__7
  [dump #225/2664] 최고__8
  [dump #250/2664] 따뜻하__9
  [dump #275/2664] 멋지__10
  [dump #300/2664] 어이없__11
  [dump #325/2664] 너무좋__12
  [dump #350/2664] 별로__13
  [dump #375/2664] 아름답__14
  [dump #400/2664] 재밋__15
  [dump #425/2664] 지루하__16
  [dump #450/2664] 명작이__17
  [dump #475/2664] 재미없__18
  [dump #500/2664] 빠르__19
  [dump #525/2664] 편하__20
  [dump #550/2664] 이쁘__21
  [dump #575/2664] 예쁘__22
  [dump #600/2664] 깔끔하__23
  [dump #625/2664] 저렴하__0
  [dump #650/2664] 귀엽__1
  [dump #675/2664] 부드럽__2
  [dump #700/2664] 잘먹__3
  [dump #725/2664] 조__4
  [dump #750/2664] 맘에들__5
  [dump #775/2664] 적당하__6
  [dump #800/2664] 신선하__7
  [dump #825/2664] 시원하__8
  [dump #850/2664] 좋으__9
  [dump #875/2664] 보고싶__10
  [dump #900/2664] 잘쓰__11
  [dump #925/2664] 아주좋__12
  [dump #950/2664] 딱이__13
  [dump #975/2664] 간편하__14
  [dump #1000/2664] 잘맞__15
  [dump #1025/2664] 촉촉하__16
  [dump #1050/2664] 고맙__17
  [dump #1075/2664] 맛잇__18
  [dump #1100/2664] 딱좋__19
  [dump #1125/2664] 싱싱하__20
  [dump #1150/2664] 편리하__21
  [dump #1175/2664] 착하__22
  [dump #1200/2664] 간단하__23
  [dump #1225/2664] 탄탄하__0
  [dump #1250/2664] 넘좋__1
  [dump #1275/2664] 심플하__2
  [dump #1300/2664] 즐겁__3
  [dump #1325/2664] 짱이__4
  [dump #1350/2664] 순하__5
  [dump #1375/2664] 기대되__6
  [dump #1400/2664] 다먹__7
  [dump #1425/2664] 정말좋__8
  [dump #1450/2664] 친절하__9
  [dump #1475/2664] 맛나__10
  [dump #1500/2664] 수작이__11
  [dump #1525/2664] 다양하__12
  [dump #1550/2664] 감동이__13
  [dump #1575/2664] 안되__14
  [dump #1600/2664] 귀찮__15
  [dump #1625/2664] 못하__16
  [dump #1650/2664] 안맞__17
  [dump #1675/2664] 안좋__18
  [dump #1700/2664] 불편하__19
  [dump #1725/2664] 떨어지__20
  [dump #1750/2664] 심하__21
  [dump #1775/2664] 느리__22
  [dump #1800/2664] 늦__23
  [dump #1825/2664] 맛없__0
  [dump #1850/2664] 뜨__1
  [dump #1875/2664] 비싸__2
  [dump #1900/2664] 이상하__3
  [dump #1925/2664] 실망이__4
  [dump #1950/2664] 짜증나__5
  [dump #1975/2664] 별루__6
  [dump #2000/2664] 엉망이__7
  [dump #2025/2664] 답답하__8
  [dump #2050/2664] 확인하__9
  [dump #2075/2664] 엉성하__10
  [dump #2100/2664] 너무작__11
  [dump #2125/2664] 쓰레기__12
  [dump #2150/2664] 묻__13
  [dump #2175/2664] 허접하__14
  [dump #2200/2664] 돈아깝__15
  [dump #2225/2664] 구리__16
  [dump #2250/2664] 튕기__17
  [dump #2275/2664] 안들__18
  [dump #2300/2664] 너무하__19
  [dump #2325/2664] 해놓__20
  [dump #2350/2664] 더럽__21
  [dump #2375/2664] 어설프__22
  [dump #2400/2664] 거지같__23
  [dump #2425/2664] 못쓰__0
  [dump #2450/2664] 속상하__1
  [dump #2475/2664] 지겹__2
  [dump #2500/2664] 속__3
  [dump #2525/2664] 딱딱하__4
  [dump #2550/2664] 질기__5
  [dump #2575/2664] 안받__6
  [dump #2600/2664] 허술하__7
  [dump #2625/2664] 깨지__8
  [dump #2650/2664] 불량이__9
  poscontrol cos(참__0,참__1)=0.8878 (distinct ✓)
{"ckpt": "/home/aiden/anima-weights/natem_n2/natem_n2_main_s11.clm", "d": 3784, "T": 192, "n": 2664, "out": "hid/w192_main_s11.npz", "poscontrol": "poscontrol cos(참__0,참__1)=0.8878 (distinct ✓)"}
=== anima evaluate → cli/evaluate.py (engine-native ρ-AXON reach · former G0-G6, single-entry twin) ===
dispatch: /usr/bin/python3 /home/aiden/.local/lib/python3.12/site-packages/anima_py/cli/evaluate.py /home/aiden/anima-weights/natem_n2/natem_n2_main_s11.clm --dump-hidden gt_prompts_n92.json --out hid/w192_main_s11.npz --win 192
=== dump win=192 arm=base_only 07:42:48
[GPU-FALLBACK] decode device path=CPU-numpy (No module named 'cupy')
=== anima evaluate --dump-hidden — ρ·weave / γ binding-lane probe (H_9235) ===
ckpt:  /home/aiden/anima-weights/natem_n2/natem_n2_base_only.clm
spec:  gt_prompts_n92.json (2664 prompts · T=192 right-align · read-only trunk penultimate)
  [dump #25/2664] 최악이__0
  [dump #50/2664] 아깝__1
  [dump #75/2664] 뻔하__2
  [dump #100/2664] 훌륭하__3
  [dump #125/2664] 유쾌하__4
  [dump #150/2664] 진부하__5
  [dump #175/2664] 슬프__6
  [dump #200/2664] 유치하__7
  [dump #225/2664] 최고__8
  [dump #250/2664] 따뜻하__9
  [dump #275/2664] 멋지__10
  [dump #300/2664] 어이없__11
  [dump #325/2664] 너무좋__12
  [dump #350/2664] 별로__13
  [dump #375/2664] 아름답__14
  [dump #400/2664] 재밋__15
  [dump #425/2664] 지루하__16
  [dump #450/2664] 명작이__17
  [dump #475/2664] 재미없__18
  [dump #500/2664] 빠르__19
  [dump #525/2664] 편하__20
  [dump #550/2664] 이쁘__21
  [dump #575/2664] 예쁘__22
  [dump #600/2664] 깔끔하__23
  [dump #625/2664] 저렴하__0
  [dump #650/2664] 귀엽__1
  [dump #675/2664] 부드럽__2
  [dump #700/2664] 잘먹__3
  [dump #725/2664] 조__4
  [dump #750/2664] 맘에들__5
  [dump #775/2664] 적당하__6
  [dump #800/2664] 신선하__7
  [dump #825/2664] 시원하__8
  [dump #850/2664] 좋으__9
  [dump #875/2664] 보고싶__10
  [dump #900/2664] 잘쓰__11
  [dump #925/2664] 아주좋__12
  [dump #950/2664] 딱이__13
  [dump #975/2664] 간편하__14
  [dump #1000/2664] 잘맞__15
  [dump #1025/2664] 촉촉하__16
  [dump #1050/2664] 고맙__17
  [dump #1075/2664] 맛잇__18
  [dump #1100/2664] 딱좋__19
  [dump #1125/2664] 싱싱하__20
  [dump #1150/2664] 편리하__21
  [dump #1175/2664] 착하__22
  [dump #1200/2664] 간단하__23
  [dump #1225/2664] 탄탄하__0
  [dump #1250/2664] 넘좋__1
  [dump #1275/2664] 심플하__2
  [dump #1300/2664] 즐겁__3
  [dump #1325/2664] 짱이__4
  [dump #1350/2664] 순하__5
  [dump #1375/2664] 기대되__6
  [dump #1400/2664] 다먹__7
  [dump #1425/2664] 정말좋__8
  [dump #1450/2664] 친절하__9
  [dump #1475/2664] 맛나__10
  [dump #1500/2664] 수작이__11
  [dump #1525/2664] 다양하__12
  [dump #1550/2664] 감동이__13
  [dump #1575/2664] 안되__14
  [dump #1600/2664] 귀찮__15
  [dump #1625/2664] 못하__16
  [dump #1650/2664] 안맞__17
  [dump #1675/2664] 안좋__18
  [dump #1700/2664] 불편하__19
  [dump #1725/2664] 떨어지__20
  [dump #1750/2664] 심하__21
  [dump #1775/2664] 느리__22
  [dump #1800/2664] 늦__23
  [dump #1825/2664] 맛없__0
  [dump #1850/2664] 뜨__1
  [dump #1875/2664] 비싸__2
  [dump #1900/2664] 이상하__3
  [dump #1925/2664] 실망이__4
  [dump #1950/2664] 짜증나__5
  [dump #1975/2664] 별루__6
  [dump #2000/2664] 엉망이__7
  [dump #2025/2664] 답답하__8
  [dump #2050/2664] 확인하__9
  [dump #2075/2664] 엉성하__10
  [dump #2100/2664] 너무작__11
  [dump #2125/2664] 쓰레기__12
  [dump #2150/2664] 묻__13
  [dump #2175/2664] 허접하__14
  [dump #2200/2664] 돈아깝__15
  [dump #2225/2664] 구리__16
  [dump #2250/2664] 튕기__17
  [dump #2275/2664] 안들__18
  [dump #2300/2664] 너무하__19
  [dump #2325/2664] 해놓__20
  [dump #2350/2664] 더럽__21
  [dump #2375/2664] 어설프__22
  [dump #2400/2664] 거지같__23
  [dump #2425/2664] 못쓰__0
  [dump #2450/2664] 속상하__1
  [dump #2475/2664] 지겹__2
  [dump #2500/2664] 속__3
  [dump #2525/2664] 딱딱하__4
  [dump #2550/2664] 질기__5
  [dump #2575/2664] 안받__6
  [dump #2600/2664] 허술하__7
  [dump #2625/2664] 깨지__8
  [dump #2650/2664] 불량이__9
  poscontrol cos(참__0,참__1)=0.9061 (distinct ✓)
{"ckpt": "/home/aiden/anima-weights/natem_n2/natem_n2_base_only.clm", "d": 3784, "T": 192, "n": 2664, "out": "hid/w192_base_only.npz", "poscontrol": "poscontrol cos(참__0,참__1)=0.9061 (distinct ✓)"}
=== anima evaluate → cli/evaluate.py (engine-native ρ-AXON reach · former G0-G6, single-entry twin) ===
dispatch: /usr/bin/python3 /home/aiden/.local/lib/python3.12/site-packages/anima_py/cli/evaluate.py /home/aiden/anima-weights/natem_n2/natem_n2_base_only.clm --dump-hidden gt_prompts_n92.json --out hid/w192_base_only.npz --win 192
=== dump win=192 arm=shuffle_grid 08:10:35
[GPU-FALLBACK] decode device path=CPU-numpy (No module named 'cupy')
=== anima evaluate --dump-hidden — ρ·weave / γ binding-lane probe (H_9235) ===
ckpt:  /home/aiden/anima-weights/natem_n2/natem_n2_shuffle_grid.clm
spec:  gt_prompts_n92.json (2664 prompts · T=192 right-align · read-only trunk penultimate)
  [dump #25/2664] 최악이__0
  [dump #50/2664] 아깝__1
  [dump #75/2664] 뻔하__2
  [dump #100/2664] 훌륭하__3
  [dump #125/2664] 유쾌하__4
  [dump #150/2664] 진부하__5
  [dump #175/2664] 슬프__6
  [dump #200/2664] 유치하__7
  [dump #225/2664] 최고__8
  [dump #250/2664] 따뜻하__9
  [dump #275/2664] 멋지__10
  [dump #300/2664] 어이없__11
  [dump #325/2664] 너무좋__12
  [dump #350/2664] 별로__13
  [dump #375/2664] 아름답__14
  [dump #400/2664] 재밋__15
  [dump #425/2664] 지루하__16
  [dump #450/2664] 명작이__17
  [dump #475/2664] 재미없__18
  [dump #500/2664] 빠르__19
  [dump #525/2664] 편하__20
  [dump #550/2664] 이쁘__21
  [dump #575/2664] 예쁘__22
  [dump #600/2664] 깔끔하__23
  [dump #625/2664] 저렴하__0
  [dump #650/2664] 귀엽__1
  [dump #675/2664] 부드럽__2
  [dump #700/2664] 잘먹__3
  [dump #725/2664] 조__4
  [dump #750/2664] 맘에들__5
  [dump #775/2664] 적당하__6
  [dump #800/2664] 신선하__7
  [dump #825/2664] 시원하__8
  [dump #850/2664] 좋으__9
  [dump #875/2664] 보고싶__10
  [dump #900/2664] 잘쓰__11
  [dump #925/2664] 아주좋__12
  [dump #950/2664] 딱이__13
  [dump #975/2664] 간편하__14
  [dump #1000/2664] 잘맞__15
  [dump #1025/2664] 촉촉하__16
  [dump #1050/2664] 고맙__17
  [dump #1075/2664] 맛잇__18
  [dump #1100/2664] 딱좋__19
  [dump #1125/2664] 싱싱하__20
  [dump #1150/2664] 편리하__21
  [dump #1175/2664] 착하__22
  [dump #1200/2664] 간단하__23
  [dump #1225/2664] 탄탄하__0
  [dump #1250/2664] 넘좋__1
  [dump #1275/2664] 심플하__2
  [dump #1300/2664] 즐겁__3
  [dump #1325/2664] 짱이__4
  [dump #1350/2664] 순하__5
  [dump #1375/2664] 기대되__6
  [dump #1400/2664] 다먹__7
  [dump #1425/2664] 정말좋__8
  [dump #1450/2664] 친절하__9
  [dump #1475/2664] 맛나__10
  [dump #1500/2664] 수작이__11
  [dump #1525/2664] 다양하__12
  [dump #1550/2664] 감동이__13
  [dump #1575/2664] 안되__14
  [dump #1600/2664] 귀찮__15
  [dump #1625/2664] 못하__16
  [dump #1650/2664] 안맞__17
  [dump #1675/2664] 안좋__18
  [dump #1700/2664] 불편하__19
  [dump #1725/2664] 떨어지__20
  [dump #1750/2664] 심하__21
  [dump #1775/2664] 느리__22
  [dump #1800/2664] 늦__23
  [dump #1825/2664] 맛없__0
  [dump #1850/2664] 뜨__1
  [dump #1875/2664] 비싸__2
  [dump #1900/2664] 이상하__3
  [dump #1925/2664] 실망이__4
  [dump #1950/2664] 짜증나__5
  [dump #1975/2664] 별루__6
  [dump #2000/2664] 엉망이__7
  [dump #2025/2664] 답답하__8
  [dump #2050/2664] 확인하__9
  [dump #2075/2664] 엉성하__10
  [dump #2100/2664] 너무작__11
  [dump #2125/2664] 쓰레기__12
  [dump #2150/2664] 묻__13
  [dump #2175/2664] 허접하__14
  [dump #2200/2664] 돈아깝__15
  [dump #2225/2664] 구리__16
  [dump #2250/2664] 튕기__17
  [dump #2275/2664] 안들__18
  [dump #2300/2664] 너무하__19
  [dump #2325/2664] 해놓__20
  [dump #2350/2664] 더럽__21
  [dump #2375/2664] 어설프__22
  [dump #2400/2664] 거지같__23
  [dump #2425/2664] 못쓰__0
  [dump #2450/2664] 속상하__1
  [dump #2475/2664] 지겹__2
  [dump #2500/2664] 속__3
  [dump #2525/2664] 딱딱하__4
  [dump #2550/2664] 질기__5
  [dump #2575/2664] 안받__6
  [dump #2600/2664] 허술하__7
  [dump #2625/2664] 깨지__8
  [dump #2650/2664] 불량이__9
  poscontrol cos(참__0,참__1)=0.9187 (distinct ✓)
{"ckpt": "/home/aiden/anima-weights/natem_n2/natem_n2_shuffle_grid.clm", "d": 3784, "T": 192, "n": 2664, "out": "hid/w192_shuffle_grid.npz", "poscontrol": "poscontrol cos(참__0,참__1)=0.9187 (distinct ✓)"}
=== anima evaluate → cli/evaluate.py (engine-native ρ-AXON reach · former G0-G6, single-entry twin) ===
dispatch: /usr/bin/python3 /home/aiden/.local/lib/python3.12/site-packages/anima_py/cli/evaluate.py /home/aiden/anima-weights/natem_n2/natem_n2_shuffle_grid.clm --dump-hidden gt_prompts_n92.json --out hid/w192_shuffle_grid.npz --win 192
=== V-CONTRAST (win=24, must reproduce H_9297 0.527/0.505)
      main_s7 | n= 91 · sd 0.0524 · bar = 2.86σ
              | P-LIN 0.527 (train 1.00)  vs perm-null p95 0.583 · perm p = 0.295 · exact p = 0.338
              | [V-LENGTH] length-only floor 0.648 · length-residual P-LIN 0.495   [V-CV] LOO(train20) 0.500
              | [monitor] P-NL 0.505   [V-REPRO] old-29 subset 0.552
     main_s11 | n= 91 · sd 0.0524 · bar = 2.86σ
              | P-LIN 0.505 (train 1.00)  vs perm-null p95 0.604 · perm p = 0.425 · exact p = 0.500
              | [V-LENGTH] length-only floor 0.648 · length-residual P-LIN 0.527   [V-CV] LOO(train20) 0.550
              | [monitor] P-NL 0.516   [V-REPRO] old-29 subset 0.552
    base_only | n= 91 · sd 0.0524 · bar = 2.86σ
              | P-LIN 0.549 (train 1.00)  vs perm-null p95 0.605 · perm p = 0.265 · exact p = 0.201
              | [V-LENGTH] length-only floor 0.648 · length-residual P-LIN 0.505   [V-CV] LOO(train20) 0.400
              | [monitor] P-NL 0.505   [V-REPRO] old-29 subset 0.517
 shuffle_grid | n= 91 · sd 0.0524 · bar = 2.86σ
              | P-LIN 0.527 (train 1.00)  vs perm-null p95 0.583 · perm p = 0.300 · exact p = 0.338
              | [V-LENGTH] length-only floor 0.648 · length-residual P-LIN 0.516   [V-CV] LOO(train20) 0.500
              | [monitor] P-NL 0.560   [V-REPRO] old-29 subset 0.552

 V_REPRO: PASS
    V_CV: FAIL
  V_BASE: PASS
V_LENGTH: FAIL (beats length-only floor: False · survives length-residual: False)

VERDICT: ⏳ INVALID — a standing V-gate failed; no tier is reported.
=== MAIN (win=192)
      main_s7 | n= 91 · sd 0.0524 · bar = 2.86σ
              | P-LIN 0.505 (train 1.00)  vs perm-null p95 0.582 · perm p = 0.455 · exact p = 0.500
              | [V-LENGTH] length-only floor 0.648 · length-residual P-LIN 0.484   [V-CV] LOO(train20) 0.500
              | [monitor] P-NL 0.527   [V-REPRO] old-29 subset 0.483
     main_s11 | n= 91 · sd 0.0524 · bar = 2.86σ
              | P-LIN 0.527 (train 1.00)  vs perm-null p95 0.583 · perm p = 0.305 · exact p = 0.338
              | [V-LENGTH] length-only floor 0.648 · length-residual P-LIN 0.473   [V-CV] LOO(train20) 0.450
              | [monitor] P-NL 0.505   [V-REPRO] old-29 subset 0.552
    base_only | n= 91 · sd 0.0524 · bar = 2.86σ
              | P-LIN 0.549 (train 1.00)  vs perm-null p95 0.604 · perm p = 0.185 · exact p = 0.201
              | [V-LENGTH] length-only floor 0.648 · length-residual P-LIN 0.462   [V-CV] LOO(train20) 0.350
              | [monitor] P-NL 0.505   [V-REPRO] old-29 subset 0.517
 shuffle_grid | n= 91 · sd 0.0524 · bar = 2.86σ
              | P-LIN 0.560 (train 1.00)  vs perm-null p95 0.571 · perm p = 0.105 · exact p = 0.147
              | [V-LENGTH] length-only floor 0.648 · length-residual P-LIN 0.462   [V-CV] LOO(train20) 0.450
              | [monitor] P-NL 0.538   [V-REPRO] old-29 subset 0.586

 V_REPRO: FAIL
    V_CV: FAIL
  V_BASE: PASS
V_LENGTH: FAIL (beats length-only floor: False · survives length-residual: False)

VERDICT: ⏳ INVALID — a standing V-gate failed; no tier is reported.
=== DONE 08:38:51
