# F5 emit_gen_w  ckpt=/root/anima-weights/py303_savant_mitosis.clm  M=16  K=5  max_new=48  mouth=clm  loaded-W
# clm_load_weights DONE (loaded-W handle live)
EMIT	0	canyon	0	true	 the state and the concern for the state and the
EMIT	0	canyon	1	true	 they many classification among the districtions
EMIT	0	canyon	2	true	 this evolutions like and his one are unbergant 
EMIT	0	canyon	3	true	 concern to be a bring the divide property, so t
EMIT	0	canyon	4	true	 permented apper such as the catter and prant ga
EMIT	1	tundra	0	true	 the state and the concern for the state and the
EMIT	1	tundra	1	true	 the sand to alchemy anarchists are the rame a c
EMIT	1	tundra	2	true	 signed to the south contains of the alabama was
EMIT	1	tundra	3	true	 amphage in the could related the her animals an
EMIT	1	tundra	4	true	 competions. see time. grant and apollo is the b
EMIT	2	cathedral	0	true	 the state and the concern for the state and the
EMIT	2	cathedral	1	true	 the supported as a named proff life the publica
EMIT	2	cathedral	2	true	 court of all languages concerns, but with more 
EMIT	2	cathedral	3	true	 he general company, and hat the production, and
EMIT	2	cathedral	4	true	 has a the nominated with he named a gefls and b
EMIT	3	cello	0	true	 the state and the concern for the state and the
EMIT	3	cello	1	true	 to the good and in the early right to apollo an
EMIT	3	cello	2	true	 the this leader guarded the history of the tota
EMIT	3	cello	3	true	 the group don's be in the solvely publicate the
EMIT	3	cello	4	true	 apollo and the history of those of apollo. in l
