=== REMOTE FIRE START 2026-06-05T11:21:04Z ===
NVIDIA RTX A6000, 46068 MiB, 560.35.03
torch 2.4.0 cuda True NVIDIA RTX A6000
FETCH anima-7b/web/eng/shard0000.bytes bytes=0-838860799
  wrote 838860800 bytes (en)
FETCH anima-7b/web/fra/shard0000.bytes bytes=0-838860799
  wrote 838860800 bytes (fr)
FETCH anima-7b/web/deu/shard0000.bytes bytes=0-838860799
  wrote 838860800 bytes (de)
FETCH anima-7b/web/spa/shard0000.bytes bytes=0-838860799
  wrote 838860800 bytes (es)
FETCH anima-7b/web/kor/shard0000.bytes bytes=0-838860799
  wrote 838860800 bytes (ko)
CORPUS_DONE {"per_lang_mb": 800, "langs": [{"lang": "en", "shard": "anima-7b/web/eng/shard0000.bytes", "bytes": 838860800}, {"lang": "fr", "shard": "anima-7b/web/fra/shard0000.bytes", "bytes": 838860800}, {"lang": "de", "shard": "anima-7b/web/deu/shard0000.bytes", "bytes": 838860800}, {"lang": "es", "shard": "anima-7b/web/spa/shard0000.bytes", "bytes": 838860800}, {"lang": "ko", "shard": "anima-7b/web/kor/shard0000.bytes", "bytes": 838860800}], "out": "/workspace/mid_corpus_5lang.bytes", "total_bytes": 4194304000, "sha256": "3f12c4c42b03923dd4c76efc99a8deaf69d1b1ecc6fa25e7641d3ad8154cf731"}
-rw-r--r-- 1 root root 4194304000 Jun  5 11:23 /workspace/mid_corpus_5lang.bytes
=== TRAIN START 2026-06-05T11:23:25Z ===
DEVICE cuda name=NVIDIA RTX A6000 cap=8.6 torch=2.4.0
PARAMS n_params=7479042 (7.479M) d=768 E=2 L=1 K=3 V=256
CORPUS path=/workspace/mid_corpus_5lang.bytes bytes=4194304000
STEP      0 ce=5.72962 loss=5.73358 lr=3.00e-06 aux=0.0040 ent=0.6357
STEP    100 ce=2.50071 loss=2.50387 lr=1.53e-04 aux=0.0032 ent=0.6834
STEP    200 ce=2.17672 loss=2.17988 lr=2.99e-04 aux=0.0032 ent=0.6879
STEP    300 ce=1.99903 loss=2.00214 lr=2.98e-04 aux=0.0031 ent=0.6894
STEP    400 ce=1.93113 loss=1.93424 lr=2.97e-04 aux=0.0031 ent=0.6909
STEP    500 ce=1.93256 loss=1.93565 lr=2.95e-04 aux=0.0031 ent=0.6916
STEP    600 ce=1.84790 loss=1.85098 lr=2.93e-04 aux=0.0031 ent=0.6921
STEP    700 ce=1.81962 loss=1.82270 lr=2.90e-04 aux=0.0031 ent=0.6924
STEP    800 ce=1.80437 loss=1.80745 lr=2.87e-04 aux=0.0031 ent=0.6926
STEP    900 ce=1.83061 loss=1.83368 lr=2.84e-04 aux=0.0031 ent=0.6927
STEP   1000 ce=1.74051 loss=1.74358 lr=2.80e-04 aux=0.0031 ent=0.6928
STEP   1100 ce=1.81534 loss=1.81841 lr=2.76e-04 aux=0.0031 ent=0.6929
STEP   1200 ce=1.69247 loss=1.69554 lr=2.71e-04 aux=0.0031 ent=0.6929
STEP   1300 ce=1.71729 loss=1.72037 lr=2.67e-04 aux=0.0031 ent=0.6929
STEP   1400 ce=1.72993 loss=1.73301 lr=2.61e-04 aux=0.0031 ent=0.6929
STEP   1500 ce=1.69143 loss=1.69450 lr=2.56e-04 aux=0.0031 ent=0.6930
STEP   1600 ce=1.69333 loss=1.69640 lr=2.50e-04 aux=0.0031 ent=0.6930
STEP   1700 ce=1.64994 loss=1.65301 lr=2.44e-04 aux=0.0031 ent=0.6930
STEP   1800 ce=1.68430 loss=1.68737 lr=2.38e-04 aux=0.0031 ent=0.6931
STEP   1900 ce=1.61965 loss=1.62272 lr=2.32e-04 aux=0.0031 ent=0.6931
STEP   2000 ce=1.63053 loss=1.63360 lr=2.25e-04 aux=0.0031 ent=0.6931
STEP   2100 ce=1.67494 loss=1.67801 lr=2.18e-04 aux=0.0031 ent=0.6931
STEP   2200 ce=1.66897 loss=1.67204 lr=2.11e-04 aux=0.0031 ent=0.6931
STEP   2300 ce=1.69712 loss=1.70018 lr=2.04e-04 aux=0.0031 ent=0.6931
STEP   2400 ce=1.71134 loss=1.71442 lr=1.96e-04 aux=0.0031 ent=0.6931
STEP   2500 ce=1.64821 loss=1.65129 lr=1.89e-04 aux=0.0031 ent=0.6931
STEP   2600 ce=1.60237 loss=1.60545 lr=1.81e-04 aux=0.0031 ent=0.6931
STEP   2700 ce=1.64573 loss=1.64880 lr=1.73e-04 aux=0.0031 ent=0.6931
STEP   2800 ce=1.60273 loss=1.60580 lr=1.66e-04 aux=0.0031 ent=0.6931
STEP   2900 ce=1.56500 loss=1.56807 lr=1.58e-04 aux=0.0031 ent=0.6931
STEP   3000 ce=1.61942 loss=1.62249 lr=1.50e-04 aux=0.0031 ent=0.6931
STEP   3100 ce=1.59511 loss=1.59818 lr=1.42e-04 aux=0.0031 ent=0.6931
STEP   3200 ce=1.57383 loss=1.57690 lr=1.34e-04 aux=0.0031 ent=0.6931
STEP   3300 ce=1.59247 loss=1.59554 lr=1.26e-04 aux=0.0031 ent=0.6931
STEP   3400 ce=1.55272 loss=1.55579 lr=1.19e-04 aux=0.0031 ent=0.6931
STEP   3500 ce=1.57822 loss=1.58129 lr=1.11e-04 aux=0.0031 ent=0.6931
STEP   3600 ce=1.59418 loss=1.59724 lr=1.04e-04 aux=0.0031 ent=0.6931
STEP   3700 ce=1.55578 loss=1.55884 lr=9.62e-05 aux=0.0031 ent=0.6931
STEP   3800 ce=1.58830 loss=1.59137 lr=8.89e-05 aux=0.0031 ent=0.6931
STEP   3900 ce=1.58457 loss=1.58764 lr=8.18e-05 aux=0.0031 ent=0.6931
STEP   4000 ce=1.56305 loss=1.56612 lr=7.49e-05 aux=0.0031 ent=0.6931
STEP   4100 ce=1.61455 loss=1.61762 lr=6.82e-05 aux=0.0031 ent=0.6931
STEP   4200 ce=1.50380 loss=1.50687 lr=6.18e-05 aux=0.0031 ent=0.6931
STEP   4300 ce=1.50411 loss=1.50717 lr=5.55e-05 aux=0.0031 ent=0.6931
STEP   4400 ce=1.51478 loss=1.51785 lr=4.96e-05 aux=0.0031 ent=0.6931
STEP   4500 ce=1.56674 loss=1.56981 lr=4.39e-05 aux=0.0031 ent=0.6931
STEP   4600 ce=1.49476 loss=1.49783 lr=3.85e-05 aux=0.0031 ent=0.6931
STEP   4700 ce=1.51204 loss=1.51511 lr=3.34e-05 aux=0.0031 ent=0.6931
STEP   4800 ce=1.52061 loss=1.52367 lr=2.86e-05 aux=0.0031 ent=0.6931
STEP   4900 ce=1.52771 loss=1.53077 lr=2.42e-05 aux=0.0031 ent=0.6931
STEP   5000 ce=1.53237 loss=1.53544 lr=2.01e-05 aux=0.0031 ent=0.6931
STEP   5100 ce=1.50736 loss=1.51043 lr=1.63e-05 aux=0.0031 ent=0.6931
STEP   5200 ce=1.51841 loss=1.52148 lr=1.29e-05 aux=0.0031 ent=0.6931
STEP   5300 ce=1.57010 loss=1.57317 lr=9.93e-06 aux=0.0031 ent=0.6931
STEP   5400 ce=1.55810 loss=1.56116 lr=7.32e-06 aux=0.0031 ent=0.6931
STEP   5500 ce=1.47807 loss=1.48114 lr=5.09e-06 aux=0.0031 ent=0.6931
STEP   5600 ce=1.53998 loss=1.54305 lr=3.26e-06 aux=0.0031 ent=0.6931
STEP   5700 ce=1.47646 loss=1.47953 lr=1.83e-06 aux=0.0031 ent=0.6931
STEP   5800 ce=1.47284 loss=1.47591 lr=8.14e-07 aux=0.0031 ent=0.6931
STEP   5900 ce=1.51496 loss=1.51802 lr=2.01e-07 aux=0.0031 ent=0.6931
STEP   5999 ce=1.54804 loss=1.55111 lr=0.00e+00 aux=0.0031 ent=0.6931
FINAL_EVAL_CE 1.51978  (held-window mean over 40 batches)
DESCENT first_ce=5.72962 last_logged_ce=1.54804 eval_ce=1.51978 uniform_ln256=5.54520
CKPT saved /workspace/mid_convmoe.pt (29921783 bytes)
CLM serialized /workspace/mid_convmoe.clm (4463478 bytes)
RESULT {"substrate": "GPU-torch", "device": "NVIDIA RTX A6000", "compute_cap": "8.6", "torch": "2.4.0", "d_model": 768, "n_experts": 2, "n_trunk_layers": 1, "kernel_size": 3, "vocab": 256, "n_params": 7479042, "steps": 6000, "seq_len": 256, "batch_size": 64, "lr": 0.0003, "bf16": true, "wall_s": 150.4, "first_ce": 5.72962, "last_train_ce": 1.54804, "final_eval_ce": 1.51978, "uniform_ce_ln256": 5.5452, "descent": [[0, 5.72962], [100, 2.50071], [200, 2.17672], [300, 1.99903], [400, 1.93113], [500, 1.93256], [600, 1.8479], [700, 1.81962], [800, 1.80437], [900, 1.83061], [1000, 1.74051], [1100, 1.81534], [1200, 1.69247], [1300, 1.71729], [1400, 1.72993], [1500, 1.69143], [1600, 1.69333], [1700, 1.64994], [1800, 1.6843], [1900, 1.61965], [2000, 1.63053], [2100, 1.67494], [2200, 1.66897], [2300, 1.69712], [2400, 1.71134], [2500, 1.64821], [2600, 1.60237], [2700, 1.64573], [2800, 1.60273], [2900, 1.565], [3000, 1.61942], [3100, 1.59511], [3200, 1.57383], [3300, 1.59247], [3400, 1.55272], [3500, 1.57822], [3600, 1.59418], [3700, 1.55578], [3800, 1.5883], [3900, 1.58457], [4000, 1.56305], [4100, 1.61455], [4200, 1.5038], [4300, 1.50411], [4400, 1.51478], [4500, 1.56674], [4600, 1.49476], [4700, 1.51204], [4800, 1.52061], [4900, 1.52771], [5000, 1.53237], [5100, 1.50736], [5200, 1.51841], [5300, 1.5701], [5400, 1.5581], [5500, 1.47807], [5600, 1.53998], [5700, 1.47646], [5800, 1.47284], [5900, 1.51496], [5999, 1.54804]], "corpus": "/workspace/mid_corpus_5lang.bytes", "corpus_bytes": 4194304000, "clm_out": "/workspace/mid_convmoe.clm", "clm_bytes": 4463478}
=== TRAIN RC=0 ===
=== VERIFY CLM_V2 ===
F-CLM-V2-ROUNDTRIP=1
F-CLM-V3-BYTEEQ-V2=1  (byte-identical (46742 bytes))
F-CLM-V3-ROUNDTRIP-SMALL=1  (d=48 L=4 E=6: ok)
F-CLM-V3-ROUNDTRIP-3BDIMS=1  (d=128 L=30 E=30 [3B block/ext topology, reduced d]: ok)
GOLDEN: file not found (skipped) — set GOLDEN_CLM=<path>
MID_CLM_DECODABLE TRUE nblk 6 clmx True n_ext 11 block0 {'cout': 768, 'rest': 2304, 'nibbles': 884736}
=== REMOTE FIRE DONE 2026-06-05T11:26:15Z RC=0 ===
FIRE_COMPLETE_SENTINEL
