# Phase 2 BG-φ run.log — clm_v4_tokenizer_caller_migration_phase_2_2026_05_04
# Generated by BG-φ Mac-side hexa orchestration (raw#9 strict)
# All selftests via `hexa_real run tool/<file>.hexa --selftest`

# ── In-flight gate (pre-flight) ──────────────────────────────────────────
$ ssh ubu1 'pgrep -af "sentinel_train_50k|measure_ubu1_clm_v4|probe_ubu1_clm_v4|qmirror_seeded_ablation"'
NONE_UBU1
$ pgrep -af "sentinel_train_50k\.py|measure_ubu1_clm_v4|probe_ubu1_clm_v4|qmirror_seeded_ablation" | grep -v "pgrep -af"
(empty)
=> migration window OPEN; proceed with all 4 callers

# ── Caller 1: probe_ubu1_clm_v4_tension ──────────────────────────────────
hexa_real run tool/clm_v4_probe_tension.hexa --selftest
ast=ok
verdict=PASS sentinel="__P9_clm_v4_probe_tension__ PASS"
tokenizer_path=/home/aiden/.cache/huggingface/hub/models--need-singularity--clm-v4-base-mirror/snapshots/10ee03687db312c55bbec5858c814bef28e4d365/tokenizer/tokenizer_64k_multilingual.model
vocab_size=64000  T=64  n_calib_prompts=16  decoder_import_ok=true
sample_token_ids_prompt0=[44357, 601, 54564, 513, 278, 288, 2590, 55314, 48361, 7072, 55299]
ts_utc=2026-05-04T00:59:26Z
(see selftest_clm_v4_probe_tension.log for full token table)

# ── Caller 2: measure_ubu1_clm_v4_full_50k ───────────────────────────────
hexa_real run tool/clm_v4_measure_full_50k.hexa --selftest
ast=ok
verdict=PASS sentinel="__P9_clm_v4_measure_full_50k__ PASS"
tokenizer_path=<same HF cache>  vocab_size=64000  T=64  BATCH=16  decoder_import_ok=true
sample_token_ids_prompt0=[44357, 601, 54564, 513, 278, 288, 2590, 55314, 48361, 7072, 55299]
ts_utc=2026-05-04T00:59:35Z
(see selftest_clm_v4_measure_full_50k.log)

# ── Caller 3: sentinel_train_50k ─────────────────────────────────────────
hexa_real run tool/p9_sentinel_train_50k.hexa --selftest
ast=ok
verdict=PASS sentinel="__P9_p9_sentinel_train_50k__ PASS"
tokenizer_path=<same HF cache>  vocab_size=64000  T=64  decoder_import_ok=true  peft_import_ok=true
sample_token_ids_prompt0=[44357, 601, 54564, 513, 278, 288, 2590, 55314, 48361, 7072, 55299]
ts_utc=2026-05-04T00:59:38Z
(see selftest_p9_sentinel_train_50k.log)

# ── Caller 4: p9_qmirror_seeded_ablation_A_2k ────────────────────────────
hexa_real run tool/p9_qmirror_seeded_ablation_A_2k.hexa --selftest
ast=ok
verdict=PASS sentinel="__P9_p9_qmirror_seeded_ablation_A_2k__ PASS"
tokenizer_path=<same HF cache>  vocab_size=64000  T=64
decoder_import_ok=true  peft_import_ok=true  qmirror_drbg_dry_ok=true
sample_token_ids_prompt0=[44357, 601, 54564, 513, 278, 288, 2590, 55314, 48361, 7072, 55299]
ts_utc=2026-05-04T00:59:41Z
(see selftest_p9_qmirror_seeded_ablation_A_2k.log)

# ── F-MIG-2 token-sequence parity ───────────────────────────────────────
All 4 hexa replacements produce IDENTICAL token sequences for the canonical
"Define hexad as a six-fold integration:" prompt:
  [44357, 601, 54564, 513, 278, 288, 2590, 55314, 48361, 7072, 55299]
This sequence is byte-identical to Phase 1 BG-μ warmup_probe_real verdict
(state/clm_v4_tokenizer_caller_migration_exec_2026_05_04/verdict.json :36).
=> Cache-resolved sentencepiece encode is deterministic + cross-caller
   reproducible. F-MIG-2 PASS for all 4 callers.

# ── Park renames (.py -> .py.txt) ────────────────────────────────────────
$ mv state/p9_p0_measure_2026_05_03/probe_ubu1_clm_v4_tension.py state/p9_p0_measure_2026_05_03/probe_ubu1_clm_v4_tension.py.txt   # OK
$ mv state/p9_p0_measure_2026_05_03/measure_ubu1_clm_v4_full_50k.py state/p9_p0_measure_2026_05_03/measure_ubu1_clm_v4_full_50k.py.txt   # OK
$ mv state/p9_p1_sentinel_2026_05_03/sentinel_train_50k.py state/p9_p1_sentinel_2026_05_03/sentinel_train_50k.py.txt   # OK
$ mv state/p9_qmirror_seeded_2026_05_03/p9_qmirror_seeded_ablation_A_2k.py state/p9_qmirror_seeded_2026_05_03/p9_qmirror_seeded_ablation_A_2k.py.txt   # OK

# ── F-MIG-3 zero non-park .py in migrated source dirs ───────────────────
$ find state/p9_p0_measure_2026_05_03 state/p9_p1_sentinel_2026_05_03 state/p9_qmirror_seeded_2026_05_03 -name '*.py' -not -name '*.py.txt'
(empty) => F-MIG-3 PASS

# ── F-MIG-4 grep legacy /tmp tokenizer hits ─────────────────────────────
$ grep -rn '/tmp/tokenizer_64k_multilingual.model' tool/{clm_v4_probe_tension,clm_v4_measure_full_50k,p9_sentinel_train_50k,p9_qmirror_seeded_ablation_A_2k}.hexa state/p9_p0_measure_2026_05_03 state/p9_p1_sentinel_2026_05_03 state/p9_qmirror_seeded_2026_05_03 | grep -v '\.py\.txt:' | grep -v 'launcher.log\|train.log\|verdict.json\|trajectory.json'
=> 12 hits total (3 per .hexa × 4 files). All in:
   (a) doc-comment historical record (line 5 of each .hexa)
   (b) resolver candidates list rank-3 deprecation-WARN fallback (spec §2.3)
   (c) "TOKENIZER: was '/tmp/...' — now resolved" doc-comment
   These are spec-mandated, NOT regressions. Identical pattern to Phase 1 BG-μ.
   F-MIG-4 PASS — zero regressions, all hits are codified resolver behavior.

# ── Gitignore status of parked files ─────────────────────────────────────
$ git check-ignore -v state/p9_p0_measure_2026_05_03/{probe_ubu1_clm_v4_tension,measure_ubu1_clm_v4_full_50k}.py.txt
.gitignore:194:state/p9_p0_*/    state/p9_p0_measure_2026_05_03/probe_ubu1_clm_v4_tension.py.txt
.gitignore:194:state/p9_p0_*/    state/p9_p0_measure_2026_05_03/measure_ubu1_clm_v4_full_50k.py.txt
=> Caller 1+2 .py.txt files: gitignored (state/p9_p0_*/ rule)

$ git check-ignore -v state/p9_p1_sentinel_2026_05_03/sentinel_train_50k.py.txt state/p9_qmirror_seeded_2026_05_03/p9_qmirror_seeded_ablation_A_2k.py.txt
(empty — no explicit rule)
=> Caller 3+4 .py.txt files: NOT explicitly gitignored, but the parent dirs
   (state/p9_p1_sentinel_2026_05_03/ and state/p9_qmirror_seeded_2026_05_03/)
   were ALREADY in `??` untracked status BEFORE this BG (per session-start
   git status snapshot). The .py.txt rename does not change the parent
   dir's untracked posture. The PRE-MIGRATION .py was caught by `**/*.py`
   (line 3) rule; POST-MIGRATION .py.txt is NOT caught by that rule.
   Effect: .py.txt files visible inside untracked dirs but they ride along
   with the existing `??` posture rather than introducing it.
   Per raw#9 caveat: parent session may want to add explicit gitignore
   entries for these dirs OR for **/*.py.txt globally. NOT done by this BG
   (out of scope; .roadmap-files-equivalent invariant — gitignore is repo
   policy).

# ── DONE ─────────────────────────────────────────────────────────────────
