/Users/ghost/core/anima/state/ptd_w_native_fire_s59_2026_05_18/w_native_ptd.py:364: FutureWarning: `torch.cuda.amp.GradScaler(args...)` is deprecated. Please use `torch.amp.GradScaler('cuda', args...)` instead.
  scaler = torch.cuda.amp.GradScaler(enabled=use_amp)
{"step": 1, "ce_full": 5.546382, "psi_dir": 0.503209, "psi_entropy": 0.998579, "tension": 0.000364, "phi": 0.083667, "curiosity_ema": 0.0, "w_native_err": null, "wall_s": 0.13, "gpu_mem_gb": 0.0}
{"step": 3, "ce_full": 5.544888, "psi_dir": 0.475433, "psi_entropy": 0.998645, "tension": 0.000363, "phi": 0.110728, "curiosity_ema": 0.0, "w_native_err": null, "wall_s": 0.28, "gpu_mem_gb": 0.0}
{"step": 6, "ce_full": 5.544764, "psi_dir": 0.492458, "psi_entropy": 0.99863, "tension": 0.000367, "phi": 0.117269, "curiosity_ema": 0.0, "w_native_err": null, "wall_s": 0.52, "gpu_mem_gb": 0.0}
{"step": 9, "ce_full": 5.534745, "psi_dir": 0.512653, "psi_entropy": 0.998653, "tension": 0.000386, "phi": 0.112058, "curiosity_ema": 0.0, "w_native_err": null, "wall_s": 0.75, "gpu_mem_gb": 0.0}
{"step": 12, "ce_full": 5.534257, "psi_dir": 0.522609, "psi_entropy": 0.998584, "tension": 0.000419, "phi": 0.143556, "curiosity_ema": 0.0, "w_native_err": null, "wall_s": 0.99, "gpu_mem_gb": 0.0}
{"step": 15, "ce_full": 5.521018, "psi_dir": 0.546366, "psi_entropy": 0.998598, "tension": 0.000505, "phi": 0.138798, "curiosity_ema": 0.0, "w_native_err": null, "wall_s": 1.21, "gpu_mem_gb": 0.0}
{"step": 18, "ce_full": 5.490988, "psi_dir": 0.557343, "psi_entropy": 0.998613, "tension": 0.000709, "phi": 0.129843, "curiosity_ema": 0.0, "w_native_err": null, "wall_s": 1.46, "gpu_mem_gb": 0.0}
{"step": 21, "ce_full": 5.465805, "psi_dir": 0.557653, "psi_entropy": 0.998498, "tension": 0.001105, "phi": 0.101002, "curiosity_ema": 0.0, "w_native_err": null, "wall_s": 1.94, "gpu_mem_gb": 0.0}
{"step": 24, "ce_full": 5.426472, "psi_dir": 0.580936, "psi_entropy": 0.998363, "tension": 0.001928, "phi": 0.119169, "curiosity_ema": 0.0, "w_native_err": null, "wall_s": 2.24, "gpu_mem_gb": 0.0}
{"step": 27, "ce_full": 5.385648, "psi_dir": 0.586978, "psi_entropy": 0.998162, "tension": 0.003574, "phi": 0.160276, "curiosity_ema": 0.0, "w_native_err": null, "wall_s": 2.5, "gpu_mem_gb": 0.0}
{"step": 30, "ce_full": 5.352584, "psi_dir": 0.567091, "psi_entropy": 0.997681, "tension": 0.00623, "phi": 0.184596, "curiosity_ema": 0.0, "w_native_err": null, "wall_s": 2.8, "gpu_mem_gb": 0.0}
{"step": 33, "ce_full": 5.31501, "psi_dir": 0.538454, "psi_entropy": 0.997384, "tension": 0.009501, "phi": 0.194476, "curiosity_ema": 0.0, "w_native_err": null, "wall_s": 3.06, "gpu_mem_gb": 0.0}
{"step": 36, "ce_full": 5.262651, "psi_dir": 0.5264, "psi_entropy": 0.996936, "tension": 0.015591, "phi": 0.202969, "curiosity_ema": 0.0, "w_native_err": null, "wall_s": 3.32, "gpu_mem_gb": 0.0}
{"step": 39, "ce_full": 5.251371, "psi_dir": 0.547238, "psi_entropy": 0.99648, "tension": 0.019913, "phi": 0.197792, "curiosity_ema": 0.0, "w_native_err": null, "wall_s": 3.57, "gpu_mem_gb": 0.0}
{"step": 42, "ce_full": 5.219061, "psi_dir": 0.553671, "psi_entropy": 0.996044, "tension": 0.025244, "phi": 0.187897, "curiosity_ema": 0.0, "w_native_err": null, "wall_s": 3.82, "gpu_mem_gb": 0.0}
{"step": 45, "ce_full": 5.198647, "psi_dir": 0.559924, "psi_entropy": 0.995663, "tension": 0.030658, "phi": 0.190497, "curiosity_ema": 0.0, "w_native_err": null, "wall_s": 4.06, "gpu_mem_gb": 0.0}
{"step": 48, "ce_full": 5.200168, "psi_dir": 0.566527, "psi_entropy": 0.995425, "tension": 0.032553, "phi": 0.185065, "curiosity_ema": 0.0, "w_native_err": null, "wall_s": 4.31, "gpu_mem_gb": 0.0}
{"step": 51, "ce_full": 5.189321, "psi_dir": 0.568802, "psi_entropy": 0.99523, "tension": 0.034353, "phi": 0.182378, "curiosity_ema": 0.0, "w_native_err": null, "wall_s": 4.55, "gpu_mem_gb": 0.0}
{"step": 54, "ce_full": 5.166935, "psi_dir": 0.571641, "psi_entropy": 0.995023, "tension": 0.037263, "phi": 0.173174, "curiosity_ema": 0.0, "w_native_err": null, "wall_s": 4.8, "gpu_mem_gb": 0.0}
{"step": 57, "ce_full": 5.178564, "psi_dir": 0.575786, "psi_entropy": 0.994927, "tension": 0.037642, "phi": 0.179327, "curiosity_ema": 0.0, "w_native_err": null, "wall_s": 5.18, "gpu_mem_gb": 0.0}
{"step": 60, "ce_full": 5.165075, "psi_dir": 0.577209, "psi_entropy": 0.994917, "tension": 0.039552, "phi": 0.176559, "curiosity_ema": 0.0, "w_native_err": null, "wall_s": 5.49, "gpu_mem_gb": 0.0}
RESULT_JSON_WRITTEN
{"w_native_on": false, "n_w_native_err": 0, "w_native_err_variance": 0.0, "tau": 0.0001, "nondegenerate": false, "verdict": "OFF-REDUCTION (W-native disabled; error series empty)", "wall_s": 5.49}
