/Users/ghost/core/anima/state/ptd_w_native_fire_s59_2026_05_18/w_native_ptd.py:364: FutureWarning: `torch.cuda.amp.GradScaler(args...)` is deprecated. Please use `torch.amp.GradScaler('cuda', args...)` instead.
  scaler = torch.cuda.amp.GradScaler(enabled=use_amp)
{"step": 1, "ce_full": 5.546382, "psi_dir": 0.503209, "psi_entropy": 0.998579, "tension": 0.000364, "phi": 0.083667, "curiosity_ema": 0.0, "w_native_err": null, "wall_s": 0.14, "gpu_mem_gb": 0.0}
{"step": 3, "ce_full": 5.544888, "psi_dir": 0.475433, "psi_entropy": 0.998645, "tension": 0.000363, "phi": 0.110728, "curiosity_ema": 0.03524397, "w_native_err": 0.35243973, "wall_s": 0.34, "gpu_mem_gb": 0.0}
{"step": 6, "ce_full": 5.544764, "psi_dir": 0.492458, "psi_entropy": 0.99863, "tension": 0.000367, "phi": 0.117269, "curiosity_ema": 0.06275517, "w_native_err": 0.31035596, "wall_s": 0.84, "gpu_mem_gb": 0.0}
{"step": 9, "ce_full": 5.534745, "psi_dir": 0.512653, "psi_entropy": 0.998653, "tension": 0.000386, "phi": 0.112058, "curiosity_ema": 0.08476907, "w_native_err": 0.28289419, "wall_s": 1.19, "gpu_mem_gb": 0.0}
{"step": 12, "ce_full": 5.534257, "psi_dir": 0.522609, "psi_entropy": 0.998584, "tension": 0.000419, "phi": 0.143556, "curiosity_ema": 0.10176798, "w_native_err": 0.25475818, "wall_s": 1.43, "gpu_mem_gb": 0.0}
{"step": 15, "ce_full": 5.521018, "psi_dir": 0.546366, "psi_entropy": 0.998598, "tension": 0.000505, "phi": 0.138798, "curiosity_ema": 0.11521241, "w_native_err": 0.23621228, "wall_s": 1.7, "gpu_mem_gb": 0.0}
{"step": 18, "ce_full": 5.490988, "psi_dir": 0.557343, "psi_entropy": 0.998613, "tension": 0.000709, "phi": 0.129843, "curiosity_ema": 0.12501956, "w_native_err": 0.21328382, "wall_s": 1.95, "gpu_mem_gb": 0.0}
{"step": 21, "ce_full": 5.465805, "psi_dir": 0.557653, "psi_entropy": 0.998498, "tension": 0.001105, "phi": 0.101002, "curiosity_ema": 0.13133412, "w_native_err": 0.18816516, "wall_s": 2.21, "gpu_mem_gb": 0.0}
{"step": 24, "ce_full": 5.426472, "psi_dir": 0.580936, "psi_entropy": 0.998363, "tension": 0.001928, "phi": 0.119169, "curiosity_ema": 0.13440402, "w_native_err": 0.16203317, "wall_s": 2.45, "gpu_mem_gb": 0.0}
{"step": 27, "ce_full": 5.385648, "psi_dir": 0.586978, "psi_entropy": 0.998162, "tension": 0.003574, "phi": 0.160276, "curiosity_ema": 0.13583488, "w_native_err": 0.14871261, "wall_s": 2.93, "gpu_mem_gb": 0.0}
{"step": 30, "ce_full": 5.352584, "psi_dir": 0.567091, "psi_entropy": 0.997681, "tension": 0.00623, "phi": 0.184596, "curiosity_ema": 0.13586061, "w_native_err": 0.13609214, "wall_s": 3.3, "gpu_mem_gb": 0.0}
{"step": 33, "ce_full": 5.31501, "psi_dir": 0.538454, "psi_entropy": 0.997384, "tension": 0.009501, "phi": 0.194476, "curiosity_ema": 0.13415367, "w_native_err": 0.11879127, "wall_s": 3.57, "gpu_mem_gb": 0.0}
{"step": 36, "ce_full": 5.262651, "psi_dir": 0.5264, "psi_entropy": 0.996936, "tension": 0.015591, "phi": 0.202969, "curiosity_ema": 0.13088907, "w_native_err": 0.10150768, "wall_s": 3.9, "gpu_mem_gb": 0.0}
{"step": 39, "ce_full": 5.251371, "psi_dir": 0.547238, "psi_entropy": 0.99648, "tension": 0.019913, "phi": 0.197792, "curiosity_ema": 0.12666295, "w_native_err": 0.08862783, "wall_s": 4.24, "gpu_mem_gb": 0.0}
{"step": 42, "ce_full": 5.219061, "psi_dir": 0.553671, "psi_entropy": 0.996044, "tension": 0.025244, "phi": 0.187897, "curiosity_ema": 0.12167087, "w_native_err": 0.07674213, "wall_s": 4.62, "gpu_mem_gb": 0.0}
{"step": 45, "ce_full": 5.198647, "psi_dir": 0.559924, "psi_entropy": 0.995663, "tension": 0.030658, "phi": 0.190497, "curiosity_ema": 0.11598057, "w_native_err": 0.06476785, "wall_s": 5.21, "gpu_mem_gb": 0.0}
{"step": 48, "ce_full": 5.200168, "psi_dir": 0.566527, "psi_entropy": 0.995425, "tension": 0.032553, "phi": 0.185065, "curiosity_ema": 0.10990554, "w_native_err": 0.0552303, "wall_s": 5.66, "gpu_mem_gb": 0.0}
{"step": 51, "ce_full": 5.189321, "psi_dir": 0.568802, "psi_entropy": 0.99523, "tension": 0.034353, "phi": 0.182378, "curiosity_ema": 0.10346688, "w_native_err": 0.04551897, "wall_s": 5.97, "gpu_mem_gb": 0.0}
{"step": 54, "ce_full": 5.166935, "psi_dir": 0.571641, "psi_entropy": 0.995023, "tension": 0.037263, "phi": 0.173174, "curiosity_ema": 0.09680105, "w_native_err": 0.03680856, "wall_s": 6.24, "gpu_mem_gb": 0.0}
{"step": 57, "ce_full": 5.178564, "psi_dir": 0.575786, "psi_entropy": 0.994927, "tension": 0.037642, "phi": 0.179327, "curiosity_ema": 0.09004152, "w_native_err": 0.02920573, "wall_s": 6.53, "gpu_mem_gb": 0.0}
{"step": 60, "ce_full": 5.165075, "psi_dir": 0.577209, "psi_entropy": 0.994917, "tension": 0.039552, "phi": 0.176559, "curiosity_ema": 0.08336923, "w_native_err": 0.0233186, "wall_s": 6.82, "gpu_mem_gb": 0.0}
RESULT_JSON_WRITTEN
{"w_native_on": true, "n_w_native_err": 20, "w_native_err_variance": 0.00956798523, "tau": 0.0001, "nondegenerate": true, "verdict": "a \u2014 ESCAPES-COLLAPSE-ON-REAL-W-STATE-AT-SCALE (error-variance > tau in BOTH real sub-regimes; non-degenerate intrinsic curiosity \u2014 STRONGER than the \u00a759 stub; stated cleanly, NO over-claim)", "wall_s": 6.82}
