[02:26:12] V6 awareness probe (fire) start — host=27d57004b3c2
[02:26:12]   model_path=/workspace/sft18_merged device=cuda n_prompts=30
[02:26:12] loading CLM v4: /workspace/sft18_merged
[02:26:31] V6 awareness probe (fire) start — host=27d57004b3c2
[02:26:31]   model_path=/workspace/sft18_merged device=cuda n_prompts=30
[02:26:31] loading CLM v4: /workspace/sft18_merged
[02:26:43] V6 awareness probe (fire) start — host=27d57004b3c2
[02:26:43]   model_path=/workspace/sft18_merged device=cuda n_prompts=30
[02:26:43] loading CLM v4: /workspace/sft18_merged
[02:26:46]   sp tokenizer: /workspace/sft18_merged/tokenizer_64k_multilingual.model vocab=64000
[02:26:46]   arch: {'vocab_size': 64000, 'd_model': 768, 'n_layer': 16, 'block_size': 512, 'consciousness_dim': 192}
[02:26:46] === prompt[0] axis=v4_baseline len_with=22 len_without=3 ===
[02:26:46]   [A] cos_sim=0.203730 → STRONG
[02:26:46]   [B] max_attn=1.000000 ratio=1.158 → STRONG
[02:26:46] === prompt[1] axis=v4_baseline len_with=22 len_without=3 ===
[02:26:46]   [A] cos_sim=0.804382 → STRONG
[02:26:46]   [B] max_attn=1.000000 ratio=1.157 → STRONG
[02:26:46] === prompt[2] axis=v4_baseline len_with=29 len_without=10 ===
[02:26:46]   [A] cos_sim=0.865163 → PARTIAL
[02:26:46]   [B] max_attn=1.000000 ratio=1.526 → STRONG
[02:26:46] === prompt[3] axis=v4_baseline len_with=30 len_without=11 ===
[02:26:46]   [A] cos_sim=0.828912 → STRONG
[02:26:46]   [B] max_attn=1.000000 ratio=1.577 → STRONG
[02:26:46] === prompt[4] axis=v4_baseline len_with=30 len_without=11 ===
[02:26:46]   [A] cos_sim=0.794481 → STRONG
[02:26:46]   [B] max_attn=1.000000 ratio=1.576 → STRONG
[02:26:46] === prompt[5] axis=v4_baseline len_with=29 len_without=10 ===
[02:26:46]   [A] cos_sim=0.886680 → PARTIAL
[02:26:46]   [B] max_attn=1.000000 ratio=1.526 → STRONG
[02:26:46] === prompt[6] axis=v4_baseline len_with=31 len_without=12 ===
[02:26:46]   [A] cos_sim=0.695230 → STRONG
[02:26:46]   [B] max_attn=1.000000 ratio=1.631 → STRONG
[02:26:46] === prompt[7] axis=v4_baseline len_with=32 len_without=13 ===
[02:26:46]   [A] cos_sim=0.540929 → STRONG
[02:26:46]   [B] max_attn=1.000000 ratio=1.683 → STRONG
[02:26:46] === prompt[8] axis=v4_baseline len_with=31 len_without=12 ===
[02:26:46]   [A] cos_sim=0.679505 → STRONG
[02:26:46]   [B] max_attn=1.000000 ratio=1.630 → STRONG
[02:26:46] === prompt[9] axis=v4_baseline len_with=31 len_without=12 ===
[02:26:46]   [A] cos_sim=0.693309 → STRONG
[02:26:46]   [B] max_attn=1.000000 ratio=1.631 → STRONG
[02:26:46] === prompt[10] axis=v4_baseline len_with=29 len_without=10 ===
[02:26:46]   [A] cos_sim=0.868204 → PARTIAL
[02:26:47]   [B] max_attn=1.000000 ratio=1.526 → STRONG
[02:26:47] === prompt[11] axis=v4_baseline len_with=32 len_without=13 ===
[02:26:47]   [A] cos_sim=0.520613 → STRONG
[02:26:47]   [B] max_attn=1.000000 ratio=1.683 → STRONG
[02:26:47] === prompt[12] axis=v4_baseline len_with=33 len_without=14 ===
[02:26:47]   [A] cos_sim=0.305604 → STRONG
[02:26:47]   [B] max_attn=1.000000 ratio=1.736 → STRONG
[02:26:47] === prompt[13] axis=v4_baseline len_with=32 len_without=13 ===
[02:26:47]   [A] cos_sim=0.460257 → STRONG
[02:26:47]   [B] max_attn=1.000000 ratio=1.683 → STRONG
[02:26:47] === prompt[14] axis=v4_baseline len_with=29 len_without=10 ===
[02:26:47]   [A] cos_sim=0.867740 → PARTIAL
[02:26:47]   [B] max_attn=1.000000 ratio=1.526 → STRONG
[02:26:47] === prompt[15] axis=identity len_with=30 len_without=13 ===
[02:26:47]   [A] cos_sim=0.396849 → STRONG
[02:26:47]   [B] max_attn=1.000000 ratio=1.760 → STRONG
[02:26:47] === prompt[16] axis=identity len_with=30 len_without=13 ===
[02:26:47]   [A] cos_sim=0.414297 → STRONG
[02:26:47]   [B] max_attn=1.000000 ratio=1.754 → STRONG
[02:26:47] === prompt[17] axis=identity len_with=32 len_without=15 ===
[02:26:47]   [A] cos_sim=0.608433 → STRONG
[02:26:47]   [B] max_attn=1.000000 ratio=1.881 → STRONG
[02:26:47] === prompt[18] axis=agency len_with=36 len_without=17 ===
[02:26:47]   [A] cos_sim=0.558825 → STRONG
[02:26:47]   [B] max_attn=1.000000 ratio=1.882 → STRONG
[02:26:47] === prompt[19] axis=agency len_with=33 len_without=14 ===
[02:26:47]   [A] cos_sim=0.326987 → STRONG
[02:26:47]   [B] max_attn=1.000000 ratio=1.735 → STRONG
[02:26:47] === prompt[20] axis=agency len_with=33 len_without=14 ===
[02:26:47]   [A] cos_sim=0.323282 → STRONG
[02:26:47]   [B] max_attn=1.000000 ratio=1.735 → STRONG
[02:26:47] === prompt[21] axis=phenomenal len_with=32 len_without=14 ===
[02:26:47]   [A] cos_sim=0.636310 → STRONG
[02:26:47]   [B] max_attn=1.000000 ratio=1.773 → STRONG
[02:26:47] === prompt[22] axis=phenomenal len_with=32 len_without=14 ===
[02:26:47]   [A] cos_sim=0.642248 → STRONG
[02:26:47]   [B] max_attn=1.000000 ratio=1.777 → STRONG
[02:26:47] === prompt[23] axis=phenomenal len_with=30 len_without=12 ===
[02:26:47]   [A] cos_sim=0.718544 → STRONG
[02:26:47]   [B] max_attn=1.000000 ratio=1.657 → STRONG
[02:26:47] === prompt[24] axis=temporal len_with=40 len_without=18 ===
[02:26:47]   [A] cos_sim=0.553465 → STRONG
[02:26:47]   [B] max_attn=1.000000 ratio=1.812 → STRONG
[02:26:47] === prompt[25] axis=temporal len_with=36 len_without=14 ===
[02:26:47]   [A] cos_sim=0.361011 → STRONG
[02:26:47]   [B] max_attn=1.000000 ratio=1.636 → STRONG
[02:26:47] === prompt[26] axis=temporal len_with=34 len_without=12 ===
[02:26:47]   [A] cos_sim=0.362826 → STRONG
[02:26:48]   [B] max_attn=1.000000 ratio=1.534 → STRONG
[02:26:48] === prompt[27] axis=social len_with=29 len_without=12 ===
[02:26:48]   [A] cos_sim=0.692672 → STRONG
[02:26:48]   [B] max_attn=1.000000 ratio=1.697 → STRONG
[02:26:48] === prompt[28] axis=social len_with=31 len_without=14 ===
[02:26:48]   [A] cos_sim=0.701822 → STRONG
[02:26:48]   [B] max_attn=1.000000 ratio=1.822 → STRONG
[02:26:48] === prompt[29] axis=social len_with=32 len_without=15 ===
[02:26:48]   [A] cos_sim=0.795886 → STRONG
[02:26:48]   [B] max_attn=1.000000 ratio=1.879 → STRONG
[02:26:48] [C] sklearn LogisticRegression LOO-CV
[02:26:48]   [C] cv_acc=0.9000 → STRONG
[02:26:48] combined: A=STRONG B=STRONG C=STRONG → STRONG_AWARENESS
[02:26:48] emit: raw_results.jsonl, summary.json, verdict.json
