=== preflight cuda ===
CUDA_AVAILABLE=1
=== base_7_0 rc=0 peak=[0 MiB] og=1 fb=0 killed=0 10:42:50 ===
=== base_7_1 rc=0 peak=[9959 MiB] og=1 fb=0 killed=0 10:44:51 ===
=== base_7_2 rc=0 peak=[9959 MiB] og=1 fb=0 killed=0 10:46:55 ===
=== base_7_3 rc=0 peak=[9955 MiB] og=1 fb=0 killed=0 10:48:53 ===
=== base_7_4 rc=0 peak=[9963 MiB] og=1 fb=0 killed=0 10:50:51 ===
=== base_7_5 rc=0 peak=[9957 MiB] og=1 fb=0 killed=0 10:52:50 ===
=== base_4302_0 rc=0 peak=[9959 MiB] og=1 fb=0 killed=0 10:54:49 ===
=== base_4302_1 rc=0 peak=[9959 MiB] og=1 fb=0 killed=0 10:56:49 ===
=== base_4302_2 rc=0 peak=[9959 MiB] og=1 fb=0 killed=0 10:58:48 ===
=== base_4302_3 rc=0 peak=[9963 MiB] og=1 fb=0 killed=0 11:00:46 ===
=== base_4302_4 rc=0 peak=[9965 MiB] og=1 fb=0 killed=0 11:02:43 ===
=== base_4302_5 rc=0 peak=[9965 MiB] og=1 fb=0 killed=0 11:04:41 ===
=== base_4303_0 rc=0 peak=[9961 MiB] og=1 fb=0 killed=0 11:06:40 ===
=== base_4303_1 rc=0 peak=[9959 MiB] og=1 fb=0 killed=0 11:08:40 ===
=== base_4303_2 rc=0 peak=[9961 MiB] og=1 fb=0 killed=0 11:10:38 ===
=== base_4303_3 rc=0 peak=[9963 MiB] og=1 fb=0 killed=0 11:12:36 ===
=== base_4303_4 rc=0 peak=[9963 MiB] og=1 fb=0 killed=0 11:14:33 ===
=== base_4303_5 rc=0 peak=[9959 MiB] og=1 fb=0 killed=0 11:16:30 ===
=== targeted_7_0 rc=0 peak=[9965 MiB] og=1 fb=1 killed=0 11:18:32 ===
=== targeted_7_1 rc=0 peak=[9961 MiB] og=1 fb=1 killed=0 11:20:32 ===
=== targeted_7_2 rc=0 peak=[9965 MiB] og=1 fb=0 killed=0 11:22:30 ===
=== targeted_7_3 rc=0 peak=[9957 MiB] og=1 fb=1 killed=0 11:24:29 ===
=== targeted_7_4 rc=0 peak=[9965 MiB] og=1 fb=0 killed=0 11:26:26 ===
=== targeted_7_5 rc=0 peak=[9965 MiB] og=1 fb=0 killed=0 11:28:24 ===
=== targeted_4302_0 rc=0 peak=[9957 MiB] og=1 fb=1 killed=0 11:30:23 ===
=== targeted_4302_1 rc=0 peak=[12720 MiB] og=1 fb=1 killed=0 11:32:24 ===
=== targeted_4302_2 rc=0 peak=[10392 MiB] og=1 fb=1 killed=0 11:34:22 ===
=== targeted_4302_3 rc=0 peak=[12716 MiB] og=1 fb=0 killed=0 11:36:21 ===
=== targeted_4302_4 rc=0 peak=[12722 MiB] og=1 fb=0 killed=0 11:38:19 ===
=== targeted_4302_5 rc=0 peak=[10390 MiB] og=1 fb=0 killed=0 11:40:18 ===
=== targeted_4303_0 rc=0 peak=[9965 MiB] og=1 fb=1 killed=0 11:42:18 ===
=== targeted_4303_1 rc=0 peak=[9965 MiB] og=1 fb=1 killed=0 11:44:18 ===
=== targeted_4303_2 rc=0 peak=[9957 MiB] og=1 fb=1 killed=0 11:46:17 ===
=== targeted_4303_3 rc=0 peak=[9963 MiB] og=1 fb=0 killed=0 11:48:14 ===
=== targeted_4303_4 rc=0 peak=[9959 MiB] og=1 fb=1 killed=0 11:50:12 ===
=== targeted_4303_5 rc=0 peak=[9963 MiB] og=1 fb=1 killed=0 11:52:11 ===
=== shuf_7_0 rc=0 peak=[9959 MiB] og=1 fb=0 killed=0 11:54:10 ===
=== shuf_7_1 rc=0 peak=[9963 MiB] og=1 fb=0 killed=0 11:56:10 ===
=== shuf_7_2 rc=0 peak=[9959 MiB] og=1 fb=0 killed=0 11:58:09 ===
=== shuf_7_3 rc=0 peak=[9959 MiB] og=1 fb=0 killed=0 12:00:07 ===
=== shuf_7_4 rc=0 peak=[9965 MiB] og=1 fb=0 killed=0 12:02:04 ===
=== shuf_7_5 rc=0 peak=[9955 MiB] og=1 fb=0 killed=0 12:04:03 ===
=== shuf_4302_0 rc=0 peak=[9961 MiB] og=1 fb=0 killed=0 12:06:02 ===
=== shuf_4302_1 rc=0 peak=[9965 MiB] og=1 fb=0 killed=0 12:08:02 ===
=== shuf_4302_2 rc=0 peak=[9961 MiB] og=1 fb=0 killed=0 12:10:01 ===
=== shuf_4302_3 rc=0 peak=[9963 MiB] og=1 fb=0 killed=0 12:11:58 ===
=== shuf_4302_4 rc=0 peak=[9959 MiB] og=1 fb=0 killed=0 12:13:56 ===
=== shuf_4302_5 rc=0 peak=[9959 MiB] og=1 fb=0 killed=0 12:15:55 ===
=== shuf_4303_0 rc=0 peak=[9959 MiB] og=1 fb=0 killed=0 12:17:54 ===
=== shuf_4303_1 rc=0 peak=[9965 MiB] og=1 fb=0 killed=0 12:19:53 ===
=== shuf_4303_2 rc=0 peak=[9951 MiB] og=1 fb=0 killed=0 12:21:52 ===
=== shuf_4303_3 rc=0 peak=[9963 MiB] og=1 fb=0 killed=0 12:23:50 ===
=== shuf_4303_4 rc=0 peak=[9963 MiB] og=1 fb=0 killed=0 12:25:47 ===
=== shuf_4303_5 rc=0 peak=[9957 MiB] og=1 fb=0 killed=0 12:27:46 ===
=== ALL 54 FRAMES DONE ===
FRAMEBOUND arm=base seed=4302 frame=0 a=0 b=1 kwr=0.5294117647058824 fb=0
FRAMEBOUND arm=base seed=4302 frame=1 a=1 b=2 kwr=0.5625 fb=0
FRAMEBOUND arm=base seed=4302 frame=2 a=2 b=3 kwr=0.5 fb=0
FRAMEBOUND arm=base seed=4302 frame=3 a=3 b=4 kwr=0.6 fb=0
FRAMEBOUND arm=base seed=4302 frame=4 a=4 b=0 kwr=0.5714285714285714 fb=0
FRAMEBOUND arm=base seed=4302 frame=5 a=0 b=2 kwr=0.5 fb=0
FRAMEBOUND arm=base seed=4303 frame=0 a=0 b=1 kwr=0.5882352941176471 fb=0
FRAMEBOUND arm=base seed=4303 frame=1 a=1 b=2 kwr=0.5333333333333333 fb=0
FRAMEBOUND arm=base seed=4303 frame=2 a=2 b=3 kwr=0.6923076923076923 fb=0
FRAMEBOUND arm=base seed=4303 frame=3 a=3 b=4 kwr=0.625 fb=0
FRAMEBOUND arm=base seed=4303 frame=4 a=4 b=0 kwr=0.6470588235294118 fb=0
FRAMEBOUND arm=base seed=4303 frame=5 a=0 b=2 kwr=0.5714285714285714 fb=0
FRAMEBOUND arm=base seed=7 frame=0 a=0 b=1 kwr=0.7142857142857143 fb=0
FRAMEBOUND arm=base seed=7 frame=1 a=1 b=2 kwr=0.5333333333333333 fb=0
FRAMEBOUND arm=base seed=7 frame=2 a=2 b=3 kwr=0.6 fb=0
FRAMEBOUND arm=base seed=7 frame=3 a=3 b=4 kwr=0.5333333333333333 fb=0
FRAMEBOUND arm=base seed=7 frame=4 a=4 b=0 kwr=0.7142857142857143 fb=0
FRAMEBOUND arm=base seed=7 frame=5 a=0 b=2 kwr=0.6875 fb=0
FRAMEBOUND arm=shuf seed=4302 frame=0 a=0 b=1 kwr=0.46153846153846156 fb=0
FRAMEBOUND arm=shuf seed=4302 frame=1 a=1 b=2 kwr=0.45454545454545453 fb=0
FRAMEBOUND arm=shuf seed=4302 frame=2 a=2 b=3 kwr=0.46153846153846156 fb=0
FRAMEBOUND arm=shuf seed=4302 frame=3 a=3 b=4 kwr=0.38461538461538464 fb=0
FRAMEBOUND arm=shuf seed=4302 frame=4 a=4 b=0 kwr=0.35714285714285715 fb=0
FRAMEBOUND arm=shuf seed=4302 frame=5 a=0 b=2 kwr=0.38461538461538464 fb=0
FRAMEBOUND arm=shuf seed=4303 frame=0 a=0 b=1 kwr=0.4117647058823529 fb=0
FRAMEBOUND arm=shuf seed=4303 frame=1 a=1 b=2 kwr=0.38461538461538464 fb=0
FRAMEBOUND arm=shuf seed=4303 frame=2 a=2 b=3 kwr=0.5384615384615384 fb=0
FRAMEBOUND arm=shuf seed=4303 frame=3 a=3 b=4 kwr=0.38461538461538464 fb=0
FRAMEBOUND arm=shuf seed=4303 frame=4 a=4 b=0 kwr=0.35714285714285715 fb=0
FRAMEBOUND arm=shuf seed=4303 frame=5 a=0 b=2 kwr=0.35714285714285715 fb=0
FRAMEBOUND arm=shuf seed=7 frame=0 a=0 b=1 kwr=0.38461538461538464 fb=0
FRAMEBOUND arm=shuf seed=7 frame=1 a=1 b=2 kwr=0.3333333333333333 fb=0
FRAMEBOUND arm=shuf seed=7 frame=2 a=2 b=3 kwr=0.4 fb=0
FRAMEBOUND arm=shuf seed=7 frame=3 a=3 b=4 kwr=0.35294117647058826 fb=0
FRAMEBOUND arm=shuf seed=7 frame=4 a=4 b=0 kwr=0.38461538461538464 fb=0
FRAMEBOUND arm=shuf seed=7 frame=5 a=0 b=2 kwr=0.36363636363636365 fb=0
FRAMEBOUND arm=targeted seed=4302 frame=0 a=0 b=1 kwr=0.5714285714285714 fb=1
FRAMEBOUND arm=targeted seed=4302 frame=1 a=1 b=2 kwr=0.6153846153846154 fb=1
FRAMEBOUND arm=targeted seed=4302 frame=2 a=2 b=3 kwr=0.5833333333333334 fb=1
FRAMEBOUND arm=targeted seed=4302 frame=3 a=3 b=4 kwr=0.35714285714285715 fb=0
FRAMEBOUND arm=targeted seed=4302 frame=4 a=4 b=0 kwr=0.5 fb=0
FRAMEBOUND arm=targeted seed=4302 frame=5 a=0 b=2 kwr=0.4117647058823529 fb=0
FRAMEBOUND arm=targeted seed=4303 frame=0 a=0 b=1 kwr=0.5625 fb=1
FRAMEBOUND arm=targeted seed=4303 frame=1 a=1 b=2 kwr=0.6153846153846154 fb=1
FRAMEBOUND arm=targeted seed=4303 frame=2 a=2 b=3 kwr=0.5294117647058824 fb=1
FRAMEBOUND arm=targeted seed=4303 frame=3 a=3 b=4 kwr=0.5714285714285714 fb=0
FRAMEBOUND arm=targeted seed=4303 frame=4 a=4 b=0 kwr=0.5 fb=1
FRAMEBOUND arm=targeted seed=4303 frame=5 a=0 b=2 kwr=0.5625 fb=1
FRAMEBOUND arm=targeted seed=7 frame=0 a=0 b=1 kwr=0.5 fb=1
FRAMEBOUND arm=targeted seed=7 frame=1 a=1 b=2 kwr=0.5384615384615384 fb=1
FRAMEBOUND arm=targeted seed=7 frame=2 a=2 b=3 kwr=0.4666666666666667 fb=0
FRAMEBOUND arm=targeted seed=7 frame=3 a=3 b=4 kwr=0.5384615384615384 fb=1
FRAMEBOUND arm=targeted seed=7 frame=4 a=4 b=0 kwr=0.47058823529411764 fb=0
FRAMEBOUND arm=targeted seed=7 frame=5 a=0 b=2 kwr=0.4666666666666667 fb=0
