[§184-mega] device=cuda threads=4
[§184-mega] ckpt=/home/aiden/s186_phase1_s161/ckpt_s161_psicouple.pt
[§184-mega] corpus=/home/aiden/s186_phase1_s161/corpus.jsonl
[§184-mega] model ready d=768 L=12 miss=0 unexp=0
[§184-mega] corpus bytes loaded: 4,000,211
[§184-mega] [1/22] running baseline…
[§184-mega]   emit_rate=0.0500  byte_acc=0.1211  psi_std=0.000000  honest=0.2139  wall=3.8s
[§184-mega] [2/22] running v1.1_rl_short…
[§184-mega]   emit_rate=0.1500  byte_acc=0.1211  psi_std=0.000000  honest=0.3389  wall=4.7s
[§184-mega] [3/22] running v1.2_theta_low…
[§184-mega]   emit_rate=0.0500  byte_acc=0.1211  psi_std=0.000000  honest=0.2139  wall=3.7s
[§184-mega] [4/22] running v1.3_safety_disable…
[§184-mega]   emit_rate=1.0000  byte_acc=0.1211  psi_std=0.000000  honest=0.4014  wall=12.6s
[§184-mega] [5/22] running v1.4_idle_speak…
[§184-mega]   emit_rate=0.0500  byte_acc=0.1211  psi_std=0.000000  honest=0.2139  wall=3.7s
[§184-mega] [6/22] running v1.5_n_max_long…
[§184-mega]   emit_rate=0.0050  byte_acc=0.1211  psi_std=0.000000  honest=0.1576  wall=5.9s
[§184-mega] [7/22] running v1.6_dt_fine…
[§184-mega]   emit_rate=0.0500  byte_acc=0.1211  psi_std=0.000000  honest=0.2139  wall=3.7s
[§184-mega] [8/22] running v3.1_noise_per_step…
[§184-mega]   emit_rate=0.0500  byte_acc=0.1211  psi_std=0.000000  honest=0.2139  wall=3.7s
[§184-mega] [9/22] running v3.2_recurrent_carry…
[§184-mega]   emit_rate=0.0500  byte_acc=0.1211  psi_std=0.000000  honest=0.2139  wall=3.7s
[§184-mega] [10/22] running v3.7_psi_readout_inf…
[§184-mega]   emit_rate=0.0500  byte_acc=0.1211  psi_std=0.000000  honest=0.2139  wall=3.7s
[§184-mega] [11/22] running v3.8_phi_inj…
[§184-mega]   emit_rate=0.0500  byte_acc=0.1211  psi_std=0.000000  honest=0.2139  wall=3.7s
[§184-mega] [12/22] running v3.9_tension_per_step…
[§184-mega]   emit_rate=0.0500  byte_acc=0.1211  psi_std=0.000000  honest=0.2139  wall=3.7s
[§184-mega] [13/22] running v4.1_cascade_probe…
[§184-mega]   emit_rate=0.0500  byte_acc=0.1211  psi_std=0.000000  honest=0.2139  wall=4.7s
[§184-mega] [14/22] running v4.2_sample_decode…
[§184-mega]   emit_rate=0.0500  byte_acc=0.1211  psi_std=0.000000  honest=0.4639  wall=3.8s
[§184-mega] [15/22] running v4.3_rep_penalty…
[§184-mega]   emit_rate=0.0500  byte_acc=0.1211  psi_std=0.000000  honest=0.2139  wall=3.7s
[§184-mega] [16/22] running v4.4_top_k_40…
[§184-mega]   emit_rate=0.0500  byte_acc=0.1211  psi_std=0.000000  honest=0.4639  wall=3.7s
[§184-mega] [17/22] running v4.5_temp_schedule…
[§184-mega]   emit_rate=0.0500  byte_acc=0.1211  psi_std=0.000000  honest=0.4639  wall=3.7s
[§184-mega] [18/22] running v4.11_emit_body_256…
[§184-mega]   emit_rate=0.0500  byte_acc=0.1211  psi_std=0.000000  honest=0.2139  wall=6.3s
[§184-mega] [19/22] running vX.1_n_eval_doubled…
[§184-mega]   emit_rate=0.0500  byte_acc=0.1152  psi_std=0.000000  honest=0.2065  wall=6.7s
[§184-mega] [20/22] running vX.2_multi_seed…
[§184-mega]   emit_rate=0.0500  byte_acc=0.1266  psi_std=0.000000  honest=0.2207  wall=18.7s
[§184-mega] [21/22] running vX.5_ckpt_init_noise…
[§184-mega]   emit_rate=0.0500  byte_acc=0.1211  psi_std=0.000000  honest=0.2139  wall=3.7s
[§184-mega] [22/22] running combined_all_taps…
[§184-mega] DONE  total_wall=2020.8s  variants_ok=21/22
[§184-mega] written → /home/aiden/s186_phase1_s161/phase1_result.json
