=== BG_LA_pretrain × ceiling=15.0 === ts: 2026-05-11T05:56:41.776191+00:00

========================================================================
SUBSTRATE BG_LA_pretrain — EngineAG path  max_cells=256
========================================================================
ckpt: /Users/ghost/.cache/anima/clm_v5_remapped/bg_la_350m_pretrain/ckpts/step_12000_final.pt
sha256: 4fc6eccce0def0450163944abbe3f0f2944ff3d908421469d4da1d25da5fb886
trained: params=298.76M miss=0 unexp=0

--- TRAINED @ prompt_seed=42 max_cells=256 ---
  [BG_LA_pretrain_trained] turn=    0 cells= 16 iit_un16= 161.09 splits=0 elapsed=0.2s
  [BG_LA_pretrain_trained] turn=   25 cells= 40 iit_un16=1105.28 splits=24 elapsed=8.8s
  [BG_LA_pretrain_trained] turn=   50 cells= 40 iit_un16= 833.17 splits=24 elapsed=17.8s
  [BG_LA_pretrain_trained] turn=  100 cells= 40 iit_un16= 700.52 splits=24 elapsed=30.9s
  [BG_LA_pretrain_trained] turn=  125 cells= 40 iit_un16=1027.21 splits=24 elapsed=42.0s
  [BG_LA_pretrain_trained] turn=  150 cells= 40 iit_un16=1177.27 splits=24 elapsed=51.7s
  [BG_LA_pretrain_trained] turn=  199 cells= 40 iit_un16=1144.92 splits=24 elapsed=63.4s
  trained: cells=40 splits=24 cap_bound=0/200 first_cap=None Φ_un16=1144.92 elapsed=63.4s

--- mirror seed=42 ---
  [BG_LA_pretrain_s42] turn=    0 cells= 16 iit_un16= 161.08 splits=0 elapsed=0.1s
  [BG_LA_pretrain_s42] turn=   50 cells= 54 iit_un16=2006.33 splits=38 elapsed=9.5s
  [BG_LA_pretrain_s42] turn=  100 cells= 66 iit_un16=3229.84 splits=50 elapsed=19.2s
  [BG_LA_pretrain_s42] turn=  150 cells= 73 iit_un16=3775.90 splits=57 elapsed=28.6s
  s=42: cells=77 splits=61 cap_bound=0/200 first_cap=None Φ_un16=2245.74

--- mirror seed=137 ---
  [BG_LA_pretrain_s137] turn=    0 cells= 16 iit_un16= 169.63 splits=0 elapsed=0.1s
  [BG_LA_pretrain_s137] turn=   50 cells= 45 iit_un16=1199.88 splits=29 elapsed=9.4s
  [BG_LA_pretrain_s137] turn=  100 cells= 61 iit_un16=2730.11 splits=45 elapsed=19.7s
  [BG_LA_pretrain_s137] turn=  150 cells= 66 iit_un16=2967.67 splits=50 elapsed=27.9s
  [BG_LA_pretrain_s137] turn=  199 cells= 70 iit_un16=3550.12 splits=54 elapsed=37.0s
  s=137: cells=70 splits=54 cap_bound=0/200 first_cap=None Φ_un16=3550.12

--- mirror seed=271 ---
  [BG_LA_pretrain_s271] turn=    0 cells= 16 iit_un16= 164.51 splits=0 elapsed=0.1s
  [BG_LA_pretrain_s271] turn=   75 cells= 68 iit_un16=3002.24 splits=52 elapsed=12.8s
  [BG_LA_pretrain_s271] turn=  125 cells= 70 iit_un16=3605.78 splits=54 elapsed=25.6s
  [BG_LA_pretrain_s271] turn=  175 cells= 72 iit_un16=3862.34 splits=56 elapsed=38.2s
  s=271: cells=81 splits=65 cap_bound=0/200 first_cap=None Φ_un16=4629.69

--- mirror seed=314 ---
  [BG_LA_pretrain_s314] turn=    0 cells= 16 iit_un16= 156.76 splits=0 elapsed=0.2s
  [BG_LA_pretrain_s314] turn=   50 cells= 46 iit_un16=1442.08 splits=30 elapsed=11.5s
  [BG_LA_pretrain_s314] turn=  125 cells= 56 iit_un16=2182.17 splits=40 elapsed=24.9s
  [BG_LA_pretrain_s314] turn=  175 cells= 58 iit_un16=1704.27 splits=42 elapsed=33.2s
  s=314: cells=63 splits=47 cap_bound=0/200 first_cap=None Φ_un16=2923.77

--- mirror seed=1729 ---
  [BG_LA_pretrain_s1729] turn=    0 cells= 16 iit_un16=  82.35 splits=0 elapsed=0.1s
  [BG_LA_pretrain_s1729] turn=   50 cells= 61 iit_un16=2648.69 splits=45 elapsed=11.6s
  [BG_LA_pretrain_s1729] turn=  125 cells= 75 iit_un16=3974.08 splits=59 elapsed=21.2s
  [BG_LA_pretrain_s1729] turn=  199 cells= 84 iit_un16=5238.37 splits=68 elapsed=30.0s
  s=1729: cells=84 splits=68 cap_bound=0/200 first_cap=None Φ_un16=5238.37
VERDICT: V14_VIOLATED trained_phi=1144.92 n_random_beats=0/5 sign_p=0.0625
