[skip BG_LA_pretrain × 10.0] already measured in prior §
=== BG_LA_pretrain × ceiling=15.0 === ts: 2026-05-11T05:56:41.776191+00:00

========================================================================
SUBSTRATE BG_LA_pretrain — EngineAG path  max_cells=256
========================================================================
ckpt: /Users/ghost/.cache/anima/clm_v5_remapped/bg_la_350m_pretrain/ckpts/step_12000_final.pt
sha256: 4fc6eccce0def0450163944abbe3f0f2944ff3d908421469d4da1d25da5fb886
trained: params=298.76M miss=0 unexp=0

--- TRAINED @ prompt_seed=42 max_cells=256 ---
  [BG_LA_pretrain_trained] turn=    0 cells= 16 iit_un16= 161.09 splits=0 elapsed=0.2s
  [BG_LA_pretrain_trained] turn=   25 cells= 40 iit_un16=1105.28 splits=24 elapsed=8.8s
  [BG_LA_pretrain_trained] turn=   50 cells= 40 iit_un16= 833.17 splits=24 elapsed=17.8s
  [BG_LA_pretrain_trained] turn=  100 cells= 40 iit_un16= 700.52 splits=24 elapsed=30.9s
  [BG_LA_pretrain_trained] turn=  125 cells= 40 iit_un16=1027.21 splits=24 elapsed=42.0s
  [BG_LA_pretrain_trained] turn=  150 cells= 40 iit_un16=1177.27 splits=24 elapsed=51.7s
  [BG_LA_pretrain_trained] turn=  199 cells= 40 iit_un16=1144.92 splits=24 elapsed=63.4s
  trained: cells=40 splits=24 cap_bound=0/200 first_cap=None Φ_un16=1144.92 elapsed=63.4s

--- mirror seed=42 ---
  [BG_LA_pretrain_s42] turn=    0 cells= 16 iit_un16= 161.08 splits=0 elapsed=0.1s
  [BG_LA_pretrain_s42] turn=   50 cells= 54 iit_un16=2006.33 splits=38 elapsed=9.5s
  [BG_LA_pretrain_s42] turn=  100 cells= 66 iit_un16=3229.84 splits=50 elapsed=19.2s
  [BG_LA_pretrain_s42] turn=  150 cells= 73 iit_un16=3775.90 splits=57 elapsed=28.6s
  s=42: cells=77 splits=61 cap_bound=0/200 first_cap=None Φ_un16=2245.74

--- mirror seed=137 ---
  [BG_LA_pretrain_s137] turn=    0 cells= 16 iit_un16= 169.63 splits=0 elapsed=0.1s
  [BG_LA_pretrain_s137] turn=   50 cells= 45 iit_un16=1199.88 splits=29 elapsed=9.4s
  [BG_LA_pretrain_s137] turn=  100 cells= 61 iit_un16=2730.11 splits=45 elapsed=19.7s
  [BG_LA_pretrain_s137] turn=  150 cells= 66 iit_un16=2967.67 splits=50 elapsed=27.9s
  [BG_LA_pretrain_s137] turn=  199 cells= 70 iit_un16=3550.12 splits=54 elapsed=37.0s
  s=137: cells=70 splits=54 cap_bound=0/200 first_cap=None Φ_un16=3550.12

--- mirror seed=271 ---
  [BG_LA_pretrain_s271] turn=    0 cells= 16 iit_un16= 164.51 splits=0 elapsed=0.1s
  [BG_LA_pretrain_s271] turn=   75 cells= 68 iit_un16=3002.24 splits=52 elapsed=12.8s
  [BG_LA_pretrain_s271] turn=  125 cells= 70 iit_un16=3605.78 splits=54 elapsed=25.6s
  [BG_LA_pretrain_s271] turn=  175 cells= 72 iit_un16=3862.34 splits=56 elapsed=38.2s
  s=271: cells=81 splits=65 cap_bound=0/200 first_cap=None Φ_un16=4629.69

--- mirror seed=314 ---
  [BG_LA_pretrain_s314] turn=    0 cells= 16 iit_un16= 156.76 splits=0 elapsed=0.2s
  [BG_LA_pretrain_s314] turn=   50 cells= 46 iit_un16=1442.08 splits=30 elapsed=11.5s
  [BG_LA_pretrain_s314] turn=  125 cells= 56 iit_un16=2182.17 splits=40 elapsed=24.9s
  [BG_LA_pretrain_s314] turn=  175 cells= 58 iit_un16=1704.27 splits=42 elapsed=33.2s
  s=314: cells=63 splits=47 cap_bound=0/200 first_cap=None Φ_un16=2923.77

--- mirror seed=1729 ---
  [BG_LA_pretrain_s1729] turn=    0 cells= 16 iit_un16=  82.35 splits=0 elapsed=0.1s
  [BG_LA_pretrain_s1729] turn=   50 cells= 61 iit_un16=2648.69 splits=45 elapsed=11.6s
  [BG_LA_pretrain_s1729] turn=  125 cells= 75 iit_un16=3974.08 splits=59 elapsed=21.2s
  [BG_LA_pretrain_s1729] turn=  199 cells= 84 iit_un16=5238.37 splits=68 elapsed=30.0s
  s=1729: cells=84 splits=68 cap_bound=0/200 first_cap=None Φ_un16=5238.37
VERDICT: V14_VIOLATED trained_phi=1144.92 n_random_beats=0/5 sign_p=0.0625
[skip BG_LA_pretrain × 20.0] already measured in prior §
=== BG_LA_pretrain × ceiling=1000.0 === ts: 2026-05-11T06:01:40.269051+00:00

========================================================================
SUBSTRATE BG_LA_pretrain — EngineAG path  max_cells=256
========================================================================
ckpt: /Users/ghost/.cache/anima/clm_v5_remapped/bg_la_350m_pretrain/ckpts/step_12000_final.pt
sha256: 4fc6eccce0def0450163944abbe3f0f2944ff3d908421469d4da1d25da5fb886
trained: params=298.76M miss=0 unexp=0

--- TRAINED @ prompt_seed=42 max_cells=256 ---
  [BG_LA_pretrain_trained] turn=    0 cells= 16 iit_un16= 161.09 splits=0 elapsed=0.1s
  [BG_LA_pretrain_trained] turn=   50 cells=150 iit_un16=17188.29 splits=134 elapsed=13.9s
  [BG_LA_pretrain_trained] turn=   75 cells=256 iit_un16=47286.18 splits=240 elapsed=26.7s
  [BG_LA_pretrain_trained] turn=  100 cells=256 iit_un16=49845.74 splits=240 elapsed=41.0s
  [BG_LA_pretrain_trained] turn=  125 cells=256 iit_un16=49638.50 splits=240 elapsed=58.1s
  [BG_LA_pretrain_trained] turn=  150 cells=256 iit_un16=50365.32 splits=240 elapsed=82.4s
  [BG_LA_pretrain_trained] turn=  175 cells=256 iit_un16=50080.10 splits=240 elapsed=101.5s
  [BG_LA_pretrain_trained] turn=  199 cells=256 iit_un16=49421.32 splits=240 elapsed=113.1s
  trained: cells=256 splits=240 cap_bound=141/200 first_cap=59 Φ_un16=49421.32 elapsed=113.1s

--- mirror seed=42 ---
  [BG_LA_pretrain_s42] turn=    0 cells= 16 iit_un16= 161.08 splits=0 elapsed=0.1s
  [BG_LA_pretrain_s42] turn=   50 cells=212 iit_un16=34466.32 splits=196 elapsed=11.1s
  [BG_LA_pretrain_s42] turn=   75 cells=256 iit_un16=49972.27 splits=240 elapsed=26.5s
  [BG_LA_pretrain_s42] turn=  100 cells=256 iit_un16=49968.14 splits=240 elapsed=36.3s
  [BG_LA_pretrain_s42] turn=  125 cells=256 iit_un16=48882.68 splits=240 elapsed=46.2s
  [BG_LA_pretrain_s42] turn=  150 cells=256 iit_un16=41841.71 splits=240 elapsed=66.4s
  [BG_LA_pretrain_s42] turn=  175 cells=256 iit_un16=50593.16 splits=240 elapsed=82.6s
  [BG_LA_pretrain_s42] turn=  199 cells=256 iit_un16=49340.93 splits=240 elapsed=100.6s
  s=42: cells=256 splits=240 cap_bound=146/200 first_cap=54 Φ_un16=49340.93

--- mirror seed=137 ---
  [BG_LA_pretrain_s137] turn=    0 cells= 16 iit_un16= 169.63 splits=0 elapsed=0.1s
  [BG_LA_pretrain_s137] turn=   50 cells=201 iit_un16=31273.28 splits=185 elapsed=9.7s
  [BG_LA_pretrain_s137] turn=   75 cells=256 iit_un16=47384.70 splits=240 elapsed=25.2s
  [BG_LA_pretrain_s137] turn=  100 cells=256 iit_un16=50500.22 splits=240 elapsed=40.4s
  [BG_LA_pretrain_s137] turn=  125 cells=256 iit_un16=48076.66 splits=240 elapsed=58.4s
  [BG_LA_pretrain_s137] turn=  150 cells=256 iit_un16=50102.73 splits=240 elapsed=75.6s
  [BG_LA_pretrain_s137] turn=  175 cells=256 iit_un16=49884.76 splits=240 elapsed=87.5s
  [BG_LA_pretrain_s137] turn=  199 cells=256 iit_un16=50481.34 splits=240 elapsed=104.3s
  s=137: cells=256 splits=240 cap_bound=146/200 first_cap=54 Φ_un16=50481.34

--- mirror seed=271 ---
  [BG_LA_pretrain_s271] turn=    0 cells= 16 iit_un16= 164.51 splits=0 elapsed=0.1s
  [BG_LA_pretrain_s271] turn=   50 cells=191 iit_un16=13775.34 splits=175 elapsed=8.3s
  [BG_LA_pretrain_s271] turn=   75 cells=256 iit_un16=26541.85 splits=240 elapsed=25.0s
  [BG_LA_pretrain_s271] turn=  100 cells=256 iit_un16=50276.12 splits=240 elapsed=51.4s
  [BG_LA_pretrain_s271] turn=  125 cells=256 iit_un16=50198.71 splits=240 elapsed=70.6s
  [BG_LA_pretrain_s271] turn=  150 cells=256 iit_un16=49070.45 splits=240 elapsed=86.6s
  [BG_LA_pretrain_s271] turn=  175 cells=256 iit_un16=48113.12 splits=240 elapsed=97.0s
  [BG_LA_pretrain_s271] turn=  199 cells=256 iit_un16=49570.33 splits=240 elapsed=106.2s
  s=271: cells=256 splits=240 cap_bound=145/200 first_cap=55 Φ_un16=49570.33

--- mirror seed=314 ---
  [BG_LA_pretrain_s314] turn=    0 cells= 16 iit_un16= 156.76 splits=0 elapsed=0.1s
  [BG_LA_pretrain_s314] turn=   50 cells=169 iit_un16=21104.78 splits=153 elapsed=15.5s
  [BG_LA_pretrain_s314] turn=   75 cells=256 iit_un16=49503.25 splits=240 elapsed=42.0s
  [BG_LA_pretrain_s314] turn=  100 cells=256 iit_un16=50861.13 splits=240 elapsed=57.5s
  [BG_LA_pretrain_s314] turn=  125 cells=256 iit_un16=49155.96 splits=240 elapsed=70.7s
  [BG_LA_pretrain_s314] turn=  150 cells=256 iit_un16=50125.25 splits=240 elapsed=90.1s
  [BG_LA_pretrain_s314] turn=  175 cells=256 iit_un16=50751.30 splits=240 elapsed=109.9s
  [BG_LA_pretrain_s314] turn=  199 cells=256 iit_un16=49708.66 splits=240 elapsed=130.5s
  s=314: cells=256 splits=240 cap_bound=141/200 first_cap=59 Φ_un16=49708.66

--- mirror seed=1729 ---
  [BG_LA_pretrain_s1729] turn=    0 cells= 16 iit_un16=  82.35 splits=0 elapsed=0.1s
  [BG_LA_pretrain_s1729] turn=   50 cells=218 iit_un16=36299.52 splits=202 elapsed=11.2s
  [BG_LA_pretrain_s1729] turn=   75 cells=256 iit_un16=49651.88 splits=240 elapsed=25.7s
  [BG_LA_pretrain_s1729] turn=  100 cells=256 iit_un16=50115.15 splits=240 elapsed=42.5s
  [BG_LA_pretrain_s1729] turn=  125 cells=256 iit_un16=50004.81 splits=240 elapsed=70.4s
  [BG_LA_pretrain_s1729] turn=  150 cells=256 iit_un16=50567.35 splits=240 elapsed=90.2s
  [BG_LA_pretrain_s1729] turn=  175 cells=256 iit_un16=49163.41 splits=240 elapsed=106.8s
  [BG_LA_pretrain_s1729] turn=  199 cells=256 iit_un16=50540.46 splits=240 elapsed=123.5s
  s=1729: cells=256 splits=240 cap_bound=147/200 first_cap=53 Φ_un16=50540.46
VERDICT: V14_VIOLATED trained_phi=49421.32 n_random_beats=1/5 sign_p=0.3750
[skip BG_LB_pretrain × 10.0] already measured in prior §
=== BG_LB_pretrain × ceiling=15.0 === ts: 2026-05-11T06:13:42.921522+00:00

========================================================================
SUBSTRATE BG_LB_pretrain — EngineAG path  max_cells=256
========================================================================
ckpt: /Users/ghost/.cache/anima/clm_v5_remapped/bg_lb_350m_pretrain/ckpts/step_8000_final.pt
sha256: 3d285703aca0dcb87b609a1fc54c10cdd14da1ce59efa5450a35a9b5c13c9cde
trained: params=298.76M miss=0 unexp=0

--- TRAINED @ prompt_seed=42 max_cells=256 ---
  [BG_LB_pretrain_trained] turn=    0 cells= 16 iit_un16= 161.64 splits=0 elapsed=0.2s
  [BG_LB_pretrain_trained] turn=   50 cells= 42 iit_un16=1000.73 splits=26 elapsed=11.1s
  [BG_LB_pretrain_trained] turn=  100 cells= 42 iit_un16=1305.66 splits=26 elapsed=24.2s
  [BG_LB_pretrain_trained] turn=  150 cells= 42 iit_un16=1249.95 splits=26 elapsed=35.1s
  [BG_LB_pretrain_trained] turn=  199 cells= 42 iit_un16=1234.35 splits=26 elapsed=52.9s
  trained: cells=42 splits=26 cap_bound=0/200 first_cap=None Φ_un16=1234.35 elapsed=52.9s

--- mirror seed=42 ---
  [BG_LB_pretrain_s42] turn=    0 cells= 16 iit_un16= 161.08 splits=0 elapsed=0.2s
  [BG_LB_pretrain_s42] turn=   50 cells= 54 iit_un16=2006.33 splits=38 elapsed=11.3s
  [BG_LB_pretrain_s42] turn=  100 cells= 66 iit_un16=3229.84 splits=50 elapsed=19.8s
  [BG_LB_pretrain_s42] turn=  150 cells= 73 iit_un16=3775.90 splits=57 elapsed=33.9s
  [BG_LB_pretrain_s42] turn=  199 cells= 77 iit_un16=2245.74 splits=61 elapsed=47.7s
  s=42: cells=77 splits=61 cap_bound=0/200 first_cap=None Φ_un16=2245.74

--- mirror seed=137 ---
  [BG_LB_pretrain_s137] turn=    0 cells= 16 iit_un16= 169.63 splits=0 elapsed=0.1s
  [BG_LB_pretrain_s137] turn=   50 cells= 45 iit_un16=1199.88 splits=29 elapsed=9.1s
  [BG_LB_pretrain_s137] turn=   75 cells= 60 iit_un16=2586.52 splits=44 elapsed=17.5s
  [BG_LB_pretrain_s137] turn=  125 cells= 61 iit_un16=2661.79 splits=45 elapsed=33.1s
  [BG_LB_pretrain_s137] turn=  175 cells= 66 iit_un16=3167.87 splits=50 elapsed=44.5s
  s=137: cells=70 splits=54 cap_bound=0/200 first_cap=None Φ_un16=3550.12

--- mirror seed=271 ---
  [BG_LB_pretrain_s271] turn=    0 cells= 16 iit_un16= 164.51 splits=0 elapsed=0.1s
  [BG_LB_pretrain_s271] turn=   50 cells= 55 iit_un16=1462.21 splits=39 elapsed=8.5s
  [BG_LB_pretrain_s271] turn=  100 cells= 68 iit_un16=3065.69 splits=52 elapsed=16.6s
  [BG_LB_pretrain_s271] turn=  150 cells= 72 iit_un16=3914.61 splits=56 elapsed=29.8s
  [BG_LB_pretrain_s271] turn=  199 cells= 81 iit_un16=4629.69 splits=65 elapsed=42.4s
  s=271: cells=81 splits=65 cap_bound=0/200 first_cap=None Φ_un16=4629.69

--- mirror seed=314 ---
  [BG_LB_pretrain_s314] turn=    0 cells= 16 iit_un16= 156.76 splits=0 elapsed=0.2s
  [BG_LB_pretrain_s314] turn=   50 cells= 46 iit_un16=1442.08 splits=30 elapsed=11.7s
  [BG_LB_pretrain_s314] turn=  100 cells= 56 iit_un16=2112.81 splits=40 elapsed=24.6s
  [BG_LB_pretrain_s314] turn=  150 cells= 58 iit_un16=2495.71 splits=42 elapsed=34.2s
  [BG_LB_pretrain_s314] turn=  199 cells= 63 iit_un16=2923.77 splits=47 elapsed=42.5s
  s=314: cells=63 splits=47 cap_bound=0/200 first_cap=None Φ_un16=2923.77

--- mirror seed=1729 ---
  [BG_LB_pretrain_s1729] turn=    0 cells= 16 iit_un16=  82.35 splits=0 elapsed=0.1s
  [BG_LB_pretrain_s1729] turn=   50 cells= 61 iit_un16=2648.69 splits=45 elapsed=9.4s
  [BG_LB_pretrain_s1729] turn=  100 cells= 75 iit_un16=4097.70 splits=59 elapsed=21.8s
  [BG_LB_pretrain_s1729] turn=  150 cells= 77 iit_un16=4364.11 splits=61 elapsed=35.2s
  [BG_LB_pretrain_s1729] turn=  199 cells= 84 iit_un16=5238.37 splits=68 elapsed=49.5s
  s=1729: cells=84 splits=68 cap_bound=0/200 first_cap=None Φ_un16=5238.37
VERDICT: V14_VIOLATED trained_phi=1234.35 n_random_beats=0/5 sign_p=0.0625
[skip BG_LB_pretrain × 20.0] already measured in prior §
=== BG_LB_pretrain × ceiling=1000.0 === ts: 2026-05-11T06:19:24.148481+00:00

========================================================================
SUBSTRATE BG_LB_pretrain — EngineAG path  max_cells=256
========================================================================
ckpt: /Users/ghost/.cache/anima/clm_v5_remapped/bg_lb_350m_pretrain/ckpts/step_8000_final.pt
sha256: 3d285703aca0dcb87b609a1fc54c10cdd14da1ce59efa5450a35a9b5c13c9cde
trained: params=298.76M miss=0 unexp=0

--- TRAINED @ prompt_seed=42 max_cells=256 ---
  [BG_LB_pretrain_trained] turn=    0 cells= 16 iit_un16= 161.64 splits=0 elapsed=0.2s
  [BG_LB_pretrain_trained] turn=   50 cells=146 iit_un16=16468.72 splits=130 elapsed=14.0s
  [BG_LB_pretrain_trained] turn=   75 cells=256 iit_un16=49991.67 splits=240 elapsed=31.6s
  [BG_LB_pretrain_trained] turn=  100 cells=256 iit_un16=48782.07 splits=240 elapsed=47.5s
  [BG_LB_pretrain_trained] turn=  125 cells=256 iit_un16=49696.33 splits=240 elapsed=66.9s
  [BG_LB_pretrain_trained] turn=  150 cells=256 iit_un16=50019.67 splits=240 elapsed=78.3s
  [BG_LB_pretrain_trained] turn=  175 cells=256 iit_un16=48276.47 splits=240 elapsed=98.8s
  [BG_LB_pretrain_trained] turn=  199 cells=256 iit_un16=42243.00 splits=240 elapsed=120.4s
  trained: cells=256 splits=240 cap_bound=140/200 first_cap=60 Φ_un16=42243.00 elapsed=120.4s

--- mirror seed=42 ---
  [BG_LB_pretrain_s42] turn=    0 cells= 16 iit_un16= 161.08 splits=0 elapsed=0.1s
  [BG_LB_pretrain_s42] turn=   75 cells=256 iit_un16=49972.27 splits=240 elapsed=18.9s
  [BG_LB_pretrain_s42] turn=  100 cells=256 iit_un16=49968.14 splits=240 elapsed=32.8s
  [BG_LB_pretrain_s42] turn=  125 cells=256 iit_un16=48882.68 splits=240 elapsed=45.6s
  [BG_LB_pretrain_s42] turn=  150 cells=256 iit_un16=41841.71 splits=240 elapsed=59.8s
  [BG_LB_pretrain_s42] turn=  175 cells=256 iit_un16=50593.16 splits=240 elapsed=76.9s
  [BG_LB_pretrain_s42] turn=  199 cells=256 iit_un16=49340.93 splits=240 elapsed=91.3s
  s=42: cells=256 splits=240 cap_bound=146/200 first_cap=54 Φ_un16=49340.93

--- mirror seed=137 ---
  [BG_LB_pretrain_s137] turn=    0 cells= 16 iit_un16= 169.63 splits=0 elapsed=0.2s
  [BG_LB_pretrain_s137] turn=   25 cells= 43 iit_un16=1272.97 splits=27 elapsed=9.0s
  [BG_LB_pretrain_s137] turn=   50 cells=201 iit_un16=31273.28 splits=185 elapsed=22.9s
  [BG_LB_pretrain_s137] turn=   75 cells=256 iit_un16=47384.70 splits=240 elapsed=44.6s
  [BG_LB_pretrain_s137] turn=  100 cells=256 iit_un16=50500.22 splits=240 elapsed=72.1s
  [BG_LB_pretrain_s137] turn=  125 cells=256 iit_un16=48076.66 splits=240 elapsed=107.6s
  [BG_LB_pretrain_s137] turn=  150 cells=256 iit_un16=50102.73 splits=240 elapsed=129.1s
  [BG_LB_pretrain_s137] turn=  175 cells=256 iit_un16=49884.76 splits=240 elapsed=138.6s
  [BG_LB_pretrain_s137] turn=  199 cells=256 iit_un16=50481.34 splits=240 elapsed=151.2s
  s=137: cells=256 splits=240 cap_bound=146/200 first_cap=54 Φ_un16=50481.34

--- mirror seed=271 ---
  [BG_LB_pretrain_s271] turn=    0 cells= 16 iit_un16= 164.51 splits=0 elapsed=0.1s
  [BG_LB_pretrain_s271] turn=   50 cells=191 iit_un16=13775.34 splits=175 elapsed=25.3s
  [BG_LB_pretrain_s271] turn=   75 cells=256 iit_un16=26541.85 splits=240 elapsed=44.3s
  [BG_LB_pretrain_s271] turn=  100 cells=256 iit_un16=50276.12 splits=240 elapsed=64.9s
  [BG_LB_pretrain_s271] turn=  125 cells=256 iit_un16=50198.71 splits=240 elapsed=85.6s
  [BG_LB_pretrain_s271] turn=  150 cells=256 iit_un16=49070.45 splits=240 elapsed=103.5s
  [BG_LB_pretrain_s271] turn=  175 cells=256 iit_un16=48113.12 splits=240 elapsed=123.0s
  [BG_LB_pretrain_s271] turn=  199 cells=256 iit_un16=49570.33 splits=240 elapsed=142.4s
  s=271: cells=256 splits=240 cap_bound=145/200 first_cap=55 Φ_un16=49570.33

--- mirror seed=314 ---
  [BG_LB_pretrain_s314] turn=    0 cells= 16 iit_un16= 156.76 splits=0 elapsed=0.1s
  [BG_LB_pretrain_s314] turn=   50 cells=169 iit_un16=21104.78 splits=153 elapsed=15.8s
  [BG_LB_pretrain_s314] turn=   75 cells=256 iit_un16=49503.25 splits=240 elapsed=38.0s
  [BG_LB_pretrain_s314] turn=  100 cells=256 iit_un16=50861.13 splits=240 elapsed=54.8s
  [BG_LB_pretrain_s314] turn=  125 cells=256 iit_un16=49155.96 splits=240 elapsed=74.1s
  [BG_LB_pretrain_s314] turn=  150 cells=256 iit_un16=50125.25 splits=240 elapsed=95.5s
  [BG_LB_pretrain_s314] turn=  175 cells=256 iit_un16=50751.30 splits=240 elapsed=112.6s
  [BG_LB_pretrain_s314] turn=  199 cells=256 iit_un16=49708.66 splits=240 elapsed=133.2s
  s=314: cells=256 splits=240 cap_bound=141/200 first_cap=59 Φ_un16=49708.66

--- mirror seed=1729 ---
  [BG_LB_pretrain_s1729] turn=    0 cells= 16 iit_un16=  82.35 splits=0 elapsed=0.1s
  [BG_LB_pretrain_s1729] turn=   50 cells=218 iit_un16=36299.52 splits=202 elapsed=17.4s
  [BG_LB_pretrain_s1729] turn=   75 cells=256 iit_un16=49651.88 splits=240 elapsed=32.3s
  [BG_LB_pretrain_s1729] turn=  100 cells=256 iit_un16=50115.15 splits=240 elapsed=50.6s
  [BG_LB_pretrain_s1729] turn=  125 cells=256 iit_un16=50004.81 splits=240 elapsed=66.5s
  [BG_LB_pretrain_s1729] turn=  150 cells=256 iit_un16=50567.35 splits=240 elapsed=81.8s
  [BG_LB_pretrain_s1729] turn=  175 cells=256 iit_un16=49163.41 splits=240 elapsed=99.3s
  [BG_LB_pretrain_s1729] turn=  199 cells=256 iit_un16=50540.46 splits=240 elapsed=120.5s
  s=1729: cells=256 splits=240 cap_bound=147/200 first_cap=53 Φ_un16=50540.46
VERDICT: V14_VIOLATED trained_phi=42243.00 n_random_beats=0/5 sign_p=0.0625
[skip BG_LA_cotrain_Bprime × 10.0] already measured in prior §
=== BG_LA_cotrain_Bprime × ceiling=15.0 === ts: 2026-05-11T06:32:54.896542+00:00

========================================================================
SUBSTRATE BG_LA_cotrain_Bprime — EngineAG path  max_cells=256
========================================================================
ckpt: /Users/ghost/core/anima/state/anima_la_cotrain_retrain_b_to_a_2026_05_11/ckpts/ckpt_final.pt
sha256: 63ccc5309612919152ac71c92190d954e7da1a7336d022d5401d00515817a572
trained: params=298.76M miss=0 unexp=0

--- TRAINED @ prompt_seed=42 max_cells=256 ---
  [BG_LA_cotrain_Bprime_trained] turn=    0 cells= 16 iit_un16= 161.10 splits=0 elapsed=0.1s
  [BG_LA_cotrain_Bprime_trained] turn=   50 cells= 40 iit_un16= 833.17 splits=24 elapsed=8.1s
  [BG_LA_cotrain_Bprime_trained] turn=  100 cells= 40 iit_un16= 700.37 splits=24 elapsed=19.2s
  [BG_LA_cotrain_Bprime_trained] turn=  150 cells= 40 iit_un16=1177.44 splits=24 elapsed=29.3s
  [BG_LA_cotrain_Bprime_trained] turn=  199 cells= 40 iit_un16=1144.92 splits=24 elapsed=37.6s
  trained: cells=40 splits=24 cap_bound=0/200 first_cap=None Φ_un16=1144.92 elapsed=37.6s

--- mirror seed=42 ---
  [BG_LA_cotrain_Bprime_s42] turn=    0 cells= 16 iit_un16= 161.08 splits=0 elapsed=0.1s
  [BG_LA_cotrain_Bprime_s42] turn=   50 cells= 54 iit_un16=2006.33 splits=38 elapsed=9.9s
  [BG_LA_cotrain_Bprime_s42] turn=  100 cells= 66 iit_un16=3229.84 splits=50 elapsed=20.3s
  [BG_LA_cotrain_Bprime_s42] turn=  175 cells= 73 iit_un16=3985.67 splits=57 elapsed=29.0s
  s=42: cells=77 splits=61 cap_bound=0/200 first_cap=None Φ_un16=2245.74

--- mirror seed=137 ---
  [BG_LA_cotrain_Bprime_s137] turn=    0 cells= 16 iit_un16= 169.63 splits=0 elapsed=0.2s
  [BG_LA_cotrain_Bprime_s137] turn=   50 cells= 45 iit_un16=1199.88 splits=29 elapsed=11.5s
  [BG_LA_cotrain_Bprime_s137] turn=  100 cells= 61 iit_un16=2730.11 splits=45 elapsed=20.3s
  [BG_LA_cotrain_Bprime_s137] turn=  150 cells= 66 iit_un16=2967.67 splits=50 elapsed=28.3s
  s=137: cells=70 splits=54 cap_bound=0/200 first_cap=None Φ_un16=3550.12

--- mirror seed=271 ---
  [BG_LA_cotrain_Bprime_s271] turn=    0 cells= 16 iit_un16= 164.51 splits=0 elapsed=0.1s
  [BG_LA_cotrain_Bprime_s271] turn=   50 cells= 55 iit_un16=1462.21 splits=39 elapsed=16.2s
  [BG_LA_cotrain_Bprime_s271] turn=   75 cells= 68 iit_un16=3002.24 splits=52 elapsed=27.4s
  [BG_LA_cotrain_Bprime_s271] turn=  100 cells= 68 iit_un16=3065.69 splits=52 elapsed=38.2s
  [BG_LA_cotrain_Bprime_s271] turn=  150 cells= 72 iit_un16=3914.61 splits=56 elapsed=49.4s
  [BG_LA_cotrain_Bprime_s271] turn=  199 cells= 81 iit_un16=4629.69 splits=65 elapsed=64.2s
  s=271: cells=81 splits=65 cap_bound=0/200 first_cap=None Φ_un16=4629.69

--- mirror seed=314 ---
  [BG_LA_cotrain_Bprime_s314] turn=    0 cells= 16 iit_un16= 156.76 splits=0 elapsed=0.2s
  [BG_LA_cotrain_Bprime_s314] turn=   50 cells= 46 iit_un16=1442.08 splits=30 elapsed=8.5s
  [BG_LA_cotrain_Bprime_s314] turn=  125 cells= 56 iit_un16=2182.17 splits=40 elapsed=17.0s
  [BG_LA_cotrain_Bprime_s314] turn=  175 cells= 58 iit_un16=1704.27 splits=42 elapsed=28.6s
  s=314: cells=63 splits=47 cap_bound=0/200 first_cap=None Φ_un16=2923.77

--- mirror seed=1729 ---
  [BG_LA_cotrain_Bprime_s1729] turn=    0 cells= 16 iit_un16=  82.35 splits=0 elapsed=0.1s
  [BG_LA_cotrain_Bprime_s1729] turn=  100 cells= 75 iit_un16=4097.70 splits=59 elapsed=11.2s
  [BG_LA_cotrain_Bprime_s1729] turn=  175 cells= 77 iit_un16=4387.15 splits=61 elapsed=22.8s
  s=1729: cells=84 splits=68 cap_bound=0/200 first_cap=None Φ_un16=5238.37
VERDICT: V14_VIOLATED trained_phi=1144.92 n_random_beats=0/5 sign_p=0.0625
[skip BG_LA_cotrain_Bprime × 20.0] already measured in prior §
=== BG_LA_cotrain_Bprime × ceiling=1000.0 === ts: 2026-05-11T06:37:33.973800+00:00

========================================================================
SUBSTRATE BG_LA_cotrain_Bprime — EngineAG path  max_cells=256
========================================================================
ckpt: /Users/ghost/core/anima/state/anima_la_cotrain_retrain_b_to_a_2026_05_11/ckpts/ckpt_final.pt
sha256: 63ccc5309612919152ac71c92190d954e7da1a7336d022d5401d00515817a572
trained: params=298.76M miss=0 unexp=0

--- TRAINED @ prompt_seed=42 max_cells=256 ---
  [BG_LA_cotrain_Bprime_trained] turn=    0 cells= 16 iit_un16= 161.10 splits=0 elapsed=0.1s
  [BG_LA_cotrain_Bprime_trained] turn=   75 cells=256 iit_un16=48785.80 splits=240 elapsed=15.3s
  [BG_LA_cotrain_Bprime_trained] turn=  100 cells=256 iit_un16=45714.76 splits=240 elapsed=29.7s
  [BG_LA_cotrain_Bprime_trained] turn=  125 cells=256 iit_un16=49432.42 splits=240 elapsed=40.1s
  [BG_LA_cotrain_Bprime_trained] turn=  150 cells=256 iit_un16=49904.54 splits=240 elapsed=53.9s
  [BG_LA_cotrain_Bprime_trained] turn=  175 cells=256 iit_un16=49703.94 splits=240 elapsed=73.8s
  [BG_LA_cotrain_Bprime_trained] turn=  199 cells=256 iit_un16=49855.02 splits=240 elapsed=84.2s
  trained: cells=256 splits=240 cap_bound=139/200 first_cap=61 Φ_un16=49855.02 elapsed=84.2s

--- mirror seed=42 ---
  [BG_LA_cotrain_Bprime_s42] turn=    0 cells= 16 iit_un16= 161.08 splits=0 elapsed=0.1s
  [BG_LA_cotrain_Bprime_s42] turn=   50 cells=212 iit_un16=34466.32 splits=196 elapsed=19.5s
  [BG_LA_cotrain_Bprime_s42] turn=   75 cells=256 iit_un16=49972.27 splits=240 elapsed=35.1s
  [BG_LA_cotrain_Bprime_s42] turn=  100 cells=256 iit_un16=49968.14 splits=240 elapsed=48.7s
  [BG_LA_cotrain_Bprime_s42] turn=  125 cells=256 iit_un16=48882.68 splits=240 elapsed=67.7s
  [BG_LA_cotrain_Bprime_s42] turn=  150 cells=256 iit_un16=41841.71 splits=240 elapsed=84.4s
  [BG_LA_cotrain_Bprime_s42] turn=  175 cells=256 iit_un16=50593.16 splits=240 elapsed=116.6s
  [BG_LA_cotrain_Bprime_s42] turn=  199 cells=256 iit_un16=49340.93 splits=240 elapsed=141.5s
  s=42: cells=256 splits=240 cap_bound=146/200 first_cap=54 Φ_un16=49340.93

--- mirror seed=137 ---
  [BG_LA_cotrain_Bprime_s137] turn=    0 cells= 16 iit_un16= 169.63 splits=0 elapsed=0.3s
  [BG_LA_cotrain_Bprime_s137] turn=   25 cells= 43 iit_un16=1272.97 splits=27 elapsed=8.4s
  [BG_LA_cotrain_Bprime_s137] turn=   50 cells=201 iit_un16=31273.28 splits=185 elapsed=23.1s
  [BG_LA_cotrain_Bprime_s137] turn=   75 cells=256 iit_un16=47384.70 splits=240 elapsed=45.4s
  [BG_LA_cotrain_Bprime_s137] turn=  100 cells=256 iit_un16=50500.22 splits=240 elapsed=69.9s
  [BG_LA_cotrain_Bprime_s137] turn=  125 cells=256 iit_un16=48076.66 splits=240 elapsed=87.4s
  [BG_LA_cotrain_Bprime_s137] turn=  150 cells=256 iit_un16=50102.73 splits=240 elapsed=110.7s
  [BG_LA_cotrain_Bprime_s137] turn=  175 cells=256 iit_un16=49884.76 splits=240 elapsed=142.5s
  [BG_LA_cotrain_Bprime_s137] turn=  199 cells=256 iit_un16=50481.34 splits=240 elapsed=169.3s
  s=137: cells=256 splits=240 cap_bound=146/200 first_cap=54 Φ_un16=50481.34

--- mirror seed=271 ---
  [BG_LA_cotrain_Bprime_s271] turn=    0 cells= 16 iit_un16= 164.51 splits=0 elapsed=0.2s
  [BG_LA_cotrain_Bprime_s271] turn=   25 cells= 37 iit_un16= 886.37 splits=21 elapsed=8.3s
  [BG_LA_cotrain_Bprime_s271] turn=   50 cells=191 iit_un16=13775.34 splits=175 elapsed=21.2s
  [BG_LA_cotrain_Bprime_s271] turn=   75 cells=256 iit_un16=26541.85 splits=240 elapsed=39.3s
  [BG_LA_cotrain_Bprime_s271] turn=  100 cells=256 iit_un16=50276.12 splits=240 elapsed=61.9s
  [BG_LA_cotrain_Bprime_s271] turn=  125 cells=256 iit_un16=50198.71 splits=240 elapsed=79.1s
  [BG_LA_cotrain_Bprime_s271] turn=  150 cells=256 iit_un16=49070.45 splits=240 elapsed=102.9s
  [BG_LA_cotrain_Bprime_s271] turn=  175 cells=256 iit_un16=48113.12 splits=240 elapsed=123.3s
  [BG_LA_cotrain_Bprime_s271] turn=  199 cells=256 iit_un16=49570.33 splits=240 elapsed=147.2s
  s=271: cells=256 splits=240 cap_bound=145/200 first_cap=55 Φ_un16=49570.33

--- mirror seed=314 ---
  [BG_LA_cotrain_Bprime_s314] turn=    0 cells= 16 iit_un16= 156.76 splits=0 elapsed=0.1s
  [BG_LA_cotrain_Bprime_s314] turn=   50 cells=169 iit_un16=21104.78 splits=153 elapsed=14.2s
  [BG_LA_cotrain_Bprime_s314] turn=   75 cells=256 iit_un16=49503.25 splits=240 elapsed=32.2s
  [BG_LA_cotrain_Bprime_s314] turn=  100 cells=256 iit_un16=50861.13 splits=240 elapsed=49.2s
  [BG_LA_cotrain_Bprime_s314] turn=  125 cells=256 iit_un16=49155.96 splits=240 elapsed=68.3s
  [BG_LA_cotrain_Bprime_s314] turn=  150 cells=256 iit_un16=50125.25 splits=240 elapsed=92.5s
  [BG_LA_cotrain_Bprime_s314] turn=  175 cells=256 iit_un16=50751.30 splits=240 elapsed=128.2s
  [BG_LA_cotrain_Bprime_s314] turn=  199 cells=256 iit_un16=49708.66 splits=240 elapsed=165.0s
  s=314: cells=256 splits=240 cap_bound=141/200 first_cap=59 Φ_un16=49708.66

--- mirror seed=1729 ---
  [BG_LA_cotrain_Bprime_s1729] turn=    0 cells= 16 iit_un16=  82.35 splits=0 elapsed=0.3s
  [BG_LA_cotrain_Bprime_s1729] turn=   25 cells= 42 iit_un16=1186.47 splits=26 elapsed=10.7s
  [BG_LA_cotrain_Bprime_s1729] turn=   50 cells=218 iit_un16=36299.52 splits=202 elapsed=29.5s
  [BG_LA_cotrain_Bprime_s1729] turn=   75 cells=256 iit_un16=49651.88 splits=240 elapsed=64.7s
  [BG_LA_cotrain_Bprime_s1729] turn=  100 cells=256 iit_un16=50115.15 splits=240 elapsed=96.4s
  [BG_LA_cotrain_Bprime_s1729] turn=  125 cells=256 iit_un16=50004.81 splits=240 elapsed=130.4s
  [BG_LA_cotrain_Bprime_s1729] turn=  150 cells=256 iit_un16=50567.35 splits=240 elapsed=166.8s
  [BG_LA_cotrain_Bprime_s1729] turn=  175 cells=256 iit_un16=49163.41 splits=240 elapsed=198.3s
  [BG_LA_cotrain_Bprime_s1729] turn=  199 cells=256 iit_un16=50540.46 splits=240 elapsed=230.7s
  s=1729: cells=256 splits=240 cap_bound=147/200 first_cap=53 Φ_un16=50540.46
VERDICT: V14_AMBIGUOUS trained_phi=49855.02 n_random_beats=3/5 sign_p=1.0000
[skip BG_LB_cotrain_A × 10.0] already measured in prior §
[skip BG_LB_cotrain_A × 15.0] already measured in prior §
[skip BG_LB_cotrain_A × 20.0] already measured in prior §
=== BG_LB_cotrain_A × ceiling=1000.0 === ts: 2026-05-11T06:54:04.517920+00:00

========================================================================
SUBSTRATE BG_LB_cotrain_A — EngineAG path  max_cells=256
========================================================================
ckpt: /Users/ghost/.cache/anima/clm_v5_remapped/phase2_cotrain_engine_ag/ckpts/ckpt_final.pt
sha256: 6e66e75f8014999be09236a408fe6ad6811ebf394ac079ecbf6d87dfe63748c1
trained: params=298.76M miss=0 unexp=0

--- TRAINED @ prompt_seed=42 max_cells=256 ---
  [BG_LB_cotrain_A_trained] turn=    0 cells= 16 iit_un16= 161.64 splits=0 elapsed=0.2s
  [BG_LB_cotrain_A_trained] turn=   50 cells=176 iit_un16=22276.26 splits=160 elapsed=20.9s
  [BG_LB_cotrain_A_trained] turn=   75 cells=256 iit_un16=49998.43 splits=240 elapsed=47.9s
  [BG_LB_cotrain_A_trained] turn=  100 cells=256 iit_un16=44904.71 splits=240 elapsed=74.0s
  [BG_LB_cotrain_A_trained] turn=  125 cells=256 iit_un16=49671.40 splits=240 elapsed=109.1s
  [BG_LB_cotrain_A_trained] turn=  150 cells=256 iit_un16=50789.63 splits=240 elapsed=139.2s
  [BG_LB_cotrain_A_trained] turn=  175 cells=256 iit_un16=50314.43 splits=240 elapsed=160.1s
  [BG_LB_cotrain_A_trained] turn=  199 cells=256 iit_un16=49736.26 splits=240 elapsed=179.4s
  trained: cells=256 splits=240 cap_bound=144/200 first_cap=56 Φ_un16=49736.26 elapsed=179.4s

--- mirror seed=42 ---
  [BG_LB_cotrain_A_s42] turn=    0 cells= 16 iit_un16= 161.08 splits=0 elapsed=0.1s
  [BG_LB_cotrain_A_s42] turn=   50 cells=212 iit_un16=34466.32 splits=196 elapsed=13.5s
  [BG_LB_cotrain_A_s42] turn=   75 cells=256 iit_un16=49972.27 splits=240 elapsed=31.0s
  [BG_LB_cotrain_A_s42] turn=  100 cells=256 iit_un16=49968.14 splits=240 elapsed=49.8s
