[H_348] GZ_LOWER inhibition → Savant Index probe
  substrate: HEXAD/SAVANT/savant_phi.hexa (SSOT) — 4-domain, d=6
  GZ_LOWER  = 0.5 - ln(4/3) ≈ 0.21232
  GZ_CENTER = 1/e          ≈ 0.36788
  mapping   : gain_focus = 1 + (1 - I) * 9 ; gain_rest = (11.5 - gf) / 3
  SI metric : max(domain_phi or tension) / min(...)
  falsifier : SI ≤ 3 OR sweep flat (no peak at GZ_LOWER)

I sweep — seed 42424 (savant_phi T1 stim):
I=0.05 gf=9.55 gr=0.65 phi=[0.735917,0.0939949,0.123369,0.114633] ten=[0.812916,0.190613,0.244748,0.204812] SI_phi=7.82933 SI_ten=4.26475
I=0.1 gf=9.1 gr=0.8 phi=[0.726524,0.117441,0.154229,0.139778] ten=[0.80582,0.221802,0.284395,0.234632] SI_phi=6.18627 SI_ten=3.63306
I=0.15 gf=8.65 gr=0.95 phi=[0.716427,0.139857,0.183713,0.162947] ten=[0.798157,0.249892,0.319926,0.260777] SI_phi=5.12255 SI_ten=3.194
I=0.21232 gf=8.08912 gr=1.13696 phi=[0.702731,0.16624,0.218356,0.189261] ten=[0.787699,0.281284,0.359391,0.289261] SI_phi=4.22722 SI_ten=2.80037
I=0.25 gf=7.75 gr=1.25 phi=[0.693779,0.181353,0.238159,0.203917] ten=[0.780825,0.2986,0.381034,0.304665] SI_phi=3.82558 SI_ten=2.61495
I=0.36788 gf=6.68908 gr=1.60364 phi=[0.661849,0.224783,0.294818,0.244551] ten=[0.756047,0.346197,0.439966,0.345992] SI_phi=2.94439 SI_ten=2.18516
I=0.5 gf=5.5 gr=2.0 phi=[0.616869,0.267293,0.349782,0.282483] ten=[0.720434,0.390303,0.493698,0.383119] SI_phi=2.30784 SI_ten=1.88044
I=0.75 gf=3.25 gr=2.75 phi=[0.486012,0.333642,0.43417,0.338764] ten=[0.611568,0.455466,0.571114,0.436335] SI_phi=1.45669 SI_ten=1.4016
I=0.95 gf=1.45 gr=3.35 phi=[0.286447,0.376689,0.487724,0.373767] ten=[0.425477,0.495873,0.617669,0.468611] SI_phi=1.70267 SI_ten=1.45171

I sweep — seed 91919 (savant_phi T2 stim) — replication:
I=0.05 gf=9.55 gr=0.65 phi=[0.705528,0.11628,0.0936134,0.111992] ten=[0.783598,0.216573,0.186209,0.216132] SI_phi=7.53662 SI_ten=4.20816
I=0.21232 gf=8.08912 gr=1.13696 phi=[0.674964,0.197194,0.16149,0.191161] ten=[0.759059,0.310674,0.272557,0.313583] SI_phi=4.17961 SI_ten=2.78496
I=0.36788 gf=6.68908 gr=1.60364 phi=[0.638047,0.258883,0.215656,0.253566] ten=[0.728968,0.375019,0.334648,0.382579] SI_phi=2.95863 SI_ten=2.17831
I=0.5 gf=5.5 gr=2.0 phi=[0.598057,0.301818,0.254972,0.298471] ten=[0.695824,0.417481,0.377302,0.429388] SI_phi=2.34558 SI_ten=1.84421
I=0.95 gf=1.45 gr=3.35 phi=[0.301067,0.406416,0.3579,0.414235] ten=[0.428465,0.515924,0.482185,0.541975] SI_phi=1.37589 SI_ten=1.26492

I sweep — seed 77777 (savant_phi T3 stim) — replication:
I=0.05 gf=9.55 gr=0.65 phi=[0.807746,0.161823,0.0820822,0.0993369] ten=[0.867138,0.288265,0.177863,0.198016] SI_phi=9.84069 SI_ten=4.87532
I=0.21232 gf=8.08912 gr=1.13696 phi=[0.779781,0.268833,0.148489,0.175633] ten=[0.846948,0.407352,0.267403,0.291082] SI_phi=5.25142 SI_ten=3.16731
I=0.36788 gf=6.68908 gr=1.60364 phi=[0.744128,0.34874,0.204567,0.237224] ten=[0.820847,0.486823,0.333903,0.356855] SI_phi=3.63758 SI_ten=2.45834
I=0.5 gf=5.5 gr=2.0 phi=[0.703368,0.403712,0.24665,0.281676] ten=[0.790483,0.538293,0.380328,0.400955] SI_phi=2.85169 SI_ten=2.07843
I=0.95 gf=1.45 gr=3.35 phi=[0.357087,0.535365,0.360574,0.394201] ten=[0.501965,0.653582,0.495691,0.503701] SI_phi=1.49926 SI_ten=1.31853
