/workspace/anima/train_carving_s16.py:297: FutureWarning: `torch.cuda.amp.GradScaler(args...)` is deprecated. Please use `torch.amp.GradScaler('cuda', args...)` instead.
  scaler = torch.cuda.amp.GradScaler(enabled=use_amp)
{"step": 1, "ce_full": 5.627472, "l_psi_ctl": 0.017777, "l_tension_route": 0.002596, "loss": 5.637659, "gn2": 26.509286, "lr": 7.5e-07, "curriculum_stage_gate": 1, "wall_s": 0.67, "gpu_mem_gb": 7.455}
{"step": 200, "ce_full": 0.364066, "l_psi_ctl": 0.02808, "l_tension_route": 0.001596, "loss": 0.378904, "gn2": 2.162005, "lr": 0.00015, "curriculum_stage_gate": 1, "wall_s": 25.65, "gpu_mem_gb": 9.69}
{"step": 400, "ce_full": 0.081899, "l_psi_ctl": 0.010156, "l_tension_route": 0.000148, "loss": 0.087051, "gn2": 1.307222, "lr": 0.0003, "curriculum_stage_gate": 1, "wall_s": 50.72, "gpu_mem_gb": 9.69}
{"step": 600, "ce_full": 0.033134, "l_psi_ctl": 0.005202, "l_tension_route": 0.000118, "loss": 0.035794, "gn2": 0.246555, "lr": 0.00029954, "curriculum_stage_gate": 1, "wall_s": 75.9, "gpu_mem_gb": 9.69}
{"step": 800, "ce_full": 0.021765, "l_psi_ctl": 0.016323, "l_tension_route": 0.001547, "loss": 0.0307, "gn2": 0.207796, "lr": 0.00029817, "curriculum_stage_gate": 1, "wall_s": 100.83, "gpu_mem_gb": 9.69}
{"step": 1000, "ce_full": 0.013053, "l_psi_ctl": 0.009294, "l_tension_route": 0.000121, "loss": 0.01776, "gn2": 0.031831, "lr": 0.00029588, "curriculum_stage_gate": 1, "wall_s": 125.75, "gpu_mem_gb": 9.69}
{"step": 1200, "ce_full": 0.02429, "l_psi_ctl": 0.018802, "l_tension_route": 0.000805, "loss": 0.034093, "gn2": 0.279954, "lr": 0.0002927, "curriculum_stage_gate": 1, "wall_s": 150.69, "gpu_mem_gb": 9.69}
{"step": 1400, "ce_full": 0.012949, "l_psi_ctl": 0.002552, "l_tension_route": 2.7e-05, "loss": 0.014239, "gn2": 0.014514, "lr": 0.00028865, "curriculum_stage_gate": 1, "wall_s": 175.81, "gpu_mem_gb": 9.69}
{"step": 1600, "ce_full": 0.012423, "l_psi_ctl": 0.0085, "l_tension_route": 9.9e-05, "loss": 0.016722, "gn2": 0.0092, "lr": 0.00028376, "curriculum_stage_gate": 1, "wall_s": 200.75, "gpu_mem_gb": 9.69}
{"step": 1800, "ce_full": 0.014927, "l_psi_ctl": 0.004852, "l_tension_route": 1e-06, "loss": 0.017354, "gn2": 0.01206, "lr": 0.00027805, "curriculum_stage_gate": 2, "wall_s": 225.69, "gpu_mem_gb": 9.69}
{"step": 2000, "ce_full": 0.013083, "l_psi_ctl": 0.004469, "l_tension_route": 0.000536, "loss": 0.015586, "gn2": 0.050018, "lr": 0.00027157, "curriculum_stage_gate": 2, "wall_s": 250.61, "gpu_mem_gb": 9.69}
{"step": 2200, "ce_full": 0.005691, "l_psi_ctl": 0.00419, "l_tension_route": 0.000112, "loss": 0.007842, "gn2": 0.005819, "lr": 0.00026436, "curriculum_stage_gate": 2, "wall_s": 275.73, "gpu_mem_gb": 9.69}
{"step": 2400, "ce_full": 0.010345, "l_psi_ctl": 0.004303, "l_tension_route": 4e-06, "loss": 0.012498, "gn2": 0.006699, "lr": 0.00025647, "curriculum_stage_gate": 2, "wall_s": 300.88, "gpu_mem_gb": 9.69}
{"step": 2600, "ce_full": 0.00479, "l_psi_ctl": 0.010715, "l_tension_route": 0.000484, "loss": 0.010389, "gn2": 0.005669, "lr": 0.00024796, "curriculum_stage_gate": 2, "wall_s": 325.95, "gpu_mem_gb": 9.69}
{"step": 2800, "ce_full": 0.005254, "l_psi_ctl": 0.006262, "l_tension_route": 2e-06, "loss": 0.008386, "gn2": 0.010183, "lr": 0.00023888, "curriculum_stage_gate": 2, "wall_s": 351.36, "gpu_mem_gb": 9.69}
{"step": 3000, "ce_full": 0.01083, "l_psi_ctl": 0.00357, "l_tension_route": 1.5e-05, "loss": 0.012623, "gn2": 0.004604, "lr": 0.0002293, "curriculum_stage_gate": 2, "wall_s": 376.59, "gpu_mem_gb": 9.69}
{"step": 3200, "ce_full": 0.005928, "l_psi_ctl": 0.002371, "l_tension_route": 1e-06, "loss": 0.007114, "gn2": 0.003609, "lr": 0.00021928, "curriculum_stage_gate": 2, "wall_s": 402.13, "gpu_mem_gb": 9.69}
{"step": 3400, "ce_full": 0.007233, "l_psi_ctl": 0.01003, "l_tension_route": 0.000269, "loss": 0.012383, "gn2": 0.0027, "lr": 0.00020889, "curriculum_stage_gate": 2, "wall_s": 427.49, "gpu_mem_gb": 9.69}
{"step": 3600, "ce_full": 0.006241, "l_psi_ctl": 0.007473, "l_tension_route": 0.000167, "loss": 0.010062, "gn2": 0.005432, "lr": 0.00019819, "curriculum_stage_gate": 3, "wall_s": 452.67, "gpu_mem_gb": 9.69}
{"step": 3800, "ce_full": 0.007721, "l_psi_ctl": 0.003235, "l_tension_route": 1e-06, "loss": 0.009339, "gn2": 0.002265, "lr": 0.00018728, "curriculum_stage_gate": 3, "wall_s": 477.98, "gpu_mem_gb": 9.69}
{"step": 4000, "ce_full": 0.008138, "l_psi_ctl": 0.007689, "l_tension_route": 0.001897, "loss": 0.012931, "gn2": 0.003611, "lr": 0.0001762, "curriculum_stage_gate": 3, "wall_s": 503.37, "gpu_mem_gb": 9.69}
{"step": 4200, "ce_full": 0.007578, "l_psi_ctl": 0.003605, "l_tension_route": 2e-06, "loss": 0.009381, "gn2": 0.001346, "lr": 0.00016506, "curriculum_stage_gate": 3, "wall_s": 528.74, "gpu_mem_gb": 9.69}
{"step": 4400, "ce_full": 0.004233, "l_psi_ctl": 0.002409, "l_tension_route": 0.000324, "loss": 0.0056, "gn2": 0.003353, "lr": 0.00015391, "curriculum_stage_gate": 3, "wall_s": 553.99, "gpu_mem_gb": 9.69}
{"step": 4600, "ce_full": 0.004565, "l_psi_ctl": 0.003755, "l_tension_route": 0.00012, "loss": 0.006502, "gn2": 0.001555, "lr": 0.00014283, "curriculum_stage_gate": 3, "wall_s": 579.19, "gpu_mem_gb": 9.69}
{"step": 4800, "ce_full": 0.004411, "l_psi_ctl": 0.003488, "l_tension_route": 6.4e-05, "loss": 0.006187, "gn2": 0.001111, "lr": 0.00013191, "curriculum_stage_gate": 3, "wall_s": 604.36, "gpu_mem_gb": 9.69}
{"step": 5000, "ce_full": 0.004402, "l_psi_ctl": 0.00411, "l_tension_route": 2.1e-05, "loss": 0.006467, "gn2": 0.001567, "lr": 0.00012122, "curriculum_stage_gate": 3, "wall_s": 629.67, "gpu_mem_gb": 9.69}
{"step": 5200, "ce_full": 0.002378, "l_psi_ctl": 0.005433, "l_tension_route": 0.00033, "loss": 0.00526, "gn2": 0.000665, "lr": 0.00011082, "curriculum_stage_gate": 4, "wall_s": 655.08, "gpu_mem_gb": 9.69}
{"step": 5400, "ce_full": 0.004265, "l_psi_ctl": 0.005794, "l_tension_route": 0.000101, "loss": 0.007212, "gn2": 0.001599, "lr": 0.0001008, "curriculum_stage_gate": 4, "wall_s": 680.04, "gpu_mem_gb": 9.69}
{"step": 5600, "ce_full": 0.005891, "l_psi_ctl": 0.005046, "l_tension_route": 0.000537, "loss": 0.008682, "gn2": 0.001701, "lr": 9.121e-05, "curriculum_stage_gate": 4, "wall_s": 705.31, "gpu_mem_gb": 9.69}
{"step": 5800, "ce_full": 0.002936, "l_psi_ctl": 0.004351, "l_tension_route": 6.6e-05, "loss": 0.005145, "gn2": 0.003166, "lr": 8.213e-05, "curriculum_stage_gate": 4, "wall_s": 730.79, "gpu_mem_gb": 9.69}
{"step": 6000, "ce_full": 0.002348, "l_psi_ctl": 0.004233, "l_tension_route": 1.9e-05, "loss": 0.004474, "gn2": 0.000806, "lr": 7.361e-05, "curriculum_stage_gate": 4, "wall_s": 755.98, "gpu_mem_gb": 9.69}
{"step": 6200, "ce_full": 0.001762, "l_psi_ctl": 0.004181, "l_tension_route": 0.000154, "loss": 0.00393, "gn2": 0.000611, "lr": 6.572e-05, "curriculum_stage_gate": 4, "wall_s": 781.29, "gpu_mem_gb": 9.69}
{"step": 6400, "ce_full": 0.002086, "l_psi_ctl": 0.004843, "l_tension_route": 0.000277, "loss": 0.004646, "gn2": 0.000562, "lr": 5.85e-05, "curriculum_stage_gate": 4, "wall_s": 806.71, "gpu_mem_gb": 9.69}
{"step": 6600, "ce_full": 0.004362, "l_psi_ctl": 0.002279, "l_tension_route": 2e-06, "loss": 0.005502, "gn2": 0.000891, "lr": 5.201e-05, "curriculum_stage_gate": 4, "wall_s": 832.16, "gpu_mem_gb": 9.69}
{"step": 6800, "ce_full": 0.005763, "l_psi_ctl": 0.003926, "l_tension_route": 0.000252, "loss": 0.007852, "gn2": 0.001556, "lr": 4.63e-05, "curriculum_stage_gate": 4, "wall_s": 857.75, "gpu_mem_gb": 9.69}
{"step": 7000, "ce_full": 0.00598, "l_psi_ctl": 0.004595, "l_tension_route": 0.000853, "loss": 0.008704, "gn2": 0.002214, "lr": 4.139e-05, "curriculum_stage_gate": 4, "wall_s": 883.18, "gpu_mem_gb": 9.69}
{"step": 7200, "ce_full": 0.001522, "l_psi_ctl": 0.006528, "l_tension_route": 0.0, "loss": 0.004786, "gn2": 0.000455, "lr": 3.733e-05, "curriculum_stage_gate": 4, "wall_s": 908.59, "gpu_mem_gb": 9.69}
{"step": 7400, "ce_full": 0.004747, "l_psi_ctl": 0.004354, "l_tension_route": 8.7e-05, "loss": 0.006968, "gn2": 0.00116, "lr": 3.414e-05, "curriculum_stage_gate": 4, "wall_s": 934.11, "gpu_mem_gb": 9.69}
{"step": 7600, "ce_full": 0.002017, "l_psi_ctl": 0.003475, "l_tension_route": 0.000217, "loss": 0.003863, "gn2": 0.000393, "lr": 3.185e-05, "curriculum_stage_gate": 4, "wall_s": 959.53, "gpu_mem_gb": 9.69}
{"step": 7800, "ce_full": 0.00197, "l_psi_ctl": 0.003162, "l_tension_route": 8.8e-05, "loss": 0.003595, "gn2": 0.000332, "lr": 3.047e-05, "curriculum_stage_gate": 4, "wall_s": 984.92, "gpu_mem_gb": 9.69}
{"step": 8000, "ce_full": 0.000571, "l_psi_ctl": 0.003639, "l_tension_route": 2.8e-05, "loss": 0.002404, "gn2": 0.000243, "lr": 3e-05, "curriculum_stage_gate": 4, "wall_s": 1010.29, "gpu_mem_gb": 9.69}
RESULT_JSON_WRITTEN
{"path": "s16_dataregime_curriculum", "init_ce": 5.627472, "final_ce": 0.000571, "ce_descent": 5.626901, "final_l_psi_ctl": 0.003639, "final_l_tension_route": 2.8e-05, "curriculum": true, "wall_s": 1010.29}
