/workspace/s107r/train_carving_s16.py:297: FutureWarning: `torch.cuda.amp.GradScaler(args...)` is deprecated. Please use `torch.amp.GradScaler('cuda', args...)` instead.
  scaler = torch.cuda.amp.GradScaler(enabled=use_amp)
{"step": 1, "ce_full": 5.630657, "l_psi_ctl": 0.026179, "l_tension_route": 0.006255, "loss": 5.646874, "gn2": 28.424725, "lr": 1e-06, "curriculum_stage_gate": 1, "wall_s": 0.61, "gpu_mem_gb": 7.455}
{"step": 150, "ce_full": 0.994, "l_psi_ctl": 0.007026, "l_tension_route": 0.00013, "loss": 0.997578, "gn2": 4.055167, "lr": 0.00015, "curriculum_stage_gate": 1, "wall_s": 19.9, "gpu_mem_gb": 9.688}
{"step": 300, "ce_full": 0.090382, "l_psi_ctl": 0.006929, "l_tension_route": 0.000121, "loss": 0.093906, "gn2": 0.874112, "lr": 0.0003, "curriculum_stage_gate": 1, "wall_s": 39.27, "gpu_mem_gb": 9.688}
{"step": 450, "ce_full": 0.054613, "l_psi_ctl": 0.005317, "l_tension_route": 1.3e-05, "loss": 0.057278, "gn2": 0.520404, "lr": 0.00029955, "curriculum_stage_gate": 1, "wall_s": 58.61, "gpu_mem_gb": 9.688}
{"step": 600, "ce_full": 0.042225, "l_psi_ctl": 0.009953, "l_tension_route": 0.000328, "loss": 0.047366, "gn2": 0.192885, "lr": 0.00029817, "curriculum_stage_gate": 1, "wall_s": 77.94, "gpu_mem_gb": 9.688}
{"step": 750, "ce_full": 0.040879, "l_psi_ctl": 0.010877, "l_tension_route": 0.000452, "loss": 0.046543, "gn2": 0.102179, "lr": 0.00029589, "curriculum_stage_gate": 1, "wall_s": 97.25, "gpu_mem_gb": 9.688}
{"step": 900, "ce_full": 0.028067, "l_psi_ctl": 0.004705, "l_tension_route": 0.00033, "loss": 0.030584, "gn2": 0.033286, "lr": 0.00029271, "curriculum_stage_gate": 1, "wall_s": 116.65, "gpu_mem_gb": 9.688}
{"step": 1050, "ce_full": 0.020699, "l_psi_ctl": 0.002997, "l_tension_route": 3e-05, "loss": 0.022212, "gn2": 0.026121, "lr": 0.00028866, "curriculum_stage_gate": 1, "wall_s": 135.51, "gpu_mem_gb": 9.688}
{"step": 1200, "ce_full": 0.023429, "l_psi_ctl": 0.003935, "l_tension_route": 0.000683, "loss": 0.025738, "gn2": 0.020377, "lr": 0.00028376, "curriculum_stage_gate": 1, "wall_s": 154.25, "gpu_mem_gb": 9.688}
{"step": 1350, "ce_full": 0.019138, "l_psi_ctl": 0.007049, "l_tension_route": 0.000387, "loss": 0.022856, "gn2": 0.013907, "lr": 0.00027806, "curriculum_stage_gate": 2, "wall_s": 173.09, "gpu_mem_gb": 9.688}
{"step": 1500, "ce_full": 0.022122, "l_psi_ctl": 0.002989, "l_tension_route": 1e-06, "loss": 0.023617, "gn2": 0.023855, "lr": 0.00027158, "curriculum_stage_gate": 2, "wall_s": 192.03, "gpu_mem_gb": 9.688}
{"step": 1650, "ce_full": 0.011016, "l_psi_ctl": 0.012477, "l_tension_route": 0.000513, "loss": 0.017511, "gn2": 0.105166, "lr": 0.00026437, "curriculum_stage_gate": 2, "wall_s": 210.74, "gpu_mem_gb": 9.688}
{"step": 1800, "ce_full": 0.013698, "l_psi_ctl": 0.006201, "l_tension_route": 6.2e-05, "loss": 0.016829, "gn2": 0.00863, "lr": 0.00025649, "curriculum_stage_gate": 2, "wall_s": 229.54, "gpu_mem_gb": 9.688}
{"step": 1950, "ce_full": 0.011004, "l_psi_ctl": 0.009929, "l_tension_route": 0.0, "loss": 0.015969, "gn2": 0.010046, "lr": 0.00024798, "curriculum_stage_gate": 2, "wall_s": 248.23, "gpu_mem_gb": 9.688}
{"step": 2100, "ce_full": 0.015896, "l_psi_ctl": 0.009236, "l_tension_route": 0.000341, "loss": 0.020684, "gn2": 0.014554, "lr": 0.0002389, "curriculum_stage_gate": 2, "wall_s": 266.96, "gpu_mem_gb": 9.688}
{"step": 2250, "ce_full": 0.014927, "l_psi_ctl": 0.0107, "l_tension_route": 0.000308, "loss": 0.020431, "gn2": 0.011857, "lr": 0.00022932, "curriculum_stage_gate": 2, "wall_s": 285.71, "gpu_mem_gb": 9.688}
{"step": 2400, "ce_full": 0.011947, "l_psi_ctl": 0.00852, "l_tension_route": 2.8e-05, "loss": 0.016221, "gn2": 0.008594, "lr": 0.0002193, "curriculum_stage_gate": 2, "wall_s": 304.49, "gpu_mem_gb": 9.688}
{"step": 2550, "ce_full": 0.01202, "l_psi_ctl": 0.010296, "l_tension_route": 0.000509, "loss": 0.017422, "gn2": 0.005246, "lr": 0.0002089, "curriculum_stage_gate": 2, "wall_s": 323.34, "gpu_mem_gb": 9.688}
{"step": 2700, "ce_full": 0.009365, "l_psi_ctl": 0.009625, "l_tension_route": 0.000615, "loss": 0.014485, "gn2": 0.003861, "lr": 0.00019821, "curriculum_stage_gate": 3, "wall_s": 342.15, "gpu_mem_gb": 9.688}
{"step": 2850, "ce_full": 0.007982, "l_psi_ctl": 0.010744, "l_tension_route": 0.000497, "loss": 0.013603, "gn2": 0.003065, "lr": 0.00018729, "curriculum_stage_gate": 3, "wall_s": 360.96, "gpu_mem_gb": 9.688}
{"step": 3000, "ce_full": 0.014759, "l_psi_ctl": 0.011265, "l_tension_route": 0.000144, "loss": 0.020464, "gn2": 0.009085, "lr": 0.00017622, "curriculum_stage_gate": 3, "wall_s": 379.7, "gpu_mem_gb": 9.688}
{"step": 3150, "ce_full": 0.009685, "l_psi_ctl": 0.008656, "l_tension_route": 0.000894, "loss": 0.014461, "gn2": 0.005664, "lr": 0.00016507, "curriculum_stage_gate": 3, "wall_s": 398.4, "gpu_mem_gb": 9.688}
{"step": 3300, "ce_full": 0.007991, "l_psi_ctl": 0.012908, "l_tension_route": 0.00035, "loss": 0.01462, "gn2": 0.002794, "lr": 0.00015393, "curriculum_stage_gate": 3, "wall_s": 417.14, "gpu_mem_gb": 9.688}
{"step": 3450, "ce_full": 0.00409, "l_psi_ctl": 0.004017, "l_tension_route": 5.7e-05, "loss": 0.006128, "gn2": 0.001156, "lr": 0.00014285, "curriculum_stage_gate": 3, "wall_s": 435.97, "gpu_mem_gb": 9.688}
{"step": 3600, "ce_full": 0.008878, "l_psi_ctl": 0.005358, "l_tension_route": 5.4e-05, "loss": 0.011584, "gn2": 0.005135, "lr": 0.00013193, "curriculum_stage_gate": 3, "wall_s": 454.74, "gpu_mem_gb": 9.688}
{"step": 3750, "ce_full": 0.005064, "l_psi_ctl": 0.006277, "l_tension_route": 7e-06, "loss": 0.008206, "gn2": 0.001237, "lr": 0.00012124, "curriculum_stage_gate": 3, "wall_s": 473.55, "gpu_mem_gb": 9.688}
{"step": 3900, "ce_full": 0.007218, "l_psi_ctl": 0.003659, "l_tension_route": 3e-06, "loss": 0.009049, "gn2": 0.001618, "lr": 0.00011084, "curriculum_stage_gate": 4, "wall_s": 492.31, "gpu_mem_gb": 9.688}
{"step": 4050, "ce_full": 0.003787, "l_psi_ctl": 0.00258, "l_tension_route": 0.000908, "loss": 0.005531, "gn2": 0.001012, "lr": 0.00010081, "curriculum_stage_gate": 4, "wall_s": 511.03, "gpu_mem_gb": 9.688}
{"step": 4200, "ce_full": 0.002466, "l_psi_ctl": 0.004348, "l_tension_route": 2.7e-05, "loss": 0.004653, "gn2": 0.000443, "lr": 9.122e-05, "curriculum_stage_gate": 4, "wall_s": 529.74, "gpu_mem_gb": 9.688}
{"step": 4350, "ce_full": 0.002674, "l_psi_ctl": 0.005113, "l_tension_route": 0.000146, "loss": 0.005304, "gn2": 0.000731, "lr": 8.214e-05, "curriculum_stage_gate": 4, "wall_s": 548.58, "gpu_mem_gb": 9.688}
{"step": 4500, "ce_full": 0.002453, "l_psi_ctl": 0.007994, "l_tension_route": 0.000131, "loss": 0.006516, "gn2": 0.000827, "lr": 7.362e-05, "curriculum_stage_gate": 4, "wall_s": 567.36, "gpu_mem_gb": 9.688}
{"step": 4650, "ce_full": 0.001489, "l_psi_ctl": 0.012345, "l_tension_route": 7e-06, "loss": 0.007665, "gn2": 0.000351, "lr": 6.573e-05, "curriculum_stage_gate": 4, "wall_s": 586.1, "gpu_mem_gb": 9.688}
{"step": 4800, "ce_full": 0.003614, "l_psi_ctl": 0.003083, "l_tension_route": 4e-06, "loss": 0.005158, "gn2": 0.000441, "lr": 5.851e-05, "curriculum_stage_gate": 4, "wall_s": 604.87, "gpu_mem_gb": 9.688}
{"step": 4950, "ce_full": 0.003072, "l_psi_ctl": 0.008961, "l_tension_route": 0.000337, "loss": 0.007722, "gn2": 0.000581, "lr": 5.202e-05, "curriculum_stage_gate": 4, "wall_s": 623.71, "gpu_mem_gb": 9.688}
{"step": 5100, "ce_full": 0.00494, "l_psi_ctl": 0.005878, "l_tension_route": 0.000116, "loss": 0.007937, "gn2": 0.001039, "lr": 4.631e-05, "curriculum_stage_gate": 4, "wall_s": 642.75, "gpu_mem_gb": 9.688}
{"step": 5250, "ce_full": 0.010167, "l_psi_ctl": 0.012476, "l_tension_route": 0.000449, "loss": 0.016629, "gn2": 0.002481, "lr": 4.14e-05, "curriculum_stage_gate": 4, "wall_s": 661.65, "gpu_mem_gb": 9.688}
{"step": 5400, "ce_full": 0.004346, "l_psi_ctl": 0.002497, "l_tension_route": 0.0, "loss": 0.005594, "gn2": 0.000778, "lr": 3.734e-05, "curriculum_stage_gate": 4, "wall_s": 680.35, "gpu_mem_gb": 9.688}
{"step": 5550, "ce_full": 0.003229, "l_psi_ctl": 0.005926, "l_tension_route": 5.4e-05, "loss": 0.006219, "gn2": 0.000953, "lr": 3.415e-05, "curriculum_stage_gate": 4, "wall_s": 698.98, "gpu_mem_gb": 9.688}
{"step": 5700, "ce_full": 0.002092, "l_psi_ctl": 0.007434, "l_tension_route": 3.3e-05, "loss": 0.005826, "gn2": 0.000691, "lr": 3.185e-05, "curriculum_stage_gate": 4, "wall_s": 717.8, "gpu_mem_gb": 9.688}
{"step": 5850, "ce_full": 0.003714, "l_psi_ctl": 0.007737, "l_tension_route": 0.000259, "loss": 0.007712, "gn2": 0.000671, "lr": 3.047e-05, "curriculum_stage_gate": 4, "wall_s": 736.6, "gpu_mem_gb": 9.688}
{"step": 6000, "ce_full": 0.00289, "l_psi_ctl": 0.012259, "l_tension_route": 3.6e-05, "loss": 0.009038, "gn2": 0.000678, "lr": 3e-05, "curriculum_stage_gate": 4, "wall_s": 755.39, "gpu_mem_gb": 9.688}
RESULT_JSON_WRITTEN
{"path": "s16_dataregime_curriculum", "init_ce": 5.630657, "final_ce": 0.00289, "ce_descent": 5.627767, "final_l_psi_ctl": 0.012259, "final_l_tension_route": 3.6e-05, "curriculum": true, "wall_s": 755.39}
