=== §118 TRACK 0 IN-SILICO — canonical run ===
(numpy corrcoef RuntimeWarnings on near-constant subsampled rasters are benign — std-guarded, value used via np.nanstd)
§118 TRACK 0 IN-SILICO  wall=23.038s
  GPU-CE         ch=ce    byte_acc=0.5000(>0.0039=True) phys_not_frozen=True §9=2/5 → NON_DEGEN=True
  GPU-noCE       ch=none  byte_acc=0.0000(>0.0039=False) phys_not_frozen=True §9=0/5 → NON_DEGEN=False
  SIM-noCE-STDP  ch=stdp  byte_acc=0.0000(>0.0039=False) phys_not_frozen=True §9=5/5 → NON_DEGEN=False
  SIM-CE         ch=ce    byte_acc=0.5000(>0.0039=True) phys_not_frozen=True §9=2/5 → NON_DEGEN=True
  VERDICT = SIM-IS-GPU-TAUTOLOGY-CONFIRMED-LEARNING-HALF

=== B-S118 sidecar battery ===
[PASS] B-S118-1 CELL-PARTITION-EXHAUSTIVE-DISJOINT — 4 cells=['GPU-CE', 'GPU-noCE', 'SIM-CE', 'SIM-noCE-STDP'] · channels=['ce', 'none', 'stdp'] · each-one-channel=True · expected-map-match=True · 3-channel taxonomy disjoint=True
[PASS] B-S118-2 STDP-NO-CE-NO-BACKPROP-AST-AUDIT — forbidden-call hits=0 [] · imports=['emergence_metric', 'json', 'numpy', 'os', 'sys', 'time'] no_torch=True · _stdp_update error-symbol-free=True — decisive 'stdp' channel = LOCAL plasticity only (mirror §11-B B-PUREPHYS-1 / §117 B-S117-2)
[PASS] B-S118-3 PREDICATE-DETERMINISTIC-3X-BIT-IDENTICAL — §3 predicate re-derived per-cell == recorded=True · 3×bit-identical=True · re-run verdict≡recorded=True (closed Boolean, necessary-NOT-sufficient B-EMERGE-7)
[PASS] B-S118-4 §3-PREDICATE-BYTE-EQUAL-TO-SPEC-CONNECTION-POINT — TRACK0_INSILICO.md §3 witness present=True · run predicate 3-clause=True · §9 honest_coherent SSOT-import=True (NOT re-implemented)
[PASS] B-S118-5 §117-WALL-B-INHERITED-CONNECTION-POINT — §117 result.json WALL-B-INHERITED witness=True · §118 WALL-B inherited(learning-half-only)=True · WALL-A orthogonal=True
[PASS] B-S118-6 §96-ATTENTION-BLOCKER-ACKNOWLEDGED-STRUCTURAL — headline+inheritance acknowledge §96 design-open #1 (SPIKING-INCOMPATIBLE / must REPLACE / BLOCKS full anima)=True · §96 DESIGN.md carries the finding=True
[PASS] B-S118-7 PSI-C1-BOUNDED-FIXED-POINT-CLOSED — sympy ψ(−1)=0 ψ(1)=1 ψ(0)=½ ∂ψ/∂c=½>0 ✓ · all cells Ψ-C1 mean ∈[0,1]=True (§112 META_FP(Π_½) instance, carrier=spike-correlation; §7-FORM by construction)
[PASS] B-S118-8 SIDECAR-CENTRAL-0-DIFF-ZERO-COST-STRUCTURAL — sidecar-only (no central-path executable ref)=True · cost=$0.0 gpu=False fire=False dispatch=False orphan=0 — $0, no GPU/fire
[PASS] B-S118-9 G-CLM-FROM-SCRATCH-INIT-INVARIANT-CLOSED — ckpt-load AST hits=[] (0 required) · base_ckpt=None asserted=True · RANDOM seed-fixed init=True
B-S118-NOTE — empirical carve-out recorded (NOT counted blue)
B-S118  9/9 🔵 ALL PASS

central blue_falsifier.py sha256: c93e160a8a376a940942332cad13e652df9a03e97ccab708542a126eefc70b73 (0-line-diff START==END)
