=== phi_leg B_mnemosyne ===
=== H_1058 faithful-Phi leg (a_phi_iit4_tool) · dtype=float32-lean ===
STEP 0 — RE-PROVE stdlib IIT-4.0 mirror == stdlib at n=5 (no proxy):
  ── ≡-PROOF at n=5 (re-prove BOTH mirrors vs stdlib before trusting) ──
     big-Φ ring5_s31 : mirror=2.999999999  stdlib_hexa_ref=2.999999999  |Δ|=1.34e-10  OK
     big-Φ ring5_s24 : mirror=2.999999999  stdlib_hexa_ref=2.999999999  |Δ|=1.34e-10  OK
     faithful_phi n5 dim6 nb2 (fixed trace, stdlib hexa ref): mirror=4.000000  stdlib_hexa_ref=4.000000  |Δ|=7.97e-10  OK
     matched-path n=5: bits.shape=(40, 5)  big-Φ=18.185180  faithful=0.029795
     deterministic re-run: True   faithful-units==bits.T (no continuous leak): True
  ≡-PROOF n=5: PROVEN
STEP 0b — load .clm + decode-sanity: /home/aiden/anima-weights/e1_slw_303m/e1_slw_303m.final.clm
   loaded d=3784 E=3 V=256 L=4 K=3 in 7.0s
   decode-sanity CE=1.89557 < ln(V)=5.54518: True
STEP 1 — Phi on 240 sampled decisions x 2 macro-maps (trunk fwd each):
   10/240  (7.8s)
   20/240  (15.8s)
   30/240  (25.0s)
   40/240  (33.3s)
   50/240  (42.3s)
   60/240  (50.4s)
   70/240  (57.4s)
   80/240  (66.4s)
   90/240  (76.3s)
   100/240  (85.2s)
   110/240  (93.2s)
   120/240  (101.6s)
   130/240  (110.2s)
   140/240  (119.1s)
   150/240  (127.3s)
   160/240  (135.7s)
   170/240  (142.8s)
   180/240  (151.9s)
   190/240  (160.8s)
   200/240  (169.1s)
   210/240  (177.8s)
   220/240  (186.2s)
   230/240  (195.9s)
   240/240  (204.5s)
wrote 480 rows -> out/phi_B.jsonl  (204.5s)
=== phi_leg C_thanatos ===
=== H_1058 faithful-Phi leg (a_phi_iit4_tool) · dtype=float32-lean ===
STEP 0 — RE-PROVE stdlib IIT-4.0 mirror == stdlib at n=5 (no proxy):
  ── ≡-PROOF at n=5 (re-prove BOTH mirrors vs stdlib before trusting) ──
     big-Φ ring5_s31 : mirror=2.999999999  stdlib_hexa_ref=2.999999999  |Δ|=1.34e-10  OK
     big-Φ ring5_s24 : mirror=2.999999999  stdlib_hexa_ref=2.999999999  |Δ|=1.34e-10  OK
     faithful_phi n5 dim6 nb2 (fixed trace, stdlib hexa ref): mirror=4.000000  stdlib_hexa_ref=4.000000  |Δ|=7.97e-10  OK
     matched-path n=5: bits.shape=(40, 5)  big-Φ=18.185180  faithful=0.029795
     deterministic re-run: True   faithful-units==bits.T (no continuous leak): True
  ≡-PROOF n=5: PROVEN
STEP 0b — load .clm + decode-sanity: /home/aiden/anima-weights/e1_slw_303m/e1_slw_303m.final.clm
   loaded d=3784 E=3 V=256 L=4 K=3 in 4.6s
   decode-sanity CE=1.89557 < ln(V)=5.54518: True
STEP 1 — Phi on 240 sampled decisions x 2 macro-maps (trunk fwd each):
   10/240  (8.8s)
   20/240  (16.9s)
   30/240  (26.2s)
   40/240  (35.3s)
   50/240  (43.4s)
   60/240  (51.8s)
   70/240  (60.2s)
   80/240  (69.1s)
   90/240  (78.1s)
   100/240  (86.9s)
   110/240  (95.5s)
   120/240  (104.6s)
   130/240  (113.5s)
   140/240  (121.3s)
   150/240  (128.4s)
   160/240  (135.8s)
   170/240  (143.0s)
   180/240  (149.9s)
   190/240  (157.0s)
   200/240  (163.8s)
   210/240  (171.5s)
   220/240  (179.1s)
   230/240  (186.0s)
   240/240  (192.8s)
wrote 480 rows -> out/phi_C.jsonl  (192.9s)
=== phi_leg D_orpheus ===
=== H_1058 faithful-Phi leg (a_phi_iit4_tool) · dtype=float32-lean ===
STEP 0 — RE-PROVE stdlib IIT-4.0 mirror == stdlib at n=5 (no proxy):
  ── ≡-PROOF at n=5 (re-prove BOTH mirrors vs stdlib before trusting) ──
     big-Φ ring5_s31 : mirror=2.999999999  stdlib_hexa_ref=2.999999999  |Δ|=1.34e-10  OK
     big-Φ ring5_s24 : mirror=2.999999999  stdlib_hexa_ref=2.999999999  |Δ|=1.34e-10  OK
     faithful_phi n5 dim6 nb2 (fixed trace, stdlib hexa ref): mirror=4.000000  stdlib_hexa_ref=4.000000  |Δ|=7.97e-10  OK
     matched-path n=5: bits.shape=(40, 5)  big-Φ=18.185180  faithful=0.029795
     deterministic re-run: True   faithful-units==bits.T (no continuous leak): True
  ≡-PROOF n=5: PROVEN
STEP 0b — load .clm + decode-sanity: /home/aiden/anima-weights/e1_slw_303m/e1_slw_303m.final.clm
   loaded d=3784 E=3 V=256 L=4 K=3 in 3.0s
   decode-sanity CE=1.89557 < ln(V)=5.54518: True
STEP 1 — Phi on 240 sampled decisions x 2 macro-maps (trunk fwd each):
   10/240  (6.9s)
   20/240  (14.2s)
   30/240  (21.7s)
   40/240  (29.2s)
   50/240  (36.1s)
   60/240  (42.7s)
   70/240  (49.7s)
   80/240  (57.0s)
   90/240  (64.2s)
   100/240  (71.4s)
   110/240  (78.2s)
   120/240  (85.5s)
   130/240  (92.5s)
   140/240  (99.5s)
   150/240  (106.6s)
   160/240  (114.1s)
   170/240  (121.4s)
   180/240  (129.0s)
   190/240  (136.6s)
   200/240  (143.6s)
   210/240  (150.9s)
   220/240  (158.2s)
   230/240  (165.1s)
   240/240  (172.7s)
wrote 480 rows -> out/phi_D.jsonl  (172.7s)
ALL_PHI_DONE
