Info: constraining clock net 'clk' to 12.00 MHz
Warning: IO 'step_count[15]' is unconstrained in LPF and will be automatically placed
Warning: IO 'step_count[14]' is unconstrained in LPF and will be automatically placed
Warning: IO 'step_count[13]' is unconstrained in LPF and will be automatically placed
Warning: IO 'step_count[12]' is unconstrained in LPF and will be automatically placed
Warning: IO 'step_count[11]' is unconstrained in LPF and will be automatically placed
Warning: IO 'step_count[10]' is unconstrained in LPF and will be automatically placed
Warning: IO 'step_count[9]' is unconstrained in LPF and will be automatically placed
Warning: IO 'step_count[8]' is unconstrained in LPF and will be automatically placed
Warning: IO 'step_count[7]' is unconstrained in LPF and will be automatically placed
Warning: IO 'step_count[6]' is unconstrained in LPF and will be automatically placed
Warning: IO 'step_count[5]' is unconstrained in LPF and will be automatically placed
Warning: IO 'step_count[4]' is unconstrained in LPF and will be automatically placed
Warning: IO 'step_count[3]' is unconstrained in LPF and will be automatically placed
Warning: IO 'step_count[2]' is unconstrained in LPF and will be automatically placed
Warning: IO 'step_count[1]' is unconstrained in LPF and will be automatically placed
Warning: IO 'step_count[0]' is unconstrained in LPF and will be automatically placed
Warning: IO 'state_dump[41]' is unconstrained in LPF and will be automatically placed
Warning: IO 'state_dump[40]' is unconstrained in LPF and will be automatically placed
Warning: IO 'state_dump[39]' is unconstrained in LPF and will be automatically placed
Warning: IO 'state_dump[38]' is unconstrained in LPF and will be automatically placed
Warning: IO 'state_dump[37]' is unconstrained in LPF and will be automatically placed
Warning: IO 'state_dump[36]' is unconstrained in LPF and will be automatically placed
Warning: IO 'state_dump[35]' is unconstrained in LPF and will be automatically placed
Warning: IO 'state_dump[34]' is unconstrained in LPF and will be automatically placed
Warning: IO 'state_dump[33]' is unconstrained in LPF and will be automatically placed
Warning: IO 'state_dump[32]' is unconstrained in LPF and will be automatically placed
Warning: IO 'state_dump[31]' is unconstrained in LPF and will be automatically placed
Warning: IO 'state_dump[30]' is unconstrained in LPF and will be automatically placed
Warning: IO 'state_dump[29]' is unconstrained in LPF and will be automatically placed
Warning: IO 'state_dump[28]' is unconstrained in LPF and will be automatically placed
Warning: IO 'state_dump[27]' is unconstrained in LPF and will be automatically placed
Warning: IO 'state_dump[26]' is unconstrained in LPF and will be automatically placed
Warning: IO 'state_dump[25]' is unconstrained in LPF and will be automatically placed
Warning: IO 'state_dump[24]' is unconstrained in LPF and will be automatically placed
Warning: IO 'state_dump[23]' is unconstrained in LPF and will be automatically placed
Warning: IO 'state_dump[22]' is unconstrained in LPF and will be automatically placed
Warning: IO 'state_dump[21]' is unconstrained in LPF and will be automatically placed
Warning: IO 'state_dump[20]' is unconstrained in LPF and will be automatically placed
Warning: IO 'state_dump[19]' is unconstrained in LPF and will be automatically placed
Warning: IO 'state_dump[18]' is unconstrained in LPF and will be automatically placed
Warning: IO 'state_dump[17]' is unconstrained in LPF and will be automatically placed
Warning: IO 'state_dump[16]' is unconstrained in LPF and will be automatically placed
Warning: IO 'state_dump[15]' is unconstrained in LPF and will be automatically placed
Warning: IO 'state_dump[14]' is unconstrained in LPF and will be automatically placed
Warning: IO 'state_dump[13]' is unconstrained in LPF and will be automatically placed
Warning: IO 'state_dump[12]' is unconstrained in LPF and will be automatically placed
Warning: IO 'state_dump[11]' is unconstrained in LPF and will be automatically placed
Warning: IO 'state_dump[10]' is unconstrained in LPF and will be automatically placed
Warning: IO 'state_dump[9]' is unconstrained in LPF and will be automatically placed
Warning: IO 'state_dump[8]' is unconstrained in LPF and will be automatically placed

Info: Logic utilisation before packing:
Info:     Total LUT4s:       127/83640     0%
Info:         logic LUTs:    111/83640     0%
Info:         carry LUTs:     16/83640     0%
Info:           RAM LUTs:      0/10455     0%
Info:          RAMW LUTs:      0/20910     0%

Info:      Total DFFs:        58/83640     0%

Info: Packing IOs..
Info: pin 'state_dump[7]$tr_io' constrained to Bel 'X80/Y0/PIOB'.
Info: pin 'state_dump[6]$tr_io' constrained to Bel 'X74/Y0/PIOA'.
Info: pin 'state_dump[5]$tr_io' constrained to Bel 'X80/Y0/PIOA'.
Info: pin 'state_dump[4]$tr_io' constrained to Bel 'X71/Y0/PIOB'.
Info: pin 'state_dump[3]$tr_io' constrained to Bel 'X78/Y0/PIOB'.
Info: pin 'state_dump[2]$tr_io' constrained to Bel 'X71/Y0/PIOA'.
Info: pin 'state_dump[1]$tr_io' constrained to Bel 'X119/Y0/PIOB'.
Info: pin 'state_dump[0]$tr_io' constrained to Bel 'X76/Y0/PIOA'.
Info: pin 'start$tr_io' constrained to Bel 'X0/Y44/PIOC'.
Info: pin 'rst_n$tr_io' constrained to Bel 'X0/Y47/PIOA'.
Info: pin 'clk$tr_io' constrained to Bel 'X63/Y0/PIOA'.
Info: Packing constants..
Info: Packing carries...
Info: Packing LUTs...
Info: Packing LUT5-7s...
Info: Packing FFs...
Info:     52 FFs paired with LUTs.
Info: Generating derived timing constraints...
Info: Promoting globals...
Info:     promoting clock net clk$TRELLIS_IO_IN to global network
Info: Checksum: 0x7a9648c0

Info: Annotating ports with timing budgets for target frequency 12.00 MHz
Info: Checksum: 0x9b5d42da

Info: Device utilisation:
Info: 	          TRELLIS_IO:    61/  365    16%
Info: 	                DCCA:     1/   56     1%
Info: 	              DP16KD:     0/  208     0%
Info: 	          MULT18X18D:     0/  156     0%
Info: 	              ALU54B:     0/   78     0%
Info: 	             EHXPLLL:     0/    4     0%
Info: 	             EXTREFB:     0/    2     0%
Info: 	                DCUA:     0/    2     0%
Info: 	           PCSCLKDIV:     0/    2     0%
Info: 	             IOLOGIC:     0/  224     0%
Info: 	            SIOLOGIC:     0/  141     0%
Info: 	                 GSR:     0/    1     0%
Info: 	               JTAGG:     0/    1     0%
Info: 	                OSCG:     0/    1     0%
Info: 	               SEDGA:     0/    1     0%
Info: 	                 DTR:     0/    1     0%
Info: 	             USRMCLK:     0/    1     0%
Info: 	             CLKDIVF:     0/    4     0%
Info: 	           ECLKSYNCB:     0/   10     0%
Info: 	             DLLDELD:     0/    8     0%
Info: 	              DDRDLL:     0/    4     0%
Info: 	             DQSBUFM:     0/   14     0%
Info: 	     TRELLIS_ECLKBUF:     0/    8     0%
Info: 	        ECLKBRIDGECS:     0/    2     0%
Info: 	                DCSC:     0/    2     0%
Info: 	          TRELLIS_FF:    58/83640     0%
Info: 	        TRELLIS_COMB:   133/83640     0%
Info: 	        TRELLIS_RAMW:     0/10455     0%

Info: Placed 11 cells based on constraints.
Info: Creating initial analytic placement for 77 cells, random placement wirelen = 11777.
Info:     at initial placer iter 0, wirelen = 5397
Info:     at initial placer iter 1, wirelen = 5051
Info:     at initial placer iter 2, wirelen = 4993
Info:     at initial placer iter 3, wirelen = 4939
Info: Running main analytical placer, max placement attempts per cell = 10000.
Info:     at iteration #1, type ALL: wirelen solved = 4892, spread = 4904, legal = 4907; time = 0.01s
Info: HeAP Placer Time: 0.04s
Info:   of which solving equations: 0.00s
Info:   of which spreading cells: 0.00s
Info:   of which strict legalisation: 0.00s

Info: Running simulated annealing placer for refinement.
Info:   at iteration #1: temp = 0.000000, timing cost = 48, wirelen = 4907
Info:   at iteration #5: temp = 0.000000, timing cost = 10, wirelen = 3781
Info:   at iteration #10: temp = 0.000000, timing cost = 10, wirelen = 3606
Info:   at iteration #15: temp = 0.000000, timing cost = 10, wirelen = 3517
Info:   at iteration #15: temp = 0.000000, timing cost = 8, wirelen = 3535 
Info: SA placement time 0.04s

Info: Max frequency for clock '$glbnet$clk$TRELLIS_IO_IN': 386.40 MHz (PASS at 12.00 MHz)

Info: Max delay <async>                           -> posedge $glbnet$clk$TRELLIS_IO_IN: 7.71 ns
Info: Max delay posedge $glbnet$clk$TRELLIS_IO_IN -> <async>                          : 8.30 ns

Info: Slack histogram:
Info:  legend: * represents 1 endpoint(s)
Info:          + represents [1,1) endpoint(s)
Info: [ 75032,  75425) |** 
Info: [ 75425,  75818) |******* 
Info: [ 75818,  76211) |************* 
Info: [ 76211,  76604) |***************** 
Info: [ 76604,  76997) |*************** 
Info: [ 76997,  77390) |**************** 
Info: [ 77390,  77783) |************** 
Info: [ 77783,  78176) |*********** 
Info: [ 78176,  78569) |*** 
Info: [ 78569,  78962) |****** 
Info: [ 78962,  79355) |************ 
Info: [ 79355,  79748) |* 
Info: [ 79748,  80141) |*************** 
Info: [ 80141,  80534) |* 
Info: [ 80534,  80927) |******* 
Info: [ 80927,  81320) |**************************** 
Info: [ 81320,  81713) |*********************************** 
Info: [ 81713,  82106) |*********************** 
Info: [ 82106,  82499) |***** 
Info: [ 82499,  82892) |* 
Info: Checksum: 0xdf13b8c6
Info: Routing globals...
Info:     routing clock net $glbnet$clk$TRELLIS_IO_IN using global 0

Info: Routing..
Info: Setting up routing queue.
Info: Routing 739 arcs.
Info:            |   (re-)routed arcs  |   delta    | remaining|       time spent     |
Info:    IterCnt |  w/ripup   wo/ripup |  w/r  wo/r |      arcs| batch(sec) total(sec)|
Info:        915 |      163        716 |  163   716 |         0|       0.10       0.10|
Info: Routing complete.
Info: Router1 time 0.10s
Info: Checksum: 0xcc86eed6

Info: Critical path report for clock '$glbnet$clk$TRELLIS_IO_IN' (posedge -> posedge):
Info: curr total
Info:  0.3  0.3  Source state_dump_TRELLIS_FF_Q_10.Q
Info:  0.8  1.1    Net a0[2] budget 20.587999 ns (51,6) -> (51,5)
Info:                Sink nm0_L6MUX21_Z_SD_L6MUX21_Z_SD_LUT4_Z.C
Info:                Defined in:
Info:                  /Users/ghost/core/anima/anima-physics/hw/nested_lattice_ecp5/src/mix3.v:18.23-18.24
Info:  0.1  1.2  Source nm0_L6MUX21_Z_SD_L6MUX21_Z_SD_LUT4_Z.F
Info:  0.5  1.7    Net nm0_L6MUX21_Z_SD_L6MUX21_Z_SD[6] budget 20.587999 ns (51,5) -> (52,5)
Info:                Sink nm0_L6MUX21_Z_SD_L6MUX21_Z_D1_L6MUX21_Z_D0_PFUMX_Z_ALUT_LUT4_Z.M
Info:                Defined in:
Info:                  /opt/homebrew/bin/../share/yosys/lattice/cells_map_trellis.v:108.23-108.24
Info:  0.2  1.8  Source nm0_L6MUX21_Z_SD_L6MUX21_Z_D1_L6MUX21_Z_D0_PFUMX_Z_ALUT_LUT4_Z.OFX
Info:  0.5  2.3    Net nm0_L6MUX21_Z_SD[5] budget 20.587999 ns (52,5) -> (53,3)
Info:                Sink nm0_L6MUX21_Z_D1_PFUMX_Z_ALUT_LUT4_Z.M
Info:                Defined in:
Info:                  /opt/homebrew/bin/../share/yosys/lattice/cells_map_trellis.v:108.23-108.24
Info:  0.2  2.5  Source nm0_L6MUX21_Z_D1_PFUMX_Z_ALUT_LUT4_Z.OFX
Info:  0.5  2.9    Net nm0[0] budget 20.587999 ns (53,3) -> (53,2)
Info:                Sink state_dump_TRELLIS_FF_Q_26.M
Info:                Defined in:
Info:                  /Users/ghost/core/anima/anima-physics/hw/nested_lattice_ecp5/src/mix3.v:20.23-20.24
Info:  0.0  2.9  Setup state_dump_TRELLIS_FF_Q_26.M
Info: 0.8 ns logic, 2.2 ns routing

Info: Critical path report for cross-domain path '<async>' -> 'posedge $glbnet$clk$TRELLIS_IO_IN':
Info: curr total
Info:  0.0  0.0  Source rst_n$tr_io.O
Info:  0.9  0.9    Net rst_n$TRELLIS_IO_IN budget 41.484001 ns (0,47) -> (9,42)
Info:                Sink rst_n_LUT4_D.D
Info:                Defined in:
Info:                  /Users/ghost/core/anima/anima-physics/hw/nested_lattice_ecp5/src/nested_lattice_top.v:60.24-60.29
Info:  0.1  1.1  Source rst_n_LUT4_D.F
Info:  4.1  5.2    Net rst_n_LUT4_D_Z budget 41.483002 ns (9,42) -> (68,7)
Info:                Sink state_dump_TRELLIS_FF_Q_41.LSR
Info:  0.2  5.4  Setup state_dump_TRELLIS_FF_Q_41.LSR
Info: 0.4 ns logic, 5.0 ns routing

Info: Critical path report for cross-domain path 'posedge $glbnet$clk$TRELLIS_IO_IN' -> '<async>':
Info: curr total
Info:  0.3  0.3  Source state_dump_TRELLIS_FF_Q_34.Q
Info:  5.7  6.0    Net b1[0] budget 83.024002 ns (49,7) -> (96,95)
Info:                Sink state_dump[24]$tr_io.I
Info:                Defined in:
Info:                  /Users/ghost/core/anima/anima-physics/hw/nested_lattice_ecp5/src/mix3.v:19.23-19.24
Info: 0.3 ns logic, 5.7 ns routing

Info: Max frequency for clock '$glbnet$clk$TRELLIS_IO_IN': 341.18 MHz (PASS at 12.00 MHz)

Info: Max delay <async>                           -> posedge $glbnet$clk$TRELLIS_IO_IN: 5.40 ns
Info: Max delay posedge $glbnet$clk$TRELLIS_IO_IN -> <async>                          : 6.03 ns

Info: Slack histogram:
Info:  legend: * represents 1 endpoint(s)
Info:          + represents [1,1) endpoint(s)
Info: [ 77304,  77570) |* 
Info: [ 77570,  77836) |* 
Info: [ 77836,  78102) |**** 
Info: [ 78102,  78368) |**************** 
Info: [ 78368,  78634) |********** 
Info: [ 78634,  78900) |*************** 
Info: [ 78900,  79166) |********* 
Info: [ 79166,  79432) |************* 
Info: [ 79432,  79698) |***************** 
Info: [ 79698,  79964) |*********** 
Info: [ 79964,  80230) |****** 
Info: [ 80230,  80496) |************** 
Info: [ 80496,  80762) |******* 
Info: [ 80762,  81028) |************************** 
Info: [ 81028,  81294) |****** 
Info: [ 81294,  81560) |********************** 
Info: [ 81560,  81826) |************************** 
Info: [ 81826,  82092) |************************** 
Info: [ 82092,  82358) |* 
Info: [ 82358,  82624) |* 
50 warnings, 0 errors

Info: Program finished normally.
