seed=7 lam=0.0: train=1.0 held=0.0315 (oracle=1.0)
seed=7 lam=0.3: train=1.0 held=0.1064 (oracle=1.0)
seed=7 lam=1.0: train=1.0 held=0.1179 (oracle=1.0)
seed=7 lam=3.0: train=1.0 held=0.1179 (oracle=1.0)
seed=4302 lam=0.0: train=1.0 held=0.1313 (oracle=1.0)
seed=4302 lam=0.3: train=1.0 held=0.2429 (oracle=1.0)
seed=4302 lam=1.0: train=1.0 held=0.1174 (oracle=1.0)
seed=4302 lam=3.0: train=1.0 held=0.1174 (oracle=1.0)
seed=4303 lam=0.0: train=1.0 held=0.0881 (oracle=1.0)
seed=4303 lam=0.3: train=1.0 held=0.0 (oracle=1.0)
seed=4303 lam=1.0: train=1.0 held=0.0 (oracle=1.0)
seed=4303 lam=3.0: train=1.0 held=0.0 (oracle=1.0)
seed=4304 lam=0.0: train=1.0 held=0.1211 (oracle=1.0)
seed=4304 lam=0.3: train=1.0 held=0.1211 (oracle=1.0)
seed=4304 lam=1.0: train=1.0 held=0.1211 (oracle=1.0)
seed=4304 lam=3.0: train=1.0 held=0.1211 (oracle=1.0)
seed=4305 lam=0.0: train=1.0 held=0.0 (oracle=1.0)
seed=4305 lam=0.3: train=1.0 held=0.116 (oracle=1.0)
seed=4305 lam=1.0: train=1.0 held=0.116 (oracle=1.0)
seed=4305 lam=3.0: train=1.0 held=0.116 (oracle=1.0)

=== VERDICT v2 ===
{'seed': 7, 'off': 0.0315, 'on_best': 0.1179, 'delta': 0.0864}
{'seed': 4302, 'off': 0.1313, 'on_best': 0.2429, 'delta': 0.1116}
{'seed': 4303, 'off': 0.0881, 'on_best': 0.0, 'delta': -0.0881}
{'seed': 4304, 'off': 0.1211, 'on_best': 0.1211, 'delta': 0.0}
{'seed': 4305, 'off': 0.0, 'on_best': 0.116, 'delta': 0.116}
oracle_ok: True | n>=+0.15: 0 / 5 | no_regress: False
TIER: 🧱 DIRECTIONAL-FLOOR (NOT-SUPPORTED) — HE-objective does not reliably lift held-out composition
