[2026-05-03T14:32:30Z] start watcher pod=29dhlqk508ugoc hard_cap=28h
[2026-05-03T14:32:34Z] elapsed=0min probe=DONE=0 ALIVE=1 STEP=87/10000
[2026-05-03T14:42:38Z] elapsed=10min probe=DONE=0 ALIVE=1 STEP=328/10000
[2026-05-03T14:52:41Z] elapsed=20min probe=DONE=0 ALIVE=1 STEP=574/10000
[2026-05-03T15:02:43Z] elapsed=30min probe=DONE=0 ALIVE=1 STEP=816/10000
[2026-05-03T15:12:45Z] elapsed=40min probe=DONE=0 ALIVE=1 STEP=1062/10000
[2026-05-03T15:22:47Z] elapsed=50min probe=DONE=0 ALIVE=1 STEP=1302/10000
[2026-05-03T15:32:49Z] elapsed=60min probe=DONE=0 ALIVE=1 STEP=1543/10000
[2026-05-03T15:42:51Z] elapsed=70min probe=DONE=0 ALIVE=1 STEP=1783/10000
[2026-05-03T15:52:54Z] elapsed=80min probe=DONE=0 ALIVE=1 STEP=2023/10000
[2026-05-03T16:02:57Z] elapsed=90min probe=DONE=0 ALIVE=1 STEP=2258/10000
[2026-05-03T16:12:59Z] elapsed=100min probe=DONE=0 ALIVE=1 STEP=2497/10000
[2026-05-03T16:23:02Z] elapsed=110min probe=DONE=0 ALIVE=1 STEP=2737/10000
[2026-05-03T16:33:04Z] elapsed=120min probe=DONE=0 ALIVE=1 STEP=2974/10000
[2026-05-03T16:43:06Z] elapsed=130min probe=DONE=0 ALIVE=1 STEP=3211/10000
[2026-05-03T16:53:08Z] elapsed=140min probe=DONE=0 ALIVE=1 STEP=3451/10000
[2026-05-03T17:03:10Z] elapsed=150min probe=DONE=0 ALIVE=1 STEP=3693/10000
[2026-05-03T17:13:13Z] elapsed=160min probe=DONE=0 ALIVE=1 STEP=3930/10000
[2026-05-03T17:23:15Z] elapsed=170min probe=DONE=0 ALIVE=1 STEP=4166/10000
[2026-05-03T17:33:17Z] elapsed=180min probe=DONE=0 ALIVE=1 STEP=4401/10000
[2026-05-03T17:43:19Z] elapsed=190min probe=DONE=0 ALIVE=1 STEP=4640/10000
[2026-05-03T17:53:21Z] elapsed=200min probe=DONE=0 ALIVE=1 STEP=4877/10000
[2026-05-03T18:03:23Z] elapsed=210min probe=DONE=0 ALIVE=1 STEP=5111/10000
[2026-05-03T18:13:25Z] elapsed=220min probe=DONE=0 ALIVE=1 STEP=5349/10000
[2026-05-03T18:23:28Z] elapsed=230min probe=DONE=0 ALIVE=1 STEP=5589/10000
[2026-05-03T18:33:30Z] elapsed=240min probe=DONE=0 ALIVE=1 STEP=5827/10000
[2026-05-03T18:43:32Z] elapsed=251min probe=DONE=0 ALIVE=1 STEP=6060/10000
[2026-05-03T18:53:34Z] elapsed=261min probe=DONE=0 ALIVE=1 STEP=6297/10000
[2026-05-03T19:03:36Z] elapsed=271min probe=DONE=0 ALIVE=1 STEP=6533/10000
[2026-05-03T19:13:38Z] elapsed=281min probe=DONE=0 ALIVE=1 STEP=6769/10000
[2026-05-03T19:23:40Z] elapsed=291min probe=DONE=0 ALIVE=1 STEP=7006/10000
[2026-05-03T19:33:42Z] elapsed=301min probe=DONE=0 ALIVE=1 STEP=7242/10000
[2026-05-03T19:43:44Z] elapsed=311min probe=DONE=0 ALIVE=1 STEP=7477/10000
[2026-05-03T19:53:47Z] elapsed=321min probe=DONE=0 ALIVE=1 STEP=7716/10000
[2026-05-03T20:03:49Z] elapsed=331min probe=DONE=0 ALIVE=1 STEP=7951/10000
[2026-05-03T20:13:51Z] elapsed=341min probe=DONE=0 ALIVE=1 STEP=8185/10000
[2026-05-03T20:23:53Z] elapsed=351min probe=DONE=0 ALIVE=1 STEP=8427/10000
[2026-05-03T20:33:55Z] elapsed=361min probe=DONE=0 ALIVE=1 STEP=8664/10000
[2026-05-03T20:43:57Z] elapsed=371min probe=DONE=0 ALIVE=1 STEP=8900/10000
[2026-05-03T20:54:00Z] elapsed=381min probe=DONE=0 ALIVE=1 STEP=9134/10000
[2026-05-03T21:04:02Z] elapsed=391min probe=DONE=0 ALIVE=1 STEP=9372/10000
[2026-05-03T21:14:04Z] elapsed=401min probe=DONE=0 ALIVE=1 STEP=9605/10000
[2026-05-03T21:24:06Z] elapsed=411min probe=DONE=0 ALIVE=1 STEP=9843/10000
[2026-05-03T21:34:08Z] elapsed=421min probe=DONE=0 ALIVE=0 STEP=10000/10000
[2026-05-03T21:34:08Z] train pid GONE without DONE — likely error; downloading log + terminating
scp: open local "/Users/ghost/core/anima/state/p9_path_a_llama_lora_2026_05_03/artifacts/train.log": No such file or directory
{
  "deleted": true,
  "id": "29dhlqk508ugoc"
}
[2026-05-03T21:34:13Z] pod terminated (error path)
[2026-05-03T21:34:13Z] watcher exit
