=== anima clm v5 Phase 2 mitosis-instrumentation (real 350M) ===
n_turns=3000, snapshot_every=100, seed=42
unique prompts: 170 (categories: ['ko_daily', 'ko_philosophy', 'en_math', 'en_code', 'en_music', 'anomaly'])
ckpt: /Users/ghost/.cache/anima/clm_v5_remapped/phase2_cotrain_engine_ag/ckpts/ckpt_final.pt
ckpt sha256: 6e66e75f8014999be09236a408fe6ad6811ebf394ac079ecbf6d87dfe63748c1
sha256 verify: PASS (actual=6e66e75f8014999be09236a408fe6ad6811ebf394ac079ecbf6d87dfe63748c1)
trained model loaded: params=298764288  (298.76M)
  missing=0 unexpected=0  (strict 222/222 PASS)

--- TRAINED 350M trajectory ---
  [trained] turn=    0 cells= 16 Φ=2.7625 splits=0 merges=0 elapsed=0.2s
  [trained] turn=  100 cells= 16 Φ=2.1702 splits=0 merges=0 elapsed=15.0s
  [trained] turn=  200 cells= 16 Φ=2.2509 splits=0 merges=0 elapsed=22.0s
  [trained] turn=  300 cells= 16 Φ=2.4104 splits=0 merges=0 elapsed=28.0s
  [trained] turn=  400 cells= 16 Φ=2.6776 splits=0 merges=0 elapsed=34.4s
  [trained] turn=  500 cells= 16 Φ=2.6443 splits=0 merges=0 elapsed=40.7s
  [trained] turn=  600 cells= 16 Φ=2.5728 splits=0 merges=0 elapsed=46.6s
  [trained] turn=  700 cells= 16 Φ=1.9724 splits=0 merges=0 elapsed=53.2s
  [trained] turn=  800 cells= 16 Φ=0.7305 splits=0 merges=0 elapsed=59.8s
  [trained] turn=  900 cells= 16 Φ=2.6642 splits=0 merges=0 elapsed=65.7s
  [trained] turn= 1000 cells= 16 Φ=2.7262 splits=0 merges=0 elapsed=72.1s
  [trained] turn= 1100 cells= 17 Φ=2.6481 splits=1 merges=0 elapsed=78.6s
  [trained] turn= 1200 cells= 17 Φ=2.3067 splits=1 merges=0 elapsed=84.6s
  [trained] turn= 1300 cells= 18 Φ=2.5428 splits=2 merges=0 elapsed=91.2s
  [trained] turn= 1400 cells= 18 Φ=2.5978 splits=2 merges=0 elapsed=97.3s
  [trained] turn= 1500 cells= 18 Φ=2.2874 splits=2 merges=0 elapsed=103.2s
  [trained] turn= 1600 cells= 18 Φ=2.4465 splits=2 merges=0 elapsed=109.4s
  [trained] turn= 1700 cells= 18 Φ=2.6271 splits=2 merges=0 elapsed=115.3s
  [trained] turn= 1800 cells= 18 Φ=2.6139 splits=2 merges=0 elapsed=121.7s
  [trained] turn= 1900 cells= 19 Φ=2.5306 splits=3 merges=0 elapsed=128.0s
  [trained] turn= 2000 cells= 19 Φ=2.3185 splits=3 merges=0 elapsed=133.9s
  [trained] turn= 2100 cells= 19 Φ=2.8144 splits=3 merges=0 elapsed=140.1s
  [trained] turn= 2200 cells= 19 Φ=2.6401 splits=3 merges=0 elapsed=146.2s
  [trained] turn= 2300 cells= 19 Φ=2.6984 splits=3 merges=0 elapsed=152.3s
  [trained] turn= 2400 cells= 19 Φ=2.5752 splits=3 merges=0 elapsed=158.4s
  [trained] turn= 2500 cells= 19 Φ=2.5147 splits=3 merges=0 elapsed=164.5s
  [trained] turn= 2600 cells= 19 Φ=2.7455 splits=3 merges=0 elapsed=170.6s
  [trained] turn= 2700 cells= 19 Φ=2.7571 splits=3 merges=0 elapsed=177.0s
  [trained] turn= 2800 cells= 19 Φ=2.8007 splits=3 merges=0 elapsed=183.2s
  [trained] turn= 2900 cells= 19 Φ=2.5955 splits=3 merges=0 elapsed=189.8s
  [trained] turn= 2999 cells= 19 Φ=2.6788 splits=3 merges=0 elapsed=196.0s
  [trained] DONE n_turns=3000 cells=19 Φ=2.6788 splits=3 merges=0 elapsed=196.0s

--- V14 MIRROR (random_init la_350m, seed=42) ---
random_init model: params=298764288  (298.76M)
  [v14_mirror] turn=    0 cells= 16 Φ=2.7591 splits=0 merges=0 elapsed=0.1s
  [v14_mirror] turn=  100 cells= 16 Φ=2.1687 splits=0 merges=0 elapsed=6.2s
  [v14_mirror] turn=  200 cells= 16 Φ=2.2494 splits=0 merges=0 elapsed=12.3s
  [v14_mirror] turn=  300 cells= 16 Φ=2.4098 splits=0 merges=0 elapsed=18.4s
  [v14_mirror] turn=  400 cells= 16 Φ=2.6776 splits=0 merges=0 elapsed=24.4s
  [v14_mirror] turn=  500 cells= 26 Φ=2.7940 splits=10 merges=0 elapsed=31.3s
  [v14_mirror] turn=  600 cells= 27 Φ=2.8667 splits=11 merges=0 elapsed=38.2s
  [v14_mirror] turn=  700 cells= 27 Φ=2.3896 splits=11 merges=0 elapsed=45.0s
  [v14_mirror] turn=  800 cells= 27 Φ=2.4933 splits=11 merges=0 elapsed=51.6s
  [v14_mirror] turn=  900 cells= 28 Φ=2.6531 splits=12 merges=0 elapsed=57.9s
  [v14_mirror] turn=  999 cells= 28 Φ=2.7544 splits=12 merges=0 elapsed=64.4s
  [v14_mirror] DONE n_turns=1000 cells=28 Φ=2.7544 splits=12 merges=0 elapsed=64.4s

V14 mirror @ turn ~1000: trained=(cells=16, Φ=2.6642) vs random=(cells=28, Φ=2.7544) → V14_violated=True

=== VERDICT: FAIL_V14_VIOLATED ===
  trained: cells 19 (start 16), α=1.009
  mirror:  cells 28 (start 16), α=0.155
  splits trained=3 mirror=12
  merges trained=0 mirror=0

Toy comparison (cycle 2026-05-10):
  toy: cells 64, α=0.688, V14=True, verdict=FAIL_V14_VIOLATED

result.json written: /Users/ghost/core/anima/state/anima_clm_v5_phase2_mitosis_instr_2026_05_10/result.json
plot saved: /Users/ghost/core/anima/state/anima_clm_v5_phase2_mitosis_instr_2026_05_10/phi_trajectory.png
