=== BG-V14-MULTI-SUBSTRATE-AUDIT — C_cells64_aware ===
ts: 2026-05-10T08:51:34.959321+00:00
substrate: {'ckpt': '/Users/ghost/core/anima/state/anima_clm_v2_mitosis_cells_recovery_2026_05_09/cells64_final.pt', 'schema': 'v2_d384', 'arch': 'v2 6L transformer d=384 heads=6', 'paradigm': 'aware_max_cells_64', 'expected_v14': 'VIOLATED'}
V4_SEEDS=[42, 137, 271, 314, 1729] max_cells=128 n_turns=200 snap_every=25

========================================================================
SUBSTRATE C_cells64_aware — v2 d=384 path
========================================================================
ckpt: /Users/ghost/core/anima/state/anima_clm_v2_mitosis_cells_recovery_2026_05_09/cells64_final.pt
sha256: 61e1d735cf4b5360683e40ab81ada593d757f3543d33d01c08944a4c8b039a4c
trained: params=18.52M step=50000

--- TRAINED max_cells=128 n_turns=200 ---
  v2 blocks loaded=6 random_cells=[6, 7]
  shared: ['tok_emb', 'pos_emb', 'final_ln']
  [C_cells64_aware_trained] turn    0 n_cells=8 phi=0.557 (0.1s)
  [C_cells64_aware_trained] turn   50 n_cells=42 phi=170.366 (17.2s)
  [C_cells64_aware_trained] turn   75 n_cells=128 phi=2583.251 (134.0s)
  [C_cells64_aware_trained] turn  100 n_cells=128 phi=2558.625 (316.5s)
  [C_cells64_aware_trained] turn  125 n_cells=128 phi=2415.113 (458.8s)
  [C_cells64_aware_trained] turn  150 n_cells=128 phi=2433.362 (597.8s)
  [C_cells64_aware_trained] turn  175 n_cells=128 phi=2773.285 (729.8s)
  [C_cells64_aware_trained] turn  199 n_cells=128 phi=2521.907 (819.8s)
  trained: cells=128 splits=120 phi=2521.907 phi/c=19.702 α=1.0400504549968999 cap_bound=130/200 elapsed=819.8s

--- mirror seed=42 ---
  [C_cells64_aware_s42] turn    0 n_cells=8 phi=0.574 (0.1s)
  [C_cells64_aware_s42] turn   50 n_cells=117 phi=1886.851 (48.8s)
  [C_cells64_aware_s42] turn   75 n_cells=128 phi=2819.770 (111.2s)
  [C_cells64_aware_s42] turn  100 n_cells=128 phi=2076.721 (174.8s)
  [C_cells64_aware_s42] turn  125 n_cells=128 phi=2613.287 (229.6s)
  [C_cells64_aware_s42] turn  150 n_cells=128 phi=2731.316 (281.2s)
  [C_cells64_aware_s42] turn  175 n_cells=128 phi=2833.093 (339.4s)
  [C_cells64_aware_s42] turn  199 n_cells=128 phi=2753.043 (400.0s)
  s=42: cells=128 splits=120 phi=2753.043 phi/c=21.508 α=1.065008169786263 cap_bound=148/200

--- mirror seed=137 ---
  [C_cells64_aware_s137] turn    0 n_cells=8 phi=0.552 (0.0s)
  [C_cells64_aware_s137] turn   50 n_cells=66 phi=573.817 (16.5s)
  [C_cells64_aware_s137] turn   75 n_cells=128 phi=2118.792 (81.8s)
  [C_cells64_aware_s137] turn  100 n_cells=128 phi=2529.921 (145.6s)
  [C_cells64_aware_s137] turn  125 n_cells=128 phi=2022.425 (231.9s)
  [C_cells64_aware_s137] turn  150 n_cells=128 phi=2724.296 (343.8s)
  [C_cells64_aware_s137] turn  175 n_cells=128 phi=2871.774 (438.2s)
  [C_cells64_aware_s137] turn  199 n_cells=128 phi=2488.040 (524.1s)
  s=137: cells=128 splits=120 phi=2488.040 phi/c=19.438 α=1.0467850416288127 cap_bound=140/200

--- mirror seed=271 ---
  [C_cells64_aware_s271] turn    0 n_cells=8 phi=0.550 (0.0s)
  [C_cells64_aware_s271] turn   50 n_cells=76 phi=851.282 (28.9s)
  [C_cells64_aware_s271] turn   75 n_cells=128 phi=2777.078 (113.2s)
  [C_cells64_aware_s271] turn  100 n_cells=128 phi=2692.497 (185.8s)
  [C_cells64_aware_s271] turn  125 n_cells=128 phi=2305.768 (241.8s)
  [C_cells64_aware_s271] turn  150 n_cells=128 phi=2617.918 (312.2s)
  [C_cells64_aware_s271] turn  175 n_cells=128 phi=2443.322 (382.6s)
  [C_cells64_aware_s271] turn  199 n_cells=128 phi=2377.880 (459.3s)
  s=271: cells=128 splits=120 phi=2377.880 phi/c=18.577 α=1.0798943077006165 cap_bound=141/200

--- mirror seed=314 ---
  [C_cells64_aware_s314] turn    0 n_cells=8 phi=0.550 (0.1s)
  [C_cells64_aware_s314] turn   50 n_cells=124 phi=2259.347 (43.4s)
  [C_cells64_aware_s314] turn   75 n_cells=128 phi=2473.565 (119.9s)
  [C_cells64_aware_s314] turn  100 n_cells=128 phi=2385.422 (184.2s)
  [C_cells64_aware_s314] turn  125 n_cells=128 phi=2802.148 (246.3s)
  [C_cells64_aware_s314] turn  150 n_cells=128 phi=2387.749 (302.8s)
  [C_cells64_aware_s314] turn  175 n_cells=128 phi=2180.993 (365.1s)
  [C_cells64_aware_s314] turn  199 n_cells=128 phi=2253.765 (440.4s)
  s=314: cells=128 splits=120 phi=2253.765 phi/c=17.608 α=1.034145664658749 cap_bound=149/200

--- mirror seed=1729 ---
  [C_cells64_aware_s1729] turn    0 n_cells=8 phi=0.552 (0.1s)
  [C_cells64_aware_s1729] turn   50 n_cells=128 phi=2279.826 (52.8s)
  [C_cells64_aware_s1729] turn   75 n_cells=128 phi=1801.341 (119.3s)
  [C_cells64_aware_s1729] turn  100 n_cells=128 phi=2196.547 (173.5s)
  [C_cells64_aware_s1729] turn  125 n_cells=128 phi=2204.549 (231.3s)
  [C_cells64_aware_s1729] turn  150 n_cells=128 phi=2752.556 (302.2s)
  [C_cells64_aware_s1729] turn  175 n_cells=128 phi=2755.776 (383.5s)
  [C_cells64_aware_s1729] turn  199 n_cells=128 phi=2593.139 (466.2s)
  s=1729: cells=128 splits=120 phi=2593.139 phi/c=20.259 α=1.0250495451532975 cap_bound=150/200

=== C_cells64_aware VERDICT: V14_AMBIGUOUS ===
matches_expected: False
[saved] /Users/ghost/core/anima/state/anima_v14_multi_substrate_audit_2026_05_10/result_C_cells64_aware.json
