=== phase1a4_lr5e6 vast.ai dispatch (Mac-local) ===
Tue May 12 10:21:03 UTC 2026
[1/8] Searching RTX 4090 offers under $0.30/hr...
  Selected offer ID: 35689149
[2/8] Renting instance...
  raw: {
 "instance_api_key": "853b5daf2011c0e3bcc7fc98ab6f6d0f3742236a2f62ae035a1f9fa58419d01b",
  Instance ID: 36610160
[3/8] Waiting for SSH ready...
  ... attempt 1/160, status=None
  ... attempt 2/160, status=loading
  ... attempt 3/160, status=running
  SSH ready: ssh5.vast.ai:10160 (after 4x5s)
[4/8] Uploading files (corpus + scripts + ckpt + arch) direct Mac→vast...
Warning: Permanently added '[ssh5.vast.ai]:10160' (ED25519) to the list of known hosts.
Welcome to vast.ai. If authentication fails, try again after a few seconds, and double check your ssh key.
Have fun!
Warning: Permanently added '[ssh5.vast.ai]:10160' (ED25519) to the list of known hosts.
Welcome to vast.ai. If authentication fails, try again after a few seconds, and double check your ssh key.
Have fun!
Warning: Permanently added '[ssh5.vast.ai]:10160' (ED25519) to the list of known hosts.
Welcome to vast.ai. If authentication fails, try again after a few seconds, and double check your ssh key.
Have fun!
Warning: Permanently added '[ssh5.vast.ai]:10160' (ED25519) to the list of known hosts.
Welcome to vast.ai. If authentication fails, try again after a few seconds, and double check your ssh key.
Have fun!
