and the SETI Institute.

SETI@home was developed by David Gedye (Founder),
David Anderson (Director), Dan Werthimer (Chief Scientist),
Leonard Chung, Hiram Clawson, Jeff Cobb, Charles Congdon, Charlie Fenton,
Kyle Granger, Eric Heien, Mike Hill, Michael Kang, Eric Korpela,
Matt Lebofsky, Peter Leiser, Brad Silen, Woody Sullivan, and Adam Wight.

Scanning data file
Data Info:
Sky coordinates: 51.725 R.A., 17.330 Dec
Recorded on:  2453131.24838 (Wed May  5 17:57:39 2004)
Source: Arecibo Radio Observatory
Base Frequency: 1.419433594 GHz
Starting work unit without key.
Found data file: yes. Found result header file: no.
Beginning analysis...
Doing baseline smoothing.
Starting work for Doppler shift rate 0.000000, FFT length 131072
0.000130% done
Starting work for Doppler shift rate 0.000000, FFT length 65536
Starting work for Doppler shift rate 0.000000, FFT length 32768
Starting work for Doppler shift rate 0.000000, FFT length 16384
... Searching for Gaussians
Starting work for Doppler shift rate 0.000000, FFT length 8192
... Searching for Gaussians
... Searching for Pulses
Starting work for Doppler shift rate 0.000000, FFT length 4096

── playback.log tail ──
Starting work for Doppler shift rate 9.434843, FFT length 32768
Starting work for Doppler shift rate 9.436692, FFT length 131072
Starting work for Doppler shift rate 9.438540, FFT length 131072
Starting work for Doppler shift rate 9.440389, FFT length 131072
Starting work for Doppler shift rate 9.442237, FFT length 131072
Starting work for Doppler shift rate 9.442237, FFT length 65536
Starting work for Doppler shift rate 9.444086, FFT length 131072
Starting work for Doppler shift rate 9.445934, FFT length 131072
Starting work for Doppler shift rate 9.447783, FFT length 131072
Starting work for Doppler shift rate 9.449632, FFT length 131072
Starting work for Doppler shift rate 9.449632, FFT length 65536
Starting work for Doppler shift rate 9.451480, FFT length 131072
Starting work for Doppler shift rate 9.453328, FFT length 131072
Starting work for Doppler shift rate 9.455177, FFT length 131072
Starting work for Doppler shift rate 9.457026, FFT length 131072
Starting work for Doppler shift rate 9.457026, FFT length 65536
Starting work for Doppler shift rate 9.458874, FFT length 131072
Starting work for Doppler shift rate 9.460723, FFT length 131072
Starting work for Doppler shift rate 9.462571, FFT length 131072
Starting work for Doppler shift rate 9.464419, FFT length 131072
Starting work for Doppler shift rate 9.464419, FFT length 65536
Starting work for Doppler shift rate 9.464419, FFT length 32768
Starting work for Doppler shift rate 9.464419, FFT length 16384
... Searching for Gaussians
Starting work for Doppler shift rate 9.464419, FFT length 8192
... Searching for Gaussians
... Searching for Pulses
Starting work for Doppler shift rate 9.464419, FFT length 4096
... Searching for Gaussians
... Searching for Pulses

── post-playback file state ──
total 380
drwxr-xr-x 2 root root   4096 Dec 18  2024 .
drwxr-xr-x 4 root root    150 May 29 10:22 ..
-rw-r--r-- 1 root root    132 May 29 10:31 key.sah
-rw-r--r-- 1 root root      0 Dec 18  2024 lock.sah
-rw-r--r-- 1 root root    410 May 29 10:22 outfile.sah
-rw-r--r-- 1 root root      5 May 29 10:22 pid.sah
-rw-r--r-- 1 root root    162 May 29 10:22 result_header.sah
-rw-r--r-- 1 root root   4081 May 29 10:31 state.sah
-rw-r--r-- 1 root root    384 Dec 18  2024 user_info.sah
-rw-r--r-- 1 root root     32 Dec 18  2024 version.sah
-rw-r--r-- 1 root root 356285 Dec 18  2024 work_unit.sah

── outfile.sah head ──

── result_header.sah ──
bash: line 30: xxd: command not found
bash: line 33: xxd: command not found
