[2026-05-05T08:52:35Z] starting DESIGN-1 orchestrator: cycle=clm_v4_hf_format_shim_v5_4_design_1_2026_05_05 bg_lane=V5-4-DESIGN-1 target=$3.0
[2026-05-05T08:52:35Z] loading secrets
[2026-05-05T08:52:36Z] secrets OK (runpod=50b hf=37b)
[2026-05-05T08:52:36Z] all source files present
[2026-05-05T08:52:36Z] booting pod: anima-shim-v5-4-design-1-fresh-init-2026-05-05 (H100 80GB SECURE @ $2.99/hr, vol=80GB, disk=60GB)
[2026-05-05T08:52:37Z] boot output:
  warning: 'runpodctl create pod' is deprecated, use 'runpodctl pod create' instead
  pod "3tsygnkhibsgng" created for $2.990 / hr
[2026-05-05T08:52:37Z] pod_id=3tsygnkhibsgng
h100_cost_watchdog: registered pod=3tsygnkhibsgng owner=V5-4-DESIGN-1 target_usd=3.0
[h100-register] 2026-05-05T08:52:38Z pod=3tsygnkhibsgng owner=V5-4-DESIGN-1 target=$3.0
[2026-05-05T08:52:38Z] [watchdog] register OK pod=3tsygnkhibsgng lane=V5-4-DESIGN-1 target=$3.0
[2026-05-05T08:52:38Z] waiting for SSH ready (max 9min)
[2026-05-05T08:52:41Z]   ssh probe 1/54: host= port=
[2026-05-05T08:52:58Z] SSH ready at 216.243.220.218:19062 (after 2 probes)
[2026-05-05T08:52:59Z] stage 3: setup pod (scp inputs)
Warning: Permanently added '[216.243.220.218]:19062' (ED25519) to the list of known hosts.
Warning: Permanently added '[216.243.220.218]:19062' (ED25519) to the list of known hosts.
Warning: Permanently added '[216.243.220.218]:19062' (ED25519) to the list of known hosts.
Warning: Permanently added '[216.243.220.218]:19062' (ED25519) to the list of known hosts.
Warning: Permanently added '[216.243.220.218]:19062' (ED25519) to the list of known hosts.
Warning: Permanently added '[216.243.220.218]:19062' (ED25519) to the list of known hosts.
Warning: Permanently added '[216.243.220.218]:19062' (ED25519) to the list of known hosts.
Warning: Permanently added '[216.243.220.218]:19062' (ED25519) to the list of known hosts.
Warning: Permanently added '[216.243.220.218]:19062' (ED25519) to the list of known hosts.
total 5273
drwxrwxrwx 2 root root 2000133 May  5 08:53 .
drwxrwxrwx 3 root root 2000133 May  5 08:53 ..
-rw-rw-rw- 1 root root   25782 May  5 08:53 clm_v4_shim_v5_4_design_1_eval.py
-rw-rw-rw- 1 root root   40027 May  5 08:53 conscious_decoder.py
-rw-rw-rw- 1 root root   14139 May  5 08:53 decoder_v3.py
-rwxrwxrwx 1 root root    3357 May  5 08:53 run_h100.bash
-rw-rw-rw- 1 root root 1306349 May  5 08:53 tokenizer_64k_multilingual.model
-rw-rw-rw- 1 root root    7359 May  5 08:53 train_avg_real.pt
[2026-05-05T08:53:44Z] stage 3b: launching run on H100 (detached via nohup + setsid)
Warning: Permanently added '[216.243.220.218]:19062' (ED25519) to the list of known hosts.
247
[2026-05-05T08:54:11Z] poll loop start (max 55min, budget cap $3)
[2026-05-05T08:54:14Z] elapsed=1min cost=$0.08 probe=/workspace/clm_v4_shim_v5_4_design_1/results/COMPLETE.sentinel|SENTINEL_FOUND|
[2026-05-05T08:54:31Z] COMPLETE.sentinel detected — final sync + auto-kill imminent
Warning: Permanently added '[216.243.220.218]:19062' (ED25519) to the list of known hosts.
Warning: Permanently added '[216.243.220.218]:19062' (ED25519) to the list of known hosts.
Warning: Permanently added '[216.243.220.218]:19062' (ED25519) to the list of known hosts.
[2026-05-05T08:54:49Z] stage 5: pod kill via trap (auto on exit)
[2026-05-05T08:54:49Z] [trap] killing pod=3tsygnkhibsgng (auto-kill mandatory)
{
  "containerDiskInGb": 60,
  "costPerHr": 2.99,
  "createdAt": "2026-05-05 08:52:36.749 +0000 UTC",
  "desiredStatus": "EXITED",
  "env": {
    "HF_TOKEN": "[REDACTED_HF_TOKEN]",
    "PUBLIC_KEY": "ssh-ed25519 AAAAC3NzaC1lZDI1NTE5AAAAIKOEWe0SBseZceuCgcVnlNDhEwbU/TIqGeK9FdrpIy9V ghost@ghostui-MacBookAir.local\n\nssh-rsa AAAAB3NzaC1yc2EAAAADAQABAAABAQCf5vOKHhrik9f3yA4IWXXGKPVvDQ8nFP5b1PF7a7YHuXMmZVSOvISYwph7yuCCYyZP8GTDm9MWHZVSR6ArijPxRfAbGDUtENFrHtyA5IGI9GycJkrYokI20neQXR4AGTwk/kVXOdaMaxEREFKhyffzZyrPKUEpZ7ikGXVM9MqWYNFvvy1ioQ7uuqyFq+65phVjojKgg4LWdnTjcxNzNrOgwlZqANx450Nhv3KAGhWSiLZgU6iA4JJ6gsq6t5S9p5n7T6EeypUyuKT4iOH0U5d4jIrssz0QwBncytLvQCvv7IpsapPqhgQzBXcGMZKkLS62UWYDRTeL7PPz3+N2hM4N RunPod-Key-Go"
  },
  "gpuCount": 1,
  "id": "3tsygnkhibsgng",
  "imageName": "runpod/pytorch:2.4.0-py3.11-cuda12.4.1-devel-ubuntu22.04",
  "lastStatusChange": "Exited by user: Tue May 05 2026 08:54:50 GMT+0000 (Coordinated Universal Time)",
  "memoryInGb": 251,
  "name": "anima-shim-v5-4-design-1-fresh-init-2026-05-05",
  "ports": [
    "22/tcp",
    "8888/http"
  ],
  "vcpuCount": 26,
  "volumeInGb": 80,
  "volumeMountPath": "/workspace"
}
{
  "deleted": true,
  "id": "3tsygnkhibsgng"
}
[2026-05-05T08:55:00Z] [trap] 404 verified via pod-get (try 1/3)
[2026-05-05T08:55:00Z] [trap] post-kill: pod_kill_verified_404=1
h100_cost_watchdog: deregistered pod=3tsygnkhibsgng archive=/Users/ghost/core/anima/state/h100_watchdog/closed/3tsygnkhibsgng_1777971301.json
[2026-05-05T08:55:01Z] [watchdog] deregister OK pod=3tsygnkhibsgng
[2026-05-05T08:55:01Z] verdict written: /Users/ghost/core/anima/state/clm_v4_hf_format_shim_v5_4_design_1_2026_05_05/verdict.json
