
=== 0_baseline_LA ===
  load: miss=0 unexp=0
  trained_phi=1144.9186 cells=40 splits=24 elapsed=41.4s attractor=A1

=== 1_ffn_gate_only ===
  load: miss=0 unexp=0
  trained_phi=5248.8723 cells=84 splits=68 elapsed=50.1s attractor=A_other

=== 2_ffn_up_only ===
  load: miss=0 unexp=0
  trained_phi=1144.9186 cells=40 splits=24 elapsed=41.6s attractor=A1

=== 3_ffn_down_only ===
  load: miss=0 unexp=0
  trained_phi=1392.3782 cells=44 splits=28 elapsed=38.6s attractor=A_other

=== 4_ffn_layer_0_only ===
  load: miss=0 unexp=0
  trained_phi=1016.0884 cells=50 splits=34 elapsed=35.2s attractor=A_other

=== 5_ffn_layer_12_only ===
  load: miss=0 unexp=0
  trained_phi=1135.7313 cells=42 splits=26 elapsed=34.9s attractor=A_other

=== 6_ffn_layer_23_only ===
  load: miss=0 unexp=0
  trained_phi=1144.9186 cells=40 splits=24 elapsed=33.6s attractor=A1

=== 7_ffn_early_half ===
  load: miss=0 unexp=0
  trained_phi=1344.1742 cells=43 splits=27 elapsed=46.7s attractor=A_other

=== 8_ffn_late_half ===
  load: miss=0 unexp=0
  trained_phi=1224.0892 cells=41 splits=25 elapsed=40.1s attractor=A_other

saved → /Users/ghost/core/anima/state/anima_ffn_finegrained_ablation_2026_05_11/ffn_finegrained_results.json
