  [dec 1/80] pair=(0,1) k=0 kwr=1.00 cov_a=False cov_b=False true=False surf=False
  [dec 2/80] pair=(0,1) k=1 kwr=0.89 cov_a=True cov_b=False true=False surf=False
  [dec 3/80] pair=(0,1) k=2 kwr=1.00 cov_a=False cov_b=False true=False surf=False
  [dec 4/80] pair=(0,1) k=3 kwr=0.71 cov_a=False cov_b=True true=False surf=False
  [dec 5/80] pair=(0,1) k=4 kwr=0.75 cov_a=False cov_b=False true=False surf=False
  [dec 6/80] pair=(0,1) k=5 kwr=0.88 cov_a=False cov_b=False true=False surf=False
  [dec 7/80] pair=(0,1) k=6 kwr=1.00 cov_a=False cov_b=False true=False surf=False
  [dec 8/80] pair=(0,1) k=7 kwr=0.71 cov_a=False cov_b=True true=False surf=False
  [dec 9/80] pair=(0,2) k=0 kwr=0.86 cov_a=False cov_b=False true=False surf=False
  [dec 10/80] pair=(0,2) k=1 kwr=0.88 cov_a=False cov_b=False true=False surf=False
  [dec 11/80] pair=(0,2) k=2 kwr=1.00 cov_a=True cov_b=False true=False surf=False
  [dec 12/80] pair=(0,2) k=3 kwr=1.00 cov_a=False cov_b=False true=False surf=False
  [dec 13/80] pair=(0,2) k=4 kwr=0.67 cov_a=False cov_b=False true=False surf=False
  [dec 14/80] pair=(0,2) k=5 kwr=1.00 cov_a=False cov_b=False true=False surf=False
  [dec 15/80] pair=(0,2) k=6 kwr=0.78 cov_a=False cov_b=False true=False surf=False
  [dec 16/80] pair=(0,2) k=7 kwr=1.00 cov_a=False cov_b=False true=False surf=False
  [dec 17/80] pair=(0,3) k=0 kwr=1.00 cov_a=False cov_b=False true=False surf=False
  [dec 18/80] pair=(0,3) k=1 kwr=0.86 cov_a=False cov_b=False true=False surf=False
  [dec 19/80] pair=(0,3) k=2 kwr=1.00 cov_a=True cov_b=False true=False surf=False
  [dec 20/80] pair=(0,3) k=3 kwr=1.00 cov_a=False cov_b=True true=False surf=False
  [dec 21/80] pair=(0,3) k=4 kwr=0.57 cov_a=False cov_b=False true=False surf=False
  [dec 22/80] pair=(0,3) k=5 kwr=1.00 cov_a=False cov_b=False true=False surf=False
  [dec 23/80] pair=(0,3) k=6 kwr=1.00 cov_a=False cov_b=False true=False surf=False
  [dec 24/80] pair=(0,3) k=7 kwr=1.00 cov_a=False cov_b=False true=False surf=False
  [dec 25/80] pair=(0,4) k=0 kwr=0.89 cov_a=False cov_b=False true=False surf=False
  [dec 26/80] pair=(0,4) k=1 kwr=0.78 cov_a=False cov_b=False true=False surf=False
  [dec 27/80] pair=(0,4) k=2 kwr=0.75 cov_a=False cov_b=False true=False surf=False
  [dec 28/80] pair=(0,4) k=3 kwr=1.00 cov_a=False cov_b=False true=False surf=False
  [dec 29/80] pair=(0,4) k=4 kwr=0.80 cov_a=True cov_b=False true=False surf=False
  [dec 30/80] pair=(0,4) k=5 kwr=0.83 cov_a=False cov_b=False true=False surf=False
  [dec 31/80] pair=(0,4) k=6 kwr=0.88 cov_a=False cov_b=False true=False surf=False
  [dec 32/80] pair=(0,4) k=7 kwr=0.88 cov_a=False cov_b=False true=False surf=False
  [dec 33/80] pair=(1,2) k=0 kwr=0.60 cov_a=False cov_b=False true=False surf=False
  [dec 34/80] pair=(1,2) k=1 kwr=1.00 cov_a=False cov_b=True true=False surf=False
  [dec 35/80] pair=(1,2) k=2 kwr=1.00 cov_a=False cov_b=False true=False surf=False
  [dec 36/80] pair=(1,2) k=3 kwr=0.86 cov_a=True cov_b=False true=False surf=False
  [dec 37/80] pair=(1,2) k=4 kwr=0.60 cov_a=False cov_b=False true=False surf=False
  [dec 38/80] pair=(1,2) k=5 kwr=0.86 cov_a=False cov_b=False true=False surf=False
  [dec 39/80] pair=(1,2) k=6 kwr=0.75 cov_a=False cov_b=False true=False surf=False
  [dec 40/80] pair=(1,2) k=7 kwr=1.00 cov_a=False cov_b=False true=False surf=False
  [dec 41/80] pair=(1,3) k=0 kwr=0.86 cov_a=False cov_b=False true=False surf=False
  [dec 42/80] pair=(1,3) k=1 kwr=1.00 cov_a=False cov_b=False true=False surf=False
  [dec 43/80] pair=(1,3) k=2 kwr=0.88 cov_a=False cov_b=False true=False surf=False
  [dec 44/80] pair=(1,3) k=3 kwr=0.75 cov_a=False cov_b=False true=False surf=False
  [dec 45/80] pair=(1,3) k=4 kwr=0.86 cov_a=False cov_b=True true=False surf=False
  [dec 46/80] pair=(1,3) k=5 kwr=1.00 cov_a=False cov_b=False true=False surf=False
  [dec 47/80] pair=(1,3) k=6 kwr=1.00 cov_a=False cov_b=True true=False surf=True
  [dec 48/80] pair=(1,3) k=7 kwr=1.00 cov_a=True cov_b=False true=False surf=False
  [dec 49/80] pair=(1,4) k=0 kwr=0.89 cov_a=False cov_b=False true=False surf=False
  [dec 50/80] pair=(1,4) k=1 kwr=0.71 cov_a=False cov_b=False true=False surf=False
  [dec 51/80] pair=(1,4) k=2 kwr=1.00 cov_a=False cov_b=False true=False surf=False
  [dec 52/80] pair=(1,4) k=3 kwr=0.75 cov_a=False cov_b=False true=False surf=False
  [dec 53/80] pair=(1,4) k=4 kwr=0.86 cov_a=False cov_b=False true=False surf=False
  [dec 54/80] pair=(1,4) k=5 kwr=0.86 cov_a=False cov_b=False true=False surf=False
  [dec 55/80] pair=(1,4) k=6 kwr=0.67 cov_a=True cov_b=False true=False surf=False
  [dec 56/80] pair=(1,4) k=7 kwr=1.00 cov_a=False cov_b=True true=False surf=False
  [dec 57/80] pair=(2,3) k=0 kwr=0.86 cov_a=False cov_b=False true=False surf=False
  [dec 58/80] pair=(2,3) k=1 kwr=0.88 cov_a=False cov_b=True true=False surf=False
  [dec 59/80] pair=(2,3) k=2 kwr=1.00 cov_a=False cov_b=False true=False surf=False
  [dec 60/80] pair=(2,3) k=3 kwr=0.88 cov_a=True cov_b=False true=False surf=False
  [dec 61/80] pair=(2,3) k=4 kwr=0.60 cov_a=False cov_b=True true=False surf=True
  [dec 62/80] pair=(2,3) k=5 kwr=1.00 cov_a=False cov_b=False true=False surf=False
  [dec 63/80] pair=(2,3) k=6 kwr=0.88 cov_a=False cov_b=False true=False surf=False
  [dec 64/80] pair=(2,3) k=7 kwr=1.00 cov_a=True cov_b=False true=False surf=False
  [dec 65/80] pair=(2,4) k=0 kwr=1.00 cov_a=False cov_b=False true=False surf=False
  [dec 66/80] pair=(2,4) k=1 kwr=0.88 cov_a=True cov_b=False true=False surf=False
  [dec 67/80] pair=(2,4) k=2 kwr=0.88 cov_a=False cov_b=False true=False surf=False
  [dec 68/80] pair=(2,4) k=3 kwr=1.00 cov_a=False cov_b=False true=False surf=False
  [dec 69/80] pair=(2,4) k=4 kwr=0.88 cov_a=False cov_b=False true=False surf=False
  [dec 70/80] pair=(2,4) k=5 kwr=1.00 cov_a=False cov_b=False true=False surf=False
  [dec 71/80] pair=(2,4) k=6 kwr=0.86 cov_a=False cov_b=False true=False surf=False
  [dec 72/80] pair=(2,4) k=7 kwr=0.86 cov_a=False cov_b=False true=False surf=False
  [dec 73/80] pair=(3,4) k=0 kwr=0.86 cov_a=False cov_b=False true=False surf=False
  [dec 74/80] pair=(3,4) k=1 kwr=0.88 cov_a=False cov_b=False true=False surf=False
  [dec 75/80] pair=(3,4) k=2 kwr=0.88 cov_a=False cov_b=False true=False surf=False
  [dec 76/80] pair=(3,4) k=3 kwr=0.88 cov_a=False cov_b=False true=False surf=False
  [dec 77/80] pair=(3,4) k=4 kwr=0.67 cov_a=True cov_b=False true=False surf=False
  [dec 78/80] pair=(3,4) k=5 kwr=0.71 cov_a=False cov_b=False true=False surf=False
  [dec 79/80] pair=(3,4) k=6 kwr=0.86 cov_a=False cov_b=False true=False surf=False
  [dec 80/80] pair=(3,4) k=7 kwr=1.00 cov_a=False cov_b=False true=False surf=False

=== STEP-0 RESULT ===
  |V0_true|=0/80  rate=0.0000  (kill<0.02)
  |V0_surface(fab-ctrl)|=2/80  rate=0.0250
  VERDICT: STARVE_FALSIFIED_AT_FLOOR  STARVE=True
