[jk] loading /workspace/anima_jk_llama/llama_base ...
`torch_dtype` is deprecated! Use `dtype` instead!
Loading checkpoint shards:   0%|          | 0/2 [00:00<?, ?it/s]Loading checkpoint shards: 100%|██████████| 2/2 [00:00<00:00, 100.40it/s]
trainable params: 24,313,856 || all params: 3,237,063,680 || trainable%: 0.7511
[jk] loading corpus /workspace/anima_jk_llama/corpus/corpus_persona_chat_template.txt ...
[jk] corpus rows=66153
[jk] tokenized usable rows=60746
[jk] step 50/3000 loss=3.7812 elapsed=9s
[jk] step 100/3000 loss=4.7500 elapsed=18s
[jk] step 150/3000 loss=4.3125 elapsed=27s
[jk] step 200/3000 loss=3.5625 elapsed=36s
[jk] step 250/3000 loss=3.7500 elapsed=44s
[jk] step 300/3000 loss=5.6562 elapsed=53s
[jk] step 350/3000 loss=2.5312 elapsed=62s
[jk] step 400/3000 loss=2.4844 elapsed=70s
[jk] step 450/3000 loss=3.4219 elapsed=79s
[jk] step 500/3000 loss=3.5781 elapsed=88s
[jk] saved /workspace/anima_jk_llama/ckpts/adapter_step_500
[jk] step 550/3000 loss=3.3594 elapsed=97s
[jk] step 600/3000 loss=3.7656 elapsed=106s
[jk] step 650/3000 loss=2.6250 elapsed=115s
[jk] step 700/3000 loss=3.5156 elapsed=123s
[jk] step 750/3000 loss=2.7969 elapsed=132s
[jk] step 800/3000 loss=2.6406 elapsed=141s
[jk] step 850/3000 loss=2.1250 elapsed=150s
[jk] step 900/3000 loss=2.3906 elapsed=158s
[jk] step 950/3000 loss=2.5469 elapsed=167s
[jk] step 1000/3000 loss=2.5938 elapsed=176s
[jk] saved /workspace/anima_jk_llama/ckpts/adapter_step_1000
[jk] step 1050/3000 loss=2.6250 elapsed=185s
[jk] step 1100/3000 loss=3.4688 elapsed=193s
[jk] step 1150/3000 loss=1.5078 elapsed=202s
[jk] step 1200/3000 loss=2.4375 elapsed=211s
[jk] step 1250/3000 loss=2.0938 elapsed=220s
[jk] step 1300/3000 loss=2.1406 elapsed=229s
[jk] step 1350/3000 loss=1.7734 elapsed=238s
[jk] step 1400/3000 loss=2.5938 elapsed=246s
[jk] step 1450/3000 loss=1.8359 elapsed=255s
[jk] step 1500/3000 loss=2.2812 elapsed=264s
[jk] saved /workspace/anima_jk_llama/ckpts/adapter_step_1500
[jk] step 1550/3000 loss=2.8125 elapsed=273s
[jk] step 1600/3000 loss=2.0625 elapsed=282s
[jk] step 1650/3000 loss=2.2344 elapsed=291s
[jk] step 1700/3000 loss=2.1875 elapsed=299s
[jk] step 1750/3000 loss=2.2188 elapsed=309s
[jk] step 1800/3000 loss=2.7500 elapsed=317s
[jk] step 1850/3000 loss=2.5312 elapsed=326s
[jk] step 1900/3000 loss=1.6875 elapsed=335s
[jk] step 1950/3000 loss=1.2734 elapsed=344s
[jk] step 2000/3000 loss=2.3594 elapsed=353s
[jk] saved /workspace/anima_jk_llama/ckpts/adapter_step_2000
[jk] step 2050/3000 loss=1.1094 elapsed=363s
[jk] step 2100/3000 loss=2.3125 elapsed=371s
[jk] step 2150/3000 loss=2.1562 elapsed=380s
[jk] step 2200/3000 loss=1.6406 elapsed=389s
[jk] step 2250/3000 loss=1.8125 elapsed=398s
[jk] step 2300/3000 loss=2.6094 elapsed=406s
[jk] step 2350/3000 loss=1.9531 elapsed=415s
[jk] step 2400/3000 loss=1.0156 elapsed=424s
[jk] step 2450/3000 loss=1.9688 elapsed=433s
[jk] step 2500/3000 loss=1.2109 elapsed=442s
[jk] saved /workspace/anima_jk_llama/ckpts/adapter_step_2500
[jk] step 2550/3000 loss=1.0781 elapsed=451s
[jk] step 2600/3000 loss=1.6328 elapsed=459s
[jk] step 2650/3000 loss=1.5469 elapsed=468s
[jk] step 2700/3000 loss=2.0625 elapsed=477s
[jk] step 2750/3000 loss=0.9492 elapsed=486s
[jk] step 2800/3000 loss=2.0156 elapsed=494s
[jk] step 2850/3000 loss=1.8281 elapsed=504s
[jk] step 2900/3000 loss=1.8828 elapsed=512s
[jk] step 2950/3000 loss=1.5859 elapsed=521s
[jk] step 3000/3000 loss=1.1875 elapsed=530s
[jk] saved /workspace/anima_jk_llama/ckpts/adapter_step_3000
[jk] training done 531s — final adapter: /workspace/anima_jk_llama/ckpts/adapter_final
