Warning: Permanently added '[ssh9.vast.ai]:18864' (ED25519) to the list of known hosts.
Welcome to vast.ai. If authentication fails, try again after a few seconds, and double check your ssh key.
Have fun!
/workspace/anima/train_carving_4path.py:207: FutureWarning: `torch.cuda.amp.GradScaler(args...)` is deprecated. Please use `torch.amp.GradScaler('cuda', args...)` instead.
  scaler = torch.cuda.amp.GradScaler(enabled=use_amp)
{"step": 1, "ce": 5.83246, "loss": 5.83246, "vac_term": 0.0, "gn2": 7.66779, "lr": 3e-06, "wall_s": 0.64, "gpu_mem_gb": 2.952}
{"step": 50, "ce": 2.444839, "loss": 2.444839, "vac_term": 0.0, "gn2": 0.709448, "lr": 0.00015, "wall_s": 4.01, "gpu_mem_gb": 3.462}
{"step": 100, "ce": 1.478091, "loss": 1.478091, "vac_term": 0.0, "gn2": 1.310376, "lr": 0.0003, "wall_s": 7.37, "gpu_mem_gb": 3.462}
{"step": 150, "ce": 0.343759, "loss": 0.343759, "vac_term": 0.0, "gn2": 0.420377, "lr": 0.00029956, "wall_s": 10.68, "gpu_mem_gb": 3.462}
{"step": 200, "ce": 0.110305, "loss": 0.110305, "vac_term": 0.0, "gn2": 0.116995, "lr": 0.0002982, "wall_s": 13.99, "gpu_mem_gb": 3.462}
{"step": 250, "ce": 0.078792, "loss": 0.078792, "vac_term": 0.0, "gn2": 0.188193, "lr": 0.00029592, "wall_s": 17.3, "gpu_mem_gb": 3.462}
{"step": 300, "ce": 0.044429, "loss": 0.044429, "vac_term": 0.0, "gn2": 0.063438, "lr": 0.00029276, "wall_s": 20.61, "gpu_mem_gb": 3.462}
{"step": 350, "ce": 0.025241, "loss": 0.025241, "vac_term": 0.0, "gn2": 0.057754, "lr": 0.00028872, "wall_s": 23.95, "gpu_mem_gb": 3.462}
{"step": 400, "ce": 0.030828, "loss": 0.030828, "vac_term": 0.0, "gn2": 0.074134, "lr": 0.00028384, "wall_s": 27.28, "gpu_mem_gb": 3.462}
{"step": 450, "ce": 0.02043, "loss": 0.02043, "vac_term": 0.0, "gn2": 0.022977, "lr": 0.00027814, "wall_s": 30.61, "gpu_mem_gb": 3.462}
{"step": 500, "ce": 0.014233, "loss": 0.014233, "vac_term": 0.0, "gn2": 0.021367, "lr": 0.00027167, "wall_s": 33.93, "gpu_mem_gb": 3.462}
{"step": 550, "ce": 0.021177, "loss": 0.021177, "vac_term": 0.0, "gn2": 0.033888, "lr": 0.00026447, "wall_s": 37.25, "gpu_mem_gb": 3.462}
{"step": 600, "ce": 0.010157, "loss": 0.010157, "vac_term": 0.0, "gn2": 0.013366, "lr": 0.0002566, "wall_s": 40.58, "gpu_mem_gb": 3.462}
{"step": 650, "ce": 0.009368, "loss": 0.009368, "vac_term": 0.0, "gn2": 0.011157, "lr": 0.00024809, "wall_s": 43.95, "gpu_mem_gb": 3.462}
{"step": 700, "ce": 0.009188, "loss": 0.009188, "vac_term": 0.0, "gn2": 0.009409, "lr": 0.00023902, "wall_s": 47.31, "gpu_mem_gb": 3.462}
{"step": 750, "ce": 0.005936, "loss": 0.005936, "vac_term": 0.0, "gn2": 0.002975, "lr": 0.00022945, "wall_s": 50.65, "gpu_mem_gb": 3.462}
{"step": 800, "ce": 0.003746, "loss": 0.003746, "vac_term": 0.0, "gn2": 0.003697, "lr": 0.00021943, "wall_s": 53.98, "gpu_mem_gb": 3.462}
{"step": 850, "ce": 0.007712, "loss": 0.007712, "vac_term": 0.0, "gn2": 0.01246, "lr": 0.00020905, "wall_s": 57.3, "gpu_mem_gb": 3.462}
{"step": 900, "ce": 0.007248, "loss": 0.007248, "vac_term": 0.0, "gn2": 0.011717, "lr": 0.00019836, "wall_s": 60.62, "gpu_mem_gb": 3.462}
{"step": 950, "ce": 0.01339, "loss": 0.01339, "vac_term": 0.0, "gn2": 0.01916, "lr": 0.00018744, "wall_s": 63.95, "gpu_mem_gb": 3.462}
{"step": 1000, "ce": 0.003029, "loss": 0.003029, "vac_term": 0.0, "gn2": 0.003162, "lr": 0.00017637, "wall_s": 67.27, "gpu_mem_gb": 3.462}
{"step": 1050, "ce": 0.005229, "loss": 0.005229, "vac_term": 0.0, "gn2": 0.006672, "lr": 0.00016522, "wall_s": 70.59, "gpu_mem_gb": 3.462}
{"step": 1100, "ce": 0.005819, "loss": 0.005819, "vac_term": 0.0, "gn2": 0.003866, "lr": 0.00015407, "wall_s": 73.9, "gpu_mem_gb": 3.462}
{"step": 1150, "ce": 0.003779, "loss": 0.003779, "vac_term": 0.0, "gn2": 0.004951, "lr": 0.000143, "wall_s": 77.21, "gpu_mem_gb": 3.462}
{"step": 1200, "ce": 0.003173, "loss": 0.003173, "vac_term": 0.0, "gn2": 0.001767, "lr": 0.00013208, "wall_s": 80.54, "gpu_mem_gb": 3.462}
{"step": 1250, "ce": 0.004496, "loss": 0.004496, "vac_term": 0.0, "gn2": 0.005241, "lr": 0.00012138, "wall_s": 83.87, "gpu_mem_gb": 3.462}
{"step": 1300, "ce": 0.001867, "loss": 0.001867, "vac_term": 0.0, "gn2": 0.000811, "lr": 0.00011098, "wall_s": 87.2, "gpu_mem_gb": 3.462}
{"step": 1350, "ce": 0.005706, "loss": 0.005706, "vac_term": 0.0, "gn2": 0.006517, "lr": 0.00010094, "wall_s": 90.54, "gpu_mem_gb": 3.462}
{"step": 1400, "ce": 0.002624, "loss": 0.002624, "vac_term": 0.0, "gn2": 0.002121, "lr": 9.135e-05, "wall_s": 93.87, "gpu_mem_gb": 3.462}
{"step": 1450, "ce": 0.001898, "loss": 0.001898, "vac_term": 0.0, "gn2": 0.002131, "lr": 8.226e-05, "wall_s": 97.22, "gpu_mem_gb": 3.462}
{"step": 1500, "ce": 0.003676, "loss": 0.003676, "vac_term": 0.0, "gn2": 0.002999, "lr": 7.373e-05, "wall_s": 100.56, "gpu_mem_gb": 3.462}
{"step": 1550, "ce": 0.003076, "loss": 0.003076, "vac_term": 0.0, "gn2": 0.002042, "lr": 6.583e-05, "wall_s": 103.89, "gpu_mem_gb": 3.462}
{"step": 1600, "ce": 0.002845, "loss": 0.002845, "vac_term": 0.0, "gn2": 0.001417, "lr": 5.86e-05, "wall_s": 107.23, "gpu_mem_gb": 3.462}
{"step": 1650, "ce": 0.002719, "loss": 0.002719, "vac_term": 0.0, "gn2": 0.001721, "lr": 5.21e-05, "wall_s": 110.56, "gpu_mem_gb": 3.462}
{"step": 1700, "ce": 0.002386, "loss": 0.002386, "vac_term": 0.0, "gn2": 0.001344, "lr": 4.638e-05, "wall_s": 113.88, "gpu_mem_gb": 3.462}
{"step": 1750, "ce": 0.00172, "loss": 0.00172, "vac_term": 0.0, "gn2": 0.000751, "lr": 4.146e-05, "wall_s": 117.19, "gpu_mem_gb": 3.462}
{"step": 1800, "ce": 0.000355, "loss": 0.000355, "vac_term": 0.0, "gn2": 0.000152, "lr": 3.739e-05, "wall_s": 120.5, "gpu_mem_gb": 3.462}
{"step": 1850, "ce": 0.003051, "loss": 0.003051, "vac_term": 0.0, "gn2": 0.001526, "lr": 3.419e-05, "wall_s": 123.81, "gpu_mem_gb": 3.462}
{"step": 1900, "ce": 0.001017, "loss": 0.001017, "vac_term": 0.0, "gn2": 0.000592, "lr": 3.188e-05, "wall_s": 127.13, "gpu_mem_gb": 3.462}
{"step": 1950, "ce": 0.001409, "loss": 0.001409, "vac_term": 0.0, "gn2": 0.00033, "lr": 3.048e-05, "wall_s": 130.45, "gpu_mem_gb": 3.462}
{"step": 2000, "ce": 0.001261, "loss": 0.001261, "vac_term": 0.0, "gn2": 0.000536, "lr": 3e-05, "wall_s": 133.76, "gpu_mem_gb": 3.462}
RESULT_JSON_WRITTEN
{"path": "beta", "init_ce": 5.83246, "final_ce": 0.001261, "ce_descent": 5.831199, "wall_s": 133.76, "eternal_delta_max": 0.0, "final_vac_term": 0.0}
DONE_MARKER rc=0
