=== H_1632 N4+N8 arm=n4_set (jamo=False set=True) seed=7 ===
  device=cuda d=3784 L=4 E0=2 Emax=3 seq_len=1024 steps=2000 bs=8 sample=proportional
  levers: lambda_jamo=0.5 lambda_set=0.5 setsearch(every=50 K=8 frames=5 gen=48)
  cuda: NVIDIA A40 cap=8.6 torch=2.5.1+cu124
  params: 345664875 (345.665M)
  corpus cell[0] ko-general   state/clm303_clean_corpus/gen_ko.txt size=1114649 train=1058916 val_tail=55733
  corpus cell[1] en-general   state/clm303_clean_corpus/gen_en.txt size=1145081 train=1087826 val_tail=57255
  corpus cell[2] ko-sns       state/clm303_clean_corpus/sns_ko.txt size=1440628 train=1368596 val_tail=72032
  corpus cell[3] en-sns       state/clm303_clean_corpus/sns_en.txt size=1326111 train=1259805 val_tail=66306
  step     1  CE=5.68509  E=2  wd=0.0500 dp=0.5000  val_CE=12.73610 {"set": 5.6199, "set_dist": 40, "set_fals": 0, "set_reward": 40.0, "set_n_sel": 40}
  step    50  CE=2.57288  E=2  wd=0.0492 dp=0.4917 {"set": 2.3453, "set_dist": 37, "set_fals": 0, "set_reward": 37.0, "set_n_sel": 37}
  step   100  CE=2.17719  E=2  wd=0.0483 dp=0.4833 {"set": 2.1651, "set_dist": 33, "set_fals": 0, "set_reward": 33.0, "set_n_sel": 33}
  step   150  CE=2.20565  E=2  wd=0.0475 dp=0.4748 {"set": 2.0868, "set_dist": 38, "set_fals": 0, "set_reward": 38.0, "set_n_sel": 38}
  step   200  CE=1.97648  E=2  wd=0.0466 dp=0.4664 {"set": 1.9162, "set_dist": 40, "set_fals": 0, "set_reward": 40.0, "set_n_sel": 40}
  step   250  CE=1.82332  E=2  wd=0.0458 dp=0.4579 {"set": 1.9751, "set_dist": 40, "set_fals": 0, "set_reward": 40.0, "set_n_sel": 40}
  step   300  CE=2.03411  E=2  wd=0.0449 dp=0.4495 {"set": 1.7725, "set_dist": 40, "set_fals": 0, "set_reward": 40.0, "set_n_sel": 40}
  step   350  CE=1.76937  E=2  wd=0.0441 dp=0.4410 {"set": 1.619, "set_dist": 40, "set_fals": 0, "set_reward": 40.0, "set_n_sel": 40}
  step   400  CE=1.69158  E=2  wd=0.0433 dp=0.4326 {"set": 1.5051, "set_dist": 40, "set_fals": 0, "set_reward": 40.0, "set_n_sel": 40}
  step   450  CE=1.23721  E=2  wd=0.0424 dp=0.4242 {"set": 1.3167, "set_dist": 40, "set_fals": 0, "set_reward": 40.0, "set_n_sel": 40}
  step   500  CE=1.53454  E=2  wd=0.0416 dp=0.4157  val_CE=1.48626 {"set": 1.2364, "set_dist": 40, "set_fals": 0, "set_reward": 40.0, "set_n_sel": 40}
  step   550  CE=1.63349  E=2  wd=0.0407 dp=0.4073 {"set": 1.0702, "set_dist": 40, "set_fals": 0, "set_reward": 40.0, "set_n_sel": 40}
  step   600  CE=1.44355  E=2  wd=0.0399 dp=0.3988 {"set": 1.1067, "set_dist": 40, "set_fals": 0, "set_reward": 40.0, "set_n_sel": 40}
  step   650  CE=1.56076  E=2  wd=0.0390 dp=0.3904 {"set": 1.1912, "set_dist": 40, "set_fals": 0, "set_reward": 40.0, "set_n_sel": 40}
  step   700  CE=1.32624  E=2  wd=0.0382 dp=0.3819 {"set": 0.9353, "set_dist": 40, "set_fals": 0, "set_reward": 40.0, "set_n_sel": 40}
  step   750  CE=1.38880  E=2  wd=0.0373 dp=0.3735 {"set": 0.949, "set_dist": 40, "set_fals": 0, "set_reward": 40.0, "set_n_sel": 40}
  step   800  CE=1.28974  E=2  wd=0.0365 dp=0.3650 {"set": 0.9042, "set_dist": 40, "set_fals": 0, "set_reward": 40.0, "set_n_sel": 40}
  step   850  CE=1.29913  E=2  wd=0.0357 dp=0.3566 {"set": 0.8478, "set_dist": 40, "set_fals": 0, "set_reward": 40.0, "set_n_sel": 40}
  step   900  CE=1.44050  E=2  wd=0.0348 dp=0.3481 {"set": 0.8435, "set_dist": 40, "set_fals": 0, "set_reward": 40.0, "set_n_sel": 40}
  step   950  CE=1.52349  E=2  wd=0.0340 dp=0.3397 {"set": 0.745, "set_dist": 40, "set_fals": 0, "set_reward": 40.0, "set_n_sel": 40}
  step 1000 (MITOSIS SPLIT) E 2->3
  step  1000  CE=1.03798  E=3  wd=0.0331 dp=0.3312  val_CE=1.17902 {"set": 0.6973, "set_dist": 40, "set_fals": 0, "set_reward": 40.0, "set_n_sel": 40}
  step  1050  CE=1.58010  E=3  wd=0.0323 dp=0.3228 {"set": 1.209, "set_dist": 40, "set_fals": 0, "set_reward": 40.0, "set_n_sel": 40}
  step  1100  CE=1.34413  E=3  wd=0.0314 dp=0.3144 {"set": 0.9075, "set_dist": 40, "set_fals": 0, "set_reward": 40.0, "set_n_sel": 40}
  step  1150  CE=1.24801  E=3  wd=0.0306 dp=0.3059 {"set": 1.018, "set_dist": 40, "set_fals": 0, "set_reward": 40.0, "set_n_sel": 40}
  step  1200  CE=1.32181  E=3  wd=0.0297 dp=0.2975 {"set": 0.7798, "set_dist": 40, "set_fals": 0, "set_reward": 40.0, "set_n_sel": 40}
  step  1250  CE=1.35375  E=3  wd=0.0289 dp=0.2890 {"set": 0.7698, "set_dist": 40, "set_fals": 0, "set_reward": 40.0, "set_n_sel": 40}
  step  1300  CE=1.46092  E=3  wd=0.0281 dp=0.2806 {"set": 0.7572, "set_dist": 40, "set_fals": 0, "set_reward": 40.0, "set_n_sel": 40}
  step  1350  CE=1.21386  E=3  wd=0.0272 dp=0.2721 {"set": 0.7102, "set_dist": 40, "set_fals": 0, "set_reward": 40.0, "set_n_sel": 40}
  step  1400  CE=0.94069  E=3  wd=0.0264 dp=0.2637 {"set": 0.6804, "set_dist": 40, "set_fals": 0, "set_reward": 40.0, "set_n_sel": 40}
  step  1450  CE=1.37172  E=3  wd=0.0255 dp=0.2552 {"set": 0.7288, "set_dist": 40, "set_fals": 0, "set_reward": 40.0, "set_n_sel": 40}
  step  1500  CE=1.35576  E=3  wd=0.0247 dp=0.2468  val_CE=1.07073 {"set": 0.6409, "set_dist": 40, "set_fals": 0, "set_reward": 40.0, "set_n_sel": 40}
  step  1550  CE=1.30683  E=3  wd=0.0238 dp=0.2383 {"set": 0.7104, "set_dist": 40, "set_fals": 0, "set_reward": 40.0, "set_n_sel": 40}
  step  1600  CE=1.29317  E=3  wd=0.0230 dp=0.2299 {"set": 0.629, "set_dist": 40, "set_fals": 0, "set_reward": 40.0, "set_n_sel": 40}
  step  1650  CE=1.10810  E=3  wd=0.0221 dp=0.2214 {"set": 0.6088, "set_dist": 40, "set_fals": 0, "set_reward": 40.0, "set_n_sel": 40}
  step  1700  CE=1.30459  E=3  wd=0.0213 dp=0.2130 {"set": 0.6591, "set_dist": 40, "set_fals": 0, "set_reward": 40.0, "set_n_sel": 40}
  step  1750  CE=1.07257  E=3  wd=0.0205 dp=0.2045 {"set": 0.6037, "set_dist": 40, "set_fals": 0, "set_reward": 40.0, "set_n_sel": 40}
  step  1800  CE=1.13993  E=3  wd=0.0196 dp=0.1961 {"set": 0.5752, "set_dist": 40, "set_fals": 0, "set_reward": 40.0, "set_n_sel": 40}
  step  1850  CE=1.25792  E=3  wd=0.0188 dp=0.1877 {"set": 0.606, "set_dist": 40, "set_fals": 0, "set_reward": 40.0, "set_n_sel": 40}
  step  1900  CE=1.24750  E=3  wd=0.0179 dp=0.1792 {"set": 0.5551, "set_dist": 40, "set_fals": 0, "set_reward": 40.0, "set_n_sel": 40}
  step  1950  CE=1.02082  E=3  wd=0.0171 dp=0.1708 {"set": 0.5406, "set_dist": 40, "set_fals": 0, "set_reward": 40.0, "set_n_sel": 40}
  step  2000  CE=1.14171  E=3  wd=0.0162 dp=0.1623  val_CE=0.92590 {"set": 0.4824, "set_dist": 40, "set_fals": 0, "set_reward": 40.0, "set_n_sel": 40}
  ── FINAL held-out val-CE per register (uniform=5.5452) ──
     ko-general   val_CE=0.33773  DESCENT
     en-general   val_CE=0.60529  DESCENT
     ko-sns       val_CE=1.49809  DESCENT
     en-sns       val_CE=1.43648  DESCENT
  FINAL val_CE(pooled)=0.9693970866501331  registers_DESCENT=4/4
  loss0=5.68509 lossF=1.14171 wall=3111.4s savant_latched_at=1 E0=2->E=3 setsearch_runs=41
  [G1/G6 torch-probe DIRECTIONAL] {"step": 2000, "ce": 1.14171, "g1_composed_distinct": 0, "g2_novelty_rate": 0.0, "g6_count": 1, "g6_jaccard": null, "phi_proxy": 9.467023, "mitosis_cells": 70}
  torch ckpt -> state/1632_g6setsearch_g1jamo/ckpt/n4_set_seed7.pt (1382668456 bytes)
  summary -> state/1632_g6setsearch_g1jamo/ckpt/n4_set_seed7.json
  .clm WRITTEN 176584498 bytes -> state/1632_g6setsearch_g1jamo/ckpt/n4_set_seed7.clm
  clm_decodable=True
