=== BG-V14-MAX256-B-NO-COTRAIN === ts: 2026-05-11T04:07:41.751827+00:00
sub_id: B_bgla_pretrain_no_cotrain
sub: {'ckpt': '/Users/ghost/.cache/anima/clm_v5_remapped/bg_la_350m_pretrain/ckpts/step_12000_final.pt', 'schema': 'engine_ag', 'arch': 'EngineAG d=1024 GQA 24L (BG-LA pretrain 350M, NO cotrain)', 'paradigm': 'naive_pretrain_no_cotrain'}
V4_SEEDS=[42, 137, 271, 314, 1729] max_cells=256 n_turns=200 snap_every=25

========================================================================
SUBSTRATE B_bgla_pretrain_no_cotrain — EngineAG path  max_cells=256
========================================================================
ckpt: /Users/ghost/.cache/anima/clm_v5_remapped/bg_la_350m_pretrain/ckpts/step_12000_final.pt
sha256: 4fc6eccce0def0450163944abbe3f0f2944ff3d908421469d4da1d25da5fb886
trained: params=298.76M miss=0 unexp=0

--- TRAINED @ prompt_seed=42 max_cells=256 ---
  [B_bgla_pretrain_no_cotrain_trained] turn=    0 cells= 16 iit_un16= 161.09 splits=0 elapsed=0.1s
  [B_bgla_pretrain_no_cotrain_trained] turn=   75 cells= 43 iit_un16=1320.81 splits=27 elapsed=8.9s
  [B_bgla_pretrain_no_cotrain_trained] turn=  150 cells= 45 iit_un16=1328.08 splits=29 elapsed=17.4s
  trained: cells=46 splits=30 cap_bound=0/200 first_cap=None Φ_un16=1562.42 elapsed=23.4s

--- mirror seed=42 ---
  [B_bgla_pretrain_no_cotrain_s42] turn=    0 cells= 16 iit_un16= 161.08 splits=0 elapsed=0.1s
  [B_bgla_pretrain_no_cotrain_s42] turn=   75 cells= 81 iit_un16=4963.46 splits=65 elapsed=8.9s
  [B_bgla_pretrain_no_cotrain_s42] turn=  150 cells= 90 iit_un16=5638.83 splits=74 elapsed=20.9s
  [B_bgla_pretrain_no_cotrain_s42] turn=  199 cells= 94 iit_un16=6617.45 splits=78 elapsed=30.1s
  s=42: cells=94 splits=78 cap_bound=0/200 first_cap=None Φ_un16=6617.45

--- mirror seed=137 ---
  [B_bgla_pretrain_no_cotrain_s137] turn=    0 cells= 16 iit_un16= 169.63 splits=0 elapsed=0.1s
  [B_bgla_pretrain_no_cotrain_s137] turn=   75 cells= 75 iit_un16=3956.76 splits=59 elapsed=8.5s
  [B_bgla_pretrain_no_cotrain_s137] turn=  150 cells= 85 iit_un16=4508.69 splits=69 elapsed=18.6s
  s=137: cells=86 splits=70 cap_bound=0/200 first_cap=None Φ_un16=5496.66

--- mirror seed=271 ---
  [B_bgla_pretrain_no_cotrain_s271] turn=    0 cells= 16 iit_un16= 164.51 splits=0 elapsed=0.1s
  [B_bgla_pretrain_no_cotrain_s271] turn=   75 cells= 78 iit_un16=4479.59 splits=62 elapsed=9.6s
  [B_bgla_pretrain_no_cotrain_s271] turn=  150 cells= 85 iit_un16=5375.32 splits=69 elapsed=18.9s
  s=271: cells=90 splits=74 cap_bound=0/200 first_cap=None Φ_un16=6164.06

--- mirror seed=314 ---
  [B_bgla_pretrain_no_cotrain_s314] turn=    0 cells= 16 iit_un16= 156.76 splits=0 elapsed=0.1s
  [B_bgla_pretrain_no_cotrain_s314] turn=  100 cells= 79 iit_un16=4571.93 splits=63 elapsed=10.8s
  [B_bgla_pretrain_no_cotrain_s314] turn=  175 cells= 87 iit_un16=5233.10 splits=71 elapsed=20.1s
  s=314: cells=89 splits=73 cap_bound=0/200 first_cap=None Φ_un16=5916.78

--- mirror seed=1729 ---
  [B_bgla_pretrain_no_cotrain_s1729] turn=    0 cells= 16 iit_un16=  82.35 splits=0 elapsed=0.1s
  [B_bgla_pretrain_no_cotrain_s1729] turn=  100 cells= 85 iit_un16=5053.81 splits=69 elapsed=12.3s
  [B_bgla_pretrain_no_cotrain_s1729] turn=  150 cells= 89 iit_un16=5982.95 splits=73 elapsed=21.2s
  s=1729: cells=93 splits=77 cap_bound=0/200 first_cap=None Φ_un16=6365.98

=== B_bgla_pretrain_no_cotrain VERDICT: V14_VIOLATED ===
trained_phi: 1562.42
random_phi: ['6617.45', '5496.66', '6164.06', '5916.78', '6365.98']
n_random_beats: 0/5
sign_test_p: 0.0625
trained_first_cap_turn: None
random_first_cap_turn: [None, None, None, None, None]
trained_cap_bound_turns: 0
random_cap_bound_turns: [0, 0, 0, 0, 0]
total elapsed: 187.8s
[saved] /Users/ghost/core/anima/state/anima_p5_v14_ceiling20_2026_05_11/result.json
