{
  "containerDiskInGb": 20,
  "costPerHr": 2.99,
  "createdAt": "2026-05-05 06:40:41.743 +0000 UTC",
  "desiredStatus": "EXITED",
  "env": {
    "PUBLIC_KEY": "ssh-ed25519 AAAAC3NzaC1lZDI1NTE5AAAAIKOEWe0SBseZceuCgcVnlNDhEwbU/TIqGeK9FdrpIy9V ghost@ghostui-MacBookAir.local\n\nssh-rsa AAAAB3NzaC1yc2EAAAADAQABAAABAQCf5vOKHhrik9f3yA4IWXXGKPVvDQ8nFP5b1PF7a7YHuXMmZVSOvISYwph7yuCCYyZP8GTDm9MWHZVSR6ArijPxRfAbGDUtENFrHtyA5IGI9GycJkrYokI20neQXR4AGTwk/kVXOdaMaxEREFKhyffzZyrPKUEpZ7ikGXVM9MqWYNFvvy1ioQ7uuqyFq+65phVjojKgg4LWdnTjcxNzNrOgwlZqANx450Nhv3KAGhWSiLZgU6iA4JJ6gsq6t5S9p5n7T6EeypUyuKT4iOH0U5d4jIrssz0QwBncytLvQCvv7IpsapPqhgQzBXcGMZKkLS62UWYDRTeL7PPz3+N2hM4N RunPod-Key-Go"
  },
  "gpuCount": 1,
  "id": "rk300gcetbhn20",
  "imageName": "runpod/pytorch:2.4.0-py3.11-cuda12.4.1-devel-ubuntu22.04",
  "lastStatusChange": "Exited by user: Tue May 05 2026 06:47:07 GMT+0000 (Coordinated Universal Time)",
  "memoryInGb": 251,
  "name": "anima-own-16-dogfood-smoke-2026-05-05",
  "ports": [
    "22/tcp"
  ],
  "vcpuCount": 26,
  "volumeInGb": 40,
  "volumeMountPath": "/runpod"
}
