[substrate A patch] ceiling clamp(max=10.0) → clamp(max=20.0)
=== §68 ROBUSTNESS — substrate A × ceiling=20.0 === ts: 2026-05-11T04:25:11.169652+00:00
V4_SEEDS=[42, 137, 271, 314, 1729] max_cells=256 n_turns=200

========================================================================
SUBSTRATE A_phase2_cotrain — EngineAG path  max_cells=256
========================================================================
ckpt: /Users/ghost/.cache/anima/clm_v5_remapped/phase2_cotrain_engine_ag/ckpts/ckpt_final.pt
sha256: 6e66e75f8014999be09236a408fe6ad6811ebf394ac079ecbf6d87dfe63748c1
trained: params=298.76M miss=0 unexp=0

--- TRAINED @ prompt_seed=42 max_cells=256 ---
  [A_phase2_cotrain_trained] turn=    0 cells= 16 iit_un16= 161.64 splits=0 elapsed=0.2s
  [A_phase2_cotrain_trained] turn=   75 cells= 67 iit_un16=3224.00 splits=51 elapsed=10.9s
  [A_phase2_cotrain_trained] turn=  125 cells= 68 iit_un16=3444.60 splits=52 elapsed=20.7s
  [A_phase2_cotrain_trained] turn=  175 cells= 78 iit_un16=3852.49 splits=62 elapsed=31.6s
  trained: cells=78 splits=62 cap_bound=0/200 first_cap=None Φ_un16=2514.24 elapsed=35.8s

--- mirror seed=42 ---
  [A_phase2_cotrain_s42] turn=    0 cells= 16 iit_un16= 161.08 splits=0 elapsed=0.1s
  [A_phase2_cotrain_s42] turn=   75 cells= 81 iit_un16=4963.46 splits=65 elapsed=10.9s
  [A_phase2_cotrain_s42] turn=  125 cells= 83 iit_un16=4664.65 splits=67 elapsed=19.3s
  [A_phase2_cotrain_s42] turn=  175 cells= 90 iit_un16=5621.93 splits=74 elapsed=28.1s
  s=42: cells=94 splits=78 cap_bound=0/200 first_cap=None Φ_un16=6617.45

--- mirror seed=137 ---
  [A_phase2_cotrain_s137] turn=    0 cells= 16 iit_un16= 169.63 splits=0 elapsed=0.1s
  [A_phase2_cotrain_s137] turn=   75 cells= 75 iit_un16=3956.76 splits=59 elapsed=11.9s
  [A_phase2_cotrain_s137] turn=  125 cells= 76 iit_un16=4315.79 splits=60 elapsed=20.4s
  [A_phase2_cotrain_s137] turn=  199 cells= 86 iit_un16=5496.66 splits=70 elapsed=31.7s
  s=137: cells=86 splits=70 cap_bound=0/200 first_cap=None Φ_un16=5496.66

--- mirror seed=271 ---
  [A_phase2_cotrain_s271] turn=    0 cells= 16 iit_un16= 164.51 splits=0 elapsed=0.1s
  [A_phase2_cotrain_s271] turn=   75 cells= 78 iit_un16=4479.59 splits=62 elapsed=10.0s
  [A_phase2_cotrain_s271] turn=  125 cells= 79 iit_un16=4645.84 splits=63 elapsed=18.1s
  [A_phase2_cotrain_s271] turn=  175 cells= 86 iit_un16=5356.53 splits=70 elapsed=27.4s
  s=271: cells=90 splits=74 cap_bound=0/200 first_cap=None Φ_un16=6164.06

--- mirror seed=314 ---
  [A_phase2_cotrain_s314] turn=    0 cells= 16 iit_un16= 156.76 splits=0 elapsed=0.1s
  [A_phase2_cotrain_s314] turn=   75 cells= 79 iit_un16=3118.36 splits=63 elapsed=9.4s
  [A_phase2_cotrain_s314] turn=  150 cells= 86 iit_un16=5423.61 splits=70 elapsed=21.6s
  [A_phase2_cotrain_s314] turn=  199 cells= 89 iit_un16=5916.78 splits=73 elapsed=31.1s
  s=314: cells=89 splits=73 cap_bound=0/200 first_cap=None Φ_un16=5916.78

--- mirror seed=1729 ---
  [A_phase2_cotrain_s1729] turn=    0 cells= 16 iit_un16=  82.35 splits=0 elapsed=0.1s
  [A_phase2_cotrain_s1729] turn=   75 cells= 85 iit_un16=5477.54 splits=69 elapsed=10.9s
  [A_phase2_cotrain_s1729] turn=  125 cells= 85 iit_un16=5363.89 splits=69 elapsed=22.6s
  [A_phase2_cotrain_s1729] turn=  175 cells= 89 iit_un16=4915.06 splits=73 elapsed=33.9s
  s=1729: cells=93 splits=77 cap_bound=0/200 first_cap=None Φ_un16=6365.98

=== A_phase2_cotrain (ceiling=20.0) VERDICT: V14_VIOLATED ===
trained_phi: 2514.24
random_phi: ['6617.45', '5496.66', '6164.06', '5916.78', '6365.98']
n_random_beats: 0/5
sign_test_p: 0.0625
total elapsed: 240.8s
[saved] /Users/ghost/core/anima/state/anima_p5_v14_sub_a_ceiling20_2026_05_11/result.json
