Warning: Permanently added '[35.88.20.103]:43371' (ED25519) to the list of known hosts.
Welcome to vast.ai. If authentication fails, try again after a few seconds, and double check your ssh key.
Have fun!
RUNTIME_CUDA_COPIED
[remote] gcc -> ~/.hx/bin/hexa.real
/usr/bin/ld: hexa_main.c:(.text.startup+0x450f): undefined reference to `hexa_int'
/usr/bin/ld: warning: creating DT_TEXTREL in a PIE
collect2: error: ld returned 1 exit status
HEXA_REAL_RC=0
/root/.hx/bin/hexa: line 2: /root/.hx/bin/hexa.real: No such file or directory
tar: Ignoring unknown extended header keyword 'LIBARCHIVE.xattr.com.apple.provenance'
tar: Ignoring unknown extended header keyword 'LIBARCHIVE.xattr.com.apple.provenance'
tar: Ignoring unknown extended header keyword 'LIBARCHIVE.xattr.com.apple.provenance'
tar: Ignoring unknown extended header keyword 'LIBARCHIVE.xattr.com.apple.provenance'
tar: Ignoring unknown extended header keyword 'LIBARCHIVE.xattr.com.apple.provenance'
tar: Ignoring unknown extended header keyword 'LIBARCHIVE.xattr.com.apple.provenance'
tar: Ignoring unknown extended header keyword 'LIBARCHIVE.xattr.com.apple.provenance'
tar: Ignoring unknown extended header keyword 'LIBARCHIVE.xattr.com.apple.provenance'
ANIMA_UNPACKED
HEXAD/D/d_corpus_fire.hexa
training/corpus_consciousness_v1.jsonl
