============================================================
MoE k/N Ratio Sweep — 1/e = 0.3679
GZ = [0.2123, 0.5000]
Epochs=3, BatchSize=128, N_train=6000
============================================================

Loading MNIST ...
  Downloading train-images-idx3-ubyte.gz ... done
  Downloading train-labels-idx1-ubyte.gz ... done
  Downloading t10k-images-idx3-ubyte.gz ... done
  Downloading t10k-labels-idx1-ubyte.gz ... done
  Train: (6000, 784), Test: (10000, 784)

--- N = 8 experts ---
   k      k/N      acc   in_GZ
--------------------------------
   1   0.1250   0.8575      no
   2   0.2500   0.8749     YES
   3   0.3750   0.8694     YES
   4   0.5000   0.8524     YES
  => Optimal k/N = 0.2500  dist to 1/e = 0.1179  best_acc = 0.8749

--- N = 16 experts ---
   k      k/N      acc   in_GZ
--------------------------------
   1   0.0625   0.8514      no
   2   0.1250   0.8756      no
   3   0.1875   0.8789      no
   4   0.2500   0.8749     YES
   5   0.3125   0.8712     YES
   6   0.3750   0.8669     YES
   7   0.4375   0.8673     YES
   8   0.5000   0.8547     YES
  => Optimal k/N = 0.1875  dist to 1/e = 0.1804  best_acc = 0.8789

============================================================
SUMMARY
============================================================
  N= 8: optimal k/N = 0.2500  [IN GZ]
  N=16: optimal k/N = 0.1875  [outside GZ]

  Mean optimal k/N = 0.2188
  1/e              = 0.3679
  Distance         = 0.1491

  Grade: WEAK (dist >= 0.10)
============================================================
