============================================================
GZ Offensive: Combined PyTorch Verification
Golden Zone: [0.2123, 0.5000], center=1/e=0.3679
============================================================

============================================================
PART 1: MoE k/N Sweep (3 epochs)
============================================================

   N |   k |    k/N |     Acc
-----------------------------------
   8 |   1 | 0.1250 | 0.8540
   8 |   2 | 0.2500 | 0.8910
   8 |   3 | 0.3750 | 0.8960 <-- best
   8 |   4 | 0.5000 | 0.8940
-----------------------------------
  16 |   1 | 0.0625 | 0.8480
  16 |   2 | 0.1250 | 0.8940
  16 |   4 | 0.2500 | 0.9100
  16 |   5 | 0.3125 | 0.9060
  16 |   6 | 0.3750 | 0.9190 <-- best
  16 |   8 | 0.5000 | 0.9140
-----------------------------------
  32 |   1 | 0.0312 | 0.8050
  32 |   2 | 0.0625 | 0.9070
  32 |   8 | 0.2500 | 0.9140
  32 |  11 | 0.3438 | 0.9160 <-- best
  32 |  12 | 0.3750 | 0.9120
  32 |  16 | 0.5000 | 0.9130
-----------------------------------

MoE Summary:
  N= 8: best k/N = 0.3750 (k=3), acc=0.8960, dist_to_1/e=0.0071 [IN GZ]
  N=16: best k/N = 0.3750 (k=6), acc=0.9190, dist_to_1/e=0.0071 [IN GZ]
  N=32: best k/N = 0.3438 (k=11), acc=0.9160, dist_to_1/e=0.0241 [IN GZ]

============================================================
PART 2: Dropout Sweep (5 epochs)
============================================================

 Dropout |     Acc |  In GZ
-----------------------------------
    0.00 | 0.9020 |     no
    0.10 | 0.9010 |     no
    0.20 | 0.9040 |     no <-- best
    0.30 | 0.9000 |    YES
    0.35 | 0.9040 |    YES
    0.37 | 0.9030 |    YES
    0.40 | 0.8970 |    YES
    0.50 | 0.8900 |    YES

Dropout Summary:
  Best dropout = 0.2000, acc=0.9040, dist_to_1/e=0.1679 [OUTSIDE]

============================================================
PART 3: Information Bottleneck (20 epochs)
============================================================

Epoch |  MI(X;T) |  MI(T;Y) |     Acc
----------------------------------------
    1 |  47.7381 |   1.9787
    2 |  47.8014 |   1.9268
    3 |  48.1519 |   1.9039
    4 |  48.1597 |   1.9103
    5 |  48.0584 |   1.8999
    6 |  48.0168 |   1.9042
    7 |  48.0466 |   1.9441
    8 |  48.0618 |   1.9831
    9 |  48.1652 |   2.0000
   10 |  48.2856 |   2.0051
   11 |  48.2878 |   2.0297
   12 |  48.2759 |   2.0350
   13 |  48.3431 |   2.0392
   14 |  48.3575 |   2.0410
   15 |  48.3921 |   2.0449
   16 |  48.3470 |   2.0473
   17 |  48.3552 |   2.0499
   18 |  48.3682 |   2.0485
   19 |  48.3480 |   2.0421
   20 |  48.3260 |   2.0464

IB Summary:
  Compression onset at epoch 5/20
  Onset ratio = 0.2500, dist_to_1/e=0.1179 [IN GZ]

============================================================
FINAL SUMMARY
============================================================

                Test |   Value | |v-1/e| | In GZ
--------------------------------------------------
       MoE k/N (N=8) | 0.3750 | 0.0071 |   YES
      MoE k/N (N=16) | 0.3750 | 0.0071 |   YES
      MoE k/N (N=32) | 0.3438 | 0.0241 |   YES
             Dropout | 0.2000 | 0.1679 |    no
      IB onset ratio | 0.2500 | 0.1179 |   YES

  Golden Zone hits: 4/5
  1/e = 0.3679, GZ = [0.2123, 0.5000]
  Assessment: STRONG support for GZ hypothesis

Done.
