/Users/ghost/core/archive-TECS-L/verify/verify_gz_extreme_hypotheses_wave12.py:33: SymPyDeprecationWarning: 

The `sympy.ntheory.factor_.divisor_sigma` has been moved to `sympy.functions.combinatorial.numbers.divisor_sigma`.

See https://docs.sympy.org/latest/explanation/active-deprecations.html#deprecated-ntheory-symbolic-functions
for details.

This has been deprecated since SymPy version 1.13. It
will be removed in a future version of SymPy.

  SIGMA6   = divisor_sigma(6)           # 12
/Users/ghost/core/archive-TECS-L/verify/verify_gz_extreme_hypotheses_wave12.py:35: SymPyDeprecationWarning: 

The `sympy.ntheory.factor_.totient` has been moved to `sympy.functions.combinatorial.numbers.totient`.

See https://docs.sympy.org/latest/explanation/active-deprecations.html#deprecated-ntheory-symbolic-functions
for details.

This has been deprecated since SymPy version 1.13. It
will be removed in a future version of SymPy.

  PHI6     = totient(6)                 # 2
/Users/ghost/core/archive-TECS-L/verify/verify_gz_extreme_hypotheses_wave12.py:91: SymPyDeprecationWarning: 

The `sympy.ntheory.factor_.primenu` has been moved to `sympy.functions.combinatorial.numbers.primenu`.

See https://docs.sympy.org/latest/explanation/active-deprecations.html#deprecated-ntheory-symbolic-functions
for details.

This has been deprecated since SymPy version 1.13. It
will be removed in a future version of SymPy.

  om = primenu(n)
Traceback (most recent call last):
  File "/Users/ghost/core/archive-TECS-L/verify/verify_gz_extreme_hypotheses_wave12.py", line 394, in <module>
    print(f"  C in GZ? lower={GZ_LOWER:.4f}, upper={GZ_UPPER:.4f}: {in_gz(C_bsc)}")
TypeError: unsupported format string passed to Fraction.__format__
