
======================================================================
  GOLDEN ZONE PREDICTIVE EXPERIMENTS
======================================================================
  Date: 2026-03-28
  Goal: Test GZ as a PREDICTIVE theory (not post-hoc)
  GZ constants: center=1/e=0.367879, width=ln(4/3)=0.287682
  Predictions stated BEFORE each measurement.

======================================================================
  PREDICTION 5: Coding Theory Bounds at delta = ln(4/3)
======================================================================

  PRE-REGISTERED PREDICTION:
    delta = ln(4/3) = 0.2876820725
    Predicted: R_EB(delta) = 1/3 = 0.3333333333
    Tolerance: +/- 0.02

──────────────────────────────────────────────────────────────────────
  Computing bounds
──────────────────────────────────────────────────────────────────────

  delta         = 0.2876820725
  H_2(delta)    = 0.8657081733
  J(delta)      = 0.0473178846
  H_2(J(delta)) = 0.2748923770

  Gilbert-Varshamov lower bound:  R_GV  = 0.1342918267
  Plotkin upper bound:            R_Pl  = 0.4246358551
  Elias-Bassalygo upper bound:    R_EB  = 0.7251076230

  GZ predictions for comparison:
    1/3                           = 0.3333333333
    1/e                           = 0.3678794412
    GZ_lower                      = 0.2123179275

──────────────────────────────────────────────────────────────────────
  Scanning: at what delta does R_EB = 1/3 exactly?
──────────────────────────────────────────────────────────────────────
  R_EB = 1/3 occurs at delta = 0.1209 (error 0.000082)
  Compared to ln(4/3) = 0.2877
  Difference: 0.1668

──────────────────────────────────────────────────────────────────────
  GRADING Prediction 5
──────────────────────────────────────────────────────────────────────

  [XX] R_EB(ln(4/3)) = 1/3?
    Predicted:  0.333333
    Observed:   0.725108
    Error:      0.391774 (rel: 1.1753)
    Tolerance:  +/- 0.020000
    Grade:      REFUTED

  Bonus checks:
    R_GV = 0.134292 vs 1/e = 0.367879  (diff=0.233588)
    R_GV = 0.134292 vs 1/3 = 0.333333  (diff=0.199042)
    R_EB = 0.725108 vs 1/e = 0.367879  (diff=0.357228)

======================================================================
  PREDICTION 1: MoE Optimal k/N (Multi-scale)
======================================================================

  PRE-REGISTERED PREDICTION:
    For MoE with N experts, optimal k/N -> 1/e = 0.3679
    Sub-prediction P1a: optimal k/N = 1/e (active = inhibition)
    Sub-prediction P1b: optimal k/N = 1-1/e (inactive = inhibition)
    Tolerance: +/- 0.08

──────────────────────────────────────────────────────────────────────
  N = 8 experts
──────────────────────────────────────────────────────────────────────
    k= 1 (k/N=0.125) | acc=0.1292 | #####
    k= 2 (k/N=0.250) | acc=0.1458 | #####
    k= 3 (k/N=0.375) | acc=0.1625 | ###### <-- 1/e
    k= 4 (k/N=0.500) | acc=0.1125 | ####
    k= 5 (k/N=0.625) | acc=0.1375 | ##### <-- 1-1/e
    k= 6 (k/N=0.750) | acc=0.0917 | ###
    k= 7 (k/N=0.875) | acc=0.0958 | ###
  -> Best: k=3, k/N=0.3750, acc=0.1625
     Elapsed: 9.4s

──────────────────────────────────────────────────────────────────────
  N = 16 experts
──────────────────────────────────────────────────────────────────────
    k= 1 (k/N=0.062) | acc=0.1208 | ####
    k= 2 (k/N=0.125) | acc=0.1583 | ######
    k= 3 (k/N=0.188) | acc=0.1375 | #####
    k= 4 (k/N=0.250) | acc=0.1000 | ####
    k= 5 (k/N=0.312) | acc=0.1125 | #### <-- 1/e
    k= 6 (k/N=0.375) | acc=0.1083 | #### <-- 1/e
    k= 7 (k/N=0.438) | acc=0.1125 | ####
    k= 8 (k/N=0.500) | acc=0.1667 | ######
    k= 9 (k/N=0.562) | acc=0.1333 | #####
    k=10 (k/N=0.625) | acc=0.1375 | ##### <-- 1-1/e
    k=11 (k/N=0.688) | acc=0.1667 | ###### <-- 1-1/e
    k=12 (k/N=0.750) | acc=0.0875 | ###
    k=13 (k/N=0.812) | acc=0.1208 | ####
    k=14 (k/N=0.875) | acc=0.1208 | ####
    k=15 (k/N=0.938) | acc=0.0875 | ###
  -> Best: k=8, k/N=0.5000, acc=0.1667
     Elapsed: 34.5s

──────────────────────────────────────────────────────────────────────
  N = 32 experts
──────────────────────────────────────────────────────────────────────
    k= 1 (k/N=0.031) | acc=0.1417 | #####
    k= 3 (k/N=0.094) | acc=0.1417 | #####
    k= 5 (k/N=0.156) | acc=0.1000 | ###
    k= 7 (k/N=0.219) | acc=0.1167 | ####
    k= 9 (k/N=0.281) | acc=0.1167 | ####
    k=11 (k/N=0.344) | acc=0.0833 | ### <-- 1/e
    k=13 (k/N=0.406) | acc=0.0792 | ### <-- 1/e
    k=15 (k/N=0.469) | acc=0.1125 | ####
    k=17 (k/N=0.531) | acc=0.1375 | #####
    k=19 (k/N=0.594) | acc=0.1625 | ###### <-- 1-1/e
    k=21 (k/N=0.656) | acc=0.1500 | ###### <-- 1-1/e
    k=23 (k/N=0.719) | acc=0.1167 | ####
    k=25 (k/N=0.781) | acc=0.1042 | ####
    k=27 (k/N=0.844) | acc=0.1417 | #####
    k=29 (k/N=0.906) | acc=0.0917 | ###
    k=31 (k/N=0.969) | acc=0.1667 | ######
  -> Best: k=31, k/N=0.9688, acc=0.1667
     Elapsed: 75.1s

──────────────────────────────────────────────────────────────────────
  Multi-scale Summary
──────────────────────────────────────────────────────────────────────

     N | Best k |    k/N |    1/e |  1-1/e |    Closest
  ─────┼────────┼────────┼────────┼────────┼───────────
     8 |      3 | 0.3750 | 0.3679 | 0.6321 |        1/e
    16 |      8 | 0.5000 | 0.3679 | 0.6321 |      1-1/e
    32 |     31 | 0.9688 | 0.3679 | 0.6321 |      1-1/e

──────────────────────────────────────────────────────────────────────
  GRADING Prediction 1 (N=32)
──────────────────────────────────────────────────────────────────────

  [XX] P1a: k/N = 1/e at N=32?
    Predicted:  0.367879
    Observed:   0.968750
    Error:      0.600871 (rel: 1.6333)
    Tolerance:  +/- 0.080000
    Grade:      REFUTED

  [XX] P1b: k/N = 1-1/e at N=32?
    Predicted:  0.632121
    Observed:   0.968750
    Error:      0.336629 (rel: 0.5325)
    Tolerance:  +/- 0.080000
