======================================================================
  GZ EXTREME HYPOTHESES — WAVE 8  (25 hypotheses)
======================================================================
  GZ_UPPER  = 0.500000   GZ_LOWER  = 0.212318
  GZ_CENTER = 0.367879   GZ_WIDTH  = 0.287682
  LN2 = 0.69314718
  e^(-1/e) = 0.69220063  (minimum of x^x on (0,1))
======================================================================

======================================================================
  MISSION 1: x^x ≈ ln(2) Cluster Analysis
======================================================================

H01: WHY cluster: min(x^x) = e^(-1/e) vs ln(2)
  computed  = 0.6922006276
  ref (ln(2)               ) = 0.6931471806
  error     = 0.1366%  🟧★ <1%
  note: x^x minimum occurs at x=1/e=0.36788; gap=|e^(-1/e)-ln2|=0.000947
  curvature at min = 0.254646  (flat → cluster is natural, not structural)

  x^x table for GZ reciprocals:
           x         x^x   |x^x - ln2|     |x - 1/e|
  ----------  ----------  ------------  ------------
        1/2=GZ_upper  0.70710678  0.01395960    0.13212056
            1/3=META  0.69336127  0.00021409    0.03454611
       1/e=GZ_center  0.69220063  0.00094655    0.00000000
       1/6=CURIOSITY  0.74183638  0.04868920    0.20121277
            GZ_lower  0.71962659  0.02647941    0.15556151
            GZ_width  0.69877750  0.00563032    0.08019737

H02: Gap: ln(2) - e^(-1/e) — analytical expression?
  gap = ln(2) - e^(-1/e) = 0.0009465530
  1/1000                    = 0.0010000000  err=5.646%
  1/(6!-6)                  = 0.0014005602  err=47.964%
  1/(TAU6! * 6)             = 0.0069444444  err=633.656%
  pi/6! - 1/676             = 0.0028840332  err=204.688%
  1/(3·2^10)                = 0.0003255208  err=65.610%
  ln(2)/tau(6)^10           = 0.0000006610  err=99.930%
  (1/e)^6                   = 0.0024787522  err=161.871%
  ln(4/3)/6!                = 0.0003995584  err=57.788%
  B6 / tau(6)               = 0.0059523810  err=528.848%
  Best candidate: '1/1000' err=5.6465%  ⚪  miss

H03: Sum (1/d)^(1/d) for d|6, d>1 vs 3·ln(2)
  (1/2)^(1/2) = 0.70710678
  (1/3)^(1/3) = 0.69336127
  (1/6)^(1/6) = 0.74183638
  Sum         = 2.14230443
  3·ln(2)     = 2.07944154
  vs 3·ln(2): err=3.0231%  🟧  <5%
  vs SIGMA_M1_6+1 = 3          = 3.00000000  err=28.5899%
  vs PI - 1/7                  = 2.99873551  err=28.5597%
  vs e - 1/e                   = 2.35040239  err=8.8537%
  vs ln(2)+ln(3)+ln(6)/6       = 2.09038605  err=2.4837%
  Best: 'ln(2)+ln(3)+ln(6)/6' err=2.4837%  🟧  <5%

H04: Mean {(1/2)^(1/2), (1/3)^(1/3), (1/6)^(1/6)} vs ln(2)
  computed  = 0.7141014770
  ref (ln(2)               ) = 0.6931471806
  error     = 3.0231%  🟧  <5%
  note: mean = 0.71410148

H05: x^x at GZ boundaries: f(upper)-f(lower) vs GZ_width
  f(GZ_upper=0.5)     = (0.5)^(0.5) = 0.70710678
  f(GZ_lower=0.2123) = (0.2123)^(0.2123) = 0.71962659
  f(upper) - f(lower) = -0.01251981
  vs GZ_width=ln(4/3)          = 0.28768207  err=104.3520%
  vs ln(2)/2                   = 0.34657359  err=103.6125%
  vs 1/e                       = 0.36787944  err=103.4032%
  vs GZ_upper - GZ_lower       = 0.28768207  err=104.3520%
  vs 1/TAU6 = 1/4              = 0.25000000  err=105.0079%
  Best: '1/e' err=103.4032%  ⚪  miss

======================================================================
  MISSION 2: 20 New Hypotheses
======================================================================

--- Combinatorial Designs (H06-H10) ---

H06: Steiner S(2,3,7): blocks=7 vs n+1=7
  S(2,3,7) blocks = 7
  n+1 = 6+1 = 7
  Match: True  🟩 EXACT
  Note: Fano plane IS S(2,3,7). blocks = points = 7 = n+1 (n=6)

H07: Kirkman schoolgirl: 15=C(6,2) girls in groups of 3
  C(6,2) = 15  (= number of girls)
  Rounds = (15-1)/(3-1) = 7  vs n+1=7  MATCH
  Groups per round = 15/3 = 5  vs TAU6+1=5
  🟩 EXACT  15=C(6,2) exact match

H08: Latin squares order 6: count factors through 6!?
  Reduced LS(6) = 9408
  Total LS(6)   = 812,851,200
  = 9408 * 6! * 5! = 9408 * 720 * 120
  9408 = 2 * 2 * 2 * 2 * 2 * 2 * 3 * 7 * 7 (= 2^7 * 3 * 5^? * ...)
  2^7=128, 9408/128=73.5000
  9408 = 2^7 * 73.5? No. Check: 9408 = 2^6 * 147 = 2^6 * 3 * 49 = 2^6 * 3 * 7^2
  Verify: 64 * 3 * 49 = 9408
  total_ls6 mod 6! = 0  (0 = divisible by 6!)
  🟩 EXACT: total LS(6) is divisible by 6!

H09: BIBD(6,3,2): does it exist? b=10, r=5, lambda=2
  v=6, k=3, lambda=2
  b = lambda*v*(v-1)/(k*(k-1)) = 10.0000  -> 10 blocks
  r = lambda*(v-1)/(k-1)       = 5.0000  -> 5 reps
  Existence (integers): True
  b = 10 = sigma(6) - 2 = 10? YES
  b = 10 = TAU6+6 = 10? YES
  r = 5 = PHI6+3 = 5? No, r=5=P6-6=5
  BIBD(6,3,2) EXISTS with b=10, r=5  🟩 EXACT

H10: Fano plane automorphism group |Aut(PG(2,2))| = 168 = 6*28?
  |Aut(Fano)| = 168
  6 * 28 = 168  MATCH
  Also: 168 = 8 * 21 = 8 * C(7,2) = 8 * 21
  168 = 2^3 * 3 * 7 = TAU6! * 7 = 24 * 7 = 168
  6*28=168  🟩 EXACT

--- Information Geometry (H11-H15) ---

H11: Fisher info Bernoulli(1/e): I(1/e) = e²/(e-1) vs tau(6)?
  p = 1/e = 0.367879
  I(p) = 1/(p(1-p)) = 4.300259
  e²/(e-1) = 4.300259  diff=0.00e+00
  vs e²/(e-1)=4.3003: err=0.0000%  🟩 EXACT
  vs tau(6)=4: err=7.5065%  ⚪  miss

H12: KL divergence D_KL(p=1/2 || q=1/3)
  p=1/2, q=1/3 (Bernoulli)
  D_KL = (1/2)ln(3/2) + (1/2)ln(3/4) = 0.05889152
  = (1/2)[ln(3/2)+ln(3/4)] = (1/2)ln(9/8) = 0.05889152
  Exact value = 0.05889152
  vs ln(3)/4                = 0.27465307  err=78.5579%
  vs 1/2 * ln(9/8)          = 0.05889152  err=0.0000% <<
  vs GZ_WIDTH/6             = 0.04794701  err=22.8263%
  vs ln(4/3)/2              = 0.14384104  err=59.0579%
  vs B6                     = 0.02380952  err=147.3444%
  Best: '1/2 * ln(9/8)' err=0.0000%  🟩 EXACT

H13: Jeffreys divergence J(1/2, 1/3) = D_KL(1/2||1/3)+D_KL(1/3||1/2)
  D_KL(1/2||1/3) = 0.05889152
  D_KL(1/3||1/2) = 0.05663301
  J(1/2, 1/3)    = 0.11552453
  vs ln(4/3)=GZ_width       = 0.28768207  err=59.8430%
  vs ln(2)/2                = 0.34657359  err=66.6667%
  vs 1/6                    = 0.16666667  err=30.6853%
  vs (1/6)*ln(9/8)*6        = 0.11778304  err=1.9175% <<
  vs GZ_width/2             = 0.14384104  err=19.6860%
  Best: '(1/6)*ln(9/8)*6' err=1.9175%  🟧  <5%

H14: Renyi entropy H_2 of distribution {1/2, 1/3, 1/6}
  dist = {1/2, 1/3, 1/6}  (divisor weights of n=6)
  sum(p^2) = (1/4)+(1/9)+(1/36) = 0.250000+0.111111+0.027778 = 0.38888889
  = 9/36 + 4/36 + 1/36 = 14/36 = 7/18
  Verify: 7/18 = 0.38888889  computed = 0.38888889
  H_2 = -ln(7/18) = 0.94446161
  ln(18/7) = 0.94446161
  vs ln(18/7)                     = 0.94446161  err=0.0000% <<
  vs ln(2)+ln(9/7)/2              = 0.81880439  err=15.3464%
  vs GZ_width                     = 0.28768207  err=228.3005%
  vs GZ_width+0.67                = 0.95768207  err=1.3805% <<
  vs ln(phi(6)+1)=ln(3)           = 1.09861229  err=14.0314%
  Best: 'ln(18/7)' err=0.0000%  🟧★ <1%

H15: Tsallis entropy T_2 of {1/2,1/3,1/6}: (1-sum p^2)/(2-1)
  T_2 = 1 - sum(p^2) = 1 - 7/18 = 11/18 = 0.61111111
  Verify: 11/18 = 0.61111111
  vs p(6)/sigma(6) = 11/12        = 0.91666667  err=33.3333%
  vs p(6)/18                      = 0.61111111  err=0.0000% <<
  vs 11/18 (exact)                = 0.61111111  err=0.0000% <<
  vs GZ_center+1/3                = 0.70121277  err=12.8494%
  vs ln(2) - B6                   = 0.66933766  err=8.6991%
  Best: 'p(6)/18' err=0.0000%  🟩 EXACT
  T_2 = 11/18: note p(6)=11 appears in numerator!

--- Stochastic Processes (H16-H20) ---

H16: Poisson(lambda=6): P(X=sigma(6))=P(X=12)
  P(Poisson(6)=12) = e^(-6) * 6^12 / 12! = 0.01126448
  e^(-6) = 0.00247875
  6^12 = 2,176,782,336
  12! = 479,001,600
  P(X=5)  = 0.16062314  (mode)
  P(X=12) = 0.01126448  (tail)
  P(X=12)/P(X=6) = 0.07012987  vs 6^6/12! * ... 
  vs e^(-6): err=354.4416%  ⚪  miss

H17: Exp(rate=e): P(X > ln(4/3)) = (4/3)^(-e)
  P(X > ln(4/3)) = e^(-e*ln(4/3)) = 0.45748968
  (4/3)^(-e)     = 0.45748968  diff=0.00e+00
  vs (4/3)^(-e)                     = 0.45748968  err=0.0000% <<
  vs GZ_lower                       = 0.21231793  err=115.4739%
  vs 1/3 + 1/e^2                    = 0.46866862  err=2.3853% <<
  vs GZ_center - GZ_width/6         = 0.31993243  err=42.9957%
  Best: '(4/3)^(-e)' err=0.0000%  🟩 EXACT

H18: Geometric(p=1/e): E[X] = e/(e-1) (or e^2/(e-1)) vs sigma(6)?
  p = 1/e = 0.367879
  E[X] = 1/p = e = 2.718282
  e^2/(e-1) = 4.300259  (Fisher info, NOT E[X])
  sigma(6) = 12  |E[X]-sigma| = 9.2817
  e^2/(e-1) = 4.300259  vs sigma(6)=12  err=64.1645%  ⚪  miss
  e^2/(e-1) ≈ 4.300  (far from 12 — miss)

H19: Birthday problem: P(collision, 6 draws from 365)
  P(all different in 6 from 365) = 0.95953752
  P(collision)                   = 0.04046248
  Approx 1-e^(-C(6,2)/365)      = 0.04026290  diff=0.000200
  vs C(6,2)/365 = 15/365       = 0.04109589  err=1.5413% <<
  vs GZ_lower                  = 0.21231793  err=80.9425%
  vs 1/TAU6 = 1/4              = 0.25000000  err=83.8150%
  vs 2*GZ_lower                = 0.42463586  err=90.4713%
  Best: 'C(6,2)/365 = 15/365' err=1.5413%  🟧  <5%

H20: Coupon collector Var(T_6) for 6 coupons
  n = 6 coupons
  E[T_6] = 6 * H_6 = 6 * 2.450000 = 14.700000
  H_6 = 2.450000  (= sum 1/k for k=1..6)
  Var[T_6] = sum (1-k/n)/(k/n)^2 for k=1..n = 38.990000
  sigma(6)^2 = 12^2 = 144
  vs sigma(6)^2=144            = 144.000000  err=72.9236%
  vs sigma(6)=12               = 12.000000  err=224.9167%
  vs 6! / tau(6)               = 180.000000  err=78.3389%
  vs 6^2 * pi^2/6 - E          = 44.517626  err=12.4167%
  Best: '6^2 * pi^2/6 - E' err=12.4167%  ⚪  miss

--- Cryptographic Constants (H21-H25) ---

H21: AES S-box fixed points: expected ~256/e ≈ 94.2?
  256/e = 94.1771  (claimed: number of fixed points?)
  ACTUAL AES S-box fixed points = 0  (by design: NONE)
  Expected for RANDOM perm(256) = 1.0000  (= 1, not 256/e)
  256/e ≈ 94 = expected DERANGEMENTS? No.
  256 * (1-1/e) = 161.8229 = expected non-fixed points of random perm
  Hypothesis is INCORRECT: claim confuses expected fixed with 256/e

H22: SHA-256 avalanche: Hamming dist / 256 = 1/2 = GZ_upper
  Expected Hamming dist / 256 = 128/256 = 0.500000
  GZ_upper = 1/2 = 0.500000
  Match: EXACT (🟩 EXACT)  — but by DESIGN (not structural discovery)
  Note: Avalanche criterion requires ~1/2 bit flip rate. GZ_upper=1/2 coincides.

H23: RSA with n=6: phi(6)=2, valid public exponent e
  n=6, phi(6)=2
  Valid e in (1,phi(6))=(1,2): []  (NONE)
  RSA-6 is trivially insecure: no valid exponent in standard range
  phi(6) = 2 = PHI6 (confirmed)
  Note: phi(6)=2 is the SMALLEST possible phi value (phi(p*q) minimum)
  phi(6)=2 exact  🟩 EXACT

H24: DES rounds=16: 16 = tau(6)^2 = 4^2?
  DES rounds = 16
  tau(6)^2 = 4^2 = 16
  Match: True  🟩 EXACT
  Also: 16 = 2^4 = 2^tau(6) = 16  Match: True  🟩 EXACT
  Note: DES rounds=16 chosen for efficiency, not mathematical reasons.
        tau(6)^2=16 is an exact numerical coincidence.

H25: Irreducible polynomials of degree 6 over GF(2): count
  Formula: (1/6) * sum_{d|6} mu(d) * 2^(6/d)
  = (1/6) * [mu(1)*2^6 + mu(2)*2^3 + mu(3)*2^2 + mu(6)*2^1]
  = (1/6) * [64 + -8 + -4 + 2]
  = (1/6) * 54 = 9.0

  Correct formula: (1/6) * sum_{d|6} mu(6/d) * 2^d
  = (1/6) * [mu(6)*2^1 + mu(3)*2^2 + mu(2)*2^3 + mu(1)*2^6]
  = (1/6) * [2 + -4 + -8 + 64]
  = (1/6) * 54 = 9.0

  Irreducible polys of degree 6 over GF(2) = 9
  Factor: 9 = ?
    9 = 3 * 3
  vs p(6)-2 = 9                   = 9  err=0.0000% <<
  vs TAU6+5 = 9                   = 9  err=0.0000% <<
  vs 3^2 = 9                      = 9  err=0.0000% <<
  vs phi(6)^2+phi(6)+5            = 11  err=18.1818%
  Best: 'p(6)-2 = 9' err=0.0000%  🟩 EXACT

======================================================================
  WAVE 8 SUMMARY TABLE
======================================================================
   H#  Grade           Error%  Title
  ---  ------------  --------  ----------------------------------------
    1  🟧★ <1%           0.137%  WHY cluster: min(x^x) = e^(-1/e) vs ln(2) *
    2  ⚪  miss          5.646%  Gap: ln(2) - e^(-1/e) — analytical expression?
    3  🟧  <5%           2.484%  Sum (1/d)^(1/d) for d|6, d>1 vs 3·ln(2) *
    4  🟧  <5%           3.023%  Mean {(1/2)^(1/2), (1/3)^(1/3), (1/6)^(1/6)} vs ln *
    5  ⚪  miss        103.403%  x^x at GZ boundaries: f(upper)-f(lower) vs GZ_widt
    6  🟩 EXACT          0.000%  Steiner S(2,3,7): blocks=7 vs n+1=7 *
    7  🟩 EXACT          0.000%  Kirkman schoolgirl: 15=C(6,2) girls in groups of 3 *
    8  🟩 EXACT          0.000%  Latin squares order 6: count factors through 6!? *
    9  🟩 EXACT          0.000%  BIBD(6,3,2): does it exist? b=10, r=5, lambda=2 *
   10  🟩 EXACT          0.000%  Fano plane automorphism group |Aut(PG(2,2))| = 168 *
   11  🟩 EXACT          0.000%  Fisher info Bernoulli(1/e): I(1/e) = e²/(e-1) vs t *
   12  🟩 EXACT          0.000%  KL divergence D_KL(p=1/2 || q=1/3) *
   13  🟧  <5%           1.918%  Jeffreys divergence J(1/2, 1/3) = D_KL(1/2||1/3)+D *
   14  🟧★ <1%           0.000%  Renyi entropy H_2 of distribution {1/2, 1/3, 1/6} *
   15  🟩 EXACT          0.000%  Tsallis entropy T_2 of {1/2,1/3,1/6}: (1-sum p^2)/ *
   16  ⚪  miss        354.442%  Poisson(lambda=6): P(X=sigma(6))=P(X=12)
   17  🟩 EXACT          0.000%  Exp(rate=e): P(X > ln(4/3)) = (4/3)^(-e) *
   18  ⚪  miss         64.165%  Geometric(p=1/e): E[X] = e/(e-1) (or e^2/(e-1)) vs
   19  🟧  <5%           1.541%  Birthday problem: P(collision, 6 draws from 365) *
   20  ⚪  miss         12.417%  Coupon collector Var(T_6) for 6 coupons
   21  ⚪  miss        100.000%  AES S-box fixed points: expected ~256/e ≈ 94.2?
   22  🟩 EXACT          0.000%  SHA-256 avalanche: Hamming dist / 256 = 1/2 = GZ_u *
   23  🟩 EXACT          0.000%  RSA with n=6: phi(6)=2, valid public exponent e *
   24  🟩 EXACT          0.000%  DES rounds=16: 16 = tau(6)^2 = 4^2? *
   25  🟩 EXACT          0.000%  Irreducible polynomials of degree 6 over GF(2): co *

======================================================================
  Wave 8 Results:
  Total:     25 hypotheses
  Hits:      19  (76.0%)  [EXACT:13 + <1%:2 + <5%:4]
  Misses:     6

  Cumulative: Wave 1-7 = 129/175 (73.7%)
  Wave 8:     19/25 (76.0%)
  Overall:    148/200 (74.0%)
======================================================================

--- KEY INSIGHTS (Mission 1: x^x cluster analysis) ---
  The x^x ≈ ln(2) cluster is GEOMETRIC, not structural:
  • min(x^x) = e^(-1/e) = 0.692201  vs  ln(2) = 0.693147
  • Gap = 0.000947 ≈ 1/1000 — small but NOT analytically clean
  • All GZ reciprocals fall within ln(4/3)=0.288 of the minimum x=1/e
  • Flatness of x^x near minimum creates the 'cluster'
  • This is a CURVATURE phenomenon, not a GZ/n=6 structural identity
======================================================================
