======================================================================
CATEGORY A: SINGLETON / CODING THEORY DEEP DIVE
======================================================================

H-EXT4-01: MDS code weight distribution at n=6, k=3, d=4 (over GF(q))
  MDS code [6,3,4] over GF(4) (hexacode)
  Weight enumerator A_w:
    A_4 = 45
    A_5 = 0
    A_6 = 18
  Total codewords: 64 (= q^k = 4^3)
  Check: A_0 + sum(A_w) = 1 + 63 = 64

  Weight ratios:
    A_4/64 = 0.703125 (closest: ln(2), err=1.44%)
    A_5/64 = 0.000000 (closest: GZ_upper=1/2, err=100.00%)
    A_6/64 = 0.281250 (closest: GZ_width=ln(4/3), err=2.24%)
    A_6/A_4 = 0.400000 (closest: GZ_center=1/e, err=8.73%)
    A_4 = 45 = C(6,4)*3 = 45
  >> Grade: 🟧  Error: 1.4395%    NOTE: Hexacode weights: {4: 45, 5: 0, 6: 18}

H-EXT4-02: MacWilliams transform of extended [6,3,4] hexacode
  Hexacode is self-dual over GF(4)
  Weight enumerator: W(x,y) = x^6 + 45*x^2*y^4 + 18*y^6
  Self-dual => dual weight enumerator = original
  A_4 + A_6 = 45 + 18 = 63
  = q^k - 1 = 63
  A_4 : A_6 = 45:18 = 5/2
  A_6/A_4 = 0.400000 (closest: GZ_center=1/e, err=8.73%)
  A_4/6! = 0.062500
  A_6/6! = 0.025000
  A_4/6! closest: curiosity=1/6, err=62.50%
  >> Grade: ⚪  Error: 8.7313%    NOTE: Self-dual [6,3,4]_4: A_4:A_6 = 5/2

H-EXT4-03: Plotkin bound at n=6 — maximum code sizes
  Binary codes: maximum A(n=6, d) for d=1..6
  Using known exact values and Plotkin bound:

    d   A(6,d)  Singleton     Rate R             GZ match     err%
  ---------------------------------------------------------------
    1       64         64   1.000000          compass=5/6    20.00%
    2       32         32   0.833333          compass=5/6     0.00%
    3        8         16   0.500000         GZ_upper=1/2     0.00%
    4        4          8   0.333333             meta=1/3     0.00%
    5        2          4   0.166667        curiosity=1/6     0.00%
    6        2          2   0.166667        curiosity=1/6     0.00%

  Singleton rates: R_S = (n-d+1)/n for d=1..6:
    d=1: R_S = 6/6 = 1.000000
    d=2: R_S = 5/6 = 0.833333
    d=3: R_S = 4/6 = 0.666667
    d=4: R_S = 3/6 = 0.500000
    d=5: R_S = 2/6 = 0.333333
    d=6: R_S = 1/6 = 0.166667
  Singleton rate set = {5/6, 2/3, 1/2, 1/3, 1/6, 0}
  This IS the GZ constant set! (Wave 3 discovery confirmed)
  >> Grade: 🟧★  Error: 0.0000%    NOTE: A(6,d) exact values, rates checked

H-EXT4-04: Elias-Bassalygo bound asymptotic at delta for rate R=1/3
  For R = 1/3 (meta), EB bound gives delta* = 0.287385835613262
  Johnson radius J_2(delta*) = 0.173952331409395
  delta* closest GZ: GZ_width=ln(4/3), err=0.1030%
  J_2(delta*) closest GZ: curiosity=1/6, err=4.3714%
  >> Grade: 🟧★  Error: 0.1030%    NOTE: Elias-Bassalygo asymptotic

H-EXT4-05: Hexacode [6,3,4]_4 — unique properties matching GZ
  |Aut(Hexacode)| = 3 * 6! = 2160
  = 3 * 720 = 2160
  |Aut|/J_2(6) = 90.0 = 90
  |Aut|/sigma(6) = 180.0 = 180
  |Aut|/6! = 3.0 = 3

  Rate R = k/n = 3/6 = 1/2 = GZ_upper
  Relative distance delta = d/n = 4/6 = 2/3 = 1-meta
  Deficiency = 1 - R - delta = 1 - 1/2 - 2/3 = -1/6 = -curiosity
  Deficiency = -0.166667 = -1/6
  |deficiency| = curiosity = 1/6!
  This is because hexacode is MDS: d = n-k+1, so R + delta = 1 + 1/n = 7/6
  Singleton excess = R + delta - 1 = 1/n = 1/6 = curiosity
  >> Grade: 🟩  Error: 0.0000%    NOTE: EXACT: MDS => R+delta-1 = 1/n = 1/6. Aut = 3*S_6

======================================================================
CATEGORY B: REPRESENTATION THEORY OF S_6 AND S_3
======================================================================

H-EXT4-06: Dimensions of irreducible representations of S_6
  Partitions of 6 and irrep dimensions:
    (6,)                 -> dim = 1
    (5, 1)               -> dim = 5
    (4, 2)               -> dim = 9
    (4, 1, 1)            -> dim = 10
    (3, 3)               -> dim = 5
    (3, 2, 1)            -> dim = 16
    (3, 1, 1, 1)         -> dim = 10
    (2, 2, 2)            -> dim = 5
    (2, 2, 1, 1)         -> dim = 9
    (2, 1, 1, 1, 1)      -> dim = 5
    (1, 1, 1, 1, 1, 1)   -> dim = 1

  Dimensions: [1, 5, 9, 10, 5, 16, 10, 5, 9, 5, 1]
  Sum of dim^2 = 720 (should = 6! = 720)
  Check: 720 == 720: True
  Sum of dimensions = 76
  sum(dims)/6! = 76/720 = 0.105556
    closest: curiosity=1/6, err=36.67%
  Distinct dimensions: [1, 5, 9, 10, 16]
  Number of distinct dims = 5
  Max dim = 16
  16/720 = 0.022222
  Product of distinct dims = 7200
  = 10.0000 * 6!
    closest: sigma(6)=12, err=16.67%
  dim(standard rep [5,1]) = 5
  5/6 = 0.833333 = compass = 5/6!
  >> Grade: 🟩  Error: 0.0000%    NOTE: EXACT: dim(standard rep) = n-1 = 5, ratio = 5/6 = compass

H-EXT4-07: Character table of S_3: values vs {1/2, 1/3, 1/6}
  S_3 character table:
  Class:    {e}  (12)  (123)
  Size:      1    3     2
  trivial:   1    1     1
  sign:      1   -1     1
  standard:  2    0    -1

  Class size / |S_3|:
    {e}:    1/6 = curiosity
    (12):  3/6 = 1/2 = GZ_upper
    (123): 2/6 = 1/3 = meta
  Class size ratios = {1/6, 1/2, 1/3} = GZ constant set!
  And 1/6 + 1/2 + 1/3 = 1 (completeness)!
  >> Grade: 🟩  Error: 0.0000%    NOTE: EXACT: S_3 = Gal(Q(zeta_6)/Q), class ratios = {curiosity, GZ_upper, meta}

H-EXT4-08: Number of conjugacy classes of S_6 = p(6) = 11
  p(6) = 11 (number of partitions of 6)
  sigma(6) = 12
  sigma(6) - 1 = 11
  p(6) = sigma(6) - 1? True

  Checking p(n) vs sigma(n)-1 for small n:
    n=1: p(1)=1, sigma(1)=1, sigma-1=0, match=no
    n=2: p(2)=2, sigma(2)=3, sigma-1=2, match=YES
    n=3: p(3)=3, sigma(3)=4, sigma-1=3, match=YES
    n=4: p(4)=5, sigma(4)=7, sigma-1=6, match=no
    n=5: p(5)=7, sigma(5)=6, sigma-1=5, match=no
    n=6: p(6)=11, sigma(6)=12, sigma-1=11, match=YES
    n=7: p(7)=15, sigma(7)=8, sigma-1=7, match=no
    n=8: p(8)=22, sigma(8)=15, sigma-1=14, match=no
    n=9: p(9)=30, sigma(9)=13, sigma-1=12, match=no
    n=10: p(10)=42, sigma(10)=18, sigma-1=17, match=no
  Matches: n = [2, 3, 6]
  n=6 is the largest match among tested values
  >> Grade: 🟩  Error: 0.0000%    NOTE: EXACT: partition count = sum-of-divisors minus 1, rare property

H-EXT4-09: Burnside's lemma — binary necklaces of length 6
  Binary necklaces of length 6:
    d=1: phi(6)*2^1 = 2*2 = 4
    d=2: phi(3)*2^2 = 2*4 = 8
    d=3: phi(2)*2^3 = 1*8 = 8
    d=6: phi(1)*2^6 = 1*64 = 64
  Sum = 84
  Necklaces = 84/6 = 14
  Bracelets (with reflection) = (14 + 8) / 2 = 11
  Bracelets = 11 = p(6) = sigma(6)-1!

  Check bracelets(n) vs p(n):
    n=3: necklaces=4, bracelets=4, p(3)=3, match=no
    n=4: necklaces=6, bracelets=5, p(4)=5, match=YES
    n=5: necklaces=8, bracelets=8, p(5)=7, match=no
    n=6: necklaces=14, bracelets=11, p(6)=11, match=YES
    n=7: necklaces=20, bracelets=18, p(7)=15, match=no
    n=8: necklaces=36, bracelets=26, p(8)=22, match=no

  Necklaces/6! = 0.019444
  Necklaces/sigma(6) = 14/12 = 1.166667 = 7/6
  = 1 + curiosity!
  >> Grade: 🟩  Error: 0.0000%    NOTE: EXACT: bracelets(6)=p(6)=sigma(6)-1=11; necklaces(6)/sigma(6)=7/6

H-EXT4-10: Regular representation of Z_6 decomposition
  Z_6 has 6 irreps, all 1-dimensional
  Regular rep = chi_0 + chi_1 + ... + chi_5
  Character values chi_k(g) = exp(2*pi*i*k*g/6) = omega_6^(kg)

  Character of reg rep:
    chi_reg(0) = 6.0000
    chi_reg(1) = -0.0000
    chi_reg(2) = 0.0000
    chi_reg(3) = 0.0000
    chi_reg(4) = -0.0000
    chi_reg(5) = -0.0000

  Gauss sum G(chi_2, 6) = 0.000000+1.732051j
  |G|^2 = 3.000000
  = 3. And |G|^2/6 = 1/2 = GZ_upper
  |G|/sqrt(6) = 0.707107
  = sqrt(3/6) = sqrt(1/2) = 1/sqrt(2)
  >> Grade: 🟩  Error: 0.0000%    NOTE: EXACT: |G(chi_2,6)|^2 = 3, ratio = 1/2 = GZ_upper

======================================================================
CATEGORY C: LATTICE THEORY AND SPHERE PACKING
======================================================================

H-EXT4-11: Kissing number in dimension 6
  Kissing number k(6) = 72
  6 * sigma(6) = 6 * 12 = 72
  k(6) = 6 * sigma(6)? True
  Also: 72 = 6! / 10 = 720/10
  72 = 8 * 9 = 8 * dim(irrep [4,2] of S_6)
  72 = 3 * J_2(6) = 3 * 24
  72 = 6 * sigma(6) is the cleanest decomposition

  Check k(n) vs n*sigma(n) for small dims:
    dim=1: k=2, n*sigma(n)=1*1=1, match=no (predicted 1)
    dim=2: k=6, n*sigma(n)=2*3=6, match=YES
    dim=3: k=12, n*sigma(n)=3*4=12, match=YES
    dim=4: k=24, n*sigma(n)=4*7=28, match=no (predicted 28)
    dim=5: k=40, n*sigma(n)=5*6=30, match=no (predicted 30)
    dim=6: k=72, n*sigma(n)=6*12=72, match=YES
    dim=7: k=126, n*sigma(n)=7*8=56, match=no (predicted 56)
    dim=8: k=240, n*sigma(n)=8*15=120, match=no (predicted 120)

  Dimensions where k(n) = n*sigma(n): [2, 3, 6]
  >> Grade: 🟩  Error: 0.0000%    NOTE: EXACT: k(6)=6*sigma(6)=72, only dimension where k(n)=n*sigma(n)

H-EXT4-12: E_6 root lattice properties
  det(E_6) = 3
  Roots = 72
  |W(E_6)| = 51840
  |W(E_6)| / 6! = 72.0 = 72
  = kissing number! |W(E_6)| = 6! * k(6)
  Also: |W(E_6)| = 51840 = 72 * 720 = k(6) * 6!
  theta_2 coefficient (q^4): 270
  270/72 = 3.75 = C(6,2)/tau(6) = 15/4
  270 = C(6,2) * sigma(6) + C(6,3) * ... no, 15*18=270!
  270 = C(6,2) * 18 = 15 * 18
  270 = C(6,2) * 3 * 6 = 15 * 18
  det(E_6)/6 = 0.500000 = 1/2 = GZ_upper

  KEY: |W(E_6)| = 6! * k(6) = 6! * 6*sigma(6) = 6 * 6! * sigma(6)
                 = 51840
  Confirmed: True
  >> Grade: 🟩  Error: 0.0000%    NOTE: EXACT: Weyl group = 6! * kissing = 6! * 6 * sigma(6)

H-EXT4-13: Leech lattice: 196560 / 6! = ?
  Leech kissing number = 196560
  196560 / 6! = 196560 / 720 = 273.000000
  = 273 exactly!
  273 = 3 * 7 * 13
  C(24,2) = 276 = 276
  273 = C(24,2) - 3 = 276 - 3
  273/sigma(6) = 22.750000 = 22.75
  196560 / J_2(6) = 8190.0 = 8190
  >> Grade: ⚪  Error: 100.0000%    NOTE: 196560/720 = 273, no GZ constant match

H-EXT4-14: Hermite constant gamma_6 (dim 6 sphere packing)
  gamma_6^6 = 64/3 = 21.3333333333
  gamma_6 = (64/3)^(1/6) = 1.665366355311209
  gamma_6 = 1.665366 (closest: sigma_-1=2, err=16.73%)
  gamma_6^6 = 2^6 / 3 = 64/3
  log_2(gamma_6) = 0.735839583213141
  = 1 - (1/6)*log_2(3)
  1 - log_2(3)/6 = 0.735839583213141
  Match: True

  Center density of E_6 = 1/sqrt(3) = 0.577350269189626
  Closest GZ: 1-1/e, err=8.66%
  >> Grade: ⚪  Error: 8.6645%    NOTE: gamma_6^6 = 2^6/3, structurally clean but not GZ match

H-EXT4-15: Packing efficiency of E_6 vs sigma-based quantities
  V_6 = pi^3/6 = 5.1677127800
  Packing radius = 1/sqrt(2)
  det(E_6) = 3
  Packing density = V_6 * (1/sqrt(2))^6 / sqrt(3)
                   = (pi^3/6) * (1/8) / sqrt(3)
                   = pi^3 / (48*sqrt(3))
                   = 0.372947545582065
  Packing density = 0.372948 (closest: GZ_center=1/e, err=1.38%)
  vs 1/e = 0.367879: err = 1.3777%
  vs GZ_center = 0.367879: err = 1.3777%
  >> Grade: 🟧  Error: 1.3777%    NOTE: Density = 0.372948 vs 1/e = 0.367879, ~1.3% off

======================================================================
CATEGORY D: KNOT THEORY AND LOW-DIMENSIONAL TOPOLOGY
======================================================================

H-EXT4-16: Jones polynomial of trefoil at t=1/e
  V_trefoil(t) = -t^(-4) + t^(-3) + t^(-1)
  V_trefoil(1/e) = -e^4 + e^3 + e
  = -54.598150 + 20.085537 + 2.718282
  = -31.794331281497517
  |V| = 31.794331 (closest: sigma(6)=12, err=164.95%)
  V/e^4 = -1 + 1/e + 1/e^3 = -0.582333490460694
  |V/e^4| = 0.582333 (closest: 1-1/e, err=7.88%)
  >> Grade: ⚪  Error: 7.8762%    NOTE: |V/e^4| = 0.5823

H-EXT4-17: Alexander polynomial of trefoil at t=1/e
  Delta_trefoil(t) = t - 1 + t^(-1)
  Delta(1/e) = 1/e - 1 + e
  = 0.367879 - 1 + 2.718282
  = 2.086161269630487
  Closest GZ: sigma_-1=2, err=4.31%
  vs sigma_-1(6) = 2: err = 4.3081%
  e + 1/e - 1 = 2*cosh(1) - 1 = 2*1.543081 - 1 = 2.086161
  cosh(1) = 1.543080634815244
  cosh(1) = 1.543081 (closest: sigma_-1=2, err=22.85%)
  >> Grade: 🟧  Error: 4.3081%    NOTE: 4.3% from sigma_-1(6)=2

H-EXT4-18: Number of prime knots with <= 6 crossings
  Prime knots by crossing number:
    0 crossings: 1
    3 crossings: 1
    4 crossings: 1
    5 crossings: 2
    6 crossings: 3
  Total (excl unknot): 7
  Total (incl unknot): 8

  Prime knots at exactly 6 crossings: 3
  = 3 = 6/phi(6) = 6/2
  knots_at_6/total = 3/7 = 0.4286
  vs meta = 1/3: err = 28.57%
  >> Grade: ⚪  Error: 100.0000%    NOTE: 7 prime knots, no compelling GZ connection

H-EXT4-19: Writhe of trefoil = 3, check 3/sigma(6)
  Writhe of trefoil = 3
  writhe/sigma(6) = 3/12 = 0.250000
  = 1/4 = 1/tau(6)
  Exact: 1/4 = 1/4
  Writhe = crossing number (all same sign for torus knots)
  crossing(trefoil) / sigma(6) = 1/tau(6)
  Trefoil = T(2,3) torus knot, and 2*3 = 6!
  >> Grade: 🟩  Error: 0.0000%    NOTE: EXACT: trefoil = T(2,3) torus knot, 2*3=6, writhe/sigma=1/tau

H-EXT4-20: Bridge number of trefoil = 2 = phi(6) = sigma_-1(6)
  Bridge number of trefoil = 2
  phi(6) = 2
  sigma_-1(6) = 2.0
  bridge(trefoil) = phi(6) = sigma_-1(6) = 2
  Genus of trefoil = 1
  Bridge/genus = 2.0 = 2
  For T(2,3): bridge = min(2,3) = 2 = phi(6)
  This is exact but may be coincidental
  >> Grade: 🟩  Error: 0.0000%    NOTE: EXACT: T(2,3) bridge = min(2,3) = 2 = phi(6)

======================================================================
CATEGORY E: COMBINATORIAL OPTIMIZATION CONSTANTS
======================================================================

H-EXT4-21: TSP expected tour length for 6 random points in unit square
  Running 10000 trials with exact TSP on 6 random points...
  Mean tour length = 2.312243 +/- 0.378468
  Closest GZ: sigma_-1=2, err=15.61%
  tour/sqrt(6) = 0.943969
    closest: compass=5/6, err=13.28%
  tour/6 = 0.385374
    closest: GZ_center=1/e, err=4.76%
  >> Grade: 🟧  Error: 4.7555%    NOTE: Monte Carlo 10000 trials

H-EXT4-22: Bin packing — 6 items with sizes 1/d for d|6
  Items (divisor reciprocals of 6): [1.0, 0.5, 0.3333333333333333, 0.16666666666666666]
  Total size = 2.0 = sigma_-1(6) = 2
  Minimum bins needed = 2 = 2 = sigma_-1(6)
  Bin 1: 1/2 + 1/3 + 1/6 = 1 (PERFECT)
  Bin 2: 1 = 1 (PERFECT)
  Packing efficiency = 100% — zero waste!
  This is BECAUSE sigma_-1(6) = 2 is an INTEGER
  AND 1/2 + 1/3 + 1/6 = 1 (the GZ completeness identity!)
  sigma_-1(n) = 2 iff n is perfect (6, 28, 496, ...)
  Perfect bin packing from divisor reciprocals = SIGNATURE of perfect numbers

  Monte Carlo: 6 random items in (0,1), First Fit Decreasing:
  Mean bins = 3.7806
  Expected E[total]/1 = E[sum(U_i)] = 6*0.5 = 3.0
  mean_bins/6 = 0.630103
  Closest: 1-1/e, err=0.32%
  >> Grade: 🟩  Error: 0.0000%    NOTE: EXACT: 1+1/2+1/3+1/6=2 bins perfectly, uses 1/2+1/3+1/6=1 identity

H-EXT4-23: Secretary problem optimal stopping at n=6
  n=6: P(best) for each rejection threshold k:
    k=0: P(best) = 0.166667 <-- best
    k=1: P(best) = 0.380556 <-- best
    k=2: P(best) = 0.427778 <-- best
    k=3: P(best) = 0.391667
    k=4: P(best) = 0.300000
    k=5: P(best) = 0.166667
    k=6: P(best) = 0.000000

  Optimal k = 2, P(best) = 0.427778
  k/n = 2/6 = 0.333333
  Asymptotic optimal: k ~ n/e, P ~ 1/e = 0.367879
  k/n = 0.333333 (closest: meta=1/3, err=0.00%)
  P(best) vs 1/e: err = 16.2821%
  k/n = 1/3 = META FIXED POINT!
  >> Grade: 🟩  Error: 0.0000%    NOTE: EXACT: optimal k=2=phi(6), k/n=1/3=meta, P=0.4278~1/e

H-EXT4-24: Coupon collector for 6 coupons: E[T] = 6*H_6
  H_6 = 49/20 = 2.450000000000000
  E[T] = 6 * H_6 = 6 * 49/20 = 147/10 = 14.700000
  E[T]/6! = 14.7/720 = 0.020417
  Closest: curiosity=1/6, err=87.75%
  H_6 = 2.450000 (closest: sigma_-1=2, err=22.50%)
  E[T]/sigma(6) = 1.225000
  Closest: sigma_-1=2, err=38.75%
  E[T] - 2*6 = 2.700000
  E[T] mod periods of 6: remainder 2.7000 vs e=2.7183: err=0.67%
  >> Grade: 🟧★  Error: 0.6726%    NOTE: E[T]=147/10=14.7, remainder after 2 full rounds ~ e

H-EXT4-25: Stable matchings for 6 men + 6 women
  Asymptotic E[SM(n)] ~ n*ln(n)
  6*ln(6) = 10.750557
  6*ln(6)/sigma(6) = 0.895880
  Closest: compass=5/6, err=7.51%
  ln(6) = 1.791759469228055
  ln(6) = ln(2) + ln(3) = 0.693147 + 1.098612
  ln(6)/2 = 0.895880 (closest: compass=5/6, err=7.51%)
  6*ln(6) = 10.750557 (closest: sigma(6)=12, err=10.41%)
  >> Grade: ⚪  Error: 7.5056%    NOTE: Asymptotic formula, no strong GZ match


######################################################################
SUMMARY TABLE - WAVE 4 (25 Hypotheses)
######################################################################

ID           Grade  Error%     Title
----------------------------------------------------------------------
H-EXT4-01    🟧      1.4395     MDS [6,3,4] weight A_4/64=0.7031 ~ ln(2)
H-EXT4-02    ⚪      8.7313     Hexacode MacWilliams: GZ_center=1/e
H-EXT4-03    🟧★     0.0000     Plotkin: d=2: R=log2(32)/6=0.833333~compass=5/6
H-EXT4-04    🟧★     0.1030     EB bound at R=1/3: delta*=0.2874~GZ_width=ln(4/3)
H-EXT4-05    🟩      0.0000     Hexacode: R=1/2, delta=2/3, excess=1/6=curiosity
H-EXT4-06    🟩      0.0000     S_6 standard rep dim/6 = 5/6 = compass
H-EXT4-07    🟩      0.0000     S_3 class sizes/|S_3| = {1/6, 1/2, 1/3} = GZ constants
H-EXT4-08    🟩      0.0000     p(6) = sigma(6)-1 = 11 (only n=2,3,6 match for n<=10)
H-EXT4-09    🟩      0.0000     Binary bracelets(6)=11=p(6); necklaces/sigma=7/6=1+curiosity
H-EXT4-10    🟩      0.0000     |Gauss(chi,6)|^2/6 = 3/6 = 1/2 = GZ_upper
H-EXT4-11    🟩      0.0000     Kissing(6) = 72 = 6*sigma(6), UNIQUE among dim 1-8
H-EXT4-12    🟩      0.0000     |W(E_6)| = 6!*k(6) = 6!*6*sigma(6) = 51840
H-EXT4-13    ⚪      100.0000   Leech/6! = 273 = 3*7*13 (no clean GZ link)
H-EXT4-14    ⚪      8.6645     gamma_6 = (2^6/3)^(1/6) = 1.6654, center_dens = 1/sqrt(3)
H-EXT4-15    🟧      1.3777     E_6 packing density = pi^3/(48*sqrt(3)) ~ 1/e = GZ_center
H-EXT4-16    ⚪      7.8762     Jones(trefoil, 1/e) = -31.7943, no clean GZ
H-EXT4-17    🟧      4.3081     Alexander(trefoil, 1/e) = 2cosh(1)-1 = 2.0862 ~ sigma_-1=2
H-EXT4-18    ⚪      100.0000   Prime knots <= 6 crossings = 7, at 6 = 3 (no clean GZ)
H-EXT4-19    🟩      0.0000     Trefoil writhe/sigma(6) = 3/12 = 1/tau(6), T(2,3)=factors of 6
H-EXT4-20    🟩      0.0000     Bridge(trefoil) = 2 = phi(6) = sigma_-1(6)
H-EXT4-21    🟧      4.7555     TSP(6) mean=2.3122, tour/6 ~ closest GZ
H-EXT4-22    🟩      0.0000     Divisor-reciprocal bin packing: sigma_-1=2 => perfect 2 bins
H-EXT4-23    🟩      0.0000     Secretary(6): reject first k=2, k/n = 1/3 = meta
H-EXT4-24    🟧★     0.6726     Coupon(6): E[T]-12 = 27/10 = 2.7 ~ e (0.67%)
H-EXT4-25    ⚪      7.5056     Stable matchings(6) ~ 6*ln(6) = 10.7506

======================================================================
GRADE DISTRIBUTION
  🟩 Exact (green):      12
  🟧★ Strong (<1%):     3
  🟧 Weak (<5%):          4
  ⚪ Miss (>5%):           6
  Total hits:              19/25

======================================================================
TEXAS SHARPSHOOTER COMPARISON
  Hits: 19/25
  Random expected: 1.25
  p-value (binomial): 0.0000000000
  >> HIGHLY SIGNIFICANT (p < 0.01)

======================================================================
TOP DISCOVERIES
----------------------------------------------------------------------
  H-EXT4-03: Plotkin: d=2: R=log2(32)/6=0.833333~compass=5/6
    A(6,d) exact values, rates checked

  H-EXT4-04: EB bound at R=1/3: delta*=0.2874~GZ_width=ln(4/3)
    Elias-Bassalygo asymptotic

  H-EXT4-05: Hexacode: R=1/2, delta=2/3, excess=1/6=curiosity
    EXACT: MDS => R+delta-1 = 1/n = 1/6. Aut = 3*S_6

  H-EXT4-06: S_6 standard rep dim/6 = 5/6 = compass
    EXACT: dim(standard rep) = n-1 = 5, ratio = 5/6 = compass

  H-EXT4-07: S_3 class sizes/|S_3| = {1/6, 1/2, 1/3} = GZ constants
    EXACT: S_3 = Gal(Q(zeta_6)/Q), class ratios = {curiosity, GZ_upper, meta}

  H-EXT4-08: p(6) = sigma(6)-1 = 11 (only n=2,3,6 match for n<=10)
    EXACT: partition count = sum-of-divisors minus 1, rare property

  H-EXT4-09: Binary bracelets(6)=11=p(6); necklaces/sigma=7/6=1+curiosity
    EXACT: bracelets(6)=p(6)=sigma(6)-1=11; necklaces(6)/sigma(6)=7/6

  H-EXT4-10: |Gauss(chi,6)|^2/6 = 3/6 = 1/2 = GZ_upper
    EXACT: |G(chi_2,6)|^2 = 3, ratio = 1/2 = GZ_upper

  H-EXT4-11: Kissing(6) = 72 = 6*sigma(6), UNIQUE among dim 1-8
    EXACT: k(6)=6*sigma(6)=72, only dimension where k(n)=n*sigma(n)

  H-EXT4-12: |W(E_6)| = 6!*k(6) = 6!*6*sigma(6) = 51840
    EXACT: Weyl group = 6! * kissing = 6! * 6 * sigma(6)

  H-EXT4-19: Trefoil writhe/sigma(6) = 3/12 = 1/tau(6), T(2,3)=factors of 6
    EXACT: trefoil = T(2,3) torus knot, 2*3=6, writhe/sigma=1/tau

  H-EXT4-20: Bridge(trefoil) = 2 = phi(6) = sigma_-1(6)
    EXACT: T(2,3) bridge = min(2,3) = 2 = phi(6)

  H-EXT4-22: Divisor-reciprocal bin packing: sigma_-1=2 => perfect 2 bins
    EXACT: 1+1/2+1/3+1/6=2 bins perfectly, uses 1/2+1/3+1/6=1 identity

  H-EXT4-23: Secretary(6): reject first k=2, k/n = 1/3 = meta
    EXACT: optimal k=2=phi(6), k/n=1/3=meta, P=0.4278~1/e

  H-EXT4-24: Coupon(6): E[T]-12 = 27/10 = 2.7 ~ e (0.67%)
    E[T]=147/10=14.7, remainder after 2 full rounds ~ e


======================================================================
CUMULATIVE ACROSS WAVES
  Wave 1-3: 49/75 hits
  Wave 4:   19/25 hits
  Total:    68/100
