======================================================================
GZ OFFENSIVE: CA LAMBDA SWEEP (256 ELEMENTARY RULES)
======================================================================
  GZ = [0.2123, 0.5000], center = 0.3679


  Class distribution: {1: 111, 2: 47, 3: 54, 4: 44}

  Class 1 (Uniform): 111 rules
    Lambda: mean=0.4505, std=0.1994, range=[0.0000, 1.0000]
    In GZ: 74/111 (67%)

  Class 2 (Periodic): 47 rules
    Lambda: mean=0.5213, std=0.1488, range=[0.1250, 0.8750]
    In GZ: 28/47 (60%)

  Class 3 (Chaotic): 54 rules
    Lambda: mean=0.5208, std=0.1221, range=[0.2500, 0.7500]
    In GZ: 34/54 (63%)

  Class 4 (Complex): 44 rules
    Lambda: mean=0.5767, std=0.1626, range=[0.2500, 0.8750]
    In GZ: 18/44 (41%)

======================================================================
KEY TEST: CLASS IV (COMPLEX) RULES vs GOLDEN ZONE
======================================================================

  Class IV rules: 44
  Lambda in GZ: 18/44 (41%)
  Mean lambda: 0.5767 (GZ center = 0.3679)
  |mean - 1/e|: 0.2088

  Non-Class-IV in GZ: 136/212 (64%)
  Expected random GZ fraction: 0.2877

  VERDICT: NOT SUPPORTED — Class IV not GZ-enriched

--- Lambda Distribution (all 256 rules) ---
  0.00-0.05 | #
  0.05-0.10 | 
  0.10-0.15 | ########
  0.15-0.20 | 
  0.20-0.25 |  <-- GZ
  0.25-0.30 | ############################ <-- GZ
  0.30-0.35 |  <-- GZ
  0.35-0.40 | ######################################################## <-- GZ
  0.40-0.45 |  <-- GZ
  0.45-0.50 |  <-- GZ
  0.50-0.55 | ######################################################################
  0.55-0.60 | 
  0.60-0.65 | ########################################################
  0.65-0.70 | 
  0.70-0.75 | 
  0.75-0.80 | ############################
  0.80-0.85 | 
  0.85-0.90 | ########
  0.90-0.95 | 
  0.95-1.00 | 

Done.
