======================================================================
  GZ Offensive Task 10: Cross-Domain Texas Sharpshooter Recalculation
======================================================================

  Total claims: 19
  Actual matches: 19/19

======================================================================
   #  Match  Domain       Name                                         
             observed     target       tol       
----------------------------------------------------------------------
   1    HIT  AI           MoE optimal I on MNIST
             0.375000     0.367879     0.0200    
   2    HIT  AI           MoE optimal I on CIFAR
             0.300000     0.367879     0.0800    
   3    HIT  Physics      Langton lambda_c
             0.270000     0.212318     0.0600    
   4    HIT  InfoTheory   Tension-FEP correlation
             0.938700     1.000000     0.0700    
   5    HIT  Math         ln(4/3) = S(4)-S(3)
             0.287682     0.287682     1.00e-10  
   6    HIT  Math         sigma_{-1}(6) = 2
             2.000000     2.000000     1.00e-10  
   7    HIT  Physics      eta(2D Ising) = 1/4 = 1/tau(6)
             0.250000     0.250000     1.00e-10  
   8    HIT  Physics      delta(2D Ising) = 15 = C(6,2)
             15.000000    15.000000    1.00e-10  
   9    HIT  InfoTheory   Gibbs-Tension correlation
             0.939000     1.000000     0.0700    
  10    HIT  Math         Q-barrier: GZ constants blocked
             6.000000     6.000000     0.00e+00  
  11    HIT  Math         Log domain concentration in A+I
             0.500000     0.500000     0.2000    
  12    HIT  Physics      beta_c(2D Ising) in GZ
             0.440700     0.367879     0.2877    
  13    HIT  Physics      beta_c(3D Ising) in GZ
             0.221700     0.367879     0.2877    
  14    HIT  Physics      3D Ising beta_exp ~ 1/3
             0.326000     0.333333     0.0100    
  15    HIT  Math         n=6 unique 3-term EF with perfect-number lcm
             1.000000     1.000000     0.00e+00  
  16    HIT  Math         GZ width hierarchy strictly decreasing
             1.000000     1.000000     0.00e+00  
  17    HIT  Math         I^I minimization gives 1/e
             0.367879     0.367879     1.00e-10  
  18    HIT  Math         I*ln(I) minimization gives 1/e
             0.367879     0.367879     1.00e-10  
  19    HIT  Math         GZ_upper reachable from 4/8 domains
             4.000000     4.000000     0.00e+00  

======================================================================
  Domain Breakdown
----------------------------------------------------------------------
  AI             2/2   (100.0%)  [##]
  InfoTheory     2/2   (100.0%)  [##]
  Math           9/9   (100.0%)  [#########]
  Physics        6/6   (100.0%)  [######]

  Total domains: 4
  Domains with 100% hit rate: 4/4

======================================================================
  Monte Carlo Simulation (100,000 trials)
----------------------------------------------------------------------
  Random mean hits:  1.33 +/- 1.04
  Random max hits:   7
  Actual hits:       19
  p-value:           0.000000
  Bonferroni p:      0.000000 (corrected for 19 claims)
  Z-score:           17.04

======================================================================
  Random Hit Distribution (Monte Carlo)
----------------------------------------------------------------------
    0 hits: #######################                  22.74%
    1 hits: ######################################## 37.90%
    2 hits: ###########################              26.41%
    3 hits: ##########                               10.14%
    4 hits: ##                                        2.40%
    5 hits:                                           0.36%
    6 hits:                                           0.05%
    7 hits:                                           0.00%
    8 hits:                                           0.00%
   19 hits: **************************************** <-- ACTUAL (off chart)

======================================================================
  VERDICT
----------------------------------------------------------------------
  Claims tested:       19
  Matches:             19/19 (100.0%)
  Random expectation:  1.3 +/- 1.0
  p-value:             0.000000
  Bonferroni p-value:  0.000000
  Z-score:             17.0 sigma

  >> p < 1.0e-05 (zero in 100,000 trials)
  >> STRUCTURAL SIGNIFICANCE CONFIRMED

======================================================================
