[INFO] device=cuda torch=2.5.1+cu121 cuda=True
[INFO] gpu=NVIDIA A100-SXM4-40GB
[INFO] cfg = {'vocab_size': 256, 'd_model': 512, 'n_head': 8, 'ffn_dim': 1536, 'max_seq': 128, 'n_layer': 1, 'initial_cells': 2, 'max_cells': 64, 'min_cells': 2, 'split_patience': 3, 'merge_threshold': 0.005, 'merge_patience': 30, 'noise_scale': 0.1, 'lorenz_scale': 0.05, 'adaptive_window': 100, 'readout_mode': 'a_minus_g', 'attention_sharing': 'auto', 'weight_tied_lm_head': True, 'dropout': 0.0, 'tie_pos_emb': True, 'dispersion_trigger_enabled': True, 'dispersion_top_quartile': 0.25, 'per_cell_threshold_enabled': True, 'per_cell_window': 100, 'per_cell_sigma_mult': 1.5, 'lorenz_auto_calibrate': True, 'lorenz_calibration_factor': 1.0}
[INFO] n_params(engine+router)=8,631,360  router_out_dim=64 top_k=4
[INFO] corpus=corpus/corpus_persona_balanced.txt bytes=1,300,270
[INFO] top_k=4 aux_alpha=0.01 λ_init=1.0 λ_final=0.01 sched=cosine
[STEP     0] loss=356.5610 ce=357.2434 aux=1.0000 ent_gate=0.6925/0.693 wmax=0.5186 active>.01=2.0/2 λ=1.0000 cells=2 splits=0 cost=$0.00
[STEP    50] loss=342.1499 ce=347.1182 aux=1.0278 ent_gate=1.2807/2.079 wmax=0.3901 active>.01=3.1/8 λ=1.0000 cells=8 splits=6 cost=$0.00
[STEP   100] loss=341.0921 ce=344.6802 aux=1.0908 ent_gate=2.1062/2.197 wmax=0.2760 active>.01=4.0/9 λ=1.0000 cells=9 splits=7 cost=$0.00
[STEP   150] loss=334.7370 ce=340.7615 aux=1.1362 ent_gate=2.4232/2.565 wmax=0.2662 active>.01=4.0/13 λ=1.0000 cells=13 splits=11 cost=$0.00
[STEP   200] loss=307.2902 ce=327.0235 aux=1.1986 ent_gate=2.9527/3.714 wmax=0.2723 active>.01=4.0/41 λ=1.0000 cells=41 splits=39 cost=$0.00
[STEP   250] loss=228.3975 ce=273.7807 aux=1.2533 ent_gate=3.9901/4.159 wmax=0.2638 active>.01=4.0/64 λ=1.0000 cells=64 splits=62 cost=$0.00
[STEP   300] loss=102.4254 ce=166.3839 aux=1.2109 ent_gate=4.1560/4.159 wmax=0.2785 active>.01=4.0/64 λ=1.0000 cells=64 splits=62 cost=$0.01
[STEP   350] loss=49.6952 ce=76.9571 aux=1.1571 ent_gate=4.1566/4.159 wmax=0.3014 active>.01=4.0/64 λ=1.0000 cells=64 splits=62 cost=$0.01
[STEP   400] loss=18.0868 ce=35.7935 aux=1.1604 ent_gate=4.1568/4.159 wmax=0.3124 active>.01=4.0/64 λ=1.0000 cells=64 splits=62 cost=$0.01
[STEP   450] loss=4.4450 ce=14.5814 aux=1.1984 ent_gate=4.1556/4.159 wmax=0.3409 active>.01=4.0/64 λ=1.0000 cells=64 splits=62 cost=$0.01
[STEP   500] loss=0.1077 ce=6.3572 aux=1.4513 ent_gate=4.1407/4.159 wmax=0.4812 active>.01=4.0/64 λ=1.0000 cells=64 splits=62 cost=$0.02
[STEP   550] loss=-0.6394 ce=3.7417 aux=1.8985 ent_gate=4.1007/4.159 wmax=0.6157 active>.01=4.0/64 λ=1.0000 cells=64 splits=62 cost=$0.02
[STEP   600] loss=-1.3972 ce=2.9515 aux=2.2283 ent_gate=4.0635/4.159 wmax=0.6804 active>.01=4.0/64 λ=0.9999 cells=64 splits=62 cost=$0.02
[STEP   650] loss=-1.3581 ce=2.6287 aux=2.1015 ent_gate=4.0789/4.159 wmax=0.6575 active>.01=4.0/64 λ=0.9997 cells=64 splits=62 cost=$0.02
[STEP   700] loss=-1.7196 ce=2.4576 aux=1.9700 ent_gate=4.0942/4.159 wmax=0.6301 active>.01=4.0/64 λ=0.9995 cells=64 splits=62 cost=$0.02
[STEP   750] loss=-1.8809 ce=2.3245 aux=1.8538 ent_gate=4.1070/4.159 wmax=0.6004 active>.01=4.0/64 λ=0.9993 cells=64 splits=62 cost=$0.03
[STEP   800] loss=-1.8832 ce=2.2534 aux=1.7632 ent_gate=4.1155/4.159 wmax=0.5807 active>.01=4.0/64 λ=0.9990 cells=64 splits=62 cost=$0.03
[STEP   850] loss=-2.1223 ce=2.1576 aux=1.6738 ent_gate=4.1236/4.159 wmax=0.5574 active>.01=4.0/64 λ=0.9986 cells=64 splits=62 cost=$0.03
[STEP   900] loss=-2.0502 ce=2.1059 aux=1.6012 ent_gate=4.1300/4.159 wmax=0.5339 active>.01=4.0/64 λ=0.9981 cells=64 splits=62 cost=$0.03
[STEP   950] loss=-2.0193 ce=2.0713 aux=1.5645 ent_gate=4.1331/4.159 wmax=0.5211 active>.01=4.0/64 λ=0.9976 cells=64 splits=62 cost=$0.04
[STEP  1000] loss=-2.1760 ce=2.0516 aux=1.5323 ent_gate=4.1358/4.159 wmax=0.5079 active>.01=4.0/64 λ=0.9971 cells=64 splits=62 cost=$0.04
[STEP  1050] loss=-2.0705 ce=2.0002 aux=1.4951 ent_gate=4.1386/4.159 wmax=0.4951 active>.01=4.0/64 λ=0.9965 cells=64 splits=62 cost=$0.04
[STEP  1100] loss=-2.1779 ce=1.9585 aux=1.4463 ent_gate=4.1420/4.159 wmax=0.4771 active>.01=4.0/64 λ=0.9958 cells=64 splits=62 cost=$0.04
[STEP  1150] loss=-2.1639 ce=1.9362 aux=1.4184 ent_gate=4.1437/4.159 wmax=0.4679 active>.01=4.0/64 λ=0.9951 cells=64 splits=62 cost=$0.05
[STEP  1200] loss=-1.9279 ce=1.9290 aux=1.3932 ent_gate=4.1456/4.159 wmax=0.4535 active>.01=4.0/64 λ=0.9943 cells=64 splits=62 cost=$0.05
[STEP  1250] loss=-2.1808 ce=1.8833 aux=1.3746 ent_gate=4.1466/4.159 wmax=0.4469 active>.01=4.0/64 λ=0.9935 cells=64 splits=62 cost=$0.05
[STEP  1300] loss=-2.1726 ce=1.8654 aux=1.3484 ent_gate=4.1481/4.159 wmax=0.4370 active>.01=4.0/64 λ=0.9926 cells=64 splits=62 cost=$0.05
[STEP  1350] loss=-2.2292 ce=1.8475 aux=1.3334 ent_gate=4.1490/4.159 wmax=0.4289 active>.01=4.0/64 λ=0.9916 cells=64 splits=62 cost=$0.05
[STEP  1400] loss=-2.3633 ce=1.8347 aux=1.3138 ent_gate=4.1499/4.159 wmax=0.4220 active>.01=4.0/64 λ=0.9906 cells=64 splits=62 cost=$0.06
[STEP  1450] loss=-2.2474 ce=1.8014 aux=1.3053 ent_gate=4.1504/4.159 wmax=0.4190 active>.01=4.0/64 λ=0.9896 cells=64 splits=62 cost=$0.06
[STEP  1500] loss=-2.2099 ce=1.7942 aux=1.2937 ent_gate=4.1511/4.159 wmax=0.4094 active>.01=4.0/64 λ=0.9884 cells=64 splits=62 cost=$0.06
[STEP  1550] loss=-2.3291 ce=1.7833 aux=1.2817 ent_gate=4.1518/4.159 wmax=0.4025 active>.01=4.0/64 λ=0.9872 cells=64 splits=62 cost=$0.06
[STEP  1600] loss=-2.3419 ce=1.7745 aux=1.2706 ent_gate=4.1522/4.159 wmax=0.3988 active>.01=4.0/64 λ=0.9860 cells=64 splits=62 cost=$0.07
[STEP  1650] loss=-2.3220 ce=1.7476 aux=1.2639 ent_gate=4.1526/4.159 wmax=0.3948 active>.01=4.0/64 λ=0.9847 cells=64 splits=62 cost=$0.07
[STEP  1700] loss=-2.3733 ce=1.7440 aux=1.2511 ent_gate=4.1532/4.159 wmax=0.3873 active>.01=4.0/64 λ=0.9834 cells=64 splits=62 cost=$0.07
[STEP  1750] loss=-2.2440 ce=1.7293 aux=1.2484 ent_gate=4.1533/4.159 wmax=0.3859 active>.01=4.0/64 λ=0.9820 cells=64 splits=62 cost=$0.07
[STEP  1800] loss=-2.4165 ce=1.7061 aux=1.2348 ent_gate=4.1538/4.159 wmax=0.3799 active>.01=4.0/64 λ=0.9805 cells=64 splits=62 cost=$0.07
[STEP  1850] loss=-2.2741 ce=1.6892 aux=1.2295 ent_gate=4.1541/4.159 wmax=0.3755 active>.01=4.0/64 λ=0.9790 cells=64 splits=62 cost=$0.08
[STEP  1900] loss=-2.2619 ce=1.6832 aux=1.2255 ent_gate=4.1543/4.159 wmax=0.3733 active>.01=4.0/64 λ=0.9774 cells=64 splits=62 cost=$0.08
[STEP  1950] loss=-2.3650 ce=1.6812 aux=1.2115 ent_gate=4.1548/4.159 wmax=0.3642 active>.01=4.0/64 λ=0.9758 cells=64 splits=62 cost=$0.08
  [SNAP 2000] 4a KL=3.1498 z=0.11 | 4b cos_z=2.44
[STEP  2000] loss=-2.3050 ce=1.6663 aux=1.2115 ent_gate=4.1548/4.159 wmax=0.3681 active>.01=4.0/64 λ=0.9741 cells=64 splits=62 cost=$0.08
[STEP  2050] loss=-2.4299 ce=1.6228 aux=1.1944 ent_gate=4.1554/4.159 wmax=0.3581 active>.01=4.0/64 λ=0.9723 cells=64 splits=62 cost=$0.09
[STEP  2100] loss=-2.3508 ce=1.6413 aux=1.1914 ent_gate=4.1556/4.159 wmax=0.3535 active>.01=4.0/64 λ=0.9706 cells=64 splits=62 cost=$0.09
[STEP  2150] loss=-2.4749 ce=1.6097 aux=1.1847 ent_gate=4.1558/4.159 wmax=0.3512 active>.01=4.0/64 λ=0.9687 cells=64 splits=62 cost=$0.09
[STEP  2200] loss=-2.3957 ce=1.6018 aux=1.1789 ent_gate=4.1560/4.159 wmax=0.3488 active>.01=4.0/64 λ=0.9668 cells=64 splits=62 cost=$0.09
[STEP  2250] loss=-2.4506 ce=1.5813 aux=1.1685 ent_gate=4.1563/4.159 wmax=0.3423 active>.01=4.0/64 λ=0.9648 cells=64 splits=62 cost=$0.10
[STEP  2300] loss=-2.3758 ce=1.5731 aux=1.1641 ent_gate=4.1565/4.159 wmax=0.3375 active>.01=4.0/64 λ=0.9628 cells=64 splits=62 cost=$0.10
[STEP  2350] loss=-2.2895 ce=1.5611 aux=1.1556 ent_gate=4.1567/4.159 wmax=0.3314 active>.01=4.0/64 λ=0.9608 cells=64 splits=62 cost=$0.10
[STEP  2400] loss=-2.3002 ce=1.5343 aux=1.1441 ent_gate=4.1570/4.159 wmax=0.3274 active>.01=4.0/64 λ=0.9586 cells=64 splits=62 cost=$0.10
[STEP  2450] loss=-2.4462 ce=1.5230 aux=1.1347 ent_gate=4.1572/4.159 wmax=0.3206 active>.01=4.0/64 λ=0.9565 cells=64 splits=62 cost=$0.11
[STEP  2500] loss=-2.4854 ce=1.5128 aux=1.1403 ent_gate=4.1572/4.159 wmax=0.3225 active>.01=4.0/64 λ=0.9542 cells=64 splits=62 cost=$0.11
[STEP  2550] loss=-2.4428 ce=1.5175 aux=1.1346 ent_gate=4.1572/4.159 wmax=0.3238 active>.01=4.0/64 λ=0.9520 cells=64 splits=62 cost=$0.11
[STEP  2600] loss=-2.4100 ce=1.5084 aux=1.1359 ent_gate=4.1573/4.159 wmax=0.3206 active>.01=4.0/64 λ=0.9496 cells=64 splits=62 cost=$0.11
[STEP  2650] loss=-2.5358 ce=1.4858 aux=1.1254 ent_gate=4.1575/4.159 wmax=0.3135 active>.01=4.0/64 λ=0.9473 cells=64 splits=62 cost=$0.11
[STEP  2700] loss=-2.4356 ce=1.4760 aux=1.1189 ent_gate=4.1576/4.159 wmax=0.3100 active>.01=4.0/64 λ=0.9448 cells=64 splits=62 cost=$0.12
[STEP  2750] loss=-2.3393 ce=1.4619 aux=1.1118 ent_gate=4.1578/4.159 wmax=0.3082 active>.01=4.0/64 λ=0.9423 cells=64 splits=62 cost=$0.12
[STEP  2800] loss=-2.3305 ce=1.4479 aux=1.1137 ent_gate=4.1577/4.159 wmax=0.3075 active>.01=4.0/64 λ=0.9398 cells=64 splits=62 cost=$0.12
[STEP  2850] loss=-2.5045 ce=1.4599 aux=1.1053 ent_gate=4.1579/4.159 wmax=0.3032 active>.01=4.0/64 λ=0.9372 cells=64 splits=62 cost=$0.12
[STEP  2900] loss=-2.3832 ce=1.4225 aux=1.0980 ent_gate=4.1580/4.159 wmax=0.3003 active>.01=4.0/64 λ=0.9346 cells=64 splits=62 cost=$0.13
[STEP  2950] loss=-2.4392 ce=1.4145 aux=1.0967 ent_gate=4.1580/4.159 wmax=0.2987 active>.01=4.0/64 λ=0.9319 cells=64 splits=62 cost=$0.13
[STEP  3000] loss=-2.4272 ce=1.4162 aux=1.0984 ent_gate=4.1580/4.159 wmax=0.2967 active>.01=4.0/64 λ=0.9291 cells=64 splits=62 cost=$0.13
[STEP  3050] loss=-2.3619 ce=1.3910 aux=1.0943 ent_gate=4.1581/4.159 wmax=0.2937 active>.01=4.0/64 λ=0.9264 cells=64 splits=62 cost=$0.13
[STEP  3100] loss=-2.4924 ce=1.3606 aux=1.0871 ent_gate=4.1582/4.159 wmax=0.2887 active>.01=4.0/64 λ=0.9235 cells=64 splits=62 cost=$0.13
[STEP  3150] loss=-2.3279 ce=1.3706 aux=1.0771 ent_gate=4.1583/4.159 wmax=0.2847 active>.01=4.0/64 λ=0.9206 cells=64 splits=62 cost=$0.14
[STEP  3200] loss=-2.4952 ce=1.3479 aux=1.0814 ent_gate=4.1583/4.159 wmax=0.2838 active>.01=4.0/64 λ=0.9177 cells=64 splits=62 cost=$0.14
[STEP  3250] loss=-2.4810 ce=1.3705 aux=1.0759 ent_gate=4.1584/4.159 wmax=0.2821 active>.01=4.0/64 λ=0.9147 cells=64 splits=62 cost=$0.14
[STEP  3300] loss=-2.4986 ce=1.3215 aux=1.0695 ent_gate=4.1584/4.159 wmax=0.2771 active>.01=4.0/64 λ=0.9117 cells=64 splits=62 cost=$0.14
[STEP  3350] loss=-2.5441 ce=1.2847 aux=1.0664 ent_gate=4.1585/4.159 wmax=0.2748 active>.01=4.0/64 λ=0.9086 cells=64 splits=62 cost=$0.15
[STEP  3400] loss=-2.4568 ce=1.2939 aux=1.0563 ent_gate=4.1586/4.159 wmax=0.2671 active>.01=4.0/64 λ=0.9055 cells=64 splits=62 cost=$0.15
[STEP  3450] loss=-2.3684 ce=1.2919 aux=1.0538 ent_gate=4.1586/4.159 wmax=0.2674 active>.01=4.0/64 λ=0.9023 cells=64 splits=62 cost=$0.15
[STEP  3500] loss=-2.4787 ce=1.3178 aux=1.0502 ent_gate=4.1586/4.159 wmax=0.2618 active>.01=4.0/64 λ=0.8991 cells=64 splits=62 cost=$0.15
[STEP  3550] loss=-2.0392 ce=1.6628 aux=1.0444 ent_gate=4.1587/4.159 wmax=0.2549 active>.01=4.0/64 λ=0.8958 cells=64 splits=62 cost=$0.16
[STEP  3600] loss=-2.3071 ce=1.5890 aux=1.0496 ent_gate=4.1586/4.159 wmax=0.2585 active>.01=4.0/64 λ=0.8925 cells=64 splits=62 cost=$0.16
[STEP  3650] loss=-2.4558 ce=1.4231 aux=1.0367 ent_gate=4.1587/4.159 wmax=0.2547 active>.01=4.0/64 λ=0.8891 cells=64 splits=62 cost=$0.16
[STEP  3700] loss=-2.1755 ce=1.4451 aux=1.0458 ent_gate=4.1587/4.159 wmax=0.2596 active>.01=4.0/64 λ=0.8857 cells=64 splits=62 cost=$0.16
[STEP  3750] loss=-2.2070 ce=1.3765 aux=1.0614 ent_gate=4.1585/4.159 wmax=0.2712 active>.01=4.0/64 λ=0.8823 cells=64 splits=62 cost=$0.16
[STEP  3800] loss=-2.3202 ce=1.3805 aux=1.0477 ent_gate=4.1586/4.159 wmax=0.2585 active>.01=4.0/64 λ=0.8788 cells=64 splits=62 cost=$0.17
[STEP  3850] loss=-2.2808 ce=1.3573 aux=1.0439 ent_gate=4.1587/4.159 wmax=0.2582 active>.01=4.0/64 λ=0.8752 cells=64 splits=62 cost=$0.17
[STEP  3900] loss=-2.1161 ce=1.2897 aux=1.0589 ent_gate=4.1586/4.159 wmax=0.2639 active>.01=4.0/64 λ=0.8717 cells=64 splits=62 cost=$0.17
[STEP  3950] loss=-2.1915 ce=1.3186 aux=1.0390 ent_gate=4.1586/4.159 wmax=0.2551 active>.01=4.0/64 λ=0.8680 cells=64 splits=62 cost=$0.17
  [SNAP 4000] 4a KL=2.8465 z=-0.29 | 4b cos_z=1.05
[STEP  4000] loss=-2.3523 ce=1.3378 aux=1.0309 ent_gate=4.1587/4.159 wmax=0.2535 active>.01=4.0/64 λ=0.8644 cells=64 splits=62 cost=$0.18
[STEP  4050] loss=-2.3904 ce=1.2931 aux=1.0414 ent_gate=4.1587/4.159 wmax=0.2576 active>.01=4.0/64 λ=0.8607 cells=64 splits=62 cost=$0.18
[STEP  4100] loss=-2.2906 ce=1.2668 aux=1.0461 ent_gate=4.1586/4.159 wmax=0.2575 active>.01=4.0/64 λ=0.8569 cells=64 splits=62 cost=$0.18
[STEP  4150] loss=-2.3357 ce=1.2600 aux=1.0432 ent_gate=4.1587/4.159 wmax=0.2564 active>.01=4.0/64 λ=0.8531 cells=64 splits=62 cost=$0.18
[STEP  4200] loss=-2.1388 ce=1.2316 aux=1.0401 ent_gate=4.1586/4.159 wmax=0.2556 active>.01=4.0/64 λ=0.8493 cells=64 splits=62 cost=$0.19
[STEP  4250] loss=-2.2604 ce=1.2216 aux=1.0387 ent_gate=4.1587/4.159 wmax=0.2578 active>.01=4.0/64 λ=0.8454 cells=64 splits=62 cost=$0.19
[STEP  4300] loss=-2.3504 ce=1.2163 aux=1.0299 ent_gate=4.1588/4.159 wmax=0.2527 active>.01=4.0/64 λ=0.8415 cells=64 splits=62 cost=$0.19
[STEP  4350] loss=-2.2191 ce=1.2002 aux=1.0342 ent_gate=4.1587/4.159 wmax=0.2535 active>.01=4.0/64 λ=0.8375 cells=64 splits=62 cost=$0.19
[STEP  4400] loss=-2.2572 ce=1.1873 aux=1.0321 ent_gate=4.1588/4.159 wmax=0.2549 active>.01=4.0/64 λ=0.8336 cells=64 splits=62 cost=$0.19
[STEP  4450] loss=-2.3584 ce=1.1923 aux=1.0431 ent_gate=4.1587/4.159 wmax=0.2559 active>.01=4.0/64 λ=0.8295 cells=64 splits=62 cost=$0.20
[STEP  4500] loss=-2.2730 ce=1.1614 aux=1.0345 ent_gate=4.1586/4.159 wmax=0.2530 active>.01=4.0/64 λ=0.8255 cells=64 splits=62 cost=$0.20
[STEP  4550] loss=-2.1661 ce=1.1615 aux=1.0413 ent_gate=4.1587/4.159 wmax=0.2570 active>.01=4.0/64 λ=0.8214 cells=64 splits=62 cost=$0.20
[STEP  4600] loss=-2.4076 ce=1.2319 aux=1.0554 ent_gate=4.1586/4.159 wmax=0.2601 active>.01=4.0/64 λ=0.8172 cells=64 splits=62 cost=$0.20
[STEP  4650] loss=-2.2941 ce=1.1356 aux=1.0404 ent_gate=4.1586/4.159 wmax=0.2555 active>.01=4.0/64 λ=0.8130 cells=64 splits=62 cost=$0.21
[STEP  4700] loss=-2.3963 ce=1.1237 aux=1.0318 ent_gate=4.1587/4.159 wmax=0.2537 active>.01=4.0/64 λ=0.8088 cells=64 splits=62 cost=$0.21
[STEP  4750] loss=-2.0225 ce=1.1597 aux=1.0386 ent_gate=4.1587/4.159 wmax=0.2574 active>.01=4.0/64 λ=0.8046 cells=64 splits=62 cost=$0.21
[STEP  4800] loss=-2.1317 ce=1.1212 aux=1.0349 ent_gate=4.1587/4.159 wmax=0.2566 active>.01=4.0/64 λ=0.8003 cells=64 splits=62 cost=$0.21
[STEP  4850] loss=-2.1368 ce=1.0823 aux=1.0257 ent_gate=4.1588/4.159 wmax=0.2518 active>.01=4.0/64 λ=0.7960 cells=64 splits=62 cost=$0.21
[STEP  4900] loss=-2.2668 ce=1.1035 aux=1.0363 ent_gate=4.1587/4.159 wmax=0.2561 active>.01=4.0/64 λ=0.7916 cells=64 splits=62 cost=$0.22
[STEP  4950] loss=-2.1613 ce=1.0912 aux=1.0322 ent_gate=4.1587/4.159 wmax=0.2556 active>.01=4.0/64 λ=0.7872 cells=64 splits=62 cost=$0.22
[STEP  5000] loss=-2.1561 ce=1.0819 aux=1.0331 ent_gate=4.1588/4.159 wmax=0.2569 active>.01=4.0/64 λ=0.7828 cells=64 splits=62 cost=$0.22
[STEP  5050] loss=-2.0331 ce=1.0847 aux=1.0323 ent_gate=4.1587/4.159 wmax=0.2564 active>.01=4.0/64 λ=0.7783 cells=64 splits=62 cost=$0.22
[STEP  5100] loss=-2.0711 ce=1.0776 aux=1.0253 ent_gate=4.1588/4.159 wmax=0.2518 active>.01=4.0/64 λ=0.7738 cells=64 splits=62 cost=$0.23
[STEP  5150] loss=-2.2524 ce=1.0418 aux=1.0264 ent_gate=4.1588/4.159 wmax=0.2523 active>.01=4.0/64 λ=0.7693 cells=64 splits=62 cost=$0.23
[STEP  5200] loss=-2.1353 ce=1.0349 aux=1.0293 ent_gate=4.1588/4.159 wmax=0.2524 active>.01=4.0/64 λ=0.7648 cells=64 splits=62 cost=$0.23
[STEP  5250] loss=-1.9845 ce=1.0165 aux=1.0316 ent_gate=4.1587/4.159 wmax=0.2549 active>.01=4.0/64 λ=0.7602 cells=64 splits=62 cost=$0.23
[STEP  5300] loss=-2.1384 ce=1.0524 aux=1.0329 ent_gate=4.1588/4.159 wmax=0.2548 active>.01=4.0/64 λ=0.7556 cells=64 splits=62 cost=$0.24
[STEP  5350] loss=-2.1633 ce=1.0176 aux=1.0320 ent_gate=4.1587/4.159 wmax=0.2552 active>.01=4.0/64 λ=0.7510 cells=64 splits=62 cost=$0.24
[STEP  5400] loss=-2.1011 ce=1.0245 aux=1.0303 ent_gate=4.1588/4.159 wmax=0.2543 active>.01=4.0/64 λ=0.7463 cells=64 splits=62 cost=$0.24
[STEP  5450] loss=-2.1045 ce=1.0144 aux=1.0376 ent_gate=4.1587/4.159 wmax=0.2567 active>.01=4.0/64 λ=0.7416 cells=64 splits=62 cost=$0.24
[STEP  5500] loss=-1.8830 ce=1.0075 aux=1.0265 ent_gate=4.1588/4.159 wmax=0.2529 active>.01=4.0/64 λ=0.7369 cells=64 splits=62 cost=$0.24
[STEP  5550] loss=-2.0948 ce=1.0126 aux=1.0269 ent_gate=4.1588/4.159 wmax=0.2531 active>.01=4.0/64 λ=0.7321 cells=64 splits=62 cost=$0.25
[STEP  5600] loss=-2.0981 ce=0.9897 aux=1.0315 ent_gate=4.1588/4.159 wmax=0.2537 active>.01=4.0/64 λ=0.7273 cells=64 splits=62 cost=$0.25
[STEP  5650] loss=-1.9258 ce=0.9911 aux=1.0304 ent_gate=4.1587/4.159 wmax=0.2540 active>.01=4.0/64 λ=0.7225 cells=64 splits=62 cost=$0.25
[STEP  5700] loss=-1.9637 ce=0.9923 aux=1.0357 ent_gate=4.1588/4.159 wmax=0.2572 active>.01=4.0/64 λ=0.7177 cells=64 splits=62 cost=$0.25
[STEP  5750] loss=-1.9348 ce=0.9822 aux=1.0301 ent_gate=4.1587/4.159 wmax=0.2541 active>.01=4.0/64 λ=0.7128 cells=64 splits=62 cost=$0.26
[STEP  5800] loss=-2.0081 ce=0.9909 aux=1.0309 ent_gate=4.1588/4.159 wmax=0.2536 active>.01=4.0/64 λ=0.7080 cells=64 splits=62 cost=$0.26
[STEP  5850] loss=-1.9167 ce=0.9699 aux=1.0266 ent_gate=4.1588/4.159 wmax=0.2523 active>.01=4.0/64 λ=0.7031 cells=64 splits=62 cost=$0.26
[STEP  5900] loss=-2.0408 ce=0.9598 aux=1.0234 ent_gate=4.1588/4.159 wmax=0.2515 active>.01=4.0/64 λ=0.6981 cells=64 splits=62 cost=$0.26
[STEP  5950] loss=-1.9125 ce=0.9635 aux=1.0290 ent_gate=4.1588/4.159 wmax=0.2540 active>.01=4.0/64 λ=0.6932 cells=64 splits=62 cost=$0.26
  [SNAP 6000] 4a KL=2.9886 z=0.57 | 4b cos_z=0.97
[STEP  6000] loss=-1.9901 ce=0.9840 aux=1.0331 ent_gate=4.1588/4.159 wmax=0.2544 active>.01=4.0/64 λ=0.6882 cells=64 splits=62 cost=$0.27
[STEP  6050] loss=-1.9424 ce=0.9638 aux=1.0261 ent_gate=4.1588/4.159 wmax=0.2518 active>.01=4.0/64 λ=0.6832 cells=64 splits=62 cost=$0.27
[STEP  6100] loss=-1.9074 ce=0.9336 aux=1.0261 ent_gate=4.1588/4.159 wmax=0.2523 active>.01=4.0/64 λ=0.6782 cells=64 splits=62 cost=$0.27
[STEP  6150] loss=-1.7524 ce=0.9601 aux=1.0308 ent_gate=4.1588/4.159 wmax=0.2524 active>.01=4.0/64 λ=0.6732 cells=64 splits=62 cost=$0.27
[STEP  6200] loss=-1.6745 ce=0.9375 aux=1.0295 ent_gate=4.1588/4.159 wmax=0.2542 active>.01=4.0/64 λ=0.6681 cells=64 splits=62 cost=$0.28
[STEP  6250] loss=-1.9417 ce=0.9400 aux=1.0311 ent_gate=4.1588/4.159 wmax=0.2540 active>.01=4.0/64 λ=0.6631 cells=64 splits=62 cost=$0.28
[STEP  6300] loss=-1.8415 ce=0.9615 aux=1.0312 ent_gate=4.1588/4.159 wmax=0.2541 active>.01=4.0/64 λ=0.6580 cells=64 splits=62 cost=$0.28
[STEP  6350] loss=-1.7324 ce=0.9326 aux=1.0276 ent_gate=4.1588/4.159 wmax=0.2525 active>.01=4.0/64 λ=0.6529 cells=64 splits=62 cost=$0.28
[STEP  6400] loss=-1.6719 ce=0.9023 aux=1.0245 ent_gate=4.1588/4.159 wmax=0.2524 active>.01=4.0/64 λ=0.6477 cells=64 splits=62 cost=$0.29
[STEP  6450] loss=-1.7449 ce=0.9277 aux=1.0359 ent_gate=4.1588/4.159 wmax=0.2590 active>.01=4.0/64 λ=0.6426 cells=64 splits=62 cost=$0.29
[STEP  6500] loss=-1.8918 ce=0.9003 aux=1.0379 ent_gate=4.1588/4.159 wmax=0.2567 active>.01=4.0/64 λ=0.6374 cells=64 splits=62 cost=$0.29
[STEP  6550] loss=-1.7116 ce=0.9240 aux=1.0307 ent_gate=4.1588/4.159 wmax=0.2534 active>.01=4.0/64 λ=0.6323 cells=64 splits=62 cost=$0.29
[STEP  6600] loss=-1.6513 ce=0.9157 aux=1.0298 ent_gate=4.1587/4.159 wmax=0.2525 active>.01=4.0/64 λ=0.6271 cells=64 splits=62 cost=$0.30
[STEP  6650] loss=-1.9030 ce=0.8854 aux=1.0280 ent_gate=4.1588/4.159 wmax=0.2542 active>.01=4.0/64 λ=0.6219 cells=64 splits=62 cost=$0.30
[STEP  6700] loss=-1.4714 ce=0.8961 aux=1.0239 ent_gate=4.1588/4.159 wmax=0.2530 active>.01=4.0/64 λ=0.6166 cells=64 splits=62 cost=$0.30
[STEP  6750] loss=-1.6563 ce=0.8699 aux=1.0266 ent_gate=4.1588/4.159 wmax=0.2542 active>.01=4.0/64 λ=0.6114 cells=64 splits=62 cost=$0.30
[STEP  6800] loss=-1.5309 ce=0.8811 aux=1.0207 ent_gate=4.1588/4.159 wmax=0.2512 active>.01=4.0/64 λ=0.6062 cells=64 splits=62 cost=$0.30
[STEP  6850] loss=-1.6565 ce=0.8497 aux=1.0196 ent_gate=4.1588/4.159 wmax=0.2513 active>.01=4.0/64 λ=0.6009 cells=64 splits=62 cost=$0.31
[STEP  6900] loss=-1.4510 ce=0.8657 aux=1.0225 ent_gate=4.1588/4.159 wmax=0.2540 active>.01=4.0/64 λ=0.5956 cells=64 splits=62 cost=$0.31
[STEP  6950] loss=-1.6232 ce=0.8538 aux=1.0239 ent_gate=4.1588/4.159 wmax=0.2527 active>.01=4.0/64 λ=0.5904 cells=64 splits=62 cost=$0.31
[STEP  7000] loss=-1.6170 ce=0.8677 aux=1.0297 ent_gate=4.1588/4.159 wmax=0.2548 active>.01=4.0/64 λ=0.5851 cells=64 splits=62 cost=$0.31
[STEP  7050] loss=-1.5701 ce=0.8677 aux=1.0221 ent_gate=4.1588/4.159 wmax=0.2520 active>.01=4.0/64 λ=0.5798 cells=64 splits=62 cost=$0.32
[STEP  7100] loss=-1.4516 ce=0.8442 aux=1.0222 ent_gate=4.1588/4.159 wmax=0.2530 active>.01=4.0/64 λ=0.5745 cells=64 splits=62 cost=$0.32
[STEP  7150] loss=-1.4464 ce=0.8466 aux=1.0255 ent_gate=4.1588/4.159 wmax=0.2530 active>.01=4.0/64 λ=0.5692 cells=64 splits=62 cost=$0.32
[STEP  7200] loss=-1.5799 ce=0.8562 aux=1.0226 ent_gate=4.1588/4.159 wmax=0.2516 active>.01=4.0/64 λ=0.5638 cells=64 splits=62 cost=$0.32
[STEP  7250] loss=-1.3956 ce=0.8532 aux=1.0250 ent_gate=4.1588/4.159 wmax=0.2542 active>.01=4.0/64 λ=0.5585 cells=64 splits=62 cost=$0.32
[STEP  7300] loss=-1.3512 ce=0.8559 aux=1.0270 ent_gate=4.1588/4.159 wmax=0.2544 active>.01=4.0/64 λ=0.5532 cells=64 splits=62 cost=$0.33
[STEP  7350] loss=-1.3164 ce=0.8457 aux=1.0245 ent_gate=4.1588/4.159 wmax=0.2532 active>.01=4.0/64 λ=0.5478 cells=64 splits=62 cost=$0.33
[STEP  7400] loss=-1.3088 ce=0.8579 aux=1.0222 ent_gate=4.1588/4.159 wmax=0.2518 active>.01=4.0/64 λ=0.5425 cells=64 splits=62 cost=$0.33
[STEP  7450] loss=-1.3598 ce=0.8621 aux=1.0220 ent_gate=4.1588/4.159 wmax=0.2513 active>.01=4.0/64 λ=0.5372 cells=64 splits=62 cost=$0.33
[STEP  7500] loss=-1.4312 ce=0.8243 aux=1.0215 ent_gate=4.1588/4.159 wmax=0.2518 active>.01=4.0/64 λ=0.5318 cells=64 splits=62 cost=$0.34
[STEP  7550] loss=-1.3218 ce=0.8359 aux=1.0229 ent_gate=4.1588/4.159 wmax=0.2517 active>.01=4.0/64 λ=0.5264 cells=64 splits=62 cost=$0.34
[STEP  7600] loss=-1.2564 ce=0.8520 aux=1.0235 ent_gate=4.1588/4.159 wmax=0.2523 active>.01=4.0/64 λ=0.5211 cells=64 splits=62 cost=$0.34
[STEP  7650] loss=-1.3402 ce=0.8314 aux=1.0237 ent_gate=4.1588/4.159 wmax=0.2527 active>.01=4.0/64 λ=0.5157 cells=64 splits=62 cost=$0.34
[STEP  7700] loss=-1.2280 ce=0.8560 aux=1.0245 ent_gate=4.1588/4.159 wmax=0.2530 active>.01=4.0/64 λ=0.5104 cells=64 splits=62 cost=$0.34
[STEP  7750] loss=-1.3647 ce=0.8132 aux=1.0214 ent_gate=4.1588/4.159 wmax=0.2516 active>.01=4.0/64 λ=0.5050 cells=64 splits=62 cost=$0.35
[STEP  7800] loss=-1.2308 ce=0.7966 aux=1.0229 ent_gate=4.1588/4.159 wmax=0.2537 active>.01=4.0/64 λ=0.4996 cells=64 splits=62 cost=$0.35
[STEP  7850] loss=-1.3177 ce=0.8243 aux=1.0204 ent_gate=4.1588/4.159 wmax=0.2515 active>.01=4.0/64 λ=0.4943 cells=64 splits=62 cost=$0.35
[STEP  7900] loss=-1.2345 ce=0.8133 aux=1.0240 ent_gate=4.1588/4.159 wmax=0.2528 active>.01=4.0/64 λ=0.4889 cells=64 splits=62 cost=$0.35
[STEP  7950] loss=-1.1880 ce=0.8069 aux=1.0236 ent_gate=4.1588/4.159 wmax=0.2527 active>.01=4.0/64 λ=0.4836 cells=64 splits=62 cost=$0.36
  [SNAP 8000] 4a KL=2.6047 z=0.02 | 4b cos_z=1.07
[STEP  8000] loss=-1.2539 ce=0.7997 aux=1.0236 ent_gate=4.1588/4.159 wmax=0.2519 active>.01=4.0/64 λ=0.4782 cells=64 splits=62 cost=$0.36
[STEP  8050] loss=-1.0595 ce=0.7995 aux=1.0204 ent_gate=4.1588/4.159 wmax=0.2511 active>.01=4.0/64 λ=0.4728 cells=64 splits=62 cost=$0.36
[STEP  8100] loss=-0.9690 ce=0.8098 aux=1.0218 ent_gate=4.1588/4.159 wmax=0.2513 active>.01=4.0/64 λ=0.4675 cells=64 splits=62 cost=$0.36
[STEP  8150] loss=-1.2646 ce=0.7800 aux=1.0249 ent_gate=4.1588/4.159 wmax=0.2542 active>.01=4.0/64 λ=0.4622 cells=64 splits=62 cost=$0.37
[STEP  8200] loss=-1.0878 ce=0.7950 aux=1.0186 ent_gate=4.1588/4.159 wmax=0.2520 active>.01=4.0/64 λ=0.4568 cells=64 splits=62 cost=$0.37
[STEP  8250] loss=-1.0824 ce=0.8041 aux=1.0198 ent_gate=4.1588/4.159 wmax=0.2512 active>.01=4.0/64 λ=0.4515 cells=64 splits=62 cost=$0.37
[STEP  8300] loss=-1.0830 ce=0.7789 aux=1.0202 ent_gate=4.1588/4.159 wmax=0.2519 active>.01=4.0/64 λ=0.4462 cells=64 splits=62 cost=$0.37
[STEP  8350] loss=-1.0792 ce=0.7787 aux=1.0226 ent_gate=4.1588/4.159 wmax=0.2529 active>.01=4.0/64 λ=0.4408 cells=64 splits=62 cost=$0.38
[STEP  8400] loss=-0.9085 ce=0.7671 aux=1.0213 ent_gate=4.1588/4.159 wmax=0.2527 active>.01=4.0/64 λ=0.4355 cells=64 splits=62 cost=$0.38
[STEP  8450] loss=-0.9068 ce=0.7783 aux=1.0218 ent_gate=4.1588/4.159 wmax=0.2527 active>.01=4.0/64 λ=0.4302 cells=64 splits=62 cost=$0.38
[STEP  8500] loss=-0.7985 ce=0.7745 aux=1.0205 ent_gate=4.1588/4.159 wmax=0.2520 active>.01=4.0/64 λ=0.4249 cells=64 splits=62 cost=$0.38
[STEP  8550] loss=-0.9486 ce=0.8008 aux=1.0225 ent_gate=4.1588/4.159 wmax=0.2525 active>.01=4.0/64 λ=0.4196 cells=64 splits=62 cost=$0.38
[STEP  8600] loss=-1.0138 ce=0.7453 aux=1.0192 ent_gate=4.1588/4.159 wmax=0.2518 active>.01=4.0/64 λ=0.4144 cells=64 splits=62 cost=$0.39
[STEP  8650] loss=-1.0387 ce=0.7611 aux=1.0194 ent_gate=4.1588/4.159 wmax=0.2514 active>.01=4.0/64 λ=0.4091 cells=64 splits=62 cost=$0.39
[STEP  8700] loss=-0.9337 ce=0.7628 aux=1.0253 ent_gate=4.1588/4.159 wmax=0.2542 active>.01=4.0/64 λ=0.4038 cells=64 splits=62 cost=$0.39
[STEP  8750] loss=-0.9036 ce=0.7726 aux=1.0212 ent_gate=4.1588/4.159 wmax=0.2517 active>.01=4.0/64 λ=0.3986 cells=64 splits=62 cost=$0.39
[STEP  8800] loss=-0.7792 ce=0.7616 aux=1.0167 ent_gate=4.1588/4.159 wmax=0.2514 active>.01=4.0/64 λ=0.3934 cells=64 splits=62 cost=$0.40
[STEP  8850] loss=-0.7984 ce=0.7646 aux=1.0247 ent_gate=4.1588/4.159 wmax=0.2538 active>.01=4.0/64 λ=0.3881 cells=64 splits=62 cost=$0.40
[STEP  8900] loss=-0.8071 ce=0.7681 aux=1.0220 ent_gate=4.1588/4.159 wmax=0.2522 active>.01=4.0/64 λ=0.3829 cells=64 splits=62 cost=$0.40
[STEP  8950] loss=-0.9141 ce=0.7563 aux=1.0201 ent_gate=4.1588/4.159 wmax=0.2521 active>.01=4.0/64 λ=0.3777 cells=64 splits=62 cost=$0.40
[STEP  9000] loss=-0.6367 ce=0.7571 aux=1.0207 ent_gate=4.1588/4.159 wmax=0.2532 active>.01=4.0/64 λ=0.3726 cells=64 splits=62 cost=$0.40
[STEP  9050] loss=-0.6735 ce=0.7551 aux=1.0225 ent_gate=4.1588/4.159 wmax=0.2529 active>.01=4.0/64 λ=0.3674 cells=64 splits=62 cost=$0.41
[STEP  9100] loss=-0.9276 ce=0.7268 aux=1.0234 ent_gate=4.1588/4.159 wmax=0.2543 active>.01=4.0/64 λ=0.3623 cells=64 splits=62 cost=$0.41
[STEP  9150] loss=-0.6212 ce=0.7618 aux=1.0238 ent_gate=4.1588/4.159 wmax=0.2570 active>.01=4.0/64 λ=0.3571 cells=64 splits=62 cost=$0.41
[STEP  9200] loss=-0.7802 ce=0.7520 aux=1.0286 ent_gate=4.1588/4.159 wmax=0.2590 active>.01=4.0/64 λ=0.3520 cells=64 splits=62 cost=$0.41
[STEP  9250] loss=-0.7371 ce=0.7415 aux=1.0234 ent_gate=4.1588/4.159 wmax=0.2563 active>.01=4.0/64 λ=0.3469 cells=64 splits=62 cost=$0.42
[STEP  9300] loss=-0.6784 ce=0.7253 aux=1.0236 ent_gate=4.1588/4.159 wmax=0.2564 active>.01=4.0/64 λ=0.3419 cells=64 splits=62 cost=$0.42
[STEP  9350] loss=-0.7458 ce=0.7345 aux=1.0289 ent_gate=4.1588/4.159 wmax=0.2599 active>.01=4.0/64 λ=0.3368 cells=64 splits=62 cost=$0.42
[STEP  9400] loss=-0.6584 ce=0.7305 aux=1.0326 ent_gate=4.1588/4.159 wmax=0.2641 active>.01=4.0/64 λ=0.3318 cells=64 splits=62 cost=$0.42
[STEP  9450] loss=-0.7678 ce=0.7200 aux=1.0341 ent_gate=4.1588/4.159 wmax=0.2652 active>.01=4.0/64 λ=0.3268 cells=64 splits=62 cost=$0.43
[STEP  9500] loss=-0.5429 ce=0.7412 aux=1.0384 ent_gate=4.1587/4.159 wmax=0.2690 active>.01=4.0/64 λ=0.3218 cells=64 splits=62 cost=$0.43
[STEP  9550] loss=-0.5580 ce=0.7569 aux=1.0469 ent_gate=4.1587/4.159 wmax=0.2752 active>.01=4.0/64 λ=0.3168 cells=64 splits=62 cost=$0.43
[STEP  9600] loss=-0.6096 ce=0.7300 aux=1.0499 ent_gate=4.1586/4.159 wmax=0.2776 active>.01=4.0/64 λ=0.3119 cells=64 splits=62 cost=$0.43
[STEP  9650] loss=-0.5579 ce=0.7197 aux=1.0532 ent_gate=4.1586/4.159 wmax=0.2785 active>.01=4.0/64 λ=0.3069 cells=64 splits=62 cost=$0.43
[STEP  9700] loss=-0.4974 ce=0.7188 aux=1.0432 ent_gate=4.1587/4.159 wmax=0.2712 active>.01=4.0/64 λ=0.3020 cells=64 splits=62 cost=$0.44
[STEP  9750] loss=-0.5105 ce=0.7353 aux=1.0412 ent_gate=4.1587/4.159 wmax=0.2696 active>.01=4.0/64 λ=0.2972 cells=64 splits=62 cost=$0.44
[STEP  9800] loss=-0.5548 ce=0.7188 aux=1.0395 ent_gate=4.1587/4.159 wmax=0.2686 active>.01=4.0/64 λ=0.2923 cells=64 splits=62 cost=$0.44
[STEP  9850] loss=-0.5910 ce=0.7210 aux=1.0344 ent_gate=4.1588/4.159 wmax=0.2660 active>.01=4.0/64 λ=0.2875 cells=64 splits=62 cost=$0.44
[STEP  9900] loss=-0.4854 ce=0.7246 aux=1.0362 ent_gate=4.1588/4.159 wmax=0.2666 active>.01=4.0/64 λ=0.2827 cells=64 splits=62 cost=$0.45
[STEP  9950] loss=-0.3158 ce=0.7269 aux=1.0402 ent_gate=4.1587/4.159 wmax=0.2692 active>.01=4.0/64 λ=0.2779 cells=64 splits=62 cost=$0.45
  [SNAP 10000] 4a KL=2.8880 z=2.27 | 4b cos_z=1.75
[STEP 10000] loss=-0.4575 ce=0.7126 aux=1.0339 ent_gate=4.1588/4.159 wmax=0.2660 active>.01=4.0/64 λ=0.2731 cells=64 splits=62 cost=$0.45
[STEP 10050] loss=-0.5504 ce=0.7115 aux=1.0343 ent_gate=4.1588/4.159 wmax=0.2668 active>.01=4.0/64 λ=0.2684 cells=64 splits=62 cost=$0.45
[STEP 10100] loss=-0.4209 ce=0.6942 aux=1.0408 ent_gate=4.1587/4.159 wmax=0.2725 active>.01=4.0/64 λ=0.2637 cells=64 splits=62 cost=$0.46
[STEP 10150] loss=-0.3058 ce=0.7291 aux=1.0461 ent_gate=4.1587/4.159 wmax=0.2751 active>.01=4.0/64 λ=0.2590 cells=64 splits=62 cost=$0.46
[STEP 10200] loss=-0.2246 ce=0.7234 aux=1.0462 ent_gate=4.1587/4.159 wmax=0.2752 active>.01=4.0/64 λ=0.2544 cells=64 splits=62 cost=$0.46
[STEP 10250] loss=-0.3610 ce=0.6820 aux=1.0518 ent_gate=4.1586/4.159 wmax=0.2795 active>.01=4.0/64 λ=0.2498 cells=64 splits=62 cost=$0.46
[STEP 10300] loss=-0.4784 ce=0.6928 aux=1.0550 ent_gate=4.1586/4.159 wmax=0.2810 active>.01=4.0/64 λ=0.2452 cells=64 splits=62 cost=$0.46
[STEP 10350] loss=-0.3950 ce=0.6994 aux=1.0548 ent_gate=4.1586/4.159 wmax=0.2811 active>.01=4.0/64 λ=0.2407 cells=64 splits=62 cost=$0.47
[STEP 10400] loss=-0.2350 ce=0.7037 aux=1.0610 ent_gate=4.1585/4.159 wmax=0.2867 active>.01=4.0/64 λ=0.2362 cells=64 splits=62 cost=$0.47
[STEP 10450] loss=-0.1395 ce=0.6897 aux=1.0640 ent_gate=4.1585/4.159 wmax=0.2891 active>.01=4.0/64 λ=0.2317 cells=64 splits=62 cost=$0.47
[STEP 10500] loss=-0.4617 ce=0.6849 aux=1.0613 ent_gate=4.1585/4.159 wmax=0.2857 active>.01=4.0/64 λ=0.2272 cells=64 splits=62 cost=$0.47
[STEP 10550] loss=-0.3567 ce=0.7105 aux=1.0564 ent_gate=4.1586/4.159 wmax=0.2830 active>.01=4.0/64 λ=0.2228 cells=64 splits=62 cost=$0.48
[STEP 10600] loss=-0.2093 ce=0.6991 aux=1.0510 ent_gate=4.1586/4.159 wmax=0.2795 active>.01=4.0/64 λ=0.2184 cells=64 splits=62 cost=$0.48
[STEP 10650] loss=-0.1492 ce=0.6840 aux=1.0554 ent_gate=4.1586/4.159 wmax=0.2832 active>.01=4.0/64 λ=0.2140 cells=64 splits=62 cost=$0.48
[STEP 10700] loss=-0.2386 ce=0.6971 aux=1.0563 ent_gate=4.1586/4.159 wmax=0.2846 active>.01=4.0/64 λ=0.2097 cells=64 splits=62 cost=$0.48
[STEP 10750] loss=-0.1941 ce=0.6797 aux=1.0527 ent_gate=4.1586/4.159 wmax=0.2812 active>.01=4.0/64 λ=0.2054 cells=64 splits=62 cost=$0.48
[STEP 10800] loss=-0.2719 ce=0.7152 aux=1.0569 ent_gate=4.1586/4.159 wmax=0.2844 active>.01=4.0/64 λ=0.2012 cells=64 splits=62 cost=$0.49
[STEP 10850] loss=-0.1094 ce=0.7014 aux=1.0599 ent_gate=4.1585/4.159 wmax=0.2872 active>.01=4.0/64 λ=0.1970 cells=64 splits=62 cost=$0.49
[STEP 10900] loss=-0.0994 ce=0.6873 aux=1.0635 ent_gate=4.1585/4.159 wmax=0.2895 active>.01=4.0/64 λ=0.1928 cells=64 splits=62 cost=$0.49
[STEP 10950] loss=0.0094 ce=0.7061 aux=1.0635 ent_gate=4.1585/4.159 wmax=0.2889 active>.01=4.0/64 λ=0.1886 cells=64 splits=62 cost=$0.49
[STEP 11000] loss=-0.2593 ce=0.6717 aux=1.0633 ent_gate=4.1585/4.159 wmax=0.2891 active>.01=4.0/64 λ=0.1845 cells=64 splits=62 cost=$0.50
[STEP 11050] loss=-0.1017 ce=0.6965 aux=1.0572 ent_gate=4.1586/4.159 wmax=0.2847 active>.01=4.0/64 λ=0.1805 cells=64 splits=62 cost=$0.50
[STEP 11100] loss=0.0331 ce=0.6800 aux=1.0575 ent_gate=4.1585/4.159 wmax=0.2859 active>.01=4.0/64 λ=0.1764 cells=64 splits=62 cost=$0.50
[STEP 11150] loss=0.1806 ce=0.6686 aux=1.0581 ent_gate=4.1585/4.159 wmax=0.2863 active>.01=4.0/64 λ=0.1725 cells=64 splits=62 cost=$0.50
[STEP 11200] loss=-0.1446 ce=0.6915 aux=1.0606 ent_gate=4.1585/4.159 wmax=0.2879 active>.01=4.0/64 λ=0.1685 cells=64 splits=62 cost=$0.51
[STEP 11250] loss=-0.0869 ce=0.6811 aux=1.0653 ent_gate=4.1584/4.159 wmax=0.2910 active>.01=4.0/64 λ=0.1646 cells=64 splits=62 cost=$0.51
[STEP 11300] loss=0.1185 ce=0.6852 aux=1.0664 ent_gate=4.1584/4.159 wmax=0.2926 active>.01=4.0/64 λ=0.1607 cells=64 splits=62 cost=$0.51
[STEP 11350] loss=-0.0545 ce=0.6616 aux=1.0665 ent_gate=4.1584/4.159 wmax=0.2926 active>.01=4.0/64 λ=0.1569 cells=64 splits=62 cost=$0.51
[STEP 11400] loss=0.1198 ce=0.6965 aux=1.0678 ent_gate=4.1584/4.159 wmax=0.2935 active>.01=4.0/64 λ=0.1531 cells=64 splits=62 cost=$0.51
[STEP 11450] loss=0.1396 ce=0.6820 aux=1.0701 ent_gate=4.1584/4.159 wmax=0.2958 active>.01=4.0/64 λ=0.1493 cells=64 splits=62 cost=$0.52
[STEP 11500] loss=0.0643 ce=0.6971 aux=1.0728 ent_gate=4.1583/4.159 wmax=0.2972 active>.01=4.0/64 λ=0.1456 cells=64 splits=62 cost=$0.52
[STEP 11550] loss=0.2018 ce=0.6787 aux=1.0742 ent_gate=4.1583/4.159 wmax=0.2986 active>.01=4.0/64 λ=0.1420 cells=64 splits=62 cost=$0.52
[STEP 11600] loss=0.1207 ce=0.6707 aux=1.0751 ent_gate=4.1583/4.159 wmax=0.2993 active>.01=4.0/64 λ=0.1383 cells=64 splits=62 cost=$0.52
[STEP 11650] loss=0.2571 ce=0.6697 aux=1.0750 ent_gate=4.1583/4.159 wmax=0.2995 active>.01=4.0/64 λ=0.1348 cells=64 splits=62 cost=$0.53
[STEP 11700] loss=0.1056 ce=0.6501 aux=1.0751 ent_gate=4.1583/4.159 wmax=0.2996 active>.01=4.0/64 λ=0.1312 cells=64 splits=62 cost=$0.53
[STEP 11750] loss=0.2124 ce=0.6802 aux=1.0759 ent_gate=4.1583/4.159 wmax=0.3003 active>.01=4.0/64 λ=0.1277 cells=64 splits=62 cost=$0.53
[STEP 11800] loss=0.0080 ce=0.6784 aux=1.0779 ent_gate=4.1582/4.159 wmax=0.3013 active>.01=4.0/64 λ=0.1243 cells=64 splits=62 cost=$0.53
[STEP 11850] loss=0.2650 ce=0.6685 aux=1.0800 ent_gate=4.1582/4.159 wmax=0.3022 active>.01=4.0/64 λ=0.1209 cells=64 splits=62 cost=$0.53
[STEP 11900] loss=0.3520 ce=0.6781 aux=1.0788 ent_gate=4.1582/4.159 wmax=0.3026 active>.01=4.0/64 λ=0.1175 cells=64 splits=62 cost=$0.54
[STEP 11950] loss=0.2855 ce=0.6778 aux=1.0777 ent_gate=4.1582/4.159 wmax=0.3017 active>.01=4.0/64 λ=0.1142 cells=64 splits=62 cost=$0.54
  [SNAP 12000] 4a KL=2.0221 z=0.57 | 4b cos_z=1.66
[STEP 12000] loss=0.0779 ce=0.6568 aux=1.0798 ent_gate=4.1582/4.159 wmax=0.3028 active>.01=4.0/64 λ=0.1109 cells=64 splits=62 cost=$0.54
[STEP 12050] loss=0.1742 ce=0.6891 aux=1.0801 ent_gate=4.1582/4.159 wmax=0.3028 active>.01=4.0/64 λ=0.1077 cells=64 splits=62 cost=$0.54
[STEP 12100] loss=0.3317 ce=0.6819 aux=1.0813 ent_gate=4.1582/4.159 wmax=0.3039 active>.01=4.0/64 λ=0.1045 cells=64 splits=62 cost=$0.55
[STEP 12150] loss=0.2453 ce=0.6574 aux=1.0829 ent_gate=4.1581/4.159 wmax=0.3053 active>.01=4.0/64 λ=0.1014 cells=64 splits=62 cost=$0.55
[STEP 12200] loss=0.2925 ce=0.6708 aux=1.0863 ent_gate=4.1581/4.159 wmax=0.3077 active>.01=4.0/64 λ=0.0983 cells=64 splits=62 cost=$0.55
[STEP 12250] loss=0.3243 ce=0.6754 aux=1.0891 ent_gate=4.1580/4.159 wmax=0.3097 active>.01=4.0/64 λ=0.0953 cells=64 splits=62 cost=$0.55
[STEP 12300] loss=0.4024 ce=0.6651 aux=1.0857 ent_gate=4.1581/4.159 wmax=0.3081 active>.01=4.0/64 λ=0.0923 cells=64 splits=62 cost=$0.56
[STEP 12350] loss=0.1705 ce=0.6556 aux=1.0860 ent_gate=4.1581/4.159 wmax=0.3081 active>.01=4.0/64 λ=0.0894 cells=64 splits=62 cost=$0.56
[STEP 12400] loss=0.3825 ce=0.6558 aux=1.0866 ent_gate=4.1580/4.159 wmax=0.3084 active>.01=4.0/64 λ=0.0865 cells=64 splits=62 cost=$0.56
[STEP 12450] loss=0.2578 ce=0.6744 aux=1.0865 ent_gate=4.1580/4.159 wmax=0.3082 active>.01=4.0/64 λ=0.0836 cells=64 splits=62 cost=$0.56
[STEP 12500] loss=0.2732 ce=0.6702 aux=1.0870 ent_gate=4.1580/4.159 wmax=0.3083 active>.01=4.0/64 λ=0.0809 cells=64 splits=62 cost=$0.57
[STEP 12550] loss=0.3558 ce=0.6621 aux=1.0870 ent_gate=4.1580/4.159 wmax=0.3085 active>.01=4.0/64 λ=0.0781 cells=64 splits=62 cost=$0.57
[STEP 12600] loss=0.3496 ce=0.6491 aux=1.0873 ent_gate=4.1580/4.159 wmax=0.3086 active>.01=4.0/64 λ=0.0754 cells=64 splits=62 cost=$0.57
[STEP 12650] loss=0.3654 ce=0.6648 aux=1.0862 ent_gate=4.1580/4.159 wmax=0.3083 active>.01=4.0/64 λ=0.0728 cells=64 splits=62 cost=$0.57
[STEP 12700] loss=0.4034 ce=0.6537 aux=1.0859 ent_gate=4.1581/4.159 wmax=0.3081 active>.01=4.0/64 λ=0.0702 cells=64 splits=62 cost=$0.57
[STEP 12750] loss=0.2636 ce=0.6597 aux=1.0853 ent_gate=4.1581/4.159 wmax=0.3076 active>.01=4.0/64 λ=0.0677 cells=64 splits=62 cost=$0.58
[STEP 12800] loss=0.3829 ce=0.6752 aux=1.0862 ent_gate=4.1580/4.159 wmax=0.3084 active>.01=4.0/64 λ=0.0652 cells=64 splits=62 cost=$0.58
[STEP 12850] loss=0.5373 ce=0.6708 aux=1.0848 ent_gate=4.1581/4.159 wmax=0.3073 active>.01=4.0/64 λ=0.0627 cells=64 splits=62 cost=$0.58
[STEP 12900] loss=0.4806 ce=0.6809 aux=1.0851 ent_gate=4.1581/4.159 wmax=0.3076 active>.01=4.0/64 λ=0.0604 cells=64 splits=62 cost=$0.58
[STEP 12950] loss=0.4909 ce=0.6652 aux=1.0850 ent_gate=4.1581/4.159 wmax=0.3076 active>.01=4.0/64 λ=0.0580 cells=64 splits=62 cost=$0.59
[STEP 13000] loss=0.4311 ce=0.6510 aux=1.0852 ent_gate=4.1581/4.159 wmax=0.3079 active>.01=4.0/64 λ=0.0558 cells=64 splits=62 cost=$0.59
[STEP 13050] loss=0.5036 ce=0.6505 aux=1.0843 ent_gate=4.1581/4.159 wmax=0.3072 active>.01=4.0/64 λ=0.0535 cells=64 splits=62 cost=$0.59
[STEP 13100] loss=0.4386 ce=0.6784 aux=1.0846 ent_gate=4.1581/4.159 wmax=0.3076 active>.01=4.0/64 λ=0.0514 cells=64 splits=62 cost=$0.59
[STEP 13150] loss=0.5546 ce=0.6644 aux=1.0858 ent_gate=4.1580/4.159 wmax=0.3084 active>.01=4.0/64 λ=0.0492 cells=64 splits=62 cost=$0.59
[STEP 13200] loss=0.4492 ce=0.6495 aux=1.0857 ent_gate=4.1581/4.159 wmax=0.3082 active>.01=4.0/64 λ=0.0472 cells=64 splits=62 cost=$0.60
[STEP 13250] loss=0.3647 ce=0.6761 aux=1.0863 ent_gate=4.1580/4.159 wmax=0.3089 active>.01=4.0/64 λ=0.0452 cells=64 splits=62 cost=$0.60
[STEP 13300] loss=0.6382 ce=0.6688 aux=1.0878 ent_gate=4.1580/4.159 wmax=0.3097 active>.01=4.0/64 λ=0.0432 cells=64 splits=62 cost=$0.60
[STEP 13350] loss=0.5961 ce=0.6389 aux=1.0864 ent_gate=4.1580/4.159 wmax=0.3089 active>.01=4.0/64 λ=0.0413 cells=64 splits=62 cost=$0.60
[STEP 13400] loss=0.5809 ce=0.6553 aux=1.0864 ent_gate=4.1580/4.159 wmax=0.3090 active>.01=4.0/64 λ=0.0394 cells=64 splits=62 cost=$0.61
[STEP 13450] loss=0.5625 ce=0.6654 aux=1.0864 ent_gate=4.1580/4.159 wmax=0.3089 active>.01=4.0/64 λ=0.0377 cells=64 splits=62 cost=$0.61
[STEP 13500] loss=0.4396 ce=0.6563 aux=1.0869 ent_gate=4.1580/4.159 wmax=0.3092 active>.01=4.0/64 λ=0.0359 cells=64 splits=62 cost=$0.61
[STEP 13550] loss=0.4282 ce=0.6474 aux=1.0853 ent_gate=4.1581/4.159 wmax=0.3083 active>.01=4.0/64 λ=0.0342 cells=64 splits=62 cost=$0.61
[STEP 13600] loss=0.5840 ce=0.6723 aux=1.0854 ent_gate=4.1581/4.159 wmax=0.3083 active>.01=4.0/64 λ=0.0326 cells=64 splits=62 cost=$0.61
[STEP 13650] loss=0.5050 ce=0.6540 aux=1.0846 ent_gate=4.1581/4.159 wmax=0.3079 active>.01=4.0/64 λ=0.0310 cells=64 splits=62 cost=$0.62
[STEP 13700] loss=0.3877 ce=0.6687 aux=1.0855 ent_gate=4.1581/4.159 wmax=0.3083 active>.01=4.0/64 λ=0.0295 cells=64 splits=62 cost=$0.62
[STEP 13750] loss=0.5871 ce=0.6622 aux=1.0862 ent_gate=4.1580/4.159 wmax=0.3088 active>.01=4.0/64 λ=0.0280 cells=64 splits=62 cost=$0.62
[STEP 13800] loss=0.6356 ce=0.6591 aux=1.0854 ent_gate=4.1581/4.159 wmax=0.3085 active>.01=4.0/64 λ=0.0266 cells=64 splits=62 cost=$0.62
[STEP 13850] loss=0.6047 ce=0.6618 aux=1.0860 ent_gate=4.1580/4.159 wmax=0.3089 active>.01=4.0/64 λ=0.0253 cells=64 splits=62 cost=$0.63
[STEP 13900] loss=0.6365 ce=0.6429 aux=1.0866 ent_gate=4.1580/4.159 wmax=0.3094 active>.01=4.0/64 λ=0.0240 cells=64 splits=62 cost=$0.63
[STEP 13950] loss=0.7413 ce=0.6528 aux=1.0869 ent_gate=4.1580/4.159 wmax=0.3094 active>.01=4.0/64 λ=0.0228 cells=64 splits=62 cost=$0.63
  [SNAP 14000] 4a KL=2.1759 z=0.62 | 4b cos_z=1.66
[STEP 14000] loss=0.4568 ce=0.6538 aux=1.0872 ent_gate=4.1580/4.159 wmax=0.3099 active>.01=4.0/64 λ=0.0216 cells=64 splits=62 cost=$0.63
[STEP 14050] loss=0.4275 ce=0.6471 aux=1.0875 ent_gate=4.1580/4.159 wmax=0.3101 active>.01=4.0/64 λ=0.0204 cells=64 splits=62 cost=$0.64
[STEP 14100] loss=0.6419 ce=0.6348 aux=1.0877 ent_gate=4.1580/4.159 wmax=0.3104 active>.01=4.0/64 λ=0.0194 cells=64 splits=62 cost=$0.64
[STEP 14150] loss=0.5989 ce=0.6473 aux=1.0876 ent_gate=4.1580/4.159 wmax=0.3101 active>.01=4.0/64 λ=0.0184 cells=64 splits=62 cost=$0.64
[STEP 14200] loss=0.5895 ce=0.6494 aux=1.0866 ent_gate=4.1580/4.159 wmax=0.3095 active>.01=4.0/64 λ=0.0174 cells=64 splits=62 cost=$0.64
[STEP 14250] loss=0.5598 ce=0.6586 aux=1.0869 ent_gate=4.1580/4.159 wmax=0.3097 active>.01=4.0/64 λ=0.0165 cells=64 splits=62 cost=$0.65
[STEP 14300] loss=0.5293 ce=0.6560 aux=1.0870 ent_gate=4.1580/4.159 wmax=0.3098 active>.01=4.0/64 λ=0.0157 cells=64 splits=62 cost=$0.65
[STEP 14350] loss=0.6429 ce=0.6604 aux=1.0867 ent_gate=4.1580/4.159 wmax=0.3096 active>.01=4.0/64 λ=0.0149 cells=64 splits=62 cost=$0.65
[STEP 14400] loss=0.5288 ce=0.6567 aux=1.0863 ent_gate=4.1580/4.159 wmax=0.3092 active>.01=4.0/64 λ=0.0142 cells=64 splits=62 cost=$0.65
[STEP 14450] loss=0.5617 ce=0.6505 aux=1.0866 ent_gate=4.1580/4.159 wmax=0.3097 active>.01=4.0/64 λ=0.0135 cells=64 splits=62 cost=$0.65
[STEP 14500] loss=0.6123 ce=0.6591 aux=1.0865 ent_gate=4.1580/4.159 wmax=0.3095 active>.01=4.0/64 λ=0.0129 cells=64 splits=62 cost=$0.66
[STEP 14550] loss=0.6400 ce=0.6575 aux=1.0866 ent_gate=4.1580/4.159 wmax=0.3097 active>.01=4.0/64 λ=0.0124 cells=64 splits=62 cost=$0.66
[STEP 14600] loss=0.8379 ce=0.6340 aux=1.0860 ent_gate=4.1580/4.159 wmax=0.3094 active>.01=4.0/64 λ=0.0119 cells=64 splits=62 cost=$0.66
[STEP 14650] loss=0.6746 ce=0.6760 aux=1.0872 ent_gate=4.1580/4.159 wmax=0.3100 active>.01=4.0/64 λ=0.0114 cells=64 splits=62 cost=$0.66
[STEP 14700] loss=0.4932 ce=0.6457 aux=1.0860 ent_gate=4.1580/4.159 wmax=0.3092 active>.01=4.0/64 λ=0.0110 cells=64 splits=62 cost=$0.67
[STEP 14750] loss=0.6386 ce=0.6461 aux=1.0870 ent_gate=4.1580/4.159 wmax=0.3099 active>.01=4.0/64 λ=0.0107 cells=64 splits=62 cost=$0.67
[STEP 14800] loss=0.6509 ce=0.6607 aux=1.0863 ent_gate=4.1580/4.159 wmax=0.3094 active>.01=4.0/64 λ=0.0105 cells=64 splits=62 cost=$0.67
[STEP 14850] loss=0.6494 ce=0.6611 aux=1.0866 ent_gate=4.1580/4.159 wmax=0.3095 active>.01=4.0/64 λ=0.0103 cells=64 splits=62 cost=$0.67
[STEP 14900] loss=0.4316 ce=0.6417 aux=1.0863 ent_gate=4.1580/4.159 wmax=0.3096 active>.01=4.0/64 λ=0.0101 cells=64 splits=62 cost=$0.67
[STEP 14950] loss=0.6714 ce=0.6557 aux=1.0869 ent_gate=4.1580/4.159 wmax=0.3099 active>.01=4.0/64 λ=0.0100 cells=64 splits=62 cost=$0.68
[STEP 14999] loss=0.5666 ce=0.6644 aux=1.0871 ent_gate=4.1580/4.159 wmax=0.3098 active>.01=4.0/64 λ=0.0100 cells=64 splits=62 cost=$0.68
[INFO] training done wall=3973.9s cost=$0.68

=== F-PERSONA-4a routing (top-K MoE) ===
  verdict=KL_PASS_NULL_FAIL KL=2.2949 null=2.0463±0.3509 z=0.71 p=0.2300
  (soft gate) KL=0.0003 z=1.96

=== F-PERSONA-4b content (M4 aggregated cosine) regression ===
  verdict=FAIL cos_dist=0.000089 null=0.000064±0.000018 z=1.38 p=0.1100 (v2 carry z=3.20)

=== F-V5MIT-1..5 regression ===
  5/5  F-V5MIT-1=P F-V5MIT-2=P F-V5MIT-3=P F-V5MIT-4=P F-V5MIT-5=P

[RESULT] output/cotrain_v3_routing_result.json
[VERDICT] 4a=KL_PASS_NULL_FAIL (KL=2.2949 z=0.71) | 4b=FAIL (z=1.38) | F-V5MIT=5/5
