=== H_672 SW run ===
=== H_672 spontaneous-firing × AKIDA · backend=sw ===
verdict: GREEN_NUMERICAL_CONFIRM · tier=🟢 numerical (mock-replay)
n_pass=4/4
R1.rate=0.0 R2.rate=0.475 R3.rate=0.5 R4.rate=1.0
written: state/akida_hw_sw_impl_2026_05_29/H_672_sw_result.json

=== H_673 SW run ===
=== H_673 core-decide × AKIDA · backend=sw ===
verdict: GREEN_NUMERICAL_CONFIRM · tier=🟢 numerical (mock-replay)
n_pass=4/4
written: state/akida_hw_sw_impl_2026_05_29/H_673_sw_result.json

=== H_674 SW run ===
=== H_674 persistence × AKIDA · backend=sw ===
verdict: GREEN_NUMERICAL_CONFIRM · tier=🟢 numerical (mock-replay)
n_pass=4/4
written: state/akida_hw_sw_impl_2026_05_29/H_674_sw_result.json

=== H_675 SW run ===
=== H_675 mitosis × AKIDA · backend=sw ===
verdict: GREEN_NUMERICAL_CONFIRM · tier=🟢 numerical (mock-replay)
n_pass=4/4
written: state/akida_hw_sw_impl_2026_05_29/H_675_sw_result.json

=== H_676 SW run ===
=== H_676 decoder × AKIDA · backend=sw ===
verdict: GREEN_NUMERICAL_CONFIRM · tier=🟢 numerical (mock-replay)
n_pass=4/4
written: state/akida_hw_sw_impl_2026_05_29/H_676_sw_result.json

=== H_677 SW run ===
=== H_677 measurement × AKIDA · backend=sw ===
verdict: GREEN_NUMERICAL_CONFIRM · tier=🟢 numerical (mock-replay)
n_pass=5/5
written: state/akida_hw_sw_impl_2026_05_29/H_677_sw_result.json

=== H_678 SW run ===
=== H_678 channel-bridge × AKIDA · backend=sw ===
verdict: GREEN_NUMERICAL_CONFIRM · tier=🟢 numerical (mock-replay)
n_pass=4/4
written: state/akida_hw_sw_impl_2026_05_29/H_678_sw_result.json

