================================================================
SRH Cycle #4 — 11-tier sweep + 5-seed + F-SRH-2/3/4/5 (host=mini)
================================================================
loading 332M ...
  weights: 218 keys
common truncate length = 156 bytes

════ Part A — F-SRH-2 11-tier sweep ════

──── fire: c4_tier0 seed=2026 (156 bytes) ────
map key 'n_layers' not found
map key 'dims' not found
map key 'dims' not found
map key 'dims' not found
map key 'dims' not found
map key 'dims' not found
map key 'dims' not found
map key 'dims' not found
map key 'dims' not found
map key 'dims' not found
map key 'dims' not found
map key 'dims' not found
map key 'dims' not found
map key 'dims' not found
map key 'dims' not found
map key 'dims' not found
map key 'dims' not found
map key 'dims' not found
map key 'dims' not found
map key 'dims' not found
map key 'dims' not found
map key 'dims' not found
map key 'dims' not found
map key 'dims' not found
map key 'dims' not found
map key 'dims' not found
map key 'dims' not found
map key 'dims' not found
map key 'dims' not found
map key 'dims' not found
map key 'dims' not found
map key 'dims' not found
map key 'dims' not found
map key 'dims' not found
map key 'dims' not found
map key 'dims' not found
map key 'dims' not found
map key 'dims' not found
map key 'dims' not found
map key 'dims' not found
map key 'dims' not found
map key 'dims' not found
map key 'dims' not found
map key 'dims' not found
map key 'dims' not found
map key 'dims' not found
map key 'dims' not found
map key 'dims' not found
map key 'dims' not found
map key 'dims' not found
map key 'dims' not found
map key 'dims' not found
map key 'dims' not found
map key 'dims' not found
map key 'dims' not found
map key 'dims' not found
map key 'dims' not found
map key 'dims' not found
map key 'dims' not found
map key 'dims' not found
map key 'dims' not found
map key 'dims' not found
map key 'dims' not found
map key 'dims' not found
map key 'dims' not found
map key 'dims' not found
map key 'dims' not found
map key 'dims' not found
map key 'dims' not found
map key 'dims' not found
map key 'dims' not found
map key 'dims' not found
map key 'dims' not found
map key 'dims' not found
map key 'dims' not found
map key 'dims' not found
map key 'dims' not found
map key 'dims' not found
map key 'dims' not found
map key 'dims' not found
map key 'dims' not found
map key 'dims' not found
map key 'dims' not found
map key 'dims' not found
map key 'dims' not found
map key 'dims' not found
map key 'dims' not found
map key 'dims' not found
map key 'dims' not found
map key 'dims' not found
map key 'dims' not found
map key 'dims' not found
map key 'dims' not found
map key 'dims' not found
map key 'dims' not found
map key 'dims' not found
map key 'dims' not found
map key 'dims' not found
map key 'dims' not found
map key 'dims' not found
map key 'dims' not found
map key 'dims' not found
map key 'dims' not found
map key 'dims' not found
map key 'dims' not found
map key 'dims' not found
map key 'dims' not found
map key 'dims' not found
map key 'dims' not found
map key 'dims' not found
map key 'dims' not found
map key 'dims' not found
map key 'dims' not found
map key 'dims' not found
map key 'dims' not found
map key 'dims' not found
map key 'dims' not found
map key 'dims' not found
map key 'dims' not found
map key 'dims' not found
map key 'dims' not found
map key 'dims' not found
map key 'dims' not found
map key 'dims' not found
map key 'dims' not found
map key 'dims' not found
map key 'dims' not found
map key 'dims' not found
map key 'dims' not found
map key 'dims' not found
map key 'dims' not found
map key 'dims' not found
map key 'dims' not found
map key 'dims' not found
map key 'dims' not found
map key 'dims' not found
map key 'dims' not found
map key 'dims' not found
map key 'dims' not found
map key 'dims' not found
map key 'dims' not found
map key 'dims' not found
map key 'dims' not found
map key 'dims' not found
map key 'dims' not found
map key 'dims' not found
map key 'dims' not found
map key 'dims' not found
map key 'dims' not found
map key 'dims' not found
map key 'dims' not found
map key 'dims' not found
map key 'dims' not found
map key 'dims' not found
map key 'dims' not found
map key 'dims' not found
map key 'dims' not found
map key 'dims' not found
map key 'dims' not found
map key 'dims' not found
map key 'dims' not found
map key 'dims' not found
map key 'dims' not found
map key 'dims' not found
map key 'dims' not found
map key 'dims' not found
map key 'dims' not found
  spike[c4_tier0_seed2026] inv=166 ev=12 split=12 merge=0 cells=14 rlen=10 wall_ms=0

──── fire: c4_tier15 seed=2026 (156 bytes) ────
map key 'n_layers' not found
map key 'dims' not found
map key 'dims' not found
map key 'dims' not found
map key 'dims' not found
map key 'dims' not found
map key 'dims' not found
map key 'dims' not found
map key 'dims' not found
map key 'dims' not found
map key 'dims' not found
map key 'dims' not found
map key 'dims' not found
map key 'dims' not found
map key 'dims' not found
map key 'dims' not found
map key 'dims' not found
map key 'dims' not found
map key 'dims' not found
map key 'dims' not found
map key 'dims' not found
map key 'dims' not found
map key 'dims' not found
map key 'dims' not found
map key 'dims' not found
map key 'dims' not found
map key 'dims' not found
map key 'dims' not found
map key 'dims' not found
map key 'dims' not found
map key 'dims' not found
map key 'dims' not found
map key 'dims' not found
map key 'dims' not found
map key 'dims' not found
map key 'dims' not found
map key 'dims' not found
map key 'dims' not found
map key 'dims' not found
map key 'dims' not found
map key 'dims' not found
map key 'dims' not found
map key 'dims' not found
map key 'dims' not found
map key 'dims' not found
map key 'dims' not found
map key 'dims' not found
map key 'dims' not found
map key 'dims' not found
map key 'dims' not found
map key 'dims' not found
map key 'dims' not found
map key 'dims' not found
map key 'dims' not found
map key 'dims' not found
map key 'dims' not found
map key 'dims' not found
map key 'dims' not found
map key 'dims' not found
map key 'dims' not found
map key 'dims' not found
map key 'dims' not found
map key 'dims' not found
map key 'dims' not found
map key 'dims' not found
map key 'dims' not found
map key 'dims' not found
map key 'dims' not found
map key 'dims' not found
map key 'dims' not found
map key 'dims' not found
map key 'dims' not found
map key 'dims' not found
map key 'dims' not found
map key 'dims' not found
map key 'dims' not found
map key 'dims' not found
map key 'dims' not found
map key 'dims' not found
map key 'dims' not found
map key 'dims' not found
map key 'dims' not found
map key 'dims' not found
map key 'dims' not found
map key 'dims' not found
map key 'dims' not found
map key 'dims' not found
map key 'dims' not found
map key 'dims' not found
map key 'dims' not found
map key 'dims' not found
map key 'dims' not found
map key 'dims' not found
map key 'dims' not found
map key 'dims' not found
map key 'dims' not found
map key 'dims' not found
map key 'dims' not found
map key 'dims' not found
map key 'dims' not found
map key 'dims' not found
map key 'dims' not found
map key 'dims' not found
map key 'dims' not found
map key 'dims' not found
map key 'dims' not found
map key 'dims' not found
map key 'dims' not found
map key 'dims' not found
map key 'dims' not found
map key 'dims' not found
map key 'dims' not found
map key 'dims' not found
map key 'dims' not found
map key 'dims' not found
map key 'dims' not found
map key 'dims' not found
map key 'dims' not found
map key 'dims' not found
map key 'dims' not found
map key 'dims' not found
map key 'dims' not found
map key 'dims' not found
map key 'dims' not found
map key 'dims' not found
map key 'dims' not found
map key 'dims' not found
map key 'dims' not found
map key 'dims' not found
map key 'dims' not found
map key 'dims' not found
map key 'dims' not found
map key 'dims' not found
map key 'dims' not found
map key 'dims' not found
map key 'dims' not found
map key 'dims' not found
map key 'dims' not found
map key 'dims' not found
map key 'dims' not found
map key 'dims' not found
map key 'dims' not found
map key 'dims' not found
map key 'dims' not found
map key 'dims' not found
map key 'dims' not found
map key 'dims' not found
map key 'dims' not found
map key 'dims' not found
map key 'dims' not found
map key 'dims' not found
map key 'dims' not found
map key 'dims' not found
map key 'dims' not found
map key 'dims' not found
map key 'dims' not found
map key 'dims' not found
map key 'dims' not found
map key 'dims' not found
map key 'dims' not found
map key 'dims' not found
map key 'dims' not found
map key 'dims' not found
map key 'dims' not found
map key 'dims' not found
map key 'dims' not found
map key 'dims' not found
  spike[c4_tier15_seed2026] inv=166 ev=14 split=14 merge=0 cells=16 rlen=10 wall_ms=0

──── fire: c4_tier30 seed=2026 (156 bytes) ────
map key 'n_layers' not found
map key 'dims' not found
map key 'dims' not found
map key 'dims' not found
map key 'dims' not found
map key 'dims' not found
map key 'dims' not found
map key 'dims' not found
map key 'dims' not found
map key 'dims' not found
map key 'dims' not found
map key 'dims' not found
map key 'dims' not found
map key 'dims' not found
map key 'dims' not found
map key 'dims' not found
map key 'dims' not found
map key 'dims' not found
map key 'dims' not found
map key 'dims' not found
map key 'dims' not found
map key 'dims' not found
map key 'dims' not found
map key 'dims' not found
map key 'dims' not found
map key 'dims' not found
map key 'dims' not found
map key 'dims' not found
map key 'dims' not found
map key 'dims' not found
map key 'dims' not found
map key 'dims' not found
map key 'dims' not found
map key 'dims' not found
map key 'dims' not found
map key 'dims' not found
map key 'dims' not found
map key 'dims' not found
map key 'dims' not found
map key 'dims' not found
map key 'dims' not found
map key 'dims' not found
map key 'dims' not found
map key 'dims' not found
map key 'dims' not found
map key 'dims' not found
map key 'dims' not found
map key 'dims' not found
map key 'dims' not found
map key 'dims' not found
map key 'dims' not found
map key 'dims' not found
map key 'dims' not found
map key 'dims' not found
map key 'dims' not found
map key 'dims' not found
map key 'dims' not found
map key 'dims' not found
map key 'dims' not found
map key 'dims' not found
map key 'dims' not found
map key 'dims' not found
map key 'dims' not found
map key 'dims' not found
map key 'dims' not found
map key 'dims' not found
map key 'dims' not found
map key 'dims' not found
map key 'dims' not found
map key 'dims' not found
map key 'dims' not found
map key 'dims' not found
map key 'dims' not found
map key 'dims' not found
map key 'dims' not found
map key 'dims' not found
map key 'dims' not found
map key 'dims' not found
map key 'dims' not found
map key 'dims' not found
map key 'dims' not found
map key 'dims' not found
map key 'dims' not found
map key 'dims' not found
map key 'dims' not found
map key 'dims' not found
map key 'dims' not found
map key 'dims' not found
map key 'dims' not found
map key 'dims' not found
map key 'dims' not found
map key 'dims' not found
map key 'dims' not found
map key 'dims' not found
map key 'dims' not found
map key 'dims' not found
map key 'dims' not found
map key 'dims' not found
map key 'dims' not found
map key 'dims' not found
map key 'dims' not found
map key 'dims' not found
map key 'dims' not found
map key 'dims' not found
map key 'dims' not found
map key 'dims' not found
map key 'dims' not found
map key 'dims' not found
map key 'dims' not found
map key 'dims' not found
map key 'dims' not found
map key 'dims' not found
map key 'dims' not found
map key 'dims' not found
map key 'dims' not found
map key 'dims' not found
map key 'dims' not found
map key 'dims' not found
map key 'dims' not found
map key 'dims' not found
map key 'dims' not found
map key 'dims' not found
map key 'dims' not found
map key 'dims' not found
map key 'dims' not found
map key 'dims' not found
map key 'dims' not found
map key 'dims' not found
map key 'dims' not found
map key 'dims' not found
map key 'dims' not found
map key 'dims' not found
map key 'dims' not found
map key 'dims' not found
map key 'dims' not found
map key 'dims' not found
map key 'dims' not found
map key 'dims' not found
map key 'dims' not found
map key 'dims' not found
map key 'dims' not found
map key 'dims' not found
map key 'dims' not found
map key 'dims' not found
map key 'dims' not found
map key 'dims' not found
map key 'dims' not found
map key 'dims' not found
map key 'dims' not found
map key 'dims' not found
map key 'dims' not found
map key 'dims' not found
map key 'dims' not found
map key 'dims' not found
map key 'dims' not found
map key 'dims' not found
map key 'dims' not found
map key 'dims' not found
map key 'dims' not found
map key 'dims' not found
map key 'dims' not found
map key 'dims' not found
map key 'dims' not found
map key 'dims' not found
map key 'dims' not found
map key 'dims' not found
map key 'dims' not found
  spike[c4_tier30_seed2026] inv=166 ev=13 split=13 merge=0 cells=15 rlen=10 wall_ms=0

──── fire: c4_tier42 seed=2026 (156 bytes) ────
map key 'n_layers' not found
map key 'dims' not found
map key 'dims' not found
map key 'dims' not found
map key 'dims' not found
map key 'dims' not found
map key 'dims' not found
map key 'dims' not found
map key 'dims' not found
map key 'dims' not found
map key 'dims' not found
map key 'dims' not found
map key 'dims' not found
map key 'dims' not found
map key 'dims' not found
map key 'dims' not found
map key 'dims' not found
map key 'dims' not found
map key 'dims' not found
map key 'dims' not found
map key 'dims' not found
map key 'dims' not found
map key 'dims' not found
map key 'dims' not found
map key 'dims' not found
map key 'dims' not found
map key 'dims' not found
map key 'dims' not found
map key 'dims' not found
map key 'dims' not found
map key 'dims' not found
map key 'dims' not found
map key 'dims' not found
map key 'dims' not found
map key 'dims' not found
map key 'dims' not found
map key 'dims' not found
map key 'dims' not found
map key 'dims' not found
map key 'dims' not found
map key 'dims' not found
map key 'dims' not found
map key 'dims' not found
map key 'dims' not found
map key 'dims' not found
map key 'dims' not found
map key 'dims' not found
map key 'dims' not found
map key 'dims' not found
map key 'dims' not found
map key 'dims' not found
map key 'dims' not found
map key 'dims' not found
map key 'dims' not found
map key 'dims' not found
map key 'dims' not found
map key 'dims' not found
map key 'dims' not found
map key 'dims' not found
map key 'dims' not found
map key 'dims' not found
map key 'dims' not found
map key 'dims' not found
map key 'dims' not found
map key 'dims' not found
map key 'dims' not found
map key 'dims' not found
map key 'dims' not found
map key 'dims' not found
map key 'dims' not found
map key 'dims' not found
map key 'dims' not found
map key 'dims' not found
map key 'dims' not found
map key 'dims' not found
map key 'dims' not found
map key 'dims' not found
map key 'dims' not found
map key 'dims' not found
map key 'dims' not found
map key 'dims' not found
map key 'dims' not found
map key 'dims' not found
map key 'dims' not found
map key 'dims' not found
map key 'dims' not found
map key 'dims' not found
map key 'dims' not found
map key 'dims' not found
map key 'dims' not found
map key 'dims' not found
map key 'dims' not found
map key 'dims' not found
map key 'dims' not found
map key 'dims' not found
map key 'dims' not found
map key 'dims' not found
map key 'dims' not found
map key 'dims' not found
map key 'dims' not found
map key 'dims' not found
map key 'dims' not found
map key 'dims' not found
map key 'dims' not found
map key 'dims' not found
map key 'dims' not found
map key 'dims' not found
map key 'dims' not found
map key 'dims' not found
map key 'dims' not found
map key 'dims' not found
map key 'dims' not found
map key 'dims' not found
map key 'dims' not found
map key 'dims' not found
map key 'dims' not found
map key 'dims' not found
map key 'dims' not found
map key 'dims' not found
map key 'dims' not found
map key 'dims' not found
map key 'dims' not found
map key 'dims' not found
map key 'dims' not found
map key 'dims' not found
map key 'dims' not found
map key 'dims' not found
map key 'dims' not found
map key 'dims' not found
map key 'dims' not found
map key 'dims' not found
map key 'dims' not found
map key 'dims' not found
map key 'dims' not found
map key 'dims' not found
map key 'dims' not found
map key 'dims' not found
map key 'dims' not found
map key 'dims' not found
map key 'dims' not found
map key 'dims' not found
map key 'dims' not found
map key 'dims' not found
map key 'dims' not found
map key 'dims' not found
map key 'dims' not found
map key 'dims' not found
map key 'dims' not found
map key 'dims' not found
map key 'dims' not found
map key 'dims' not found
map key 'dims' not found
map key 'dims' not found
map key 'dims' not found
map key 'dims' not found
map key 'dims' not found
map key 'dims' not found
map key 'dims' not found
map key 'dims' not found
map key 'dims' not found
map key 'dims' not found
map key 'dims' not found
map key 'dims' not found
map key 'dims' not found
map key 'dims' not found
map key 'dims' not found
map key 'dims' not found
  spike[c4_tier42_seed2026] inv=166 ev=12 split=12 merge=0 cells=14 rlen=10 wall_ms=0

──── fire: c4_tier51 seed=2026 (156 bytes) ────
map key 'n_layers' not found
map key 'dims' not found
map key 'dims' not found
map key 'dims' not found
map key 'dims' not found
map key 'dims' not found
map key 'dims' not found
map key 'dims' not found
map key 'dims' not found
map key 'dims' not found
map key 'dims' not found
map key 'dims' not found
map key 'dims' not found
map key 'dims' not found
map key 'dims' not found
map key 'dims' not found
map key 'dims' not found
map key 'dims' not found
map key 'dims' not found
map key 'dims' not found
map key 'dims' not found
map key 'dims' not found
map key 'dims' not found
map key 'dims' not found
map key 'dims' not found
map key 'dims' not found
map key 'dims' not found
map key 'dims' not found
map key 'dims' not found
map key 'dims' not found
map key 'dims' not found
map key 'dims' not found
map key 'dims' not found
map key 'dims' not found
map key 'dims' not found
map key 'dims' not found
map key 'dims' not found
map key 'dims' not found
map key 'dims' not found
map key 'dims' not found
map key 'dims' not found
map key 'dims' not found
map key 'dims' not found
map key 'dims' not found
map key 'dims' not found
map key 'dims' not found
map key 'dims' not found
map key 'dims' not found
map key 'dims' not found
map key 'dims' not found
map key 'dims' not found
map key 'dims' not found
map key 'dims' not found
map key 'dims' not found
map key 'dims' not found
map key 'dims' not found
map key 'dims' not found
map key 'dims' not found
map key 'dims' not found
map key 'dims' not found
map key 'dims' not found
map key 'dims' not found
map key 'dims' not found
map key 'dims' not found
map key 'dims' not found
map key 'dims' not found
map key 'dims' not found
map key 'dims' not found
map key 'dims' not found
map key 'dims' not found
map key 'dims' not found
map key 'dims' not found
map key 'dims' not found
map key 'dims' not found
map key 'dims' not found
map key 'dims' not found
map key 'dims' not found
map key 'dims' not found
map key 'dims' not found
map key 'dims' not found
map key 'dims' not found
map key 'dims' not found
map key 'dims' not found
map key 'dims' not found
map key 'dims' not found
map key 'dims' not found
map key 'dims' not found
map key 'dims' not found
map key 'dims' not found
map key 'dims' not found
map key 'dims' not found
map key 'dims' not found
map key 'dims' not found
map key 'dims' not found
map key 'dims' not found
map key 'dims' not found
map key 'dims' not found
map key 'dims' not found
map key 'dims' not found
map key 'dims' not found
map key 'dims' not found
map key 'dims' not found
map key 'dims' not found
map key 'dims' not found
map key 'dims' not found
map key 'dims' not found
map key 'dims' not found
map key 'dims' not found
map key 'dims' not found
map key 'dims' not found
map key 'dims' not found
map key 'dims' not found
map key 'dims' not found
map key 'dims' not found
map key 'dims' not found
map key 'dims' not found
map key 'dims' not found
map key 'dims' not found
map key 'dims' not found
map key 'dims' not found
map key 'dims' not found
map key 'dims' not found
map key 'dims' not found
map key 'dims' not found
map key 'dims' not found
map key 'dims' not found
map key 'dims' not found
map key 'dims' not found
map key 'dims' not found
map key 'dims' not found
map key 'dims' not found
map key 'dims' not found
map key 'dims' not found
map key 'dims' not found
map key 'dims' not found
map key 'dims' not found
map key 'dims' not found
map key 'dims' not found
map key 'dims' not found
map key 'dims' not found
map key 'dims' not found
map key 'dims' not found
map key 'dims' not found
map key 'dims' not found
map key 'dims' not found
map key 'dims' not found
map key 'dims' not found
map key 'dims' not found
map key 'dims' not found
map key 'dims' not found
map key 'dims' not found
map key 'dims' not found
map key 'dims' not found
map key 'dims' not found
map key 'dims' not found
map key 'dims' not found
map key 'dims' not found
map key 'dims' not found
map key 'dims' not found
map key 'dims' not found
map key 'dims' not found
map key 'dims' not found
map key 'dims' not found
map key 'dims' not found
map key 'dims' not found
map key 'dims' not found
map key 'dims' not found
  spike[c4_tier51_seed2026] inv=166 ev=16 split=16 merge=0 cells=18 rlen=10 wall_ms=0

──── fire: c4_tier60 seed=2026 (156 bytes) ────
map key 'n_layers' not found
map key 'dims' not found
map key 'dims' not found
map key 'dims' not found
map key 'dims' not found
map key 'dims' not found
map key 'dims' not found
map key 'dims' not found
map key 'dims' not found
map key 'dims' not found
map key 'dims' not found
map key 'dims' not found
map key 'dims' not found
map key 'dims' not found
map key 'dims' not found
map key 'dims' not found
map key 'dims' not found
map key 'dims' not found
map key 'dims' not found
map key 'dims' not found
map key 'dims' not found
map key 'dims' not found
map key 'dims' not found
map key 'dims' not found
map key 'dims' not found
map key 'dims' not found
map key 'dims' not found
map key 'dims' not found
map key 'dims' not found
map key 'dims' not found
map key 'dims' not found
map key 'dims' not found
map key 'dims' not found
map key 'dims' not found
map key 'dims' not found
map key 'dims' not found
map key 'dims' not found
map key 'dims' not found
map key 'dims' not found
map key 'dims' not found
map key 'dims' not found
map key 'dims' not found
map key 'dims' not found
map key 'dims' not found
map key 'dims' not found
map key 'dims' not found
map key 'dims' not found
map key 'dims' not found
map key 'dims' not found
map key 'dims' not found
map key 'dims' not found
map key 'dims' not found
map key 'dims' not found
map key 'dims' not found
map key 'dims' not found
map key 'dims' not found
map key 'dims' not found
map key 'dims' not found
map key 'dims' not found
map key 'dims' not found
map key 'dims' not found
map key 'dims' not found
map key 'dims' not found
map key 'dims' not found
map key 'dims' not found
map key 'dims' not found
map key 'dims' not found
map key 'dims' not found
map key 'dims' not found
map key 'dims' not found
map key 'dims' not found
map key 'dims' not found
map key 'dims' not found
map key 'dims' not found
map key 'dims' not found
map key 'dims' not found
map key 'dims' not found
map key 'dims' not found
map key 'dims' not found
map key 'dims' not found
map key 'dims' not found
map key 'dims' not found
map key 'dims' not found
map key 'dims' not found
map key 'dims' not found
map key 'dims' not found
map key 'dims' not found
map key 'dims' not found
map key 'dims' not found
map key 'dims' not found
map key 'dims' not found
map key 'dims' not found
map key 'dims' not found
map key 'dims' not found
map key 'dims' not found
map key 'dims' not found
map key 'dims' not found
map key 'dims' not found
map key 'dims' not found
map key 'dims' not found
map key 'dims' not found
map key 'dims' not found
map key 'dims' not found
map key 'dims' not found
map key 'dims' not found
map key 'dims' not found
map key 'dims' not found
map key 'dims' not found
map key 'dims' not found
map key 'dims' not found
map key 'dims' not found
map key 'dims' not found
map key 'dims' not found
map key 'dims' not found
map key 'dims' not found
map key 'dims' not found
map key 'dims' not found
map key 'dims' not found
map key 'dims' not found
map key 'dims' not found
map key 'dims' not found
map key 'dims' not found
map key 'dims' not found
map key 'dims' not found
map key 'dims' not found
map key 'dims' not found
map key 'dims' not found
map key 'dims' not found
map key 'dims' not found
map key 'dims' not found
map key 'dims' not found
map key 'dims' not found
map key 'dims' not found
map key 'dims' not found
map key 'dims' not found
map key 'dims' not found
map key 'dims' not found
map key 'dims' not found
map key 'dims' not found
map key 'dims' not found
map key 'dims' not found
map key 'dims' not found
map key 'dims' not found
map key 'dims' not found
map key 'dims' not found
map key 'dims' not found
map key 'dims' not found
map key 'dims' not found
map key 'dims' not found
map key 'dims' not found
map key 'dims' not found
map key 'dims' not found
map key 'dims' not found
map key 'dims' not found
map key 'dims' not found
map key 'dims' not found
map key 'dims' not found
map key 'dims' not found
map key 'dims' not found
map key 'dims' not found
map key 'dims' not found
map key 'dims' not found
map key 'dims' not found
map key 'dims' not found
map key 'dims' not found
map key 'dims' not found
map key 'dims' not found
  spike[c4_tier60_seed2026] inv=166 ev=7 split=7 merge=0 cells=9 rlen=10 wall_ms=0

──── fire: c4_tier77 seed=2026 (156 bytes) ────
map key 'n_layers' not found
map key 'dims' not found
map key 'dims' not found
map key 'dims' not found
map key 'dims' not found
map key 'dims' not found
map key 'dims' not found
map key 'dims' not found
map key 'dims' not found
map key 'dims' not found
map key 'dims' not found
map key 'dims' not found
map key 'dims' not found
map key 'dims' not found
map key 'dims' not found
map key 'dims' not found
map key 'dims' not found
map key 'dims' not found
map key 'dims' not found
map key 'dims' not found
map key 'dims' not found
map key 'dims' not found
map key 'dims' not found
map key 'dims' not found
map key 'dims' not found
map key 'dims' not found
map key 'dims' not found
map key 'dims' not found
map key 'dims' not found
map key 'dims' not found
map key 'dims' not found
map key 'dims' not found
map key 'dims' not found
map key 'dims' not found
map key 'dims' not found
map key 'dims' not found
map key 'dims' not found
map key 'dims' not found
map key 'dims' not found
map key 'dims' not found
map key 'dims' not found
map key 'dims' not found
map key 'dims' not found
map key 'dims' not found
map key 'dims' not found
map key 'dims' not found
map key 'dims' not found
map key 'dims' not found
map key 'dims' not found
map key 'dims' not found
map key 'dims' not found
map key 'dims' not found
map key 'dims' not found
map key 'dims' not found
map key 'dims' not found
map key 'dims' not found
map key 'dims' not found
map key 'dims' not found
map key 'dims' not found
map key 'dims' not found
map key 'dims' not found
map key 'dims' not found
map key 'dims' not found
map key 'dims' not found
map key 'dims' not found
map key 'dims' not found
map key 'dims' not found
map key 'dims' not found
map key 'dims' not found
map key 'dims' not found
map key 'dims' not found
map key 'dims' not found
map key 'dims' not found
map key 'dims' not found
map key 'dims' not found
map key 'dims' not found
map key 'dims' not found
map key 'dims' not found
map key 'dims' not found
map key 'dims' not found
map key 'dims' not found
map key 'dims' not found
map key 'dims' not found
map key 'dims' not found
map key 'dims' not found
map key 'dims' not found
map key 'dims' not found
map key 'dims' not found
map key 'dims' not found
map key 'dims' not found
map key 'dims' not found
map key 'dims' not found
map key 'dims' not found
map key 'dims' not found
map key 'dims' not found
map key 'dims' not found
map key 'dims' not found
map key 'dims' not found
map key 'dims' not found
map key 'dims' not found
map key 'dims' not found
map key 'dims' not found
map key 'dims' not found
map key 'dims' not found
map key 'dims' not found
map key 'dims' not found
map key 'dims' not found
map key 'dims' not found
map key 'dims' not found
map key 'dims' not found
map key 'dims' not found
map key 'dims' not found
map key 'dims' not found
map key 'dims' not found
map key 'dims' not found
map key 'dims' not found
map key 'dims' not found
map key 'dims' not found
map key 'dims' not found
map key 'dims' not found
map key 'dims' not found
map key 'dims' not found
map key 'dims' not found
map key 'dims' not found
map key 'dims' not found
map key 'dims' not found
map key 'dims' not found
map key 'dims' not found
map key 'dims' not found
map key 'dims' not found
map key 'dims' not found
map key 'dims' not found
map key 'dims' not found
map key 'dims' not found
map key 'dims' not found
map key 'dims' not found
map key 'dims' not found
map key 'dims' not found
map key 'dims' not found
map key 'dims' not found
map key 'dims' not found
map key 'dims' not found
map key 'dims' not found
map key 'dims' not found
map key 'dims' not found
map key 'dims' not found
map key 'dims' not found
map key 'dims' not found
map key 'dims' not found
map key 'dims' not found
map key 'dims' not found
map key 'dims' not found
map key 'dims' not found
map key 'dims' not found
map key 'dims' not found
map key 'dims' not found
map key 'dims' not found
map key 'dims' not found
map key 'dims' not found
map key 'dims' not found
map key 'dims' not found
map key 'dims' not found
map key 'dims' not found
map key 'dims' not found
map key 'dims' not found
map key 'dims' not found
map key 'dims' not found
  spike[c4_tier77_seed2026] inv=166 ev=12 split=12 merge=0 cells=14 rlen=10 wall_ms=0

──── fire: c4_tier80 seed=2026 (156 bytes) ────
map key 'n_layers' not found
map key 'dims' not found
map key 'dims' not found
map key 'dims' not found
map key 'dims' not found
map key 'dims' not found
map key 'dims' not found
map key 'dims' not found
map key 'dims' not found
map key 'dims' not found
map key 'dims' not found
map key 'dims' not found
map key 'dims' not found
map key 'dims' not found
map key 'dims' not found
map key 'dims' not found
map key 'dims' not found
map key 'dims' not found
map key 'dims' not found
map key 'dims' not found
map key 'dims' not found
map key 'dims' not found
map key 'dims' not found
map key 'dims' not found
map key 'dims' not found
map key 'dims' not found
map key 'dims' not found
map key 'dims' not found
map key 'dims' not found
map key 'dims' not found
map key 'dims' not found
map key 'dims' not found
map key 'dims' not found
map key 'dims' not found
map key 'dims' not found
map key 'dims' not found
map key 'dims' not found
map key 'dims' not found
map key 'dims' not found
map key 'dims' not found
map key 'dims' not found
map key 'dims' not found
map key 'dims' not found
map key 'dims' not found
map key 'dims' not found
map key 'dims' not found
map key 'dims' not found
map key 'dims' not found
map key 'dims' not found
map key 'dims' not found
map key 'dims' not found
map key 'dims' not found
map key 'dims' not found
map key 'dims' not found
map key 'dims' not found
map key 'dims' not found
map key 'dims' not found
map key 'dims' not found
map key 'dims' not found
map key 'dims' not found
map key 'dims' not found
map key 'dims' not found
map key 'dims' not found
map key 'dims' not found
map key 'dims' not found
map key 'dims' not found
map key 'dims' not found
map key 'dims' not found
map key 'dims' not found
map key 'dims' not found
map key 'dims' not found
map key 'dims' not found
map key 'dims' not found
map key 'dims' not found
map key 'dims' not found
map key 'dims' not found
map key 'dims' not found
map key 'dims' not found
map key 'dims' not found
map key 'dims' not found
map key 'dims' not found
map key 'dims' not found
map key 'dims' not found
map key 'dims' not found
map key 'dims' not found
map key 'dims' not found
map key 'dims' not found
map key 'dims' not found
map key 'dims' not found
map key 'dims' not found
map key 'dims' not found
map key 'dims' not found
map key 'dims' not found
map key 'dims' not found
map key 'dims' not found
map key 'dims' not found
map key 'dims' not found
map key 'dims' not found
map key 'dims' not found
map key 'dims' not found
map key 'dims' not found
map key 'dims' not found
map key 'dims' not found
map key 'dims' not found
map key 'dims' not found
map key 'dims' not found
map key 'dims' not found
map key 'dims' not found
map key 'dims' not found
map key 'dims' not found
map key 'dims' not found
map key 'dims' not found
map key 'dims' not found
map key 'dims' not found
map key 'dims' not found
map key 'dims' not found
map key 'dims' not found
map key 'dims' not found
map key 'dims' not found
map key 'dims' not found
map key 'dims' not found
map key 'dims' not found
map key 'dims' not found
map key 'dims' not found
map key 'dims' not found
map key 'dims' not found
map key 'dims' not found
map key 'dims' not found
map key 'dims' not found
map key 'dims' not found
map key 'dims' not found
map key 'dims' not found
map key 'dims' not found
map key 'dims' not found
map key 'dims' not found
map key 'dims' not found
map key 'dims' not found
map key 'dims' not found
map key 'dims' not found
map key 'dims' not found
map key 'dims' not found
map key 'dims' not found
map key 'dims' not found
map key 'dims' not found
map key 'dims' not found
map key 'dims' not found
map key 'dims' not found
map key 'dims' not found
map key 'dims' not found
map key 'dims' not found
map key 'dims' not found
map key 'dims' not found
map key 'dims' not found
map key 'dims' not found
map key 'dims' not found
map key 'dims' not found
map key 'dims' not found
map key 'dims' not found
map key 'dims' not found
map key 'dims' not found
map key 'dims' not found
map key 'dims' not found
map key 'dims' not found
map key 'dims' not found
map key 'dims' not found
map key 'dims' not found
map key 'dims' not found
  spike[c4_tier80_seed2026] inv=166 ev=21 split=21 merge=0 cells=23 rlen=10 wall_ms=0

──── fire: c4_tier91 seed=2026 (156 bytes) ────
map key 'n_layers' not found
map key 'dims' not found
map key 'dims' not found
map key 'dims' not found
map key 'dims' not found
map key 'dims' not found
map key 'dims' not found
map key 'dims' not found
map key 'dims' not found
map key 'dims' not found
map key 'dims' not found
map key 'dims' not found
map key 'dims' not found
map key 'dims' not found
map key 'dims' not found
map key 'dims' not found
map key 'dims' not found
map key 'dims' not found
map key 'dims' not found
map key 'dims' not found
map key 'dims' not found
map key 'dims' not found
map key 'dims' not found
map key 'dims' not found
map key 'dims' not found
map key 'dims' not found
map key 'dims' not found
map key 'dims' not found
map key 'dims' not found
map key 'dims' not found
map key 'dims' not found
map key 'dims' not found
map key 'dims' not found
map key 'dims' not found
map key 'dims' not found
map key 'dims' not found
map key 'dims' not found
map key 'dims' not found
map key 'dims' not found
map key 'dims' not found
map key 'dims' not found
map key 'dims' not found
map key 'dims' not found
map key 'dims' not found
map key 'dims' not found
map key 'dims' not found
map key 'dims' not found
map key 'dims' not found
map key 'dims' not found
map key 'dims' not found
map key 'dims' not found
map key 'dims' not found
map key 'dims' not found
map key 'dims' not found
map key 'dims' not found
map key 'dims' not found
map key 'dims' not found
map key 'dims' not found
map key 'dims' not found
map key 'dims' not found
map key 'dims' not found
map key 'dims' not found
map key 'dims' not found
map key 'dims' not found
map key 'dims' not found
map key 'dims' not found
map key 'dims' not found
map key 'dims' not found
map key 'dims' not found
map key 'dims' not found
map key 'dims' not found
map key 'dims' not found
map key 'dims' not found
map key 'dims' not found
map key 'dims' not found
map key 'dims' not found
map key 'dims' not found
map key 'dims' not found
map key 'dims' not found
map key 'dims' not found
map key 'dims' not found
map key 'dims' not found
map key 'dims' not found
map key 'dims' not found
map key 'dims' not found
map key 'dims' not found
map key 'dims' not found
map key 'dims' not found
map key 'dims' not found
map key 'dims' not found
map key 'dims' not found
map key 'dims' not found
map key 'dims' not found
map key 'dims' not found
map key 'dims' not found
map key 'dims' not found
map key 'dims' not found
map key 'dims' not found
map key 'dims' not found
map key 'dims' not found
map key 'dims' not found
map key 'dims' not found
map key 'dims' not found
map key 'dims' not found
map key 'dims' not found
map key 'dims' not found
map key 'dims' not found
map key 'dims' not found
map key 'dims' not found
map key 'dims' not found
map key 'dims' not found
map key 'dims' not found
map key 'dims' not found
map key 'dims' not found
map key 'dims' not found
map key 'dims' not found
map key 'dims' not found
map key 'dims' not found
map key 'dims' not found
map key 'dims' not found
map key 'dims' not found
map key 'dims' not found
map key 'dims' not found
map key 'dims' not found
map key 'dims' not found
map key 'dims' not found
map key 'dims' not found
map key 'dims' not found
map key 'dims' not found
map key 'dims' not found
map key 'dims' not found
map key 'dims' not found
map key 'dims' not found
map key 'dims' not found
map key 'dims' not found
map key 'dims' not found
map key 'dims' not found
map key 'dims' not found
map key 'dims' not found
map key 'dims' not found
map key 'dims' not found
map key 'dims' not found
map key 'dims' not found
map key 'dims' not found
map key 'dims' not found
map key 'dims' not found
map key 'dims' not found
map key 'dims' not found
map key 'dims' not found
map key 'dims' not found
map key 'dims' not found
map key 'dims' not found
map key 'dims' not found
map key 'dims' not found
map key 'dims' not found
map key 'dims' not found
map key 'dims' not found
map key 'dims' not found
map key 'dims' not found
map key 'dims' not found
map key 'dims' not found
map key 'dims' not found
map key 'dims' not found
map key 'dims' not found
map key 'dims' not found
map key 'dims' not found
map key 'dims' not found
  spike[c4_tier91_seed2026] inv=166 ev=17 split=17 merge=0 cells=19 rlen=10 wall_ms=0

──── fire: c4_tier95 seed=2026 (156 bytes) ────
map key 'n_layers' not found
map key 'dims' not found
map key 'dims' not found
map key 'dims' not found
map key 'dims' not found
map key 'dims' not found
map key 'dims' not found
map key 'dims' not found
map key 'dims' not found
map key 'dims' not found
map key 'dims' not found
map key 'dims' not found
map key 'dims' not found
map key 'dims' not found
map key 'dims' not found
map key 'dims' not found
map key 'dims' not found
map key 'dims' not found
map key 'dims' not found
map key 'dims' not found
map key 'dims' not found
map key 'dims' not found
map key 'dims' not found
map key 'dims' not found
map key 'dims' not found
map key 'dims' not found
map key 'dims' not found
map key 'dims' not found
map key 'dims' not found
map key 'dims' not found
map key 'dims' not found
map key 'dims' not found
map key 'dims' not found
map key 'dims' not found
map key 'dims' not found
map key 'dims' not found
map key 'dims' not found
map key 'dims' not found
map key 'dims' not found
map key 'dims' not found
map key 'dims' not found
map key 'dims' not found
map key 'dims' not found
map key 'dims' not found
map key 'dims' not found
map key 'dims' not found
map key 'dims' not found
map key 'dims' not found
map key 'dims' not found
map key 'dims' not found
map key 'dims' not found
map key 'dims' not found
map key 'dims' not found
map key 'dims' not found
map key 'dims' not found
map key 'dims' not found
map key 'dims' not found
map key 'dims' not found
map key 'dims' not found
map key 'dims' not found
map key 'dims' not found
map key 'dims' not found
map key 'dims' not found
map key 'dims' not found
map key 'dims' not found
map key 'dims' not found
map key 'dims' not found
map key 'dims' not found
map key 'dims' not found
map key 'dims' not found
map key 'dims' not found
map key 'dims' not found
map key 'dims' not found
map key 'dims' not found
map key 'dims' not found
map key 'dims' not found
map key 'dims' not found
map key 'dims' not found
map key 'dims' not found
map key 'dims' not found
map key 'dims' not found
map key 'dims' not found
map key 'dims' not found
map key 'dims' not found
map key 'dims' not found
map key 'dims' not found
map key 'dims' not found
map key 'dims' not found
map key 'dims' not found
map key 'dims' not found
map key 'dims' not found
map key 'dims' not found
map key 'dims' not found
map key 'dims' not found
map key 'dims' not found
map key 'dims' not found
map key 'dims' not found
map key 'dims' not found
map key 'dims' not found
map key 'dims' not found
map key 'dims' not found
map key 'dims' not found
map key 'dims' not found
map key 'dims' not found
map key 'dims' not found
map key 'dims' not found
map key 'dims' not found
map key 'dims' not found
map key 'dims' not found
map key 'dims' not found
map key 'dims' not found
map key 'dims' not found
map key 'dims' not found
map key 'dims' not found
map key 'dims' not found
map key 'dims' not found
map key 'dims' not found
map key 'dims' not found
map key 'dims' not found
map key 'dims' not found
map key 'dims' not found
map key 'dims' not found
map key 'dims' not found
map key 'dims' not found
map key 'dims' not found
map key 'dims' not found
map key 'dims' not found
map key 'dims' not found
map key 'dims' not found
map key 'dims' not found
map key 'dims' not found
map key 'dims' not found
map key 'dims' not found
map key 'dims' not found
map key 'dims' not found
map key 'dims' not found
map key 'dims' not found
map key 'dims' not found
map key 'dims' not found
map key 'dims' not found
map key 'dims' not found
map key 'dims' not found
map key 'dims' not found
map key 'dims' not found
map key 'dims' not found
map key 'dims' not found
map key 'dims' not found
map key 'dims' not found
map key 'dims' not found
map key 'dims' not found
map key 'dims' not found
map key 'dims' not found
map key 'dims' not found
map key 'dims' not found
map key 'dims' not found
map key 'dims' not found
map key 'dims' not found
map key 'dims' not found
map key 'dims' not found
map key 'dims' not found
map key 'dims' not found
map key 'dims' not found
map key 'dims' not found
map key 'dims' not found
map key 'dims' not found
map key 'dims' not found
map key 'dims' not found
  spike[c4_tier95_seed2026] inv=166 ev=11 split=11 merge=0 cells=13 rlen=10 wall_ms=0

──── fire: c4_tier100 seed=2026 (156 bytes) ────
map key 'n_layers' not found
map key 'dims' not found
map key 'dims' not found
map key 'dims' not found
map key 'dims' not found
map key 'dims' not found
map key 'dims' not found
map key 'dims' not found
map key 'dims' not found
map key 'dims' not found
map key 'dims' not found
map key 'dims' not found
map key 'dims' not found
map key 'dims' not found
map key 'dims' not found
map key 'dims' not found
map key 'dims' not found
map key 'dims' not found
map key 'dims' not found
map key 'dims' not found
map key 'dims' not found
map key 'dims' not found
map key 'dims' not found
map key 'dims' not found
map key 'dims' not found
map key 'dims' not found
map key 'dims' not found
map key 'dims' not found
map key 'dims' not found
map key 'dims' not found
map key 'dims' not found
map key 'dims' not found
map key 'dims' not found
map key 'dims' not found
map key 'dims' not found
map key 'dims' not found
map key 'dims' not found
map key 'dims' not found
map key 'dims' not found
map key 'dims' not found
map key 'dims' not found
map key 'dims' not found
map key 'dims' not found
map key 'dims' not found
map key 'dims' not found
map key 'dims' not found
map key 'dims' not found
map key 'dims' not found
map key 'dims' not found
map key 'dims' not found
map key 'dims' not found
map key 'dims' not found
map key 'dims' not found
map key 'dims' not found
map key 'dims' not found
map key 'dims' not found
map key 'dims' not found
map key 'dims' not found
map key 'dims' not found
map key 'dims' not found
map key 'dims' not found
map key 'dims' not found
map key 'dims' not found
map key 'dims' not found
map key 'dims' not found
map key 'dims' not found
map key 'dims' not found
map key 'dims' not found
map key 'dims' not found
map key 'dims' not found
map key 'dims' not found
map key 'dims' not found
map key 'dims' not found
map key 'dims' not found
map key 'dims' not found
map key 'dims' not found
map key 'dims' not found
map key 'dims' not found
map key 'dims' not found
map key 'dims' not found
map key 'dims' not found
map key 'dims' not found
map key 'dims' not found
map key 'dims' not found
map key 'dims' not found
map key 'dims' not found
map key 'dims' not found
map key 'dims' not found
map key 'dims' not found
map key 'dims' not found
map key 'dims' not found
map key 'dims' not found
map key 'dims' not found
map key 'dims' not found
map key 'dims' not found
map key 'dims' not found
map key 'dims' not found
map key 'dims' not found
map key 'dims' not found
map key 'dims' not found
map key 'dims' not found
map key 'dims' not found
map key 'dims' not found
map key 'dims' not found
map key 'dims' not found
map key 'dims' not found
map key 'dims' not found
map key 'dims' not found
map key 'dims' not found
map key 'dims' not found
map key 'dims' not found
map key 'dims' not found
map key 'dims' not found
map key 'dims' not found
map key 'dims' not found
map key 'dims' not found
map key 'dims' not found
map key 'dims' not found
map key 'dims' not found
map key 'dims' not found
map key 'dims' not found
map key 'dims' not found
map key 'dims' not found
map key 'dims' not found
map key 'dims' not found
map key 'dims' not found
map key 'dims' not found
map key 'dims' not found
map key 'dims' not found
map key 'dims' not found
map key 'dims' not found
map key 'dims' not found
map key 'dims' not found
map key 'dims' not found
map key 'dims' not found
map key 'dims' not found
map key 'dims' not found
map key 'dims' not found
map key 'dims' not found
map key 'dims' not found
map key 'dims' not found
map key 'dims' not found
map key 'dims' not found
map key 'dims' not found
map key 'dims' not found
map key 'dims' not found
map key 'dims' not found
map key 'dims' not found
map key 'dims' not found
map key 'dims' not found
map key 'dims' not found
map key 'dims' not found
map key 'dims' not found
map key 'dims' not found
map key 'dims' not found
map key 'dims' not found
map key 'dims' not found
map key 'dims' not found
map key 'dims' not found
map key 'dims' not found
map key 'dims' not found
map key 'dims' not found
map key 'dims' not found
map key 'dims' not found
map key 'dims' not found
map key 'dims' not found
map key 'dims' not found
  spike[c4_tier100_seed2026] inv=166 ev=16 split=16 merge=0 cells=18 rlen=10 wall_ms=0

════ Part B — F-SRH-3 5-seed reproducibility ════

──── fire: c4_t0 seed=2026 (156 bytes) ────
map key 'n_layers' not found
map key 'dims' not found
map key 'dims' not found
map key 'dims' not found
map key 'dims' not found
map key 'dims' not found
map key 'dims' not found
map key 'dims' not found
map key 'dims' not found
map key 'dims' not found
map key 'dims' not found
map key 'dims' not found
map key 'dims' not found
map key 'dims' not found
map key 'dims' not found
map key 'dims' not found
map key 'dims' not found
map key 'dims' not found
map key 'dims' not found
map key 'dims' not found
map key 'dims' not found
map key 'dims' not found
map key 'dims' not found
map key 'dims' not found
map key 'dims' not found
map key 'dims' not found
map key 'dims' not found
map key 'dims' not found
map key 'dims' not found
map key 'dims' not found
map key 'dims' not found
map key 'dims' not found
map key 'dims' not found
map key 'dims' not found
map key 'dims' not found
map key 'dims' not found
map key 'dims' not found
map key 'dims' not found
map key 'dims' not found
map key 'dims' not found
map key 'dims' not found
map key 'dims' not found
map key 'dims' not found
map key 'dims' not found
map key 'dims' not found
map key 'dims' not found
map key 'dims' not found
map key 'dims' not found
map key 'dims' not found
map key 'dims' not found
map key 'dims' not found
map key 'dims' not found
map key 'dims' not found
map key 'dims' not found
map key 'dims' not found
map key 'dims' not found
map key 'dims' not found
map key 'dims' not found
map key 'dims' not found
map key 'dims' not found
map key 'dims' not found
map key 'dims' not found
map key 'dims' not found
map key 'dims' not found
map key 'dims' not found
map key 'dims' not found
map key 'dims' not found
map key 'dims' not found
map key 'dims' not found
map key 'dims' not found
map key 'dims' not found
map key 'dims' not found
map key 'dims' not found
map key 'dims' not found
map key 'dims' not found
map key 'dims' not found
map key 'dims' not found
map key 'dims' not found
map key 'dims' not found
map key 'dims' not found
map key 'dims' not found
map key 'dims' not found
map key 'dims' not found
map key 'dims' not found
map key 'dims' not found
map key 'dims' not found
map key 'dims' not found
map key 'dims' not found
map key 'dims' not found
map key 'dims' not found
map key 'dims' not found
map key 'dims' not found
map key 'dims' not found
map key 'dims' not found
map key 'dims' not found
map key 'dims' not found
map key 'dims' not found
map key 'dims' not found
map key 'dims' not found
map key 'dims' not found
map key 'dims' not found
map key 'dims' not found
map key 'dims' not found
map key 'dims' not found
map key 'dims' not found
map key 'dims' not found
map key 'dims' not found
map key 'dims' not found
map key 'dims' not found
map key 'dims' not found
map key 'dims' not found
map key 'dims' not found
map key 'dims' not found
map key 'dims' not found
map key 'dims' not found
map key 'dims' not found
map key 'dims' not found
map key 'dims' not found
map key 'dims' not found
map key 'dims' not found
map key 'dims' not found
map key 'dims' not found
map key 'dims' not found
map key 'dims' not found
map key 'dims' not found
map key 'dims' not found
map key 'dims' not found
map key 'dims' not found
map key 'dims' not found
map key 'dims' not found
map key 'dims' not found
map key 'dims' not found
map key 'dims' not found
map key 'dims' not found
map key 'dims' not found
map key 'dims' not found
map key 'dims' not found
map key 'dims' not found
map key 'dims' not found
map key 'dims' not found
map key 'dims' not found
map key 'dims' not found
map key 'dims' not found
map key 'dims' not found
map key 'dims' not found
map key 'dims' not found
map key 'dims' not found
map key 'dims' not found
map key 'dims' not found
map key 'dims' not found
map key 'dims' not found
map key 'dims' not found
map key 'dims' not found
map key 'dims' not found
map key 'dims' not found
map key 'dims' not found
map key 'dims' not found
map key 'dims' not found
map key 'dims' not found
map key 'dims' not found
map key 'dims' not found
map key 'dims' not found
map key 'dims' not found
map key 'dims' not found
map key 'dims' not found
map key 'dims' not found
map key 'dims' not found
  spike[c4_t0_seed2026] inv=166 ev=27 split=27 merge=0 cells=29 rlen=10 wall_ms=0

──── fire: c4_t0 seed=42 (156 bytes) ────
map key 'n_layers' not found
map key 'dims' not found
map key 'dims' not found
map key 'dims' not found
map key 'dims' not found
map key 'dims' not found
map key 'dims' not found
map key 'dims' not found
map key 'dims' not found
map key 'dims' not found
map key 'dims' not found
map key 'dims' not found
map key 'dims' not found
map key 'dims' not found
map key 'dims' not found
map key 'dims' not found
map key 'dims' not found
map key 'dims' not found
map key 'dims' not found
map key 'dims' not found
map key 'dims' not found
map key 'dims' not found
map key 'dims' not found
map key 'dims' not found
map key 'dims' not found
map key 'dims' not found
map key 'dims' not found
map key 'dims' not found
map key 'dims' not found
map key 'dims' not found
map key 'dims' not found
map key 'dims' not found
map key 'dims' not found
map key 'dims' not found
map key 'dims' not found
map key 'dims' not found
map key 'dims' not found
map key 'dims' not found
map key 'dims' not found
map key 'dims' not found
map key 'dims' not found
map key 'dims' not found
map key 'dims' not found
map key 'dims' not found
map key 'dims' not found
map key 'dims' not found
map key 'dims' not found
map key 'dims' not found
map key 'dims' not found
map key 'dims' not found
map key 'dims' not found
map key 'dims' not found
map key 'dims' not found
map key 'dims' not found
map key 'dims' not found
map key 'dims' not found
map key 'dims' not found
map key 'dims' not found
map key 'dims' not found
map key 'dims' not found
map key 'dims' not found
map key 'dims' not found
map key 'dims' not found
map key 'dims' not found
map key 'dims' not found
map key 'dims' not found
map key 'dims' not found
map key 'dims' not found
map key 'dims' not found
map key 'dims' not found
map key 'dims' not found
map key 'dims' not found
map key 'dims' not found
map key 'dims' not found
map key 'dims' not found
map key 'dims' not found
map key 'dims' not found
map key 'dims' not found
map key 'dims' not found
map key 'dims' not found
map key 'dims' not found
map key 'dims' not found
map key 'dims' not found
map key 'dims' not found
map key 'dims' not found
map key 'dims' not found
map key 'dims' not found
map key 'dims' not found
map key 'dims' not found
map key 'dims' not found
map key 'dims' not found
map key 'dims' not found
map key 'dims' not found
map key 'dims' not found
map key 'dims' not found
map key 'dims' not found
map key 'dims' not found
map key 'dims' not found
map key 'dims' not found
map key 'dims' not found
map key 'dims' not found
map key 'dims' not found
map key 'dims' not found
map key 'dims' not found
map key 'dims' not found
map key 'dims' not found
map key 'dims' not found
map key 'dims' not found
map key 'dims' not found
map key 'dims' not found
map key 'dims' not found
map key 'dims' not found
map key 'dims' not found
map key 'dims' not found
map key 'dims' not found
map key 'dims' not found
map key 'dims' not found
map key 'dims' not found
map key 'dims' not found
map key 'dims' not found
map key 'dims' not found
map key 'dims' not found
map key 'dims' not found
map key 'dims' not found
map key 'dims' not found
map key 'dims' not found
map key 'dims' not found
map key 'dims' not found
map key 'dims' not found
map key 'dims' not found
map key 'dims' not found
map key 'dims' not found
map key 'dims' not found
map key 'dims' not found
map key 'dims' not found
map key 'dims' not found
map key 'dims' not found
map key 'dims' not found
map key 'dims' not found
map key 'dims' not found
map key 'dims' not found
map key 'dims' not found
map key 'dims' not found
map key 'dims' not found
map key 'dims' not found
map key 'dims' not found
map key 'dims' not found
map key 'dims' not found
map key 'dims' not found
map key 'dims' not found
map key 'dims' not found
map key 'dims' not found
map key 'dims' not found
map key 'dims' not found
map key 'dims' not found
map key 'dims' not found
map key 'dims' not found
map key 'dims' not found
map key 'dims' not found
map key 'dims' not found
map key 'dims' not found
map key 'dims' not found
map key 'dims' not found
map key 'dims' not found
map key 'dims' not found
map key 'dims' not found
map key 'dims' not found
  spike[c4_t0_seed42] inv=166 ev=28 split=28 merge=0 cells=30 rlen=10 wall_ms=0

──── fire: c4_t0 seed=99 (156 bytes) ────
map key 'n_layers' not found
map key 'dims' not found
map key 'dims' not found
map key 'dims' not found
map key 'dims' not found
map key 'dims' not found
map key 'dims' not found
map key 'dims' not found
map key 'dims' not found
map key 'dims' not found
map key 'dims' not found
map key 'dims' not found
map key 'dims' not found
map key 'dims' not found
map key 'dims' not found
map key 'dims' not found
map key 'dims' not found
map key 'dims' not found
map key 'dims' not found
map key 'dims' not found
map key 'dims' not found
map key 'dims' not found
map key 'dims' not found
map key 'dims' not found
map key 'dims' not found
map key 'dims' not found
map key 'dims' not found
map key 'dims' not found
map key 'dims' not found
map key 'dims' not found
map key 'dims' not found
map key 'dims' not found
map key 'dims' not found
map key 'dims' not found
map key 'dims' not found
map key 'dims' not found
map key 'dims' not found
map key 'dims' not found
map key 'dims' not found
map key 'dims' not found
map key 'dims' not found
map key 'dims' not found
map key 'dims' not found
map key 'dims' not found
map key 'dims' not found
map key 'dims' not found
map key 'dims' not found
map key 'dims' not found
map key 'dims' not found
map key 'dims' not found
map key 'dims' not found
map key 'dims' not found
map key 'dims' not found
map key 'dims' not found
map key 'dims' not found
map key 'dims' not found
map key 'dims' not found
map key 'dims' not found
map key 'dims' not found
map key 'dims' not found
map key 'dims' not found
map key 'dims' not found
map key 'dims' not found
map key 'dims' not found
map key 'dims' not found
map key 'dims' not found
map key 'dims' not found
map key 'dims' not found
map key 'dims' not found
map key 'dims' not found
map key 'dims' not found
map key 'dims' not found
map key 'dims' not found
map key 'dims' not found
map key 'dims' not found
map key 'dims' not found
map key 'dims' not found
map key 'dims' not found
map key 'dims' not found
map key 'dims' not found
map key 'dims' not found
map key 'dims' not found
map key 'dims' not found
map key 'dims' not found
map key 'dims' not found
map key 'dims' not found
map key 'dims' not found
map key 'dims' not found
map key 'dims' not found
map key 'dims' not found
map key 'dims' not found
map key 'dims' not found
map key 'dims' not found
map key 'dims' not found
map key 'dims' not found
map key 'dims' not found
map key 'dims' not found
map key 'dims' not found
map key 'dims' not found
map key 'dims' not found
map key 'dims' not found
map key 'dims' not found
map key 'dims' not found
map key 'dims' not found
map key 'dims' not found
map key 'dims' not found
map key 'dims' not found
map key 'dims' not found
map key 'dims' not found
map key 'dims' not found
map key 'dims' not found
map key 'dims' not found
map key 'dims' not found
map key 'dims' not found
map key 'dims' not found
map key 'dims' not found
map key 'dims' not found
map key 'dims' not found
map key 'dims' not found
map key 'dims' not found
map key 'dims' not found
map key 'dims' not found
map key 'dims' not found
map key 'dims' not found
map key 'dims' not found
map key 'dims' not found
map key 'dims' not found
map key 'dims' not found
map key 'dims' not found
map key 'dims' not found
map key 'dims' not found
map key 'dims' not found
map key 'dims' not found
map key 'dims' not found
map key 'dims' not found
map key 'dims' not found
map key 'dims' not found
map key 'dims' not found
map key 'dims' not found
map key 'dims' not found
map key 'dims' not found
map key 'dims' not found
map key 'dims' not found
map key 'dims' not found
map key 'dims' not found
map key 'dims' not found
map key 'dims' not found
map key 'dims' not found
map key 'dims' not found
map key 'dims' not found
map key 'dims' not found
map key 'dims' not found
map key 'dims' not found
map key 'dims' not found
map key 'dims' not found
map key 'dims' not found
map key 'dims' not found
map key 'dims' not found
map key 'dims' not found
map key 'dims' not found
map key 'dims' not found
map key 'dims' not found
map key 'dims' not found
map key 'dims' not found
map key 'dims' not found
map key 'dims' not found
map key 'dims' not found
  spike[c4_t0_seed99] inv=166 ev=14 split=14 merge=0 cells=16 rlen=10 wall_ms=0

──── fire: c4_t0 seed=7 (156 bytes) ────
map key 'n_layers' not found
map key 'dims' not found
map key 'dims' not found
map key 'dims' not found
map key 'dims' not found
map key 'dims' not found
map key 'dims' not found
map key 'dims' not found
map key 'dims' not found
map key 'dims' not found
map key 'dims' not found
map key 'dims' not found
map key 'dims' not found
map key 'dims' not found
map key 'dims' not found
map key 'dims' not found
map key 'dims' not found
map key 'dims' not found
map key 'dims' not found
map key 'dims' not found
map key 'dims' not found
map key 'dims' not found
map key 'dims' not found
map key 'dims' not found
map key 'dims' not found
map key 'dims' not found
map key 'dims' not found
map key 'dims' not found
map key 'dims' not found
map key 'dims' not found
map key 'dims' not found
map key 'dims' not found
map key 'dims' not found
map key 'dims' not found
map key 'dims' not found
map key 'dims' not found
map key 'dims' not found
map key 'dims' not found
map key 'dims' not found
map key 'dims' not found
map key 'dims' not found
map key 'dims' not found
map key 'dims' not found
map key 'dims' not found
map key 'dims' not found
map key 'dims' not found
map key 'dims' not found
map key 'dims' not found
map key 'dims' not found
map key 'dims' not found
map key 'dims' not found
map key 'dims' not found
map key 'dims' not found
map key 'dims' not found
map key 'dims' not found
map key 'dims' not found
map key 'dims' not found
map key 'dims' not found
map key 'dims' not found
map key 'dims' not found
map key 'dims' not found
map key 'dims' not found
map key 'dims' not found
map key 'dims' not found
map key 'dims' not found
map key 'dims' not found
map key 'dims' not found
map key 'dims' not found
map key 'dims' not found
map key 'dims' not found
map key 'dims' not found
map key 'dims' not found
map key 'dims' not found
map key 'dims' not found
map key 'dims' not found
map key 'dims' not found
map key 'dims' not found
map key 'dims' not found
map key 'dims' not found
map key 'dims' not found
map key 'dims' not found
map key 'dims' not found
map key 'dims' not found
map key 'dims' not found
map key 'dims' not found
map key 'dims' not found
map key 'dims' not found
map key 'dims' not found
map key 'dims' not found
map key 'dims' not found
map key 'dims' not found
map key 'dims' not found
map key 'dims' not found
map key 'dims' not found
map key 'dims' not found
map key 'dims' not found
map key 'dims' not found
map key 'dims' not found
map key 'dims' not found
map key 'dims' not found
map key 'dims' not found
map key 'dims' not found
map key 'dims' not found
map key 'dims' not found
map key 'dims' not found
map key 'dims' not found
map key 'dims' not found
map key 'dims' not found
map key 'dims' not found
map key 'dims' not found
map key 'dims' not found
map key 'dims' not found
map key 'dims' not found
map key 'dims' not found
map key 'dims' not found
map key 'dims' not found
map key 'dims' not found
map key 'dims' not found
map key 'dims' not found
map key 'dims' not found
map key 'dims' not found
map key 'dims' not found
map key 'dims' not found
map key 'dims' not found
map key 'dims' not found
map key 'dims' not found
map key 'dims' not found
map key 'dims' not found
map key 'dims' not found
map key 'dims' not found
map key 'dims' not found
map key 'dims' not found
map key 'dims' not found
map key 'dims' not found
map key 'dims' not found
map key 'dims' not found
map key 'dims' not found
map key 'dims' not found
map key 'dims' not found
map key 'dims' not found
map key 'dims' not found
map key 'dims' not found
map key 'dims' not found
map key 'dims' not found
map key 'dims' not found
map key 'dims' not found
map key 'dims' not found
map key 'dims' not found
map key 'dims' not found
map key 'dims' not found
map key 'dims' not found
map key 'dims' not found
map key 'dims' not found
map key 'dims' not found
map key 'dims' not found
map key 'dims' not found
map key 'dims' not found
map key 'dims' not found
map key 'dims' not found
map key 'dims' not found
map key 'dims' not found
map key 'dims' not found
map key 'dims' not found
map key 'dims' not found
map key 'dims' not found
map key 'dims' not found
map key 'dims' not found
  spike[c4_t0_seed7] inv=166 ev=27 split=27 merge=0 cells=29 rlen=10 wall_ms=0

──── fire: c4_t0 seed=123 (156 bytes) ────
map key 'n_layers' not found
map key 'dims' not found
map key 'dims' not found
map key 'dims' not found
map key 'dims' not found
map key 'dims' not found
map key 'dims' not found
map key 'dims' not found
map key 'dims' not found
map key 'dims' not found
map key 'dims' not found
map key 'dims' not found
map key 'dims' not found
map key 'dims' not found
map key 'dims' not found
map key 'dims' not found
map key 'dims' not found
map key 'dims' not found
map key 'dims' not found
map key 'dims' not found
map key 'dims' not found
map key 'dims' not found
map key 'dims' not found
map key 'dims' not found
map key 'dims' not found
map key 'dims' not found
map key 'dims' not found
map key 'dims' not found
map key 'dims' not found
map key 'dims' not found
map key 'dims' not found
map key 'dims' not found
map key 'dims' not found
map key 'dims' not found
map key 'dims' not found
map key 'dims' not found
map key 'dims' not found
map key 'dims' not found
map key 'dims' not found
map key 'dims' not found
map key 'dims' not found
map key 'dims' not found
map key 'dims' not found
map key 'dims' not found
map key 'dims' not found
map key 'dims' not found
map key 'dims' not found
map key 'dims' not found
map key 'dims' not found
map key 'dims' not found
map key 'dims' not found
map key 'dims' not found
map key 'dims' not found
map key 'dims' not found
map key 'dims' not found
map key 'dims' not found
map key 'dims' not found
map key 'dims' not found
map key 'dims' not found
map key 'dims' not found
map key 'dims' not found
map key 'dims' not found
map key 'dims' not found
map key 'dims' not found
map key 'dims' not found
map key 'dims' not found
map key 'dims' not found
map key 'dims' not found
map key 'dims' not found
map key 'dims' not found
map key 'dims' not found
map key 'dims' not found
map key 'dims' not found
map key 'dims' not found
map key 'dims' not found
map key 'dims' not found
map key 'dims' not found
map key 'dims' not found
map key 'dims' not found
map key 'dims' not found
map key 'dims' not found
map key 'dims' not found
map key 'dims' not found
map key 'dims' not found
map key 'dims' not found
map key 'dims' not found
map key 'dims' not found
map key 'dims' not found
map key 'dims' not found
map key 'dims' not found
map key 'dims' not found
map key 'dims' not found
map key 'dims' not found
map key 'dims' not found
map key 'dims' not found
map key 'dims' not found
map key 'dims' not found
map key 'dims' not found
map key 'dims' not found
map key 'dims' not found
map key 'dims' not found
map key 'dims' not found
map key 'dims' not found
map key 'dims' not found
map key 'dims' not found
map key 'dims' not found
map key 'dims' not found
map key 'dims' not found
map key 'dims' not found
map key 'dims' not found
map key 'dims' not found
map key 'dims' not found
map key 'dims' not found
map key 'dims' not found
map key 'dims' not found
map key 'dims' not found
map key 'dims' not found
map key 'dims' not found
map key 'dims' not found
map key 'dims' not found
map key 'dims' not found
map key 'dims' not found
map key 'dims' not found
map key 'dims' not found
map key 'dims' not found
map key 'dims' not found
map key 'dims' not found
map key 'dims' not found
map key 'dims' not found
map key 'dims' not found
map key 'dims' not found
map key 'dims' not found
map key 'dims' not found
map key 'dims' not found
map key 'dims' not found
map key 'dims' not found
map key 'dims' not found
map key 'dims' not found
map key 'dims' not found
map key 'dims' not found
map key 'dims' not found
map key 'dims' not found
map key 'dims' not found
map key 'dims' not found
map key 'dims' not found
map key 'dims' not found
map key 'dims' not found
map key 'dims' not found
map key 'dims' not found
map key 'dims' not found
map key 'dims' not found
map key 'dims' not found
map key 'dims' not found
map key 'dims' not found
map key 'dims' not found
map key 'dims' not found
map key 'dims' not found
map key 'dims' not found
map key 'dims' not found
map key 'dims' not found
map key 'dims' not found
map key 'dims' not found
map key 'dims' not found
map key 'dims' not found
map key 'dims' not found
map key 'dims' not found
map key 'dims' not found
  spike[c4_t0_seed123] inv=166 ev=28 split=28 merge=0 cells=30 rlen=10 wall_ms=0

════ Part C — F-SRH-4 tier-label permutation null ════
  permuted tiers = [51, 100, 77, 80, 30, 15, 95, 42, 0, 91, 60]
  rho_4 = -0.317262

════ Part D — F-SRH-5 replay invariance ════

──── fire: c4_replay seed=2026 (156 bytes) ────
map key 'n_layers' not found
map key 'dims' not found
map key 'dims' not found
map key 'dims' not found
map key 'dims' not found
map key 'dims' not found
map key 'dims' not found
map key 'dims' not found
map key 'dims' not found
map key 'dims' not found
map key 'dims' not found
map key 'dims' not found
map key 'dims' not found
map key 'dims' not found
map key 'dims' not found
map key 'dims' not found
map key 'dims' not found
map key 'dims' not found
map key 'dims' not found
map key 'dims' not found
map key 'dims' not found
map key 'dims' not found
map key 'dims' not found
map key 'dims' not found
map key 'dims' not found
map key 'dims' not found
map key 'dims' not found
map key 'dims' not found
map key 'dims' not found
map key 'dims' not found
map key 'dims' not found
map key 'dims' not found
map key 'dims' not found
map key 'dims' not found
map key 'dims' not found
map key 'dims' not found
map key 'dims' not found
map key 'dims' not found
map key 'dims' not found
map key 'dims' not found
map key 'dims' not found
map key 'dims' not found
map key 'dims' not found
map key 'dims' not found
map key 'dims' not found
map key 'dims' not found
map key 'dims' not found
map key 'dims' not found
map key 'dims' not found
map key 'dims' not found
map key 'dims' not found
map key 'dims' not found
map key 'dims' not found
map key 'dims' not found
map key 'dims' not found
map key 'dims' not found
map key 'dims' not found
map key 'dims' not found
map key 'dims' not found
map key 'dims' not found
map key 'dims' not found
map key 'dims' not found
map key 'dims' not found
map key 'dims' not found
map key 'dims' not found
map key 'dims' not found
map key 'dims' not found
map key 'dims' not found
map key 'dims' not found
map key 'dims' not found
map key 'dims' not found
map key 'dims' not found
map key 'dims' not found
map key 'dims' not found
map key 'dims' not found
map key 'dims' not found
map key 'dims' not found
map key 'dims' not found
map key 'dims' not found
map key 'dims' not found
map key 'dims' not found
map key 'dims' not found
map key 'dims' not found
map key 'dims' not found
map key 'dims' not found
map key 'dims' not found
map key 'dims' not found
map key 'dims' not found
map key 'dims' not found
map key 'dims' not found
map key 'dims' not found
map key 'dims' not found
map key 'dims' not found
map key 'dims' not found
map key 'dims' not found
map key 'dims' not found
map key 'dims' not found
map key 'dims' not found
map key 'dims' not found
map key 'dims' not found
map key 'dims' not found
map key 'dims' not found
map key 'dims' not found
map key 'dims' not found
map key 'dims' not found
map key 'dims' not found
map key 'dims' not found
map key 'dims' not found
map key 'dims' not found
map key 'dims' not found
map key 'dims' not found
map key 'dims' not found
map key 'dims' not found
map key 'dims' not found
map key 'dims' not found
map key 'dims' not found
map key 'dims' not found
map key 'dims' not found
map key 'dims' not found
map key 'dims' not found
map key 'dims' not found
map key 'dims' not found
map key 'dims' not found
map key 'dims' not found
map key 'dims' not found
map key 'dims' not found
map key 'dims' not found
map key 'dims' not found
map key 'dims' not found
map key 'dims' not found
map key 'dims' not found
map key 'dims' not found
map key 'dims' not found
map key 'dims' not found
map key 'dims' not found
map key 'dims' not found
map key 'dims' not found
map key 'dims' not found
map key 'dims' not found
map key 'dims' not found
map key 'dims' not found
map key 'dims' not found
map key 'dims' not found
map key 'dims' not found
map key 'dims' not found
map key 'dims' not found
map key 'dims' not found
map key 'dims' not found
map key 'dims' not found
map key 'dims' not found
map key 'dims' not found
map key 'dims' not found
map key 'dims' not found
map key 'dims' not found
map key 'dims' not found
map key 'dims' not found
map key 'dims' not found
map key 'dims' not found
map key 'dims' not found
map key 'dims' not found
map key 'dims' not found
map key 'dims' not found
map key 'dims' not found
map key 'dims' not found
map key 'dims' not found
map key 'dims' not found
map key 'dims' not found
  spike[c4_replay_seed2026] inv=166 ev=14 split=14 merge=0 cells=16 rlen=10 wall_ms=0
  replay vs B-seed2026: event_step_jaccard = 0.464286

================================================================
CYCLE #4 COMPLETE
{
  "cycle": 4,
  "date": "2026-05-23",
  "host": "mini",
  "ckpt": "ckpt_phase1a4_lr5e6_sft.safetensors",
  "trunc_len": 156,
  "max_new": 10,
  "tiers": [0, 15, 30, 42, 51, 60, 77, 80, 91, 95, 100],
  "A_tier_splits": [12, 14, 13, 12, 16, 7, 12, 21, 17, 11, 16],
  "A_tier_split_rates": [0.0722892, 0.0843373, 0.0783133, 0.0722892, 0.0963855, 0.0421687, 0.0722892, 0.126506, 0.10241, 0.0662651, 0.0963855],
  "B_seeds": [2026, 42, 99, 7, 123],
  "B_tier0_splits": [27, 28, 14, 27, 28],
  "B_mean": 24.8, "B_std": 6.05805,
  "C_permuted_tiers": [51, 100, 77, 80, 30, 15, 95, 42, 0, 91, 60],
  "F_SRH_2": { "metric": "spearman(tier,split)", "rho": 0.220704, "floor": 0.6, "verdict": "FAIL" },
  "F_SRH_3": { "metric": "cross_seed_CV(tier0.split)", "cv": 0.244276, "floor": 0.30, "verdict": "PASS" },
  "F_SRH_4": { "metric": "spearman(permuted_tier,split)", "rho": -0.317262, "ceil": 0.2, "verdict": "FAIL" },
  "F_SRH_5": { "metric": "replay_event_step_jaccard", "jaccard": 0.464286, "floor": 0.95, "verdict": "FAIL" },
  "verdict_rule": "F-SRH-2 rho>=0.6 · F-SRH-3 CV<=0.30 · F-SRH-4 |rho|<0.2 · F-SRH-5 jac>=0.95 (FIXED pre-cycle4)"
}

================================================================
