================================================================
SRH Cycle #2 production 332M pilot — Mac local single seed
================================================================
ckpt path: /Users/ghost/core/anima/state/anima_phase1a4_lr5e6_2026_05_12/ckpts/ckpt_phase1a4_lr5e6_sft.safetensors
loading 332M (218 farr handles)...
  loaded weights: 218 keys (expected 218)

──── fire prompt: ubm_tier_0 (seed=2026) ────
  prompt (30 bytes): "[anima 우주뇌지도] 🛸0 "
map key 'n_layers' not found
  pre-fire cells=2 invocations=0
map key 'dims' not found
map key 'dims' not found
map key 'dims' not found
map key 'dims' not found
map key 'dims' not found
map key 'dims' not found
map key 'dims' not found
map key 'dims' not found
map key 'dims' not found
map key 'dims' not found
map key 'dims' not found
map key 'dims' not found
map key 'dims' not found
map key 'dims' not found
map key 'dims' not found
map key 'dims' not found
map key 'dims' not found
map key 'dims' not found
map key 'dims' not found
map key 'dims' not found
map key 'dims' not found
map key 'dims' not found
map key 'dims' not found
map key 'dims' not found
map key 'dims' not found
map key 'dims' not found
map key 'dims' not found
map key 'dims' not found
map key 'dims' not found
map key 'dims' not found
map key 'dims' not found
map key 'dims' not found
  post-fire spike[ubm_tier_0] inv=32 ev=5 split=5 merge=0 cells=7 rlen=2 wall_ms=0
  saved: /Users/ghost/core/anima/HEXAD/LAB/state/SRH_t0_vs_random_pilot_2026_05_22/spike_ubm_tier_0_seed2026.json

──── fire prompt: random_ctrl (seed=2026) ────
  prompt (30 bytes): "9H..C1vzY?OzPpLFmglSGHKUu6P.65"
map key 'n_layers' not found
  pre-fire cells=2 invocations=0
map key 'dims' not found
map key 'dims' not found
map key 'dims' not found
map key 'dims' not found
map key 'dims' not found
map key 'dims' not found
map key 'dims' not found
map key 'dims' not found
map key 'dims' not found
map key 'dims' not found
map key 'dims' not found
map key 'dims' not found
map key 'dims' not found
map key 'dims' not found
map key 'dims' not found
map key 'dims' not found
map key 'dims' not found
map key 'dims' not found
map key 'dims' not found
map key 'dims' not found
map key 'dims' not found
map key 'dims' not found
map key 'dims' not found
map key 'dims' not found
map key 'dims' not found
map key 'dims' not found
map key 'dims' not found
map key 'dims' not found
map key 'dims' not found
map key 'dims' not found
map key 'dims' not found
map key 'dims' not found
  post-fire spike[random_ctrl] inv=32 ev=2 split=2 merge=0 cells=4 rlen=2 wall_ms=0
  saved: /Users/ghost/core/anima/HEXAD/LAB/state/SRH_t0_vs_random_pilot_2026_05_22/spike_random_ctrl_seed2026.json

================================================================
PILOT COMPLETE — result.json:
{
  "cycle": 2,
  "date": "2026-05-22",
  "seed": 2026,
  "box": "mac_local",
  "ckpt": "ckpt_phase1a4_lr5e6_sft.safetensors",
  "d_model": 768,
  "n_layers": 24,
  "initial_cells": 2,
  "max_new": 2,
  "prompt_truncate_bytes": 30,
  "ubm": {
    "split_count": 5,
    "merge_count": 0,
    "mitosis_invocations": 32,
    "cell_count_final": 7,
    "kv_cur_len": 32
  },
  "random": {
    "split_count": 2,
    "merge_count": 0,
    "mitosis_invocations": 32,
    "cell_count_final": 4,
    "kv_cur_len": 32
  },
  "delta": {
    "d_split": 3,
    "d_merge": 0,
    "d_invocations": 0,
    "d_cell_count": 3,
    "d_kv_cur_len": 0,
    "event_step_overlap": 2,
    "event_step_jaccard": 0.4
  },
  "verdict": "NULL",
  "verdict_rule": "single-seed partial: SIGNAL iff |Δsplit| ≥ 5 OR |Δcells| ≥ 5"
}

================================================================
