[GATE] dispatch=local reason=remote_unreachable cmd="python3 /tmp/anima_runpod_orchestrator_helper.hexa_tmp run --pod-name anima-alm-hid8-gemma --gpu-id NVIDIA H100 80GB HBM3 --image runpod/pytorch:2.4.0-py3.11-cuda12.4.1-devel-ubuntu22.04 --upload /tmp/alm_hid8_remeasure_helper.py:/workspace/helper.py --upload /tmp/alm_hid8/gemma_r14:/workspace/lora --upload /tmp/hf_token_for_pod:/workspace/.hf_token --pip-install transformers peft accelerate sentencepiece --command cd /workspace && export ANIMA_BASE='google/gemma-2-9b' ANIMA_LORA_PATH=/workspace/lora ANIMA_BACKBONE_KEY='gemma_r14' ANIMA_OUTPUT=/workspace/out/phi_star.json && mkdir -p /workspace/out && python3 /workspace/helper.py 2>&1 | tee /workspace/out/run.log --download /workspace/out:/Users/ghost/core/anima/state/alm_4bb_hid8_remeasure_2026_05_02/gemma_pod_out --max-cost 5 --max-runtime-min 25 --auto-terminate --hourly-rate 2.99 --output /Users/ghost/core/anima/state/alm_4bb_hid8_remeasure_2026_05_02/runpod_run_gemma.json --run-id alm-hid8-gemma"
[create] pod=anima-alm-hid8-gemma gpu=NVIDIA H100 80GB HBM3
  pod_id=gm8ec5ntjw4ly9 cost=$2.99/hr
[ssh-wait] pod=gm8ec5ntjw4ly9
  ip=103.207.149.99 port=11850
[scp] /tmp/alm_hid8_remeasure_helper.py -> 103.207.149.99:/workspace/helper.py
[scp] /tmp/alm_hid8/gemma_r14 -> 103.207.149.99:/workspace/lora
Traceback (most recent call last):
  File "/tmp/anima_runpod_orchestrator_helper.hexa_tmp", line 182, in <module>
    if __name__ == '__main__': main()
                               ~~~~^^
  File "/tmp/anima_runpod_orchestrator_helper.hexa_tmp", line 179, in main
    elif args.cmd == 'run': cmd_run(args)
                            ~~~~~~~^^^^^^
  File "/tmp/anima_runpod_orchestrator_helper.hexa_tmp", line 119, in cmd_run
    pod_scp_upload(ip, port, args.upload, args.dry_run)
    ~~~~~~~~~~~~~~^^^^^^^^^^^^^^^^^^^^^^^^^^^^^^^^^^^^^
  File "/tmp/anima_runpod_orchestrator_helper.hexa_tmp", line 70, in pod_scp_upload
    if r.returncode != 0: raise RuntimeError(f'scp failed: {r.stderr}')
                          ^^^^^^^^^^^^^^^^^^^^^^^^^^^^^^^^^^^^^^^^^^^^^
RuntimeError: scp failed: Connection to 103.207.149.99 closed by remote host.
lost connection

