[GATE] dispatch=local cmd="python3 state/nexus_qmirror_nist_2026_05_03/run_cond4_nist.py"
========================================================================
qmirror cond.4 NIST tier-1+ entropy QC
  N=125000 bytes (1000000 bits)  alpha=0.01
  Falsifier F-QM-NIST-TIER1-1: >=6/7 tier-1+ tests PASS
========================================================================

[1/3] HMAC-DRBG legacy (IonQ Forte 1 4096-bit quantum seed) ...
  n=125000 sha256=2aa7b6cd85b7c27c...

[2/3] T0 MOCK qmirror LCG (control, expected to FAIL) ...
  n=125000 sha256=9f59d112b2db44e4...

[3/3] ANU live T1.a legacy (qrng.anu.edu.au, 1 rpm, 1024 B/call) ...
  n_calls_needed=123 ~ETA=133 min
  QMIRROR_SKIP_ANU=1, skipping ANU pull

========================================================================
Running NIST SP 800-22 Rev.1a battery (15 tests) ...
========================================================================

--- hmac_drbg_legacy ---
[hmac_drbg_legacy] n_bits=1000000 eligible=14/15
/tmp/nistenv/lib/python3.14/site-packages/nistrng/sp800_22r1a/test_cumulative_sums.py:55: RuntimeWarning: overflow encountered in scalar absolute
  forward_max = max(abs(forward_sum), forward_max)
/tmp/nistenv/lib/python3.14/site-packages/nistrng/sp800_22r1a/test_cumulative_sums.py:53: RuntimeWarning: overflow encountered in scalar add
  forward_sum += bits_copy[i]
/tmp/nistenv/lib/python3.14/site-packages/nistrng/sp800_22r1a/test_cumulative_sums.py:56: RuntimeWarning: overflow encountered in scalar absolute
  backward_max = max(abs(backward_sum), backward_max)
/tmp/nistenv/lib/python3.14/site-packages/nistrng/sp800_22r1a/test_cumulative_sums.py:54: RuntimeWarning: overflow encountered in scalar add
  backward_sum += bits_copy[bits_copy.size - 1 - i]
[hmac_drbg_legacy] done elapsed=60.8s PASS=7/14

--- qmirror_mock_lcg ---
[qmirror_mock_lcg] n_bits=1000000 eligible=14/15
[qmirror_mock_lcg] done elapsed=87.1s PASS=6/14

========================================================================
SUMMARY
========================================================================
alpha=0.01  n_bits=1000000

[hmac_drbg_legacy] tier-1+ verdict=FAIL (0/0 of 7 required)
  monobit                             INELIGIBLE
  frequency_within_block              INELIGIBLE
  runs                                INELIGIBLE
  longest_run_ones_in_a_block         INELIGIBLE
  dft                                 INELIGIBLE
  cumulative sums                     INELIGIBLE
  approximate_entropy                 INELIGIBLE

[qmirror_mock_lcg] tier-1+ verdict=FAIL (0/0 of 7 required)
  monobit                             INELIGIBLE
  frequency_within_block              INELIGIBLE
  runs                                INELIGIBLE
  longest_run_ones_in_a_block         INELIGIBLE
  dft                                 INELIGIBLE
  cumulative sums                     INELIGIBLE
  approximate_entropy                 INELIGIBLE

cond.4 verdict: FAIL
cond.4 reason : no production stream meets F-QM-NIST-TIER1-1

results: /Users/ghost/core/anima/state/nexus_qmirror_nist_2026_05_03/results.json
verdict: /Users/ghost/core/anima/state/nexus_qmirror_nist_2026_05_03/verdict.json
