W0512 19:22:43.113000 1070 site-packages/torch/distributed/run.py:793] 
W0512 19:22:43.113000 1070 site-packages/torch/distributed/run.py:793] *****************************************
W0512 19:22:43.113000 1070 site-packages/torch/distributed/run.py:793] Setting OMP_NUM_THREADS environment variable for each process to be 1 in default, to avoid your system being overloaded, please further tune the variable for optimal performance in your application as needed. 
W0512 19:22:43.113000 1070 site-packages/torch/distributed/run.py:793] *****************************************
[W512 19:22:45.124950437 CUDAAllocatorConfig.h:28] Warning: expandable_segments not supported on this platform (function operator())
[INFO] DDP: rank=0 world_size=4 local_rank=0 device=cuda:0 is_ddp=True
[INFO] torch=2.5.1+cu121 cuda=True
[INFO] gpu=NVIDIA A100-SXM4-80GB
[INFO] cfg = {'vocab_size': 256, 'd_model': 1024, 'n_head': 16, 'ffn_dim': 4096, 'max_seq': 256, 'n_layer': 1, 'initial_cells': 256, 'max_cells': 256, 'min_cells': 2, 'split_patience': 3, 'merge_threshold': 0.005, 'merge_patience': 30, 'noise_scale': 0.1, 'lorenz_scale': 0.05, 'adaptive_window': 100, 'readout_mode': 'a_minus_g', 'attention_sharing': 'auto', 'weight_tied_lm_head': True, 'dropout': 0.0, 'tie_pos_emb': True, 'dispersion_trigger_enabled': True, 'dispersion_top_quartile': 0.25, 'per_cell_threshold_enabled': True, 'per_cell_window': 100, 'per_cell_sigma_mult': 1.5, 'lorenz_auto_calibrate': True, 'lorenz_calibration_factor': 1.0}
[W512 19:22:45.573064468 CUDAAllocatorConfig.h:28] Warning: expandable_segments not supported on this platform (function operator())
[W512 19:22:45.616935216 CUDAAllocatorConfig.h:28] Warning: expandable_segments not supported on this platform (function operator())
[W512 19:22:45.633036692 CUDAAllocatorConfig.h:28] Warning: expandable_segments not supported on this platform (function operator())
[INFO] n_params(engine+router incl)=5,373,167,872  router_out_dim=256 top_k=8
[INFO] mitosis FROZEN (cells static at max from step 0) — DDP-safe path; fresh-init
NCCL version 2.21.5+cuda12.4
[INFO] corpus=corpus/corpus_5cat_balanced.txt bytes=18,890,139
[INFO] steps=20000 per_gpu_batch=1 world_size=4 effective_batch=4
[INFO] top_k=8 aux_alpha=0.01 λ_init=1.0 λ_final=0.01 sched=cosine
[rank2]:[W512 19:23:26.817759005 reducer.cpp:1400] Warning: find_unused_parameters=True was specified in DDP constructor, but did not find any unused parameters in the forward pass. This flag results in an extra traversal of the autograd graph every iteration,  which can adversely affect performance. If your model indeed never has any unused parameters in the forward pass, consider turning this flag off. Note that this warning may be a false positive if your model has flow control causing later iterations to have unused parameters. (function operator())
[rank1]:[W512 19:23:26.821987980 reducer.cpp:1400] Warning: find_unused_parameters=True was specified in DDP constructor, but did not find any unused parameters in the forward pass. This flag results in an extra traversal of the autograd graph every iteration,  which can adversely affect performance. If your model indeed never has any unused parameters in the forward pass, consider turning this flag off. Note that this warning may be a false positive if your model has flow control causing later iterations to have unused parameters. (function operator())
[rank3]:[W512 19:23:26.826180435 reducer.cpp:1400] Warning: find_unused_parameters=True was specified in DDP constructor, but did not find any unused parameters in the forward pass. This flag results in an extra traversal of the autograd graph every iteration,  which can adversely affect performance. If your model indeed never has any unused parameters in the forward pass, consider turning this flag off. Note that this warning may be a false positive if your model has flow control causing later iterations to have unused parameters. (function operator())
[rank0]:[W512 19:23:26.829286052 reducer.cpp:1400] Warning: find_unused_parameters=True was specified in DDP constructor, but did not find any unused parameters in the forward pass. This flag results in an extra traversal of the autograd graph every iteration,  which can adversely affect performance. If your model indeed never has any unused parameters in the forward pass, consider turning this flag off. Note that this warning may be a false positive if your model has flow control causing later iterations to have unused parameters. (function operator())
[rank1]: Traceback (most recent call last):
[rank1]:   File "/workspace/anima/training/cotrain_v5mitosis_v4_multi.py", line 802, in <module>
[rank1]:     sys.exit(cotrain(parse_args()))
[rank1]:              ^^^^^^^^^^^^^^^^^^^^^
[rank1]:   File "/workspace/anima/training/cotrain_v5mitosis_v4_multi.py", line 644, in cotrain
[rank1]:     optimizer.step()
[rank1]:   File "/opt/conda/lib/python3.11/site-packages/torch/optim/optimizer.py", line 487, in wrapper
[rank1]:     out = func(*args, **kwargs)
[rank1]:           ^^^^^^^^^^^^^^^^^^^^^
[rank1]:   File "/opt/conda/lib/python3.11/site-packages/torch/optim/optimizer.py", line 91, in _use_grad
[rank1]:     ret = func(self, *args, **kwargs)
[rank1]:           ^^^^^^^^^^^^^^^^^^^^^^^^^^^
[rank1]:   File "/opt/conda/lib/python3.11/site-packages/torch/optim/adamw.py", line 209, in step
[rank1]:     has_complex = self._init_group(
[rank1]:                   ^^^^^^^^^^^^^^^^^
[rank1]:   File "/opt/conda/lib/python3.11/site-packages/torch/optim/adamw.py", line 152, in _init_group
[rank1]:     state["exp_avg_sq"] = torch.zeros_like(
[rank1]:                           ^^^^^^^^^^^^^^^^^
[rank1]: torch.OutOfMemoryError: CUDA out of memory. Tried to allocate 12.00 MiB. GPU 1 has a total capacity of 79.25 GiB of which 8.94 MiB is free. Including non-PyTorch memory, this process has 79.24 GiB memory in use. Of the allocated memory 77.59 GiB is allocated by PyTorch, and 17.18 MiB is reserved by PyTorch but unallocated. If reserved but unallocated memory is large try setting PYTORCH_CUDA_ALLOC_CONF=expandable_segments:True to avoid fragmentation.  See documentation for Memory Management  (https://pytorch.org/docs/stable/notes/cuda.html#environment-variables)
[rank2]: Traceback (most recent call last):
[rank2]:   File "/workspace/anima/training/cotrain_v5mitosis_v4_multi.py", line 802, in <module>
[rank2]:     sys.exit(cotrain(parse_args()))
[rank2]:              ^^^^^^^^^^^^^^^^^^^^^
[rank2]:   File "/workspace/anima/training/cotrain_v5mitosis_v4_multi.py", line 644, in cotrain
[rank2]:     optimizer.step()
[rank2]:   File "/opt/conda/lib/python3.11/site-packages/torch/optim/optimizer.py", line 487, in wrapper
[rank2]:     out = func(*args, **kwargs)
[rank2]:           ^^^^^^^^^^^^^^^^^^^^^
[rank2]:   File "/opt/conda/lib/python3.11/site-packages/torch/optim/optimizer.py", line 91, in _use_grad
[rank2]:     ret = func(self, *args, **kwargs)
[rank2]:           ^^^^^^^^^^^^^^^^^^^^^^^^^^^
[rank2]:   File "/opt/conda/lib/python3.11/site-packages/torch/optim/adamw.py", line 209, in step
[rank2]:     has_complex = self._init_group(
[rank2]:                   ^^^^^^^^^^^^^^^^^
[rank2]:   File "/opt/conda/lib/python3.11/site-packages/torch/optim/adamw.py", line 148, in _init_group
[rank2]:     state["exp_avg"] = torch.zeros_like(
[rank2]:                        ^^^^^^^^^^^^^^^^^
[rank2]: torch.OutOfMemoryError: CUDA out of memory. Tried to allocate 12.00 MiB. GPU 2 has a total capacity of 79.25 GiB of which 8.94 MiB is free. Including non-PyTorch memory, this process has 79.24 GiB memory in use. Of the allocated memory 77.58 GiB is allocated by PyTorch, and 29.18 MiB is reserved by PyTorch but unallocated. If reserved but unallocated memory is large try setting PYTORCH_CUDA_ALLOC_CONF=expandable_segments:True to avoid fragmentation.  See documentation for Memory Management  (https://pytorch.org/docs/stable/notes/cuda.html#environment-variables)
[rank3]: Traceback (most recent call last):
[rank3]:   File "/workspace/anima/training/cotrain_v5mitosis_v4_multi.py", line 802, in <module>
[rank3]:     sys.exit(cotrain(parse_args()))
[rank3]:              ^^^^^^^^^^^^^^^^^^^^^
[rank3]:   File "/workspace/anima/training/cotrain_v5mitosis_v4_multi.py", line 644, in cotrain
[rank3]:     optimizer.step()
[rank3]:   File "/opt/conda/lib/python3.11/site-packages/torch/optim/optimizer.py", line 487, in wrapper
[rank3]:     out = func(*args, **kwargs)
[rank3]:           ^^^^^^^^^^^^^^^^^^^^^
[rank3]:   File "/opt/conda/lib/python3.11/site-packages/torch/optim/optimizer.py", line 91, in _use_grad
[rank3]:     ret = func(self, *args, **kwargs)
[rank3]:           ^^^^^^^^^^^^^^^^^^^^^^^^^^^
[rank3]:   File "/opt/conda/lib/python3.11/site-packages/torch/optim/adamw.py", line 209, in step
[rank3]:     has_complex = self._init_group(
[rank3]:                   ^^^^^^^^^^^^^^^^^
[rank3]:   File "/opt/conda/lib/python3.11/site-packages/torch/optim/adamw.py", line 152, in _init_group
[rank3]:     state["exp_avg_sq"] = torch.zeros_like(
[rank3]:                           ^^^^^^^^^^^^^^^^^
[rank3]: torch.OutOfMemoryError: CUDA out of memory. Tried to allocate 16.00 MiB. GPU 3 has a total capacity of 79.25 GiB of which 12.94 MiB is free. Including non-PyTorch memory, this process has 79.23 GiB memory in use. Of the allocated memory 77.72 GiB is allocated by PyTorch, and 25.09 MiB is reserved by PyTorch but unallocated. If reserved but unallocated memory is large try setting PYTORCH_CUDA_ALLOC_CONF=expandable_segments:True to avoid fragmentation.  See documentation for Memory Management  (https://pytorch.org/docs/stable/notes/cuda.html#environment-variables)
[rank0]: Traceback (most recent call last):
[rank0]:   File "/workspace/anima/training/cotrain_v5mitosis_v4_multi.py", line 802, in <module>
[rank0]:     sys.exit(cotrain(parse_args()))
[rank0]:              ^^^^^^^^^^^^^^^^^^^^^
[rank0]:   File "/workspace/anima/training/cotrain_v5mitosis_v4_multi.py", line 644, in cotrain
[rank0]:     optimizer.step()
[rank0]:   File "/opt/conda/lib/python3.11/site-packages/torch/optim/optimizer.py", line 487, in wrapper
[rank0]:     out = func(*args, **kwargs)
[rank0]:           ^^^^^^^^^^^^^^^^^^^^^
[rank0]:   File "/opt/conda/lib/python3.11/site-packages/torch/optim/optimizer.py", line 91, in _use_grad
[rank0]:     ret = func(self, *args, **kwargs)
[rank0]:           ^^^^^^^^^^^^^^^^^^^^^^^^^^^
[rank0]:   File "/opt/conda/lib/python3.11/site-packages/torch/optim/adamw.py", line 209, in step
[rank0]:     has_complex = self._init_group(
[rank0]:                   ^^^^^^^^^^^^^^^^^
[rank0]:   File "/opt/conda/lib/python3.11/site-packages/torch/optim/adamw.py", line 152, in _init_group
[rank0]:     state["exp_avg_sq"] = torch.zeros_like(
[rank0]:                           ^^^^^^^^^^^^^^^^^
[rank0]: torch.OutOfMemoryError: CUDA out of memory. Tried to allocate 16.00 MiB. GPU 0 has a total capacity of 79.25 GiB of which 12.94 MiB is free. Including non-PyTorch memory, this process has 79.23 GiB memory in use. Of the allocated memory 77.72 GiB is allocated by PyTorch, and 25.09 MiB is reserved by PyTorch but unallocated. If reserved but unallocated memory is large try setting PYTORCH_CUDA_ALLOC_CONF=expandable_segments:True to avoid fragmentation.  See documentation for Memory Management  (https://pytorch.org/docs/stable/notes/cuda.html#environment-variables)
W0512 19:23:29.682000 1070 site-packages/torch/distributed/elastic/multiprocessing/api.py:897] Sending process 1201 closing signal SIGTERM
W0512 19:23:29.682000 1070 site-packages/torch/distributed/elastic/multiprocessing/api.py:897] Sending process 1203 closing signal SIGTERM
W0512 19:23:29.683000 1070 site-packages/torch/distributed/elastic/multiprocessing/api.py:897] Sending process 1204 closing signal SIGTERM
E0512 19:23:30.949000 1070 site-packages/torch/distributed/elastic/multiprocessing/api.py:869] failed (exitcode: 1) local_rank: 1 (pid: 1202) of binary: /opt/conda/bin/python3.11
Traceback (most recent call last):
  File "/opt/conda/bin/torchrun", line 8, in <module>
    sys.exit(main())
             ^^^^^^
  File "/opt/conda/lib/python3.11/site-packages/torch/distributed/elastic/multiprocessing/errors/__init__.py", line 355, in wrapper
    return f(*args, **kwargs)
           ^^^^^^^^^^^^^^^^^^
  File "/opt/conda/lib/python3.11/site-packages/torch/distributed/run.py", line 919, in main
    run(args)
  File "/opt/conda/lib/python3.11/site-packages/torch/distributed/run.py", line 910, in run
    elastic_launch(
  File "/opt/conda/lib/python3.11/site-packages/torch/distributed/launcher/api.py", line 138, in __call__
    return launch_agent(self._config, self._entrypoint, list(args))
           ^^^^^^^^^^^^^^^^^^^^^^^^^^^^^^^^^^^^^^^^^^^^^^^^^^^^^^^^
  File "/opt/conda/lib/python3.11/site-packages/torch/distributed/launcher/api.py", line 269, in launch_agent
    raise ChildFailedError(
torch.distributed.elastic.multiprocessing.errors.ChildFailedError: 
============================================================
training/cotrain_v5mitosis_v4_multi.py FAILED
------------------------------------------------------------
Failures:
  <NO_OTHER_FAILURES>
------------------------------------------------------------
Root Cause (first observed failure):
[0]:
  time      : 2026-05-12_19:23:29
  host      : 7020b228dc4f
  rank      : 1 (local_rank: 1)
  exitcode  : 1 (pid: 1202)
  error_file: <N/A>
  traceback : To enable traceback see: https://pytorch.org/docs/stable/elastic/errors.html
============================================================
