CKPT=h1129.bin
LOADED vocab=256 d=1024 block=512 nlay=24
[OWN-GEMM-FIRED] _hx_k_gemm DEVICE path (no cuBLAS)
EMIT canyon[0] ms=57610 :: cometal often and, an alignision, Thougorism
EMIT canyon[1] ms=57192 :: caled. Twin teams are tyred issemine if twen
EMIT canyon[2] ms=64097 :: a morality-stattined-courage. Thirteast is, 
EMIT tundra[0] ms=57265 :: similer of transitive cound isolitier to an 
EMIT tundra[1] ms=57375 :: still." A come to train a stroka an idoom of
EMIT tundra[2] ms=64576 :: an acting, and somme on treasund sidical pro
EMIT cathedral[0] ms=64505 :: contredicated, and, a studyied comedy, a con
EMIT cathedral[1] ms=64272 :: commisses and articline througny. Track left
EMIT cathedral[2] ms=71545 :: alsed but this imittuatio as are tried by ar
EMIT cello[0] ms=54930 :: serundo attember. Althere are: A complex on,
EMIT cello[1] ms=54927 :: columnius, and,     in a strong is strong is
EMIT cello[2] ms=61658 :: a claim off to this third. The claraceour, a
EMIT scorpion[0] ms=61786 :: career impassed toware to tell it as in thei
EMIT scorpion[1] ms=61751 :: closele teacons, Aleca annually, that, Anti-
EMIT scorpion[2] ms=69523 :: a present at a conservablist offending. This
EMIT windmill[0] ms=62184 :: contrieus area of state, a prodonal statish 
EMIT windmill[1] ms=61870 :: oftworked its subjung of a service.. The ser
EMIT windmill[2] ms=69220 :: a strophot often,  Anne Mercury,,',"  Arcade
EMIT parasol[0] ms=59777 :: prieva candree isoble. Thesaland is then a p
EMIT parasol[1] ms=59470 :: tharged) atheasya is, there arguaes and tran
EMIT parasol[2] ms=66685 :: an one-open-architecture idealing tower thri
EMIT anthill[0] ms=59492 :: substancial and anthropologus thaler also,".
EMIT anthill[1] ms=59614 :: the footbreak. Itseems argaid fries arosidal
EMIT anthill[2] ms=66648 :: alwarms of these, all, Tenness Thompsour The
EMIT microscope[0] ms=66477 :: stanliser office,  Thin thicker is a stum on
EMIT microscope[1] ms=66878 :: a sermal and-wholer propeller is closured. T
EMIT microscope[2] ms=74201 :: a simi-four-style and socreta analyze origan
EMIT landslide[0] ms=64201 :: confirm organ than a cast over twenty-starri
EMIT landslide[1] ms=64040 :: trippented by twics." Twans and/orders witne
EMIT landslide[2] ms=71456 :: a smootive-scattaling. Tributionary: tribal 
EMIT sundial[0] ms=59438 :: composer formemonies are a majetale analog o
EMIT sundial[1] ms=59412 :: todar in an are the township of an alley anc
EMIT sundial[2] ms=66562 :: about, Territhing on thein story anates. Tri
EMIT fern[0] ms=52731 :: star at their... Those wittes to accordant i
EMIT fern[1] ms=52679 :: a standa alborn,  Thai, to taxes  Theory ori
EMIT fern[2] ms=59614 :: alwide. Tranks, althoms  Iraq, This  Ales, t
EMIT pier[0] ms=52971 :: seconster tran and tran for a team, and than
EMIT pier[1] ms=52853 :: a subset. To those a locket ifsets are seen 
EMIT pier[2] ms=59553 :: a smell-databoned. He intimalses, as a small
EMIT blizzard[0] ms=61691 :: monopoly idante towed-backed coup in citizen
EMIT blizzard[1] ms=61772 :: a collegiatudingla and," The first blust bod
EMIT blizzard[2] ms=69500 :: a simpoveres impoved arch in a peak, walk to
EMIT lodestone[0] ms=64403 :: propagonist oftware. Territories  The folly 
EMIT lodestone[1] ms=64090 :: town intensities any prode often-company sto
EMIT lodestone[2] ms=71662 :: thank in the sour of two distinutivation. Tr
EMIT mast[0] ms=52680 :: e includato isole. Transplation and theo
EMIT mast[1] ms=52855 :: to taxed, wine anytoms offer a choician," wi
EMIT mast[2] ms=59461 :: traimed at theist tertopototes and.". Thesia
EMIT_GEN_DONE n=48
