[hexa-ffi] dlsym failed for 'erf': /root/.hexa-cache/hexa_run.065fcc2984fecf8b_v0.559.0: undefined symbol: erf
[hexa-ffi] dlsym failed for 'exp': /root/.hexa-cache/hexa_run.065fcc2984fecf8b_v0.559.0: undefined symbol: exp
# emit_gen_grounded H_9111 ckpt=/root/anima-weights/py303_savant_mitosis.clm M=16 gen=90 decodable=true
EMIT	0	volcano	true	a mountain that erupts molten lava ash and hot gases from deep underground the concern for the state and 
# dbg i=0 grounded=60 lm=30
EMIT	1	glacier	true	a slow moving river of ancient ice that carves valleys as it grinds downhilles and the concern for the 
# dbg i=1 grounded=63 lm=27
EMIT	2	library	true	a quiet public building full of shelves where books are borrowed read and returned the state and returne
# dbg i=2 grounded=76 lm=14
EMIT	3	violin	true	a small wooden four string instrument played with a horsehair bow under the ching instrument played with
# dbg i=3 grounded=88 lm=2
EMIT	4	spider	true	an eight legged creature that spins silk webs to trap flies and other insects of the state and other inse
# dbg i=4 grounded=73 lm=17
EMIT	5	lighthouse	true	a tall coastal tower with a bright rotating lamp that warns passing ships of rocks and the concern for t
# dbg i=5 grounded=68 lm=22
EMIT	6	umbrella	true	a folding fabric canopy on a handle you open above your head to stay dry in rain the stay dry in rain the 
# dbg i=6 grounded=77 lm=13
EMIT	7	beehive	true	a structure of waxy hexagon cells where bees store honey and raise their young their young their young t
# dbg i=7 grounded=80 lm=10
EMIT	8	telescope	true	a long optical tube with curved lenses used to see distant stars planets and moons of the stars planets 
# dbg i=8 grounded=79 lm=11
EMIT	9	avalanche	true	a sudden huge mass of loose snow sliding very fast down a steep mountain sloperature in the state and t
# dbg i=9 grounded=65 lm=25
EMIT	10	compass	true	a small pocket device with a magnetic needle that always swings to point north the state and the concern
# dbg i=10 grounded=64 lm=26
EMIT	11	cactus	true	a spiny thick skinned desert plant that stores water inside its swollen green stems that stores water i
# dbg i=11 grounded=85 lm=5
EMIT	12	harbor	true	a sheltered stretch of calm water where boats and ships safely dock and moor company and ships safely dock an
# dbg i=12 grounded=78 lm=12
EMIT	13	thunderstorm	true	a violent weather event with heavy rain gusting wind loud booms and flashing bolts and flashing bolts and f
# dbg i=13 grounded=84 lm=6
Killed
EXIT=137
