================================================================
d_converge_fire_d64x3x1000 — pure-hexa hexa-cpu @ d=64·3L·1000-step (ubu)
================================================================
  config: d=64 n_layer=3 nh=4 nkv=2 hd=16 h=128 T=16 V=256 nsamp=8 steps=1000
Runtime error: undefined function: farr_matmul_gpu
Runtime error: undefined function: farr_matmul_gpu
Runtime error: undefined function: farr_matmul_gpu
Runtime error: undefined function: farr_matmul_gpu
Runtime error: undefined function: farr_matmul_gpu
Runtime error: undefined function: farr_matmul_gpu
Runtime error: undefined function: farr_matmul_gpu
Runtime error: undefined function: farr_matmul_gpu
Runtime error: undefined function: farr_matmul_gpu
Runtime error: undefined function: farr_matmul_gpu
Runtime error: undefined function: farr_matmul_gpu
Runtime error: undefined function: farr_matmul_gpu
Runtime error: undefined function: farr_matmul_gpu
Runtime error: undefined function: farr_matmul_gpu
Runtime error: undefined function: farr_matmul_gpu
Runtime error: undefined function: farr_matmul_gpu
Runtime error: undefined function: farr_matmul_gpu
Runtime error: undefined function: farr_matmul_gpu
Runtime error: undefined function: farr_matmul_gpu
Runtime error: undefined function: farr_matmul_gpu
Runtime error: undefined function: farr_matmul_gpu
Runtime error: undefined function: farr_matmul_gpu
Runtime error: undefined function: farr_matmul_gpu
Runtime error: undefined function: farr_matmul_gpu
Runtime error: undefined function: farr_matmul_gpu
Runtime error: undefined function: farr_matmul_gpu
Runtime error: undefined function: farr_matmul_gpu
Runtime error: undefined function: farr_matmul_gpu
Runtime error: undefined function: farr_matmul_gpu
Runtime error: undefined function: farr_matmul_gpu
Runtime error: undefined function: farr_matmul_gpu
Runtime error: undefined function: farr_matmul_gpu
Runtime error: undefined function: farr_matmul_gpu
Runtime error: undefined function: farr_matmul_gpu
Runtime error: undefined function: farr_matmul_gpu
Runtime error: undefined function: farr_matmul_gpu
Runtime error: undefined function: farr_matmul_gpu
Runtime error: undefined function: farr_matmul_gpu
Runtime error: undefined function: farr_matmul_gpu
Runtime error: undefined function: farr_matmul_gpu
Runtime error: undefined function: farr_matmul_gpu
Runtime error: undefined function: farr_matmul_gpu
Runtime error: undefined function: farr_matmul_gpu
Runtime error: undefined function: farr_matmul_gpu
Runtime error: undefined function: farr_matmul_gpu
Runtime error: undefined function: farr_matmul_gpu
Runtime error: undefined function: farr_matmul_gpu
Runtime error: undefined function: farr_matmul_gpu
Runtime error: undefined function: farr_matmul_gpu
Runtime error: undefined function: farr_matmul_gpu
Runtime error: undefined function: farr_matmul_gpu
Runtime error: undefined function: farr_matmul_gpu
Runtime error: undefined function: farr_matmul_gpu
Runtime error: undefined function: farr_matmul_gpu
Runtime error: undefined function: farr_matmul_gpu
Runtime error: undefined function: farr_matmul_gpu
Runtime error: undefined function: farr_matmul_gpu
Runtime error: undefined function: farr_matmul_gpu
Runtime error: undefined function: farr_matmul_gpu
Runtime error: undefined function: farr_matmul_gpu
Runtime error: undefined function: farr_matmul_gpu
Runtime error: undefined function: farr_matmul_gpu
Runtime error: undefined function: farr_matmul_gpu
Runtime error: undefined function: farr_matmul_gpu
Runtime error: undefined function: farr_matmul_gpu
Runtime error: undefined function: farr_matmul_gpu
Runtime error: undefined function: farr_matmul_gpu
Runtime error: undefined function: farr_matmul_gpu
Runtime error: undefined function: farr_matmul_gpu
Runtime error: undefined function: farr_matmul_gpu
Runtime error: undefined function: farr_matmul_gpu
Runtime error: undefined function: farr_matmul_gpu
Runtime error: undefined function: farr_matmul_gpu
Runtime error: undefined function: farr_matmul_gpu
Runtime error: undefined function: farr_matmul_gpu
Runtime error: undefined function: farr_matmul_gpu
Runtime error: undefined function: farr_matmul_gpu
Runtime error: undefined function: farr_matmul_gpu
Runtime error: undefined function: farr_matmul_gpu
Runtime error: undefined function: farr_matmul_gpu
Runtime error: undefined function: farr_matmul_gpu
Runtime error: undefined function: farr_matmul_gpu
Runtime error: undefined function: farr_matmul_gpu
Runtime error: undefined function: farr_matmul_gpu
Runtime error: undefined function: farr_matmul_gpu
Runtime error: undefined function: farr_matmul_gpu
Runtime error: undefined function: farr_matmul_gpu
Runtime error: undefined function: farr_matmul_gpu
Runtime error: undefined function: farr_matmul_gpu
Runtime error: undefined function: farr_matmul_gpu
Runtime error: undefined function: farr_matmul_gpu
Runtime error: undefined function: farr_matmul_gpu
Runtime error: undefined function: farr_matmul_gpu
Runtime error: undefined function: farr_matmul_gpu
Runtime error: undefined function: farr_matmul_gpu
Runtime error: undefined function: farr_matmul_gpu
Runtime error: undefined function: farr_matmul_gpu
Runtime error: undefined function: farr_matmul_gpu
Runtime error: undefined function: farr_matmul_gpu
Runtime error: undefined function: farr_matmul_gpu
Runtime error: undefined function: farr_matmul_gpu
Runtime error: undefined function: farr_matmul_gpu
Runtime error: undefined function: farr_matmul_gpu
Runtime error: undefined function: farr_matmul_gpu
Runtime error: undefined function: farr_matmul_gpu
Runtime error: undefined function: farr_matmul_gpu
Runtime error: undefined function: farr_matmul_gpu
Runtime error: undefined function: farr_matmul_gpu
Runtime error: undefined function: farr_matmul_gpu
Runtime error: undefined function: farr_matmul_gpu
Runtime error: undefined function: farr_matmul_gpu
Runtime error: undefined function: farr_matmul_gpu
Runtime error: undefined function: farr_matmul_gpu
Runtime error: undefined function: farr_matmul_gpu
Runtime error: undefined function: farr_matmul_gpu
Runtime error: undefined function: farr_matmul_gpu
Runtime error: undefined function: farr_matmul_gpu
Runtime error: undefined function: farr_matmul_gpu
Runtime error: undefined function: farr_matmul_gpu
Runtime error: undefined function: farr_matmul_gpu
Runtime error: undefined function: farr_matmul_gpu
Runtime error: undefined function: farr_matmul_gpu
Runtime error: undefined function: farr_matmul_gpu
Runtime error: undefined function: farr_matmul_gpu
Runtime error: undefined function: farr_matmul_gpu
Runtime error: undefined function: farr_matmul_gpu
Runtime error: undefined function: farr_matmul_gpu
Runtime error: undefined function: farr_matmul_gpu
Runtime error: undefined function: farr_matmul_gpu
Runtime error: undefined function: farr_matmul_gpu
Runtime error: undefined function: farr_matmul_gpu
Runtime error: undefined function: farr_matmul_gpu
Runtime error: undefined function: farr_matmul_gpu
Runtime error: undefined function: farr_matmul_gpu
Runtime error: undefined function: farr_matmul_gpu
Runtime error: undefined function: farr_matmul_gpu
Runtime error: undefined function: farr_matmul_gpu
Runtime error: undefined function: farr_matmul_gpu
Runtime error: undefined function: farr_matmul_gpu
Runtime error: undefined function: farr_matmul_gpu
Runtime error: undefined function: farr_matmul_gpu
Runtime error: undefined function: farr_matmul_gpu
Runtime error: undefined function: farr_matmul_gpu
Runtime error: undefined function: farr_matmul_gpu
Runtime error: undefined function: farr_matmul_gpu
Runtime error: undefined function: farr_matmul_gpu
Runtime error: undefined function: farr_matmul_gpu
Runtime error: undefined function: farr_matmul_gpu
Runtime error: undefined function: farr_matmul_gpu
Runtime error: undefined function: farr_matmul_gpu
Runtime error: undefined function: farr_matmul_gpu
Runtime error: undefined function: farr_matmul_gpu
Runtime error: undefined function: farr_matmul_gpu
Runtime error: undefined function: farr_matmul_gpu
Runtime error: undefined function: farr_matmul_gpu
Runtime error: undefined function: farr_matmul_gpu
Runtime error: undefined function: farr_matmul_gpu
Runtime error: undefined function: farr_matmul_gpu
Runtime error: undefined function: farr_matmul_gpu
Runtime error: undefined function: farr_matmul_gpu
Runtime error: undefined function: farr_matmul_gpu
Runtime error: undefined function: farr_matmul_gpu
Runtime error: undefined function: farr_matmul_gpu
Runtime error: undefined function: farr_matmul_gpu
Runtime error: undefined function: farr_matmul_gpu
Runtime error: undefined function: farr_matmul_gpu
Runtime error: undefined function: farr_matmul_gpu
Runtime error: undefined function: farr_matmul_gpu
Runtime error: undefined function: farr_matmul_gpu
Runtime error: undefined function: farr_matmul_gpu
Runtime error: undefined function: farr_matmul_gpu
Runtime error: undefined function: farr_matmul_gpu
Runtime error: undefined function: farr_matmul_gpu
Runtime error: undefined function: farr_matmul_gpu
Runtime error: undefined function: farr_matmul_gpu
Runtime error: undefined function: farr_matmul_gpu
Runtime error: undefined function: farr_matmul_gpu
Runtime error: undefined function: farr_matmul_gpu
Runtime error: undefined function: farr_matmul_gpu
Runtime error: undefined function: farr_matmul_gpu
Runtime error: undefined function: farr_matmul_gpu
Runtime error: undefined function: farr_matmul_gpu
Runtime error: undefined function: farr_matmul_gpu
Runtime error: undefined function: farr_matmul_gpu
Runtime error: undefined function: farr_matmul_gpu
Runtime error: undefined function: farr_matmul_gpu
Runtime error: undefined function: farr_matmul_gpu
Runtime error: undefined function: farr_matmul_gpu
Runtime error: undefined function: farr_matmul_gpu
Runtime error: undefined function: farr_matmul_gpu
Runtime error: undefined function: farr_matmul_gpu
Runtime error: undefined function: farr_matmul_gpu
Runtime error: undefined function: farr_matmul_gpu
Runtime error: undefined function: farr_matmul_gpu
Runtime error: undefined function: farr_matmul_gpu
Runtime error: undefined function: farr_matmul_gpu
Runtime error: undefined function: farr_matmul_gpu
Runtime error: undefined function: farr_matmul_gpu
Runtime error: undefined function: farr_matmul_gpu
Runtime error: undefined function: farr_matmul_gpu
Runtime error: undefined function: farr_matmul_gpu
Runtime error: undefined function: farr_matmul_gpu
Runtime error: undefined function: farr_matmul_gpu
Runtime error: undefined function: farr_matmul_gpu
Runtime error: undefined function: farr_matmul_gpu
Runtime error: undefined function: farr_matmul_gpu
Runtime error: undefined function: farr_matmul_gpu
Runtime error: undefined function: farr_matmul_gpu
Runtime error: undefined function: farr_matmul_gpu
Runtime error: undefined function: farr_matmul_gpu
Runtime error: undefined function: farr_matmul_gpu
Runtime error: undefined function: farr_matmul_gpu
Runtime error: undefined function: farr_matmul_gpu
Runtime error: undefined function: farr_matmul_gpu
Runtime error: undefined function: farr_matmul_gpu
Runtime error: undefined function: farr_matmul_gpu
Runtime error: undefined function: farr_matmul_gpu
Runtime error: undefined function: farr_matmul_gpu
Runtime error: undefined function: farr_matmul_gpu
Runtime error: undefined function: farr_matmul_gpu
Runtime error: undefined function: farr_matmul_gpu
Runtime error: undefined function: farr_matmul_gpu
Runtime error: undefined function: farr_matmul_gpu
Runtime error: undefined function: farr_matmul_gpu
Runtime error: undefined function: farr_matmul_gpu
Runtime error: undefined function: farr_matmul_gpu
Runtime error: undefined function: farr_matmul_gpu
Runtime error: undefined function: farr_matmul_gpu
Runtime error: undefined function: farr_matmul_gpu
Runtime error: undefined function: farr_matmul_gpu
Runtime error: undefined function: farr_matmul_gpu
Runtime error: undefined function: farr_matmul_gpu
Runtime error: undefined function: farr_matmul_gpu
Runtime error: undefined function: farr_matmul_gpu
Runtime error: undefined function: farr_matmul_gpu
Runtime error: undefined function: farr_matmul_gpu
Runtime error: undefined function: farr_matmul_gpu
Runtime error: undefined function: farr_matmul_gpu
Runtime error: undefined function: farr_matmul_gpu
Runtime error: undefined function: farr_matmul_gpu
Runtime error: undefined function: farr_matmul_gpu
Runtime error: undefined function: farr_matmul_gpu
Runtime error: undefined function: farr_matmul_gpu
Runtime error: undefined function: farr_matmul_gpu
Runtime error: undefined function: farr_matmul_gpu
Runtime error: undefined function: farr_matmul_gpu
Runtime error: undefined function: farr_matmul_gpu
Runtime error: undefined function: farr_matmul_gpu
Runtime error: undefined function: farr_matmul_gpu
Runtime error: undefined function: farr_matmul_gpu
Runtime error: undefined function: farr_matmul_gpu
Runtime error: undefined function: farr_matmul_gpu
Runtime error: undefined function: farr_matmul_gpu
Runtime error: undefined function: farr_matmul_gpu
Runtime error: undefined function: farr_matmul_gpu
Runtime error: undefined function: farr_matmul_gpu
Runtime error: undefined function: farr_matmul_gpu
Runtime error: undefined function: farr_matmul_gpu
Runtime error: undefined function: farr_matmul_gpu
Runtime error: undefined function: farr_matmul_gpu
Runtime error: undefined function: farr_matmul_gpu
Runtime error: undefined function: farr_matmul_gpu
Runtime error: undefined function: farr_matmul_gpu
Runtime error: undefined function: farr_matmul_gpu
Runtime error: undefined function: farr_matmul_gpu
Runtime error: undefined function: farr_matmul_gpu
Runtime error: undefined function: farr_matmul_gpu
Runtime error: undefined function: farr_matmul_gpu
Runtime error: undefined function: farr_matmul_gpu
Runtime error: undefined function: farr_matmul_gpu
Runtime error: undefined function: farr_matmul_gpu
Runtime error: undefined function: farr_matmul_gpu
Runtime error: undefined function: farr_matmul_gpu
Runtime error: undefined function: farr_matmul_gpu
Runtime error: undefined function: farr_matmul_gpu
Runtime error: undefined function: farr_matmul_gpu
sh: line 1: 60908 Terminated: 15          ( '/Users/ghost/core/hexa-lang/build/hexa_interp' '/tmp/.hexa-runtime/hexa_expanded.125330639720000.tmp.hexa' 0<&3 2> '/tmp/.hexa-runtime/run_err.125331126967000.tmp' )
     2771.85 real      2008.98 user        20.61 sys
          5829804032  maximum resident set size
                   0  average shared memory size
                   0  average unshared data size
                   0  average unshared stack size
              445479  page reclaims
                 120  page faults
                   0  swaps
                   0  block input operations
                   0  block output operations
                   0  messages sent
                   0  messages received
                   9  signals received
                 521  voluntary context switches
             3042075  involuntary context switches
            59207324  instructions retired
            64541946  cycles elapsed
             1442128  peak memory footprint
