=== Phase E2 v4 dispatch (multi-host + no-time-wrapper) Sat May 16 12:35:53 UTC 2026 ===
[1/8] Collect FAT-HOST offers (cpu_ram>=64 cpu_cores>=8)...
  candidates:
    20120879|0.6023|A100_SXM4|62|128
    36449298|0.8676|A100_SXM4|62|64
    36865761|0.8978|A100_SXM4|78|90
    31179890|0.9081|A100_SXM4|125|128
    36324476|1.0736|A100_SXM4|167|24
    36289857|1.0736|A100_SXM4|167|12
[2/8] (host 1/4) Rent offer 20120879 A100_SXM4 RAM=62GB vCPU=128 $0.6023/hr...
  instance 36876913
[3/8] (host 1/4) Wait SSH fail-fast (45x5s)...
  ..1/45 st=None
  ..2/45 st=loading
  ..3/45 st=loading
  ..4/45 st=loading
  ..5/45 st=loading
  ..6/45 st=loading
  ..7/45 st=loading
  ..8/45 st=loading
  SSH 94.253.160.106:31246 (host 1, 9x5s)
[4/8] Host sanity + ship full self/ tree + flat C + corpus...
Warning: Permanently added '[94.253.160.106]:31246' (ED25519) to the list of known hosts.
Welcome to vast.ai. If authentication fails, try again after a few seconds, and double check your ssh key.
Have fun!
HOST_RAM_KB=263733036 HOST_VCPU=128
ldd (Ubuntu GLIBC 2.39-0ubuntu8.7) 2.39
NVIDIA A100-SXM4-40GB, 40960 MiB, 550.107.02
CUDA_RT_HDR_OK
CUBLAS_HDR_OK
gcc (Ubuntu 13.2.0-23ubuntu4) 13.2.0
TOOLCHAIN_OK
Have fun!
Have fun!
Have fun!
Have fun!
Have fun!
Have fun!
Warning: Permanently added '[94.253.160.106]:31246' (ED25519) to the list of known hosts.
Welcome to vast.ai. If authentication fails, try again after a few seconds, and double check your ssh key.
Have fun!
SELF_TREE_OK
-rw-r--r-- 1 root root 135287 May 16 12:37 /workspace/_e2_dcf384_flat.c
-rw-r--r-- 1 root root 135287 May 16 12:37 /workspace/_e2_dcf512_flat.c
-rw-r--r-- 1 root root 135289 May 16 12:37 /workspace/_e2_dcf768_flat.c
-rw-r--r-- 1 root root  10707 May 16 12:37 /workspace/_e2_gpu_smoke_flat.c
-rw-r--r-- 1 root root 151943 May 16 12:37 /workspace/corpus_consciousness_v1.jsonl
[5/8] GPU smoke 5/5 (real rc)...
Warning: Permanently added '[94.253.160.106]:31246' (ED25519) to the list of known hosts.
Welcome to vast.ai. If authentication fails, try again after a few seconds, and double check your ssh key.
Have fun!
PASS  F-RFC040-GPU-AVAIL  cuda_available=1 device_count=1 (real CUDA host)
PASS  F-RFC040-GPU-TODEVICE  farr_to_device=1 farr_to_host=1 round-trip exact (real H2D/D2H)
PASS  F-RFC040-GPU-EQUIV-SMALL  cuBLAS Dgemm == CPU oracle == [[4,5],[10,11]] (max|Δ|=0.0 < 1e-9)
PASS  F-RFC040-GPU-EQUIV-RAND  cuBLAS == CPU on 64x96@96x48 LCG-random (max|Δ|=4.44089e-15 < TOL_MATMUL 1e-9)
PASS  F-RFC040-GPU-DETERMINISM  3x cuBLAS Dgemm byte-identical (Δ_12=0.0 Δ_23=0.0)

=== RFC040 GPU smoke: 5/5 PASS ===
PASS — anima RFC 040 Phase D real-cuBLAS LANDED (HEXA_CUDA build, real GPU, cuBLAS==CPU within 1e-9)
SMOKE_EXIT=0
[6/8] Build+fire ladder dcf768 -> dcf512 -> dcf384...
Warning: Permanently added '[94.253.160.106]:31246' (ED25519) to the list of known hosts.
Welcome to vast.ai. If authentication fails, try again after a few seconds, and double check your ssh key.
Have fun!
=== build dcf768 ===
dcf768_BUILD_OK
=== fire dcf768 (timeout 3200s) ===
environment: line 4:   529 Killed                  HEXA_MEM_UNLIMITED=1 timeout $TOUT ./${TAG}_bin > ${TAG}.log 2>&1
dcf768_FIRE_RC=137 dcf768_WALL_S=345
--- dcf768 tail ---
================================================================
d_corpus_fire — §7 #1 real-corpus from-scratch FIRE (F-D-FIRE)
================================================================
  init : gn2=7.98162  acc=0/8
--- dcf768 nvsmi ---
peak_power=58.08W peak_mem=451MiB peak_util=2% samples=691
=== build dcf512 ===
dcf512_BUILD_OK
=== fire dcf512 (timeout 2600s) ===
dcf512_FIRE_RC=137 dcf512_WALL_S=238
--- dcf512 tail ---
================================================================
d_corpus_fire — §7 #1 real-corpus from-scratch FIRE (F-D-FIRE)
================================================================
  init : gn2=7.96517  acc=0/8
--- dcf512 nvsmi ---
peak_power=57.31W peak_mem=447MiB peak_util=2% samples=477
=== build dcf384 ===
environment: line 4:   681 Killed                  HEXA_MEM_UNLIMITED=1 timeout $TOUT ./${TAG}_bin > ${TAG}.log 2>&1
dcf384_BUILD_OK
=== fire dcf384 (timeout 2000s) ===
environment: line 4:   844 Killed                  HEXA_MEM_UNLIMITED=1 timeout $TOUT ./${TAG}_bin > ${TAG}.log 2>&1
dcf384_FIRE_RC=137 dcf384_WALL_S=454
--- dcf384 tail ---
================================================================
d_corpus_fire — §7 #1 real-corpus from-scratch FIRE (F-D-FIRE)
================================================================
  init : gn2=7.97898  acc=0/8
  GRAD-EXACT(L0.Wg[5]): analytic=-0.00311269 fd=-0.000706787 |Δ|=0.0024059  -> PASS
--- dcf384 nvsmi ---
peak_power=59.09W peak_mem=443MiB peak_util=2% samples=908
[7/8] Pull (SAVE_POD until pulled)...
Warning: Permanently added '[94.253.160.106]:31246' (ED25519) to the list of known hosts.
Welcome to vast.ai. If authentication fails, try again after a few seconds, and double check your ssh key.
Have fun!
pulled gpu_smoke_phaseE2.log
Warning: Permanently added '[94.253.160.106]:31246' (ED25519) to the list of known hosts.
Welcome to vast.ai. If authentication fails, try again after a few seconds, and double check your ssh key.
Have fun!
pulled dcf768.log
Warning: Permanently added '[94.253.160.106]:31246' (ED25519) to the list of known hosts.
Welcome to vast.ai. If authentication fails, try again after a few seconds, and double check your ssh key.
Have fun!
pulled dcf512.log
Warning: Permanently added '[94.253.160.106]:31246' (ED25519) to the list of known hosts.
Welcome to vast.ai. If authentication fails, try again after a few seconds, and double check your ssh key.
Have fun!
pulled dcf384.log
Warning: Permanently added '[94.253.160.106]:31246' (ED25519) to the list of known hosts.
Welcome to vast.ai. If authentication fails, try again after a few seconds, and double check your ssh key.
Have fun!
pulled nvsmi_dcf768.csv
Warning: Permanently added '[94.253.160.106]:31246' (ED25519) to the list of known hosts.
Welcome to vast.ai. If authentication fails, try again after a few seconds, and double check your ssh key.
Have fun!
pulled nvsmi_dcf512.csv
Warning: Permanently added '[94.253.160.106]:31246' (ED25519) to the list of known hosts.
Welcome to vast.ai. If authentication fails, try again after a few seconds, and double check your ssh key.
Have fun!
[cleanup] SAVE_POD=1 keep 36876913 rc=0
pulled nvsmi_dcf384.csv
[8/8] Destroy + cost...
destroying instance 36876913.
DONE 20min ~$0.20 A100_SXM4 RAM=62GB vCPU=128
Sat May 16 12:56:28 UTC 2026
[cleanup] SAVE_POD=1 keep 36876913 rc=0
