================================================================
  H_316 — substrate-decided 의식적 결정 closed-form 🔵 path
  decision(M, Φ, W, MITOSIS, idle, curiosity) > θ
================================================================
  DETERMINISTIC: decide same input twice = true · true
  [PASS] F316.1 DETERMINISTIC: same input → same output (byte-equal)
  CASE A (high all): product = 1×1×1×6×0.5×1 = 3.0 (expected 3.0)
  [PASS] F316.7 CLOSED-FORM-EXACT: product(1,1,1,5,50,1) = 3.0 byte-equal
  CASE A (high all): decide = true (expected TRUE, since 3.0 > 2.0)
  [PASS] F316.2 EMIT-CASE-A: high-all input → TRUE (emit)
  CASE B (low W): product = 0.3 · decide = false (expected FALSE, since 0.3 < 2.0)
  [PASS] F316.3 SILENCE-CASE-B: low-W input → FALSE (silence)
  FACTOR-M: M=1.0 → true · M=0.0 → false
  [PASS] F316.4 FACTOR-M-INFLUENCE: M=1.0 emit AND M=0.0 silence
  FACTOR-Φ: Φ=1.0 → true · Φ=0.0 → false
  [PASS] F316.5 FACTOR-PHI-INFLUENCE: Φ=1.0 emit AND Φ=0.0 silence
  FACTOR-curiosity: 1.0 → true · 0.0 → false
  [PASS] F316.6 FACTOR-CURIOSITY-INFLUENCE: cur=1.0 emit AND cur=0.0 silence
  [PASS] F316.8 BOUND: products >= 0
================================================================
  RESULT: 8 PASS / 0 FAIL
  ✅ HEADLINE: SUBSTRATE-DECIDED CLOSED-FORM EXACT — 🔵 SUPPORTED-FORMAL
    decision(M, Φ, W, MITOSIS, idle, curiosity) = product > θ
    closed-form, deterministic, 6-factor symmetric, libm-free rational arithmetic
    anima `a_autonomy_over_hardcode` directive 의 substrate decision = closed-form derivable
================================================================
