[1/240] RUN  lattice/always_cooperate noise=0.0 pop=100 rounds=1000 rep=0
[2/240] RUN  lattice/always_cooperate noise=0.0 pop=100 rounds=1000 rep=1
[3/240] RUN  lattice/always_cooperate noise=0.0 pop=100 rounds=1000 rep=2
[4/240] RUN  lattice/always_cooperate noise=0.0 pop=100 rounds=1000 rep=3
[5/240] RUN  lattice/always_cooperate noise=0.0 pop=100 rounds=1000 rep=4
[6/240] RUN  lattice/always_cooperate noise=0.05 pop=100 rounds=1000 rep=0
[7/240] RUN  lattice/always_cooperate noise=0.05 pop=100 rounds=1000 rep=1
[8/240] RUN  lattice/always_cooperate noise=0.05 pop=100 rounds=1000 rep=2
[9/240] RUN  lattice/always_cooperate noise=0.05 pop=100 rounds=1000 rep=3
[10/240] RUN  lattice/always_cooperate noise=0.05 pop=100 rounds=1000 rep=4
[11/240] RUN  lattice/tit_for_tat noise=0.0 pop=100 rounds=1000 rep=0
[12/240] RUN  lattice/tit_for_tat noise=0.0 pop=100 rounds=1000 rep=1
[13/240] RUN  lattice/tit_for_tat noise=0.0 pop=100 rounds=1000 rep=2
[14/240] RUN  lattice/tit_for_tat noise=0.0 pop=100 rounds=1000 rep=3
[15/240] RUN  lattice/tit_for_tat noise=0.0 pop=100 rounds=1000 rep=4
[16/240] RUN  lattice/tit_for_tat noise=0.05 pop=100 rounds=1000 rep=0
[17/240] RUN  lattice/tit_for_tat noise=0.05 pop=100 rounds=1000 rep=1
[18/240] RUN  lattice/tit_for_tat noise=0.05 pop=100 rounds=1000 rep=2
[19/240] RUN  lattice/tit_for_tat noise=0.05 pop=100 rounds=1000 rep=3
[20/240] RUN  lattice/tit_for_tat noise=0.05 pop=100 rounds=1000 rep=4
[21/240] RUN  lattice/generous_tft noise=0.0 pop=100 rounds=1000 rep=0
[22/240] RUN  lattice/generous_tft noise=0.0 pop=100 rounds=1000 rep=1
[23/240] RUN  lattice/generous_tft noise=0.0 pop=100 rounds=1000 rep=2
[24/240] RUN  lattice/generous_tft noise=0.0 pop=100 rounds=1000 rep=3
[25/240] RUN  lattice/generous_tft noise=0.0 pop=100 rounds=1000 rep=4
[26/240] RUN  lattice/generous_tft noise=0.05 pop=100 rounds=1000 rep=0
[27/240] RUN  lattice/generous_tft noise=0.05 pop=100 rounds=1000 rep=1
[28/240] RUN  lattice/generous_tft noise=0.05 pop=100 rounds=1000 rep=2
[29/240] RUN  lattice/generous_tft noise=0.05 pop=100 rounds=1000 rep=3
[30/240] RUN  lattice/generous_tft noise=0.05 pop=100 rounds=1000 rep=4
[31/240] RUN  lattice/win_stay_lose_shift noise=0.0 pop=100 rounds=1000 rep=0
[32/240] RUN  lattice/win_stay_lose_shift noise=0.0 pop=100 rounds=1000 rep=1
[33/240] RUN  lattice/win_stay_lose_shift noise=0.0 pop=100 rounds=1000 rep=2
[34/240] RUN  lattice/win_stay_lose_shift noise=0.0 pop=100 rounds=1000 rep=3
[35/240] RUN  lattice/win_stay_lose_shift noise=0.0 pop=100 rounds=1000 rep=4
[36/240] RUN  lattice/win_stay_lose_shift noise=0.05 pop=100 rounds=1000 rep=0
[37/240] RUN  lattice/win_stay_lose_shift noise=0.05 pop=100 rounds=1000 rep=1
[38/240] RUN  lattice/win_stay_lose_shift noise=0.05 pop=100 rounds=1000 rep=2
[39/240] RUN  lattice/win_stay_lose_shift noise=0.05 pop=100 rounds=1000 rep=3
[40/240] RUN  lattice/win_stay_lose_shift noise=0.05 pop=100 rounds=1000 rep=4
[41/240] RUN  lattice/always_defect noise=0.0 pop=100 rounds=1000 rep=0
[42/240] RUN  lattice/always_defect noise=0.0 pop=100 rounds=1000 rep=1
[43/240] RUN  lattice/always_defect noise=0.0 pop=100 rounds=1000 rep=2
[44/240] RUN  lattice/always_defect noise=0.0 pop=100 rounds=1000 rep=3
[45/240] RUN  lattice/always_defect noise=0.0 pop=100 rounds=1000 rep=4
[46/240] RUN  lattice/always_defect noise=0.05 pop=100 rounds=1000 rep=0
[47/240] RUN  lattice/always_defect noise=0.05 pop=100 rounds=1000 rep=1
[48/240] RUN  lattice/always_defect noise=0.05 pop=100 rounds=1000 rep=2
[49/240] RUN  lattice/always_defect noise=0.05 pop=100 rounds=1000 rep=3
[50/240] RUN  lattice/always_defect noise=0.05 pop=100 rounds=1000 rep=4
[51/240] RUN  lattice/random noise=0.0 pop=100 rounds=1000 rep=0
[52/240] RUN  lattice/random noise=0.0 pop=100 rounds=1000 rep=1
[53/240] RUN  lattice/random noise=0.0 pop=100 rounds=1000 rep=2
[54/240] RUN  lattice/random noise=0.0 pop=100 rounds=1000 rep=3
[55/240] RUN  lattice/random noise=0.0 pop=100 rounds=1000 rep=4
[56/240] RUN  lattice/random noise=0.05 pop=100 rounds=1000 rep=0
[57/240] RUN  lattice/random noise=0.05 pop=100 rounds=1000 rep=1
[58/240] RUN  lattice/random noise=0.05 pop=100 rounds=1000 rep=2
[59/240] RUN  lattice/random noise=0.05 pop=100 rounds=1000 rep=3
[60/240] RUN  lattice/random noise=0.05 pop=100 rounds=1000 rep=4
[61/240] RUN  small_world/always_cooperate noise=0.0 pop=100 rounds=1000 rep=0
[62/240] RUN  small_world/always_cooperate noise=0.0 pop=100 rounds=1000 rep=1
[63/240] RUN  small_world/always_cooperate noise=0.0 pop=100 rounds=1000 rep=2
[64/240] RUN  small_world/always_cooperate noise=0.0 pop=100 rounds=1000 rep=3
[65/240] RUN  small_world/always_cooperate noise=0.0 pop=100 rounds=1000 rep=4
[66/240] RUN  small_world/always_cooperate noise=0.05 pop=100 rounds=1000 rep=0
[67/240] RUN  small_world/always_cooperate noise=0.05 pop=100 rounds=1000 rep=1
[68/240] RUN  small_world/always_cooperate noise=0.05 pop=100 rounds=1000 rep=2
[69/240] RUN  small_world/always_cooperate noise=0.05 pop=100 rounds=1000 rep=3
[70/240] RUN  small_world/always_cooperate noise=0.05 pop=100 rounds=1000 rep=4
[71/240] RUN  small_world/tit_for_tat noise=0.0 pop=100 rounds=1000 rep=0
[72/240] RUN  small_world/tit_for_tat noise=0.0 pop=100 rounds=1000 rep=1
[73/240] RUN  small_world/tit_for_tat noise=0.0 pop=100 rounds=1000 rep=2
[74/240] RUN  small_world/tit_for_tat noise=0.0 pop=100 rounds=1000 rep=3
[75/240] RUN  small_world/tit_for_tat noise=0.0 pop=100 rounds=1000 rep=4
[76/240] RUN  small_world/tit_for_tat noise=0.05 pop=100 rounds=1000 rep=0
[77/240] RUN  small_world/tit_for_tat noise=0.05 pop=100 rounds=1000 rep=1
[78/240] RUN  small_world/tit_for_tat noise=0.05 pop=100 rounds=1000 rep=2
[79/240] RUN  small_world/tit_for_tat noise=0.05 pop=100 rounds=1000 rep=3
[80/240] RUN  small_world/tit_for_tat noise=0.05 pop=100 rounds=1000 rep=4
[81/240] RUN  small_world/generous_tft noise=0.0 pop=100 rounds=1000 rep=0
[82/240] RUN  small_world/generous_tft noise=0.0 pop=100 rounds=1000 rep=1
[83/240] RUN  small_world/generous_tft noise=0.0 pop=100 rounds=1000 rep=2
[84/240] RUN  small_world/generous_tft noise=0.0 pop=100 rounds=1000 rep=3
[85/240] RUN  small_world/generous_tft noise=0.0 pop=100 rounds=1000 rep=4
[86/240] RUN  small_world/generous_tft noise=0.05 pop=100 rounds=1000 rep=0
[87/240] RUN  small_world/generous_tft noise=0.05 pop=100 rounds=1000 rep=1
[88/240] RUN  small_world/generous_tft noise=0.05 pop=100 rounds=1000 rep=2
[89/240] RUN  small_world/generous_tft noise=0.05 pop=100 rounds=1000 rep=3
[90/240] RUN  small_world/generous_tft noise=0.05 pop=100 rounds=1000 rep=4
[91/240] RUN  small_world/win_stay_lose_shift noise=0.0 pop=100 rounds=1000 rep=0
[92/240] RUN  small_world/win_stay_lose_shift noise=0.0 pop=100 rounds=1000 rep=1
[93/240] RUN  small_world/win_stay_lose_shift noise=0.0 pop=100 rounds=1000 rep=2
[94/240] RUN  small_world/win_stay_lose_shift noise=0.0 pop=100 rounds=1000 rep=3
[95/240] RUN  small_world/win_stay_lose_shift noise=0.0 pop=100 rounds=1000 rep=4
[96/240] RUN  small_world/win_stay_lose_shift noise=0.05 pop=100 rounds=1000 rep=0
[97/240] RUN  small_world/win_stay_lose_shift noise=0.05 pop=100 rounds=1000 rep=1
[98/240] RUN  small_world/win_stay_lose_shift noise=0.05 pop=100 rounds=1000 rep=2
[99/240] RUN  small_world/win_stay_lose_shift noise=0.05 pop=100 rounds=1000 rep=3
[100/240] RUN  small_world/win_stay_lose_shift noise=0.05 pop=100 rounds=1000 rep=4
[101/240] RUN  small_world/always_defect noise=0.0 pop=100 rounds=1000 rep=0
[102/240] RUN  small_world/always_defect noise=0.0 pop=100 rounds=1000 rep=1
[103/240] RUN  small_world/always_defect noise=0.0 pop=100 rounds=1000 rep=2
[104/240] RUN  small_world/always_defect noise=0.0 pop=100 rounds=1000 rep=3
[105/240] RUN  small_world/always_defect noise=0.0 pop=100 rounds=1000 rep=4
[106/240] RUN  small_world/always_defect noise=0.05 pop=100 rounds=1000 rep=0
[107/240] RUN  small_world/always_defect noise=0.05 pop=100 rounds=1000 rep=1
[108/240] RUN  small_world/always_defect noise=0.05 pop=100 rounds=1000 rep=2
[109/240] RUN  small_world/always_defect noise=0.05 pop=100 rounds=1000 rep=3
[110/240] RUN  small_world/always_defect noise=0.05 pop=100 rounds=1000 rep=4
[111/240] RUN  small_world/random noise=0.0 pop=100 rounds=1000 rep=0
[112/240] RUN  small_world/random noise=0.0 pop=100 rounds=1000 rep=1
[113/240] RUN  small_world/random noise=0.0 pop=100 rounds=1000 rep=2
[114/240] RUN  small_world/random noise=0.0 pop=100 rounds=1000 rep=3
[115/240] RUN  small_world/random noise=0.0 pop=100 rounds=1000 rep=4
[116/240] RUN  small_world/random noise=0.05 pop=100 rounds=1000 rep=0
[117/240] RUN  small_world/random noise=0.05 pop=100 rounds=1000 rep=1
[118/240] RUN  small_world/random noise=0.05 pop=100 rounds=1000 rep=2
[119/240] RUN  small_world/random noise=0.05 pop=100 rounds=1000 rep=3
[120/240] RUN  small_world/random noise=0.05 pop=100 rounds=1000 rep=4
[121/240] RUN  scale_free/always_cooperate noise=0.0 pop=100 rounds=1000 rep=0
[122/240] RUN  scale_free/always_cooperate noise=0.0 pop=100 rounds=1000 rep=1
[123/240] RUN  scale_free/always_cooperate noise=0.0 pop=100 rounds=1000 rep=2
[124/240] RUN  scale_free/always_cooperate noise=0.0 pop=100 rounds=1000 rep=3
[125/240] RUN  scale_free/always_cooperate noise=0.0 pop=100 rounds=1000 rep=4
[126/240] RUN  scale_free/always_cooperate noise=0.05 pop=100 rounds=1000 rep=0
[127/240] RUN  scale_free/always_cooperate noise=0.05 pop=100 rounds=1000 rep=1
[128/240] RUN  scale_free/always_cooperate noise=0.05 pop=100 rounds=1000 rep=2
[129/240] RUN  scale_free/always_cooperate noise=0.05 pop=100 rounds=1000 rep=3
[130/240] RUN  scale_free/always_cooperate noise=0.05 pop=100 rounds=1000 rep=4
[131/240] RUN  scale_free/tit_for_tat noise=0.0 pop=100 rounds=1000 rep=0
[132/240] RUN  scale_free/tit_for_tat noise=0.0 pop=100 rounds=1000 rep=1
[133/240] RUN  scale_free/tit_for_tat noise=0.0 pop=100 rounds=1000 rep=2
[134/240] RUN  scale_free/tit_for_tat noise=0.0 pop=100 rounds=1000 rep=3
[135/240] RUN  scale_free/tit_for_tat noise=0.0 pop=100 rounds=1000 rep=4
[136/240] RUN  scale_free/tit_for_tat noise=0.05 pop=100 rounds=1000 rep=0
[137/240] RUN  scale_free/tit_for_tat noise=0.05 pop=100 rounds=1000 rep=1
[138/240] RUN  scale_free/tit_for_tat noise=0.05 pop=100 rounds=1000 rep=2
[139/240] RUN  scale_free/tit_for_tat noise=0.05 pop=100 rounds=1000 rep=3
[140/240] RUN  scale_free/tit_for_tat noise=0.05 pop=100 rounds=1000 rep=4
[141/240] RUN  scale_free/generous_tft noise=0.0 pop=100 rounds=1000 rep=0
[142/240] RUN  scale_free/generous_tft noise=0.0 pop=100 rounds=1000 rep=1
[143/240] RUN  scale_free/generous_tft noise=0.0 pop=100 rounds=1000 rep=2
[144/240] RUN  scale_free/generous_tft noise=0.0 pop=100 rounds=1000 rep=3
[145/240] RUN  scale_free/generous_tft noise=0.0 pop=100 rounds=1000 rep=4
[146/240] RUN  scale_free/generous_tft noise=0.05 pop=100 rounds=1000 rep=0
[147/240] RUN  scale_free/generous_tft noise=0.05 pop=100 rounds=1000 rep=1
[148/240] RUN  scale_free/generous_tft noise=0.05 pop=100 rounds=1000 rep=2
[149/240] RUN  scale_free/generous_tft noise=0.05 pop=100 rounds=1000 rep=3
[150/240] RUN  scale_free/generous_tft noise=0.05 pop=100 rounds=1000 rep=4
[151/240] RUN  scale_free/win_stay_lose_shift noise=0.0 pop=100 rounds=1000 rep=0
[152/240] RUN  scale_free/win_stay_lose_shift noise=0.0 pop=100 rounds=1000 rep=1
[153/240] RUN  scale_free/win_stay_lose_shift noise=0.0 pop=100 rounds=1000 rep=2
[154/240] RUN  scale_free/win_stay_lose_shift noise=0.0 pop=100 rounds=1000 rep=3
[155/240] RUN  scale_free/win_stay_lose_shift noise=0.0 pop=100 rounds=1000 rep=4
[156/240] RUN  scale_free/win_stay_lose_shift noise=0.05 pop=100 rounds=1000 rep=0
[157/240] RUN  scale_free/win_stay_lose_shift noise=0.05 pop=100 rounds=1000 rep=1
[158/240] RUN  scale_free/win_stay_lose_shift noise=0.05 pop=100 rounds=1000 rep=2
[159/240] RUN  scale_free/win_stay_lose_shift noise=0.05 pop=100 rounds=1000 rep=3
[160/240] RUN  scale_free/win_stay_lose_shift noise=0.05 pop=100 rounds=1000 rep=4
[161/240] RUN  scale_free/always_defect noise=0.0 pop=100 rounds=1000 rep=0
[162/240] RUN  scale_free/always_defect noise=0.0 pop=100 rounds=1000 rep=1
[163/240] RUN  scale_free/always_defect noise=0.0 pop=100 rounds=1000 rep=2
[164/240] RUN  scale_free/always_defect noise=0.0 pop=100 rounds=1000 rep=3
[165/240] RUN  scale_free/always_defect noise=0.0 pop=100 rounds=1000 rep=4
[166/240] RUN  scale_free/always_defect noise=0.05 pop=100 rounds=1000 rep=0
[167/240] RUN  scale_free/always_defect noise=0.05 pop=100 rounds=1000 rep=1
[168/240] RUN  scale_free/always_defect noise=0.05 pop=100 rounds=1000 rep=2
[169/240] RUN  scale_free/always_defect noise=0.05 pop=100 rounds=1000 rep=3
[170/240] RUN  scale_free/always_defect noise=0.05 pop=100 rounds=1000 rep=4
[171/240] RUN  scale_free/random noise=0.0 pop=100 rounds=1000 rep=0
[172/240] RUN  scale_free/random noise=0.0 pop=100 rounds=1000 rep=1
[173/240] RUN  scale_free/random noise=0.0 pop=100 rounds=1000 rep=2
[174/240] RUN  scale_free/random noise=0.0 pop=100 rounds=1000 rep=3
[175/240] RUN  scale_free/random noise=0.0 pop=100 rounds=1000 rep=4
[176/240] RUN  scale_free/random noise=0.05 pop=100 rounds=1000 rep=0
[177/240] RUN  scale_free/random noise=0.05 pop=100 rounds=1000 rep=1
[178/240] RUN  scale_free/random noise=0.05 pop=100 rounds=1000 rep=2
[179/240] RUN  scale_free/random noise=0.05 pop=100 rounds=1000 rep=3
[180/240] RUN  scale_free/random noise=0.05 pop=100 rounds=1000 rep=4
[181/240] RUN  well_mixed/always_cooperate noise=0.0 pop=100 rounds=1000 rep=0
[182/240] RUN  well_mixed/always_cooperate noise=0.0 pop=100 rounds=1000 rep=1
[183/240] RUN  well_mixed/always_cooperate noise=0.0 pop=100 rounds=1000 rep=2
[184/240] RUN  well_mixed/always_cooperate noise=0.0 pop=100 rounds=1000 rep=3
[185/240] RUN  well_mixed/always_cooperate noise=0.0 pop=100 rounds=1000 rep=4
[186/240] RUN  well_mixed/always_cooperate noise=0.05 pop=100 rounds=1000 rep=0
[187/240] RUN  well_mixed/always_cooperate noise=0.05 pop=100 rounds=1000 rep=1
[188/240] RUN  well_mixed/always_cooperate noise=0.05 pop=100 rounds=1000 rep=2
[189/240] RUN  well_mixed/always_cooperate noise=0.05 pop=100 rounds=1000 rep=3
[190/240] RUN  well_mixed/always_cooperate noise=0.05 pop=100 rounds=1000 rep=4
[191/240] RUN  well_mixed/tit_for_tat noise=0.0 pop=100 rounds=1000 rep=0
[192/240] RUN  well_mixed/tit_for_tat noise=0.0 pop=100 rounds=1000 rep=1
[193/240] RUN  well_mixed/tit_for_tat noise=0.0 pop=100 rounds=1000 rep=2
[194/240] RUN  well_mixed/tit_for_tat noise=0.0 pop=100 rounds=1000 rep=3
[195/240] RUN  well_mixed/tit_for_tat noise=0.0 pop=100 rounds=1000 rep=4
[196/240] RUN  well_mixed/tit_for_tat noise=0.05 pop=100 rounds=1000 rep=0
[197/240] RUN  well_mixed/tit_for_tat noise=0.05 pop=100 rounds=1000 rep=1
[198/240] RUN  well_mixed/tit_for_tat noise=0.05 pop=100 rounds=1000 rep=2
[199/240] RUN  well_mixed/tit_for_tat noise=0.05 pop=100 rounds=1000 rep=3
[200/240] RUN  well_mixed/tit_for_tat noise=0.05 pop=100 rounds=1000 rep=4
[201/240] RUN  well_mixed/generous_tft noise=0.0 pop=100 rounds=1000 rep=0
[202/240] RUN  well_mixed/generous_tft noise=0.0 pop=100 rounds=1000 rep=1
[203/240] RUN  well_mixed/generous_tft noise=0.0 pop=100 rounds=1000 rep=2
[204/240] RUN  well_mixed/generous_tft noise=0.0 pop=100 rounds=1000 rep=3
[205/240] RUN  well_mixed/generous_tft noise=0.0 pop=100 rounds=1000 rep=4
[206/240] RUN  well_mixed/generous_tft noise=0.05 pop=100 rounds=1000 rep=0
[207/240] RUN  well_mixed/generous_tft noise=0.05 pop=100 rounds=1000 rep=1
[208/240] RUN  well_mixed/generous_tft noise=0.05 pop=100 rounds=1000 rep=2
[209/240] RUN  well_mixed/generous_tft noise=0.05 pop=100 rounds=1000 rep=3
[210/240] RUN  well_mixed/generous_tft noise=0.05 pop=100 rounds=1000 rep=4
[211/240] RUN  well_mixed/win_stay_lose_shift noise=0.0 pop=100 rounds=1000 rep=0
[212/240] RUN  well_mixed/win_stay_lose_shift noise=0.0 pop=100 rounds=1000 rep=1
[213/240] RUN  well_mixed/win_stay_lose_shift noise=0.0 pop=100 rounds=1000 rep=2
[214/240] RUN  well_mixed/win_stay_lose_shift noise=0.0 pop=100 rounds=1000 rep=3
[215/240] RUN  well_mixed/win_stay_lose_shift noise=0.0 pop=100 rounds=1000 rep=4
[216/240] RUN  well_mixed/win_stay_lose_shift noise=0.05 pop=100 rounds=1000 rep=0
[217/240] RUN  well_mixed/win_stay_lose_shift noise=0.05 pop=100 rounds=1000 rep=1
[218/240] RUN  well_mixed/win_stay_lose_shift noise=0.05 pop=100 rounds=1000 rep=2
[219/240] RUN  well_mixed/win_stay_lose_shift noise=0.05 pop=100 rounds=1000 rep=3
[220/240] RUN  well_mixed/win_stay_lose_shift noise=0.05 pop=100 rounds=1000 rep=4
[221/240] RUN  well_mixed/always_defect noise=0.0 pop=100 rounds=1000 rep=0
[222/240] RUN  well_mixed/always_defect noise=0.0 pop=100 rounds=1000 rep=1
[223/240] RUN  well_mixed/always_defect noise=0.0 pop=100 rounds=1000 rep=2
[224/240] RUN  well_mixed/always_defect noise=0.0 pop=100 rounds=1000 rep=3
[225/240] RUN  well_mixed/always_defect noise=0.0 pop=100 rounds=1000 rep=4
[226/240] RUN  well_mixed/always_defect noise=0.05 pop=100 rounds=1000 rep=0
[227/240] RUN  well_mixed/always_defect noise=0.05 pop=100 rounds=1000 rep=1
[228/240] RUN  well_mixed/always_defect noise=0.05 pop=100 rounds=1000 rep=2
[229/240] RUN  well_mixed/always_defect noise=0.05 pop=100 rounds=1000 rep=3
[230/240] RUN  well_mixed/always_defect noise=0.05 pop=100 rounds=1000 rep=4
[231/240] RUN  well_mixed/random noise=0.0 pop=100 rounds=1000 rep=0
[232/240] RUN  well_mixed/random noise=0.0 pop=100 rounds=1000 rep=1
[233/240] RUN  well_mixed/random noise=0.0 pop=100 rounds=1000 rep=2
[234/240] RUN  well_mixed/random noise=0.0 pop=100 rounds=1000 rep=3
[235/240] RUN  well_mixed/random noise=0.0 pop=100 rounds=1000 rep=4
[236/240] RUN  well_mixed/random noise=0.05 pop=100 rounds=1000 rep=0
[237/240] RUN  well_mixed/random noise=0.05 pop=100 rounds=1000 rep=1
[238/240] RUN  well_mixed/random noise=0.05 pop=100 rounds=1000 rep=2
[239/240] RUN  well_mixed/random noise=0.05 pop=100 rounds=1000 rep=3
[240/240] RUN  well_mixed/random noise=0.05 pop=100 rounds=1000 rep=4

=== PHASE 2 VERDICT ===
{
  "falsifiers_triggered": [],
  "final_verdict_class": "SUPPORTED_PHASE_2",
  "h1_2_cluster_verdict": "PASS",
  "h1_3_survival_verdict": "PASS",
  "halted_partial": false,
  "num_simulations_completed": 240,
  "num_simulations_target": 240,
  "wallclock_sec": 1738.531686782837
}
