[load] ok

=== HELD-OUT non-gate pairs (never co-trained; concepts each trained) ===
  [ra=. rb=Y] win=29B echo+fable want coppery+silvery => 'azure and silvery.\nthe ten'
  [ra=. rb=Y] win=30B echo+hollow want coppery+garnet => 'amber and garnet.\nthe embe'
  [ra=. rb=Y] win=31B hollow+comet want garnet+briny => 'khaki and briny.\na tension'
  [ra=Y rb=Y] win=29B ember+dune want golden+zinc => 'golden and zinc.\nthe tensi'
  [ra=. rb=.] win=31B willow+fable want vermil+silvery => 'shadowy.\na thunder met a m'
  [ra=. rb=Y] win=33B mirror+thunder want dusky+scarlet => 'amber and scarlet.\nthe ten'
  [ra=. rb=.] win=31B garden+stone want emerald+russet => 'jade and briny.\nthe ember '
  [ra=Y rb=.] win=31B orbit+violet want maroon+shadowy => 'maroon and sienna.\nthe emb'
  [ra=Y rb=.] win=31B lantern+echo want jade+coppery => 'jade and mossy.\nthe tensio'
  [ra=. rb=Y] win=32B meadow+quartz want khaki+olive => 'golden and olive.\nthe tens'
  [ra=. rb=Y] win=32B glacier+umbra want hazel+teal => 'nutmeg and teal.\nthe tensi'
  [ra=. rb=.] win=33B thunder+willow want scarlet+vermil => 'teal and garnet.\nthe ember'
  [ra=. rb=Y] win=32B beacon+hollow want xanthe+garnet => 'maroon and garnet.\nthe emb'
  [ra=. rb=Y] win=33B needle+harvest want lilac+ashen => 'xanthe and ashen.\nthe drea'

=== SEEN short control (covered, both in-window) ===

=== SUMMARY ===
  heldout_nongate_both: 1/14
  heldout_nongate_any: 11/14
  seen_short_both: 0/0
  seen_short_any: 0/0
[done] -> /Users/mini/dancinlab/anima/state/g1_coverage_mismatch_probe/separation/probe2_heldout_nongate.json
