================================================================
  H_686 + H_687 V-scale sweep · V=1024 · cell=none (baseline)
       MoE top-1 hard routing · E=4 d=6 · 6 cluster · 600 step
       lam_ent=0.1 · lam_kl=0.1 · SKEWED corpus (rep0=20)
       corpus map: cluster_i → token (i*stride) mod V
================================================================
  V=1024 stride=170 · init avg CE = 5.05001
  final avg CE = 0.00295718
  mean H(gate) = 0.0527544 (uniform = 1.38629)
  decoded n = 100 · raw_c = 9 · BITS = 18 · LZ_norm = 0.0540689
  distinct_experts (over 6 clusters) = 4
    cluster c0 (target=0) → expert e0 → token 0
    cluster c1 (target=170) → expert e0 → token 170
    cluster c2 (target=340) → expert e3 → token 340
    cluster c3 (target=510) → expert e2 → token 510
    cluster c4 (target=680) → expert e1 → token 680
    cluster c5 (target=850) → expert e0 → token 850
================================================================
  RESULT_V=1024 CELL=none (baseline)
  LZ_norm=0.0540689
  distinct_experts=4.0
  mean_H_gate=0.0527544
  final_CE=0.00295718
  init_CE=5.05001
================================================================
