================================================================
  H_686 + H_687 V-scale sweep · V=256 · cell=both (H_686+H_687)
       MoE top-1 hard routing · E=4 d=6 · 6 cluster · 600 step
       lam_ent=0.1 · lam_kl=0.1 · SKEWED corpus (rep0=20)
       corpus map: cluster_i → token (i*stride) mod V
================================================================
  V=256 stride=42 · init avg CE = 4.79908
  final avg CE = 0.0267462
  mean H(gate) = 0.977464 (uniform = 1.38629)
  decoded n = 100 · raw_c = 9 · BITS = 18 · LZ_norm = 0.0540689
  distinct_experts (over 6 clusters) = 4
    cluster c0 (target=0) → expert e0 → token 0
    cluster c1 (target=42) → expert e3 → token 42
    cluster c2 (target=84) → expert e3 → token 84
    cluster c3 (target=126) → expert e2 → token 126
    cluster c4 (target=168) → expert e1 → token 168
    cluster c5 (target=210) → expert e0 → token 210
================================================================
  RESULT_V=256 CELL=both (H_686+H_687)
  LZ_norm=0.0540689
  distinct_experts=4.0
  mean_H_gate=0.977464
  final_CE=0.0267462
  init_CE=4.79908
================================================================
