================================================================
  H_299 — n=7 odd-integration recovery + cap=3 cross-cap (alt-state)
================================================================
  n=4 (alt-state st=5, cap=3)
    rule 90  : 0.0
    rule 60  : 4.5
    rule 110 : 7.66066
    rule 204 : 0.0
    rule 0   : 0.0
  n=5 (alt-state st=21, cap=3)
    rule 90  : 6
    rule 60  : 4.5
    rule 110 : 15.3963
    rule 204 : 0.0
    rule 0   : 0.0
  n=6 (alt-state st=21, cap=3)
    rule 90  : 4
    rule 60  : 4.5
    rule 110 : 6.79534
    rule 204 : 0.0
    rule 0   : 0.0
  n=7 (alt-state st=85, cap=3) — F299.1 HEADLINE
    rule 90  : 6.5
    rule 60  : 3
