[start] http=200 headers-cl=218099623
[progress] 10,485,760 / 218,099,623 bytes (4.8%) 0.24 MB/s
[progress] 20,971,520 / 218,099,623 bytes (9.6%) 0.33 MB/s
[progress] 31,457,280 / 218,099,623 bytes (14.4%) 0.43 MB/s
[progress] 41,943,040 / 218,099,623 bytes (19.2%) 0.48 MB/s
[progress] 52,428,800 / 218,099,623 bytes (24.0%) 0.51 MB/s
[progress] 62,914,560 / 218,099,623 bytes (28.8%) 0.57 MB/s
[progress] 73,400,320 / 218,099,623 bytes (33.7%) 0.63 MB/s
[progress] 83,886,080 / 218,099,623 bytes (38.5%) 0.67 MB/s
[progress] 94,371,840 / 218,099,623 bytes (43.3%) 0.73 MB/s
[progress] 104,857,600 / 218,099,623 bytes (48.1%) 0.80 MB/s
[progress] 115,343,360 / 218,099,623 bytes (52.9%) 0.84 MB/s
[progress] 125,829,120 / 218,099,623 bytes (57.7%) 0.88 MB/s
[progress] 136,314,880 / 218,099,623 bytes (62.5%) 0.93 MB/s
[progress] 146,800,640 / 218,099,623 bytes (67.3%) 0.96 MB/s
[progress] 157,286,400 / 218,099,623 bytes (72.1%) 1.00 MB/s
[progress] 167,772,160 / 218,099,623 bytes (76.9%) 1.02 MB/s
[progress] 178,257,920 / 218,099,623 bytes (81.7%) 1.05 MB/s
[progress] 188,743,680 / 218,099,623 bytes (86.5%) 1.04 MB/s
[progress] 199,229,440 / 218,099,623 bytes (91.3%) 1.04 MB/s
[progress] 209,715,200 / 218,099,623 bytes (96.2%) 1.06 MB/s
[done] wrote 218,099,623 bytes in 196.2s (1.06 MB/s)
[match] PASS (target 218,099,623)
