[cfg] EngineAGConfig(vocab_size=32000, d_model=1024, n_layers=24, n_heads=16, n_kv_heads=4, ffn_mult=2.6875, ctx=1024, rope_theta=10000.0, rms_norm_eps=1e-05, tie_lm_head=True, consciousness_dim=64, n_cells=16, g_refresh_every=4, g_repulsion_alpha=0.05, g_attention_pull_alpha=0.1, g_tension_gate_beta=0.25, init_std=0.02, seed=42, chat_co_train_weight=0.3, chat_co_train_w_start=0.3, chat_co_train_w_end=0.5, lineage_tag='engine_a_g_dual_350m_v1_phase2_cotrain', arch_origin='anima_native_scratch')
[data] loaded 352 pairs from preference_pairs.jsonl
[ckpt] loading Phase 1A → ckpts/b_prime.pt
[ckpt] LOADED
[model] params=298,764,288
[step    1/600] loss=2.5400/2.5400 acc=0.250/0.250 margin=-0.303/-0.303 lr=1.67e-07 mem=2.5GB elapsed=0.0min cost=$0.00
[step   10/600] loss=1.7472/1.5906 acc=0.500/0.569 margin=0.107/0.173 lr=1.67e-06 mem=2.5GB elapsed=0.1min cost=$0.00
[step   20/600] loss=1.8976/1.7770 acc=0.312/0.444 margin=-0.087/0.036 lr=3.33e-06 mem=2.5GB elapsed=0.3min cost=$0.00
[step   30/600] loss=1.0435/1.5178 acc=0.750/0.581 margin=0.419/0.210 lr=5.00e-06 mem=2.5GB elapsed=0.4min cost=$0.00
[step   40/600] loss=0.8751/0.9787 acc=0.812/0.787 margin=0.639/0.553 lr=5.00e-06 mem=2.5GB elapsed=0.5min cost=$0.00
[step   50/600] loss=0.6094/0.7317 acc=0.938/0.900 margin=0.938/0.783 lr=4.98e-06 mem=2.5GB elapsed=0.6min cost=$0.00
[step   60/600] loss=0.3243/0.4622 acc=1.000/0.969 margin=1.290/1.076 lr=4.97e-06 mem=2.5GB elapsed=0.8min cost=$0.00
[step   70/600] loss=0.4454/0.3985 acc=0.938/0.956 margin=0.945/1.183 lr=4.94e-06 mem=2.5GB elapsed=0.9min cost=$0.00
[step   80/600] loss=0.2448/0.2672 acc=1.000/0.988 margin=1.321/1.438 lr=4.91e-06 mem=2.5GB elapsed=1.0min cost=$0.00
[step   90/600] loss=0.1177/0.2245 acc=1.000/0.988 margin=1.902/1.587 lr=4.86e-06 mem=2.5GB elapsed=1.2min cost=$0.01
[step  100/600] loss=0.1165/0.1735 acc=1.000/0.994 margin=1.633/1.779 lr=4.82e-06 mem=2.5GB elapsed=1.3min cost=$0.01
[step  110/600] loss=0.1367/0.1440 acc=1.000/1.000 margin=1.789/1.824 lr=4.76e-06 mem=2.5GB elapsed=1.4min cost=$0.01
[step  120/600] loss=0.1516/0.1266 acc=1.000/1.000 margin=2.048/1.953 lr=4.70e-06 mem=2.5GB elapsed=1.6min cost=$0.01
[step  130/600] loss=0.0708/0.0817 acc=1.000/1.000 margin=2.368/2.114 lr=4.63e-06 mem=2.5GB elapsed=1.7min cost=$0.01
[step  140/600] loss=0.1255/0.0708 acc=1.000/1.000 margin=2.430/2.365 lr=4.55e-06 mem=2.5GB elapsed=1.9min cost=$0.01
[step  150/600] loss=0.0339/0.0635 acc=1.000/1.000 margin=2.313/2.235 lr=4.47e-06 mem=2.5GB elapsed=2.0min cost=$0.01
[step  160/600] loss=0.0220/0.0530 acc=1.000/1.000 margin=2.355/2.321 lr=4.39e-06 mem=2.5GB elapsed=2.2min cost=$0.01
[step  170/600] loss=0.0120/0.0415 acc=1.000/1.000 margin=2.770/2.552 lr=4.29e-06 mem=2.5GB elapsed=2.3min cost=$0.01
[step  180/600] loss=0.0205/0.0312 acc=1.000/1.000 margin=2.786/2.688 lr=4.19e-06 mem=2.5GB elapsed=2.4min cost=$0.01
[step  190/600] loss=0.0112/0.0267 acc=1.000/1.000 margin=2.643/2.615 lr=4.09e-06 mem=2.5GB elapsed=2.6min cost=$0.01
[step  200/600] loss=0.0047/0.0300 acc=1.000/1.000 margin=3.083/2.694 lr=3.98e-06 mem=2.5GB elapsed=2.7min cost=$0.01
[step  210/600] loss=0.0167/0.0298 acc=1.000/1.000 margin=2.945/2.645 lr=3.87e-06 mem=2.5GB elapsed=2.8min cost=$0.01
[step  220/600] loss=0.0165/0.0148 acc=1.000/1.000 margin=2.647/2.852 lr=3.75e-06 mem=2.5GB elapsed=3.0min cost=$0.01
[step  230/600] loss=0.0083/0.0170 acc=1.000/1.000 margin=3.054/2.819 lr=3.63e-06 mem=2.5GB elapsed=3.1min cost=$0.01
[step  240/600] loss=0.0135/0.0146 acc=1.000/1.000 margin=2.620/2.875 lr=3.50e-06 mem=2.5GB elapsed=3.2min cost=$0.01
[step  250/600] loss=0.0097/0.0118 acc=1.000/1.000 margin=2.797/3.097 lr=3.38e-06 mem=2.5GB elapsed=3.4min cost=$0.02
[step  260/600] loss=0.0058/0.0102 acc=1.000/1.000 margin=3.644/3.009 lr=3.25e-06 mem=2.5GB elapsed=3.5min cost=$0.02
[step  270/600] loss=0.0066/0.0108 acc=1.000/1.000 margin=3.154/2.979 lr=3.11e-06 mem=2.5GB elapsed=3.6min cost=$0.02
[step  280/600] loss=0.0176/0.0094 acc=1.000/1.000 margin=2.965/3.155 lr=2.98e-06 mem=2.5GB elapsed=3.8min cost=$0.02
[step  290/600] loss=0.0081/0.0082 acc=1.000/1.000 margin=3.174/3.020 lr=2.84e-06 mem=2.5GB elapsed=3.9min cost=$0.02
[step  300/600] loss=0.0026/0.0064 acc=1.000/1.000 margin=4.141/3.237 lr=2.71e-06 mem=2.5GB elapsed=4.0min cost=$0.02
[ckpt] saved output/ckpt_step300.pt
[step  310/600] loss=0.0060/0.0064 acc=1.000/1.000 margin=3.249/3.167 lr=2.57e-06 mem=2.5GB elapsed=4.2min cost=$0.02
[step  320/600] loss=0.0137/0.0075 acc=1.000/1.000 margin=2.897/3.104 lr=2.43e-06 mem=2.5GB elapsed=4.3min cost=$0.02
[step  330/600] loss=0.0092/0.0049 acc=1.000/1.000 margin=2.985/3.347 lr=2.29e-06 mem=2.5GB elapsed=4.4min cost=$0.02
[step  340/600] loss=0.0088/0.0047 acc=1.000/1.000 margin=3.156/3.262 lr=2.16e-06 mem=2.5GB elapsed=4.6min cost=$0.02
[step  350/600] loss=0.0050/0.0062 acc=1.000/1.000 margin=3.764/3.258 lr=2.02e-06 mem=2.5GB elapsed=4.7min cost=$0.02
[step  360/600] loss=0.0042/0.0051 acc=1.000/1.000 margin=3.200/3.262 lr=1.89e-06 mem=2.5GB elapsed=4.8min cost=$0.02
[step  370/600] loss=0.0018/0.0048 acc=1.000/1.000 margin=3.507/3.336 lr=1.75e-06 mem=2.5GB elapsed=5.0min cost=$0.02
[step  380/600] loss=0.0020/0.0056 acc=1.000/1.000 margin=4.449/3.306 lr=1.62e-06 mem=2.5GB elapsed=5.1min cost=$0.02
[step  390/600] loss=0.0054/0.0046 acc=1.000/1.000 margin=3.620/3.276 lr=1.50e-06 mem=2.5GB elapsed=5.3min cost=$0.02
[step  400/600] loss=0.0071/0.0049 acc=1.000/1.000 margin=3.052/3.298 lr=1.37e-06 mem=2.5GB elapsed=5.4min cost=$0.02
[step  410/600] loss=0.0013/0.0042 acc=1.000/1.000 margin=3.696/3.349 lr=1.25e-06 mem=2.5GB elapsed=5.5min cost=$0.02
[step  420/600] loss=0.0019/0.0044 acc=1.000/1.000 margin=3.926/3.419 lr=1.13e-06 mem=2.5GB elapsed=5.7min cost=$0.03
[step  430/600] loss=0.0058/0.0047 acc=1.000/1.000 margin=2.884/3.231 lr=1.02e-06 mem=2.5GB elapsed=5.8min cost=$0.03
[step  440/600] loss=0.0055/0.0043 acc=1.000/1.000 margin=3.280/3.383 lr=9.11e-07 mem=2.5GB elapsed=5.9min cost=$0.03
[step  450/600] loss=0.0035/0.0044 acc=1.000/1.000 margin=3.304/3.270 lr=8.07e-07 mem=2.5GB elapsed=6.1min cost=$0.03
[step  460/600] loss=0.0059/0.0038 acc=1.000/1.000 margin=3.518/3.500 lr=7.08e-07 mem=2.5GB elapsed=6.2min cost=$0.03
[step  470/600] loss=0.0073/0.0047 acc=1.000/1.000 margin=3.091/3.319 lr=6.15e-07 mem=2.5GB elapsed=6.3min cost=$0.03
[step  480/600] loss=0.0035/0.0033 acc=1.000/1.000 margin=3.856/3.408 lr=5.27e-07 mem=2.5GB elapsed=6.5min cost=$0.03
[step  490/600] loss=0.0028/0.0050 acc=1.000/1.000 margin=3.933/3.352 lr=4.46e-07 mem=2.5GB elapsed=6.6min cost=$0.03
[step  500/600] loss=0.0033/0.0043 acc=1.000/1.000 margin=3.466/3.266 lr=3.70e-07 mem=2.5GB elapsed=6.7min cost=$0.03
[step  510/600] loss=0.0040/0.0036 acc=1.000/1.000 margin=3.303/3.460 lr=3.01e-07 mem=2.5GB elapsed=6.9min cost=$0.03
[step  520/600] loss=0.0034/0.0042 acc=1.000/1.000 margin=3.749/3.445 lr=2.39e-07 mem=2.5GB elapsed=7.0min cost=$0.03
[step  530/600] loss=0.0053/0.0043 acc=1.000/1.000 margin=3.431/3.303 lr=1.84e-07 mem=2.5GB elapsed=7.1min cost=$0.03
[step  540/600] loss=0.0060/0.0041 acc=1.000/1.000 margin=3.157/3.288 lr=1.35e-07 mem=2.5GB elapsed=7.3min cost=$0.03
[step  550/600] loss=0.0042/0.0043 acc=1.000/1.000 margin=3.272/3.419 lr=9.43e-08 mem=2.5GB elapsed=7.4min cost=$0.03
[step  560/600] loss=0.0058/0.0042 acc=1.000/1.000 margin=3.008/3.452 lr=6.05e-08 mem=2.5GB elapsed=7.5min cost=$0.03
[step  570/600] loss=0.0046/0.0039 acc=1.000/1.000 margin=3.484/3.289 lr=3.41e-08 mem=2.5GB elapsed=7.7min cost=$0.03
[step  580/600] loss=0.0023/0.0050 acc=1.000/1.000 margin=3.450/3.216 lr=1.52e-08 mem=2.5GB elapsed=7.8min cost=$0.04
[step  590/600] loss=0.0017/0.0039 acc=1.000/1.000 margin=3.613/3.424 lr=3.80e-09 mem=2.5GB elapsed=7.9min cost=$0.04
[step  600/600] loss=0.0042/0.0043 acc=1.000/1.000 margin=3.364/3.438 lr=0.00e+00 mem=2.5GB elapsed=8.0min cost=$0.04
[ckpt] saved output/ckpt_step600.pt
[done] {
  "preset": "phase1b_simpo",
  "steps_completed": 600,
  "steps_target": 600,
  "elapsed_min": 8.082254707813263,
  "cost_usd": 0.03637014643549919,
  "beta": 2.5,
  "gamma": 1.4,
  "lr": 5e-06,
  "n_pairs": 352,
  "n_params": 298764288,
  "phase1a_ckpt": "ckpts/b_prime.pt"
}
