[2026-05-05T08:59:44Z] starting OPT-C orchestrator: cycle=clm_v4_hf_format_shim_v5_opt_c_2026_05_05 bg_lane=OPT-C-FALSIFICATION target=$3.0
[2026-05-05T08:59:44Z] loading secrets
[2026-05-05T08:59:44Z] secrets OK (runpod=50b hf=37b)
[2026-05-05T08:59:44Z] booting pod: anima-shim-v5-opt-c-falsification-2026-05-05 (H100 80GB SECURE @ $2.99/hr, vol=80GB, disk=60GB)
[2026-05-05T08:59:45Z] boot output:
  {
    "containerDiskInGb": 60,
    "costPerHr": 2.99,
    "desiredStatus": "RUNNING",
    "env": [
      "HF_TOKEN=hf_***REDACTED***",
      "PUBLIC_KEY=ssh-ed25519 AAAAC3NzaC1lZDI1NTE5AAAAIKOEWe0SBseZceuCgcVnlNDhEwbU/TIqGeK9FdrpIy9V ghost@ghostui-MacBookAir.local\n\nssh-rsa AAAAB3NzaC1yc2EAAAADAQABAAABAQCf5vOKHhrik9f3yA4IWXXGKPVvDQ8nFP5b1PF7a7YHuXMmZVSOvISYwph7yuCCYyZP8GTDm9MWHZVSR6ArijPxRfAbGDUtENFrHtyA5IGI9GycJkrYokI20neQXR4AGTwk/kVXOdaMaxEREFKhyffzZyrPKUEpZ7ikGXVM9MqWYNFvvy1ioQ7uuqyFq+65phVjojKgg4LWdnTjcxNzNrOgwlZqANx450Nhv3KAGhWSiLZgU6iA4JJ6gsq6t5S9p5n7T6EeypUyuKT4iOH0U5d4jIrssz0QwBncytLvQCvv7IpsapPqhgQzBXcGMZKkLS62UWYDRTeL7PPz3+N2hM4N RunPod-Key-Go"
    ],
    "gpuCount": 1,
    "id": "xbo7w35njtinbq",
    "imageName": "runpod/pytorch:2.4.0-py3.11-cuda12.4.1-devel-ubuntu22.04",
    "lastStatusChange": "Rented by User: Tue May 05 2026 08:59:45 GMT+0000 (Coordinated Universal Time)",
    "machine": {
      "gpuDisplayName": "H100 SXM",
      "location": "IN"
    },
    "memoryInGb": 251,
    "name": "anima-shim-v5-opt-c-falsification-2026-05-05",
    "ports": "22/tcp,8888/http",
    "vcpuCount": 28,
    "volumeInGb": 80,
    "volumeMountPath": "/workspace"
  }
[2026-05-05T08:59:45Z] pod_id=xbo7w35njtinbq
h100_cost_watchdog: registered pod=xbo7w35njtinbq owner=OPT-C-FALSIFICATION target_usd=3.0
[h100-register] 2026-05-05T08:59:47Z pod=xbo7w35njtinbq owner=OPT-C-FALSIFICATION target=$3.0
[2026-05-05T08:59:47Z] [watchdog] register OK pod=xbo7w35njtinbq lane=OPT-C-FALSIFICATION target=$3.0
[2026-05-05T08:59:47Z] waiting for SSH ready (max 10min, 60 probes @ 10s)
[2026-05-05T08:59:50Z]   ssh probe 1/60: host= port= uptime=0s
[2026-05-05T09:00:03Z]   ssh probe 2/60: host= port= uptime=0s
[2026-05-05T09:00:18Z] SSH ready at 103.207.149.103:12492 (after 3 probes, uptime=0s)
[2026-05-05T09:00:18Z] stage 3: setup pod (scp inputs)
Warning: Permanently added '[103.207.149.103]:12492' (ED25519) to the list of known hosts.
Warning: Permanently added '[103.207.149.103]:12492' (ED25519) to the list of known hosts.
Warning: Permanently added '[103.207.149.103]:12492' (ED25519) to the list of known hosts.
Warning: Permanently added '[103.207.149.103]:12492' (ED25519) to the list of known hosts.
Warning: Permanently added '[103.207.149.103]:12492' (ED25519) to the list of known hosts.
Warning: Permanently added '[103.207.149.103]:12492' (ED25519) to the list of known hosts.
Warning: Permanently added '[103.207.149.103]:12492' (ED25519) to the list of known hosts.
Warning: Permanently added '[103.207.149.103]:12492' (ED25519) to the list of known hosts.
total 1352
drwxr-xr-x 2 root root     180 May  5 09:00 .
drwxr-xr-x 3 root root      42 May  5 09:00 ..
-rw-r--r-- 1 root root   17401 May  5 09:00 clm_v4_shim_v5_opt_c_eval.py
-rw-r--r-- 1 root root   40027 May  5 09:00 conscious_decoder.py
-rwxr-xr-x 1 root root    6262 May  5 09:00 run_h100.bash
-rw-r--r-- 1 root root 1306349 May  5 09:00 tokenizer_64k_multilingual.model
-rw-r--r-- 1 root root    7359 May  5 09:00 train_avg_real.pt
[2026-05-05T09:00:43Z] stage 3b: launching run on H100 (detached via nohup + setsid)
Warning: Permanently added '[103.207.149.103]:12492' (ED25519) to the list of known hosts.
621
[2026-05-05T09:02:45Z] poll loop start (max 35min, budget cap $1.75)
[2026-05-05T09:02:47Z] elapsed=3min cost=$0.15 probe=/workspace/clm_v4_shim_v5_opt_c/results/COMPLETE.sentinel|SENTINEL_FOUND|
[2026-05-05T09:03:02Z] COMPLETE.sentinel detected — final sync + auto-kill imminent
Warning: Permanently added '[103.207.149.103]:12492' (ED25519) to the list of known hosts.
Warning: Permanently added '[103.207.149.103]:12492' (ED25519) to the list of known hosts.
Warning: Permanently added '[103.207.149.103]:12492' (ED25519) to the list of known hosts.
[2026-05-05T09:03:16Z] stage 5: pod kill via trap (auto on exit)
[2026-05-05T09:03:16Z] [trap] killing pod=xbo7w35njtinbq (auto-kill mandatory)
{
  "containerDiskInGb": 60,
  "costPerHr": 2.99,
  "createdAt": "2026-05-05 08:59:45.45 +0000 UTC",
  "desiredStatus": "EXITED",
  "env": {
    "HF_TOKEN": "[REDACTED_HF_TOKEN]",
    "PUBLIC_KEY": "ssh-ed25519 AAAAC3NzaC1lZDI1NTE5AAAAIKOEWe0SBseZceuCgcVnlNDhEwbU/TIqGeK9FdrpIy9V ghost@ghostui-MacBookAir.local\n\nssh-rsa AAAAB3NzaC1yc2EAAAADAQABAAABAQCf5vOKHhrik9f3yA4IWXXGKPVvDQ8nFP5b1PF7a7YHuXMmZVSOvISYwph7yuCCYyZP8GTDm9MWHZVSR6ArijPxRfAbGDUtENFrHtyA5IGI9GycJkrYokI20neQXR4AGTwk/kVXOdaMaxEREFKhyffzZyrPKUEpZ7ikGXVM9MqWYNFvvy1ioQ7uuqyFq+65phVjojKgg4LWdnTjcxNzNrOgwlZqANx450Nhv3KAGhWSiLZgU6iA4JJ6gsq6t5S9p5n7T6EeypUyuKT4iOH0U5d4jIrssz0QwBncytLvQCvv7IpsapPqhgQzBXcGMZKkLS62UWYDRTeL7PPz3+N2hM4N RunPod-Key-Go"
  },
  "gpuCount": 1,
  "id": "xbo7w35njtinbq",
  "imageName": "runpod/pytorch:2.4.0-py3.11-cuda12.4.1-devel-ubuntu22.04",
  "lastStatusChange": "Exited by user: Tue May 05 2026 09:03:17 GMT+0000 (Coordinated Universal Time)",
  "memoryInGb": 251,
  "name": "anima-shim-v5-opt-c-falsification-2026-05-05",
  "ports": [
    "22/tcp",
    "8888/http"
  ],
  "vcpuCount": 28,
  "volumeInGb": 80,
  "volumeMountPath": "/workspace"
}
{
  "deleted": true,
  "id": "xbo7w35njtinbq"
}
[2026-05-05T09:03:26Z] [trap] 404 verified (try 1/3)
[2026-05-05T09:03:26Z] [trap] post-kill: {"error":"api error: {\"error\":\"pod not found\",\"status\":404}\n (status 404)"}
Usage:
  runpodctl pod get <pod-id> [flags]  pod_kill_verified_404=1
h100_cost_watchdog: deregistered pod=xbo7w35njtinbq archive=/Users/ghost/core/anima/state/h100_watchdog/closed/xbo7w35njtinbq_1777971806.json
[2026-05-05T09:03:26Z] [watchdog] deregister OK pod=xbo7w35njtinbq
[2026-05-05T09:03:27Z] verdict written: /Users/ghost/core/anima/state/clm_v4_hf_format_shim_v5_opt_c_2026_05_05/verdict.json (    5213 bytes)
