[2026-05-05T08:49:09Z] starting OPT-C orchestrator: cycle=clm_v4_hf_format_shim_v5_opt_c_2026_05_05 bg_lane=OPT-C-FALSIFICATION target=$3.0
[2026-05-05T08:49:09Z] loading secrets
[2026-05-05T08:49:09Z] secrets OK (runpod=50b hf=37b)
[2026-05-05T08:49:09Z] booting pod: anima-shim-v5-opt-c-falsification-2026-05-05 (H100 80GB SECURE @ $2.99/hr, vol=80GB, disk=60GB)
[2026-05-05T08:49:10Z] boot output:
  {
    "containerDiskInGb": 60,
    "costPerHr": 2.99,
    "desiredStatus": "RUNNING",
    "env": [
      "HF_TOKEN=hf_***REDACTED***",
      "PUBLIC_KEY=ssh-ed25519 AAAAC3NzaC1lZDI1NTE5AAAAIKOEWe0SBseZceuCgcVnlNDhEwbU/TIqGeK9FdrpIy9V ghost@ghostui-MacBookAir.local\n\nssh-rsa AAAAB3NzaC1yc2EAAAADAQABAAABAQCf5vOKHhrik9f3yA4IWXXGKPVvDQ8nFP5b1PF7a7YHuXMmZVSOvISYwph7yuCCYyZP8GTDm9MWHZVSR6ArijPxRfAbGDUtENFrHtyA5IGI9GycJkrYokI20neQXR4AGTwk/kVXOdaMaxEREFKhyffzZyrPKUEpZ7ikGXVM9MqWYNFvvy1ioQ7uuqyFq+65phVjojKgg4LWdnTjcxNzNrOgwlZqANx450Nhv3KAGhWSiLZgU6iA4JJ6gsq6t5S9p5n7T6EeypUyuKT4iOH0U5d4jIrssz0QwBncytLvQCvv7IpsapPqhgQzBXcGMZKkLS62UWYDRTeL7PPz3+N2hM4N RunPod-Key-Go"
    ],
    "gpuCount": 1,
    "id": "tzkihyasfbqavz",
    "imageName": "runpod/pytorch:2.4.0-py3.11-cuda12.4.1-devel-ubuntu22.04",
    "lastStatusChange": "Rented by User: Tue May 05 2026 08:49:10 GMT+0000 (Coordinated Universal Time)",
    "machine": {
      "gpuDisplayName": "H100 SXM",
      "location": "US"
    },
    "memoryInGb": 251,
    "name": "anima-shim-v5-opt-c-falsification-2026-05-05",
    "ports": "22/tcp,8888/http",
    "vcpuCount": 26,
    "volumeInGb": 80,
    "volumeMountPath": "/workspace"
  }
[2026-05-05T08:49:10Z] pod_id=tzkihyasfbqavz
h100_cost_watchdog: registered pod=tzkihyasfbqavz owner=OPT-C-FALSIFICATION target_usd=3.0
[h100-register] 2026-05-05T08:49:11Z pod=tzkihyasfbqavz owner=OPT-C-FALSIFICATION target=$3.0
[2026-05-05T08:49:11Z] [watchdog] register OK pod=tzkihyasfbqavz lane=OPT-C-FALSIFICATION target=$3.0
[2026-05-05T08:49:11Z] waiting for SSH ready (max 10min, 60 probes @ 10s)
[2026-05-05T08:49:14Z]   ssh probe 1/60: host= port= uptime=0s
[2026-05-05T08:49:30Z] SSH ready at 216.243.220.218:15057 (after 2 probes, uptime=0s)
[2026-05-05T08:49:30Z] stage 3: setup pod (scp inputs)
Warning: Permanently added '[216.243.220.218]:15057' (ED25519) to the list of known hosts.
Warning: Permanently added '[216.243.220.218]:15057' (ED25519) to the list of known hosts.
Warning: Permanently added '[216.243.220.218]:15057' (ED25519) to the list of known hosts.
Warning: Permanently added '[216.243.220.218]:15057' (ED25519) to the list of known hosts.
Warning: Permanently added '[216.243.220.218]:15057' (ED25519) to the list of known hosts.
Warning: Permanently added '[216.243.220.218]:15057' (ED25519) to the list of known hosts.
Warning: Permanently added '[216.243.220.218]:15057' (ED25519) to the list of known hosts.
Warning: Permanently added '[216.243.220.218]:15057' (ED25519) to the list of known hosts.
total 5253
drwxrwxrwx 2 root root 2000131 May  5 08:50 .
drwxrwxrwx 3 root root 2000131 May  5 08:49 ..
-rw-rw-rw- 1 root root   17401 May  5 08:49 clm_v4_shim_v5_opt_c_eval.py
-rw-rw-rw- 1 root root   40027 May  5 08:49 conscious_decoder.py
-rwxrwxrwx 1 root root    6140 May  5 08:49 run_h100.bash
-rw-rw-rw- 1 root root 1306349 May  5 08:49 tokenizer_64k_multilingual.model
-rw-rw-rw- 1 root root    7359 May  5 08:50 train_avg_real.pt
[2026-05-05T08:50:09Z] stage 3b: launching run on H100 (detached via nohup + setsid)
Warning: Permanently added '[216.243.220.218]:15057' (ED25519) to the list of known hosts.
235
[2026-05-05T08:51:02Z] poll loop start (max 40min, budget cap $2.0)
[2026-05-05T08:51:06Z] elapsed=1min cost=$0.09 probe=/workspace/clm_v4_shim_v5_opt_c/results/COMPLETE.sentinel|SENTINEL_FOUND|
[2026-05-05T08:51:23Z] COMPLETE.sentinel detected — final sync + auto-kill imminent
Warning: Permanently added '[216.243.220.218]:15057' (ED25519) to the list of known hosts.
Warning: Permanently added '[216.243.220.218]:15057' (ED25519) to the list of known hosts.
Warning: Permanently added '[216.243.220.218]:15057' (ED25519) to the list of known hosts.
[2026-05-05T08:51:41Z] stage 5: pod kill via trap (auto on exit)
[2026-05-05T08:51:41Z] [trap] killing pod=tzkihyasfbqavz (auto-kill mandatory)
{
  "containerDiskInGb": 60,
  "costPerHr": 2.99,
  "createdAt": "2026-05-05 08:49:10.435 +0000 UTC",
  "desiredStatus": "EXITED",
  "env": {
    "HF_TOKEN": "[REDACTED_HF_TOKEN]",
    "PUBLIC_KEY": "ssh-ed25519 AAAAC3NzaC1lZDI1NTE5AAAAIKOEWe0SBseZceuCgcVnlNDhEwbU/TIqGeK9FdrpIy9V ghost@ghostui-MacBookAir.local\n\nssh-rsa AAAAB3NzaC1yc2EAAAADAQABAAABAQCf5vOKHhrik9f3yA4IWXXGKPVvDQ8nFP5b1PF7a7YHuXMmZVSOvISYwph7yuCCYyZP8GTDm9MWHZVSR6ArijPxRfAbGDUtENFrHtyA5IGI9GycJkrYokI20neQXR4AGTwk/kVXOdaMaxEREFKhyffzZyrPKUEpZ7ikGXVM9MqWYNFvvy1ioQ7uuqyFq+65phVjojKgg4LWdnTjcxNzNrOgwlZqANx450Nhv3KAGhWSiLZgU6iA4JJ6gsq6t5S9p5n7T6EeypUyuKT4iOH0U5d4jIrssz0QwBncytLvQCvv7IpsapPqhgQzBXcGMZKkLS62UWYDRTeL7PPz3+N2hM4N RunPod-Key-Go"
  },
  "gpuCount": 1,
  "id": "tzkihyasfbqavz",
  "imageName": "runpod/pytorch:2.4.0-py3.11-cuda12.4.1-devel-ubuntu22.04",
  "lastStatusChange": "Exited by user: Tue May 05 2026 08:51:42 GMT+0000 (Coordinated Universal Time)",
  "memoryInGb": 251,
  "name": "anima-shim-v5-opt-c-falsification-2026-05-05",
  "ports": [
    "22/tcp",
    "8888/http"
  ],
  "vcpuCount": 26,
  "volumeInGb": 80,
  "volumeMountPath": "/workspace"
}
{
  "deleted": true,
  "id": "tzkihyasfbqavz"
}
[2026-05-05T08:51:50Z] [trap] 404 verified (try 1/3)
[2026-05-05T08:51:50Z] [trap] post-kill: {"error":"api error: {\"error\":\"pod not found\",\"status\":404}\n (status 404)"}
Usage:
  runpodctl pod get <pod-id> [flags]  pod_kill_verified_404=1
h100_cost_watchdog: deregistered pod=tzkihyasfbqavz archive=/Users/ghost/core/anima/state/h100_watchdog/closed/tzkihyasfbqavz_1777971111.json
[2026-05-05T08:51:51Z] [watchdog] deregister OK pod=tzkihyasfbqavz
[2026-05-05T08:51:51Z] verdict written: /Users/ghost/core/anima/state/clm_v4_hf_format_shim_v5_opt_c_2026_05_05/verdict.json (    5211 bytes)
