device=cuda torch=2.12.0.dev20260408+cu128
[ A  tiny s42] ce 5.572->2.113 step_rate=69.53/s wall=28.8s params=120132 -> /tmp/clm_ckpts/ckpt_A_tiny_42.pt
[ A  tiny s43] ce 5.535->2.278 step_rate=69.83/s wall=28.6s params=120132 -> /tmp/clm_ckpts/ckpt_A_tiny_43.pt
[ A  tiny s44] ce 5.543->2.522 step_rate=69.67/s wall=28.7s params=120132 -> /tmp/clm_ckpts/ckpt_A_tiny_44.pt
[ A small s42] ce 5.730->0.132 step_rate=12.50/s wall=160.0s params=2695176 -> /tmp/clm_ckpts/ckpt_A_small_42.pt
[ A small s43] ce 5.744->0.144 step_rate=12.50/s wall=160.0s params=2695176 -> /tmp/clm_ckpts/ckpt_A_small_43.pt
[ A small s44] ce 5.720->0.134 step_rate=12.49/s wall=160.1s params=2695176 -> /tmp/clm_ckpts/ckpt_A_small_44.pt
[ B  tiny s42] ce 5.572->2.255 step_rate=68.91/s wall=29.0s params=120132 -> /tmp/clm_ckpts/ckpt_B_tiny_42.pt
[ B  tiny s43] ce 5.535->2.365 step_rate=68.86/s wall=29.0s params=120132 -> /tmp/clm_ckpts/ckpt_B_tiny_43.pt
[ B  tiny s44] ce 5.543->2.340 step_rate=68.96/s wall=29.0s params=120132 -> /tmp/clm_ckpts/ckpt_B_tiny_44.pt
[ B small s42] ce 5.749->0.163 step_rate=12.46/s wall=160.5s params=2695176 -> /tmp/clm_ckpts/ckpt_B_small_42.pt
[ B small s43] ce 5.765->0.178 step_rate=12.48/s wall=160.2s params=2695176 -> /tmp/clm_ckpts/ckpt_B_small_43.pt
[ B small s44] ce 5.687->0.161 step_rate=12.49/s wall=160.1s params=2695176 -> /tmp/clm_ckpts/ckpt_B_small_44.pt
[AB  tiny s42] ce 5.572->2.544 step_rate=68.91/s wall=29.0s params=120132 -> /tmp/clm_ckpts/ckpt_AB_tiny_42.pt
[AB  tiny s43] ce 5.535->2.636 step_rate=68.95/s wall=29.0s params=120132 -> /tmp/clm_ckpts/ckpt_AB_tiny_43.pt
[AB  tiny s44] ce 5.543->2.568 step_rate=68.84/s wall=29.1s params=120132 -> /tmp/clm_ckpts/ckpt_AB_tiny_44.pt
[AB small s42] ce 5.749->0.174 step_rate=12.49/s wall=160.2s params=2695176 -> /tmp/clm_ckpts/ckpt_AB_small_42.pt
[AB small s43] ce 5.765->0.188 step_rate=12.46/s wall=160.6s params=2695176 -> /tmp/clm_ckpts/ckpt_AB_small_43.pt
[AB small s44] ce 5.687->0.176 step_rate=12.46/s wall=160.5s params=2695176 -> /tmp/clm_ckpts/ckpt_AB_small_44.pt

mean step-rate (production GPU re-measure, d5): 40.8222/s
