H_630 — verdict landscape meta-map · RASTER #4 (2026-05-28, axis D2)
  source: UNIVERSE/H_*.md DISK per-file scan (8-source verdict + 2-source domain)

  N(H files) = 181  (H_238 self-excluded · disk scan)

  ── full H landscape (disk sort -V, deterministic) ──
  i   id      | tier      | vsrc            | dsrc            | canonical_domains
  0  H_002  | RUNNING  | verdict_class  | domain_frontmatter  | physics
  1  H_003  | RUNNING  | verdict_class  | domain_frontmatter  | life
  2  H_004  | RUNNING  | verdict_class  | domain_frontmatter  | consciousness
  3  H_007  | SUPPORTED  | verdict_class  | domain_frontmatter  | physics
  4  H_012  | SUPPORTED  | verdict_class  | domain_frontmatter  | life
  5  H_018  | SUPPORTED  | verdict_class  | domain_frontmatter  | consciousness
  6  H_025  | RUNNING  | verdict_class  | domain_frontmatter  | consciousness
  7  H_029  | RUNNING  | status_fallback  | domain_frontmatter  | consciousness
  8  H_030  | RUNNING  | status_fallback  | domain_frontmatter  | life
  9  H_053  | SUPPORTED  | verdict_class  | domain_frontmatter  | life
  10  H_054  | SUPPORTED  | verdict_class  | domain_frontmatter  | life
  11  H_071  | RUNNING  | status_fallback  | domain_frontmatter  | consciousness
  12  H_090  | RUNNING  | status_fallback  | domain_frontmatter  | consciousness
  13  H_132  | SUPPORTED  | verdict_class  | domain_frontmatter  | life
  14  H_157  | RUNNING  | verdict_class  | domain_frontmatter  | consciousness+physics+math
  15  H_171  | FALSIFIED  | verdict_class  | domain_frontmatter  | consciousness+life
  16  H_200  | RUNNING  | verdict_class  | domain_frontmatter  | life
  17  H_201  | SUPPORTED  | verdict_class  | domain_frontmatter  | life
  18  H_202  | SUPPORTED  | prose_verify_emoji  | domain_frontmatter  | life+consciousness+physics
  19  H_203  | PARTIAL  | verdict_class  | domain_frontmatter  | life+physics
  20  H_204  | PARTIAL  | verdict_class  | domain_frontmatter  | life+consciousness
  21  H_205  | SUPPORTED  | verdict_class  | domain_frontmatter  | life+consciousness
  22  H_206  | PARTIAL  | verdict_class  | domain_frontmatter  | life
  23  H_207  | FALSIFIED  | verdict_class  | domain_frontmatter  | physics+life
  24  H_208  | FALSIFIED  | verdict_class  | domain_frontmatter  | math+consciousness
  25  H_209  | FALSIFIED  | verdict_class  | domain_frontmatter  | life+consciousness
  26  H_210  | SUPPORTED  | verdict_class  | domain_frontmatter  | ethics+life+physics
  27  H_211  | PARTIAL  | verdict_class  | domain_frontmatter  | information+math+physics
  28  H_212  | PARTIAL  | verdict_class  | domain_frontmatter  | consciousness+math
  29  H_213  | RUNNING  | inline_verdict  | domain_frontmatter  | consciousness+physics
  30  H_214  | PARTIAL  | verdict_class  | domain_frontmatter  | life+consciousness+physics
  31  H_215  | SUPPORTED  | verdict_class  | domain_frontmatter  | physics+information+consciousness
  32  H_216  | RUNNING  | verdict_class  | domain_frontmatter  | meta+math+consciousness
  33  H_217  | SUPPORTED  | verdict_class  | domain_frontmatter  | meta+physics+math
  34  H_218  | PARTIAL  | inline_verdict  | domain_frontmatter  | information+physics+math
  35  H_219  | SUPPORTED  | verdict_class  | domain_frontmatter  | meta+consciousness+physics
  36  H_220  | PARTIAL  | verdict_class  | domain_frontmatter  | life+consciousness
  37  H_221  | FALSIFIED  | verdict_class  | domain_frontmatter  | consciousness+physics
  38  H_222  | FALSIFIED  | verdict_class  | domain_frontmatter  | consciousness+physics
  39  H_223  | SUPPORTED  | verdict_class  | domain_frontmatter  | consciousness+physics
  40  H_224  | PARTIAL  | verdict_class  | domain_frontmatter  | meta+math+consciousness
  41  H_225  | FALSIFIED  | verdict_class  | domain_frontmatter  | physics+math+information
  42  H_226  | SUPPORTED  | verdict_class  | domain_frontmatter  | ethics+life+physics
  43  H_227  | FALSIFIED  | verdict_class  | domain_frontmatter  | meta+consciousness+physics
  44  H_228  | FALSIFIED  | verdict_class  | domain_frontmatter  | consciousness+physics+ethics
  45  H_229  | SUPPORTED  | verdict_class  | domain_frontmatter  | consciousness+physics+ethics
  46  H_230  | SUPPORTED  | verdict_class  | domain_frontmatter  | life+consciousness+ethics+physics
  47  H_231  | PARTIAL  | verdict_class  | domain_frontmatter  | consciousness+ethics+physics
  48  H_232  | FALSIFIED  | verdict_class  | domain_frontmatter  | physics+math+information
  49  H_234  | PARTIAL  | verdict_class  | domain_frontmatter  | meta+consciousness+information+physics
  50  H_235  | PARTIAL  | verdict_class  | domain_frontmatter  | consciousness+physics
  51  H_239  | RUNNING  | verdict_class  | domain_frontmatter  | meta+information+math+consciousness
  52  H_240  | RUNNING  | verdict_class  | domain_frontmatter  | consciousness+physics
  53  H_241  | RUNNING  | verdict_class  | domain_frontmatter  | information+physics
  54  H_242  | RUNNING  | verdict_class  | domain_frontmatter  | physics
  55  H_244  | RUNNING  | verdict_class  | domain_frontmatter  | consciousness+physics
  56  H_245  | RUNNING  | verdict_class  | domain_frontmatter  | physics+consciousness
  57  H_246  | SUPPORTED  | verdict_class  | domain_frontmatter  | physics+consciousness
  58  H_247  | RUNNING  | verdict_class  | domain_frontmatter  | physics+life
  59  H_248  | RUNNING  | verdict_class  | domain_frontmatter  | physics+life+consciousness
  60  H_249  | RUNNING  | verdict_class  | domain_frontmatter  | physics+life
  61  H_250  | FALSIFIED  | verdict_class  | domain_frontmatter  | physics+math+information
  62  H_251  | FALSIFIED  | verdict_class  | domain_frontmatter  | physics+math+consciousness
  63  H_252  | PARTIAL  | verdict_class  | domain_frontmatter  | meta+consciousness+information+math
  64  H_253  | PARTIAL  | verdict_class  | domain_frontmatter  | physics+math
  65  H_254  | RUNNING  | verdict_class  | domain_frontmatter  | physics+life
  66  H_255  | RUNNING  | verdict_class  | domain_frontmatter  | physics+life
  67  H_256  | RUNNING  | verdict_class  | domain_frontmatter  | physics+life
  68  H_257  | RUNNING  | status_fallback  | domain_frontmatter  | physics+life
  69  H_258  | SUPPORTED  | verdict_class  | domain_frontmatter  | life+consciousness
  70  H_259  | SUPPORTED  | verdict_class  | domain_frontmatter  | life
  71  H_260  | SUPPORTED  | verdict_class  | domain_frontmatter  | life
  72  H_261  | SUPPORTED  | verdict_class  | domain_frontmatter  | life
  73  H_262  | SUPPORTED  | verdict_class  | domain_frontmatter  | life
  74  H_263  | FALSIFIED  | verdict_class  | domain_frontmatter  | life
  75  H_264  | SUPPORTED  | verdict_class  | domain_frontmatter  | life+consciousness
  76  H_265  | PARTIAL  | verdict_class  | domain_frontmatter  | life+consciousness+physics
  77  H_266  | PARTIAL  | verdict_class  | domain_frontmatter  | life+consciousness+meta+math
  78  H_267  | SUPPORTED  | verdict_class  | domain_frontmatter  | life+consciousness
  79  H_268  | PARTIAL  | verdict_class  | domain_frontmatter  | meta+consciousness+information+math
  80  H_269  | PARTIAL  | verdict_class  | domain_frontmatter  | meta+life
  81  H_270  | SUPPORTED  | verdict_class  | domain_frontmatter  | life+consciousness
  82  H_271  | PARTIAL  | verdict_class  | domain_frontmatter  | life
  83  H_272  | PARTIAL  | verdict_class  | domain_frontmatter  | meta+life
  84  H_273  | SUPPORTED  | verdict_class  | domain_frontmatter  | meta
  85  H_274  | FALSIFIED  | verdict_class  | domain_frontmatter  | life
  86  H_275  | SUPPORTED  | verdict_class  | domain_frontmatter  | information+physics+consciousness
  87  H_276  | SUPPORTED  | verdict_class  | domain_frontmatter  | life
  88  H_277  | PARTIAL  | verdict_class  | domain_frontmatter  | information+physics+consciousness
  89  H_278  | SUPPORTED  | verdict_class  | domain_frontmatter  | life+consciousness+information+meta
  90  H_279  | FALSIFIED  | verdict_class  | domain_frontmatter  | consciousness
  91  H_280  | SUPPORTED  | verdict_class  | domain_frontmatter  | life+consciousness+information+meta
  92  H_281  | SUPPORTED  | verdict_class  | domain_frontmatter  | life+consciousness+information+meta
  93  H_282  | SUPPORTED  | verdict_class  | domain_frontmatter  | life+consciousness+information+meta
  94  H_283  | SUPPORTED  | verdict_class  | domain_frontmatter  | life+consciousness
  95  H_284  | PARTIAL  | verdict_class  | domain_frontmatter  | life+consciousness+physics
  96  H_285  | SUPPORTED  | verdict_class  | domain_frontmatter  | consciousness+physics+life+meta
  97  H_286  | FALSIFIED  | verdict_class  | domain_frontmatter  | consciousness+physics+information
  98  H_287  | FALSIFIED  | verdict_class  | domain_frontmatter  | information+consciousness+physics+meta
  99  H_288  | SUPPORTED  | verdict_class  | domain_frontmatter  | information+consciousness+physics+meta
  100  H_289  | SUPPORTED  | verdict_class  | domain_frontmatter  | information+consciousness+physics+meta
  101  H_290  | SUPPORTED  | verdict_class  | domain_frontmatter  | information+consciousness+physics+meta
  102  H_291  | SUPPORTED  | verdict_class  | domain_frontmatter  | life+consciousness+physics
  103  H_292  | PARTIAL  | verdict_class  | domain_frontmatter  | consciousness+physics+meta
  104  H_293  | PARTIAL  | verdict_class  | domain_frontmatter  | information+consciousness+physics+meta
  105  H_294  | FALSIFIED  | verdict_class  | domain_frontmatter  | information+consciousness+physics+meta
  106  H_295  | SUPPORTED  | verdict_class  | domain_frontmatter  | consciousness+information+physics+meta
  107  H_296  | SUPPORTED  | verdict_class  | domain_frontmatter  | consciousness+physics+information+meta
  108  H_297  | SUPPORTED  | verdict_class  | domain_frontmatter  | consciousness+physics+information+meta
  109  H_298  | SUPPORTED  | verdict_tier_line  | title_keyword  | consciousness
  110  H_299  | SUPPORTED  | verdict_tier_line  | title_keyword  | consciousness
  111  H_300  | SUPPORTED  | verdict_tier_line  | title_keyword  | physics
  112  H_301  | RUNNING  | status_fallback  | title_keyword  | physics
  113  H_302  | RUNNING  | status_fallback  | title_keyword  | consciousness
  114  H_303  | RUNNING  | status_fallback  | title_keyword  | physics
  115  H_304  | RUNNING  | status_fallback  | title_keyword  | consciousness
  116  H_305  | RUNNING  | status_fallback  | title_keyword  | physics
  117  H_306  | SUPPORTED  | prose_verify_emoji  | title_keyword  | physics
  118  H_307  | SUPPORTED  | prose_verify_emoji  | title_keyword  | physics
  119  H_308  | SUPPORTED  | prose_verify_emoji  | title_keyword  | life+physics+math
  120  H_309  | RUNNING  | status_fallback  | title_keyword  | life
  121  H_310  | RUNNING  | status_fallback  | title_keyword  | physics
  122  H_311  | RUNNING  | status_fallback  | title_keyword  | consciousness
  123  H_312  | FALSIFIED  | status_fallback  | domain_frontmatter  | life+consciousness+physics
  124  H_313  | SUPPORTED  | prose_verify_emoji  | title_keyword  | physics
  125  H_314  | FALSIFIED  | verdict_class  | domain_frontmatter  | life+meta
  126  H_315  | FALSIFIED  | status_fallback  | domain_frontmatter  | life+consciousness+physics
  127  H_316  | SUPPORTED  | status_fallback  | domain_frontmatter  | life+consciousness+physics
  128  H_317  | SUPPORTED  | title_emoji  | title_keyword  | life
  129  H_318  | SUPPORTED  | title_emoji  | title_keyword  | life
  130  H_319  | FALSIFIED  | title_emoji  | title_keyword  | life
  131  H_320  | FALSIFIED  | prose_verify_emoji  | domain_frontmatter  | life+consciousness+physics
  132  H_321  | SUPPORTED  | status_fallback  | domain_frontmatter  | physics+consciousness
  133  H_322  | SUPPORTED  | title_emoji  | title_keyword  | life+physics
  134  H_325  | FALSIFIED  | top_emoji_label  | title_keyword  | consciousness
  135  H_326  | FALSIFIED  | verdict_tier_line  | domain_frontmatter  | meta+life+consciousness+physics
  136  H_327  | FALSIFIED  | title_emoji  | title_keyword  | life+physics
  137  H_328  | PARTIAL  | title_emoji  | title_keyword  | life+consciousness
  138  H_329  | FALSIFIED  | title_emoji  | title_keyword  | physics
  139  H_330  | FALSIFIED  | title_emoji  | title_keyword  | life+consciousness+physics+math
  140  H_331  | SUPPORTED  | title_emoji  | title_keyword  | information
  141  H_332  | SUPPORTED  | title_emoji  | title_keyword  | life+physics
  142  H_333  | SUPPORTED  | title_emoji  | title_keyword  | physics
  143  H_334  | FALSIFIED  | title_emoji  | title_keyword  | physics
  144  H_335  | SUPPORTED  | title_emoji  | title_keyword  | life+physics
  145  H_336  | PARTIAL  | title_emoji  | title_keyword  | physics
  146  H_337  | SUPPORTED  | title_emoji  | title_keyword  | physics+math
  147  H_338  | SUPPORTED  | title_emoji  | title_keyword  | life+physics
  148  H_340  | FALSIFIED  | title_emoji  | title_keyword  | physics
  149  H_341  | SUPPORTED  | title_emoji  | title_keyword  | life+consciousness
  150  H_342  | FALSIFIED  | title_emoji  | title_keyword  | physics
  151  H_343  | FALSIFIED  | title_emoji  | title_keyword  | life+consciousness
  152  H_344  | SUPPORTED  | title_emoji  | title_keyword  | life+physics
  153  H_345  | SUPPORTED  | title_emoji  | title_keyword  | life+consciousness
  154  H_346  | SUPPORTED  | title_emoji  | title_keyword  | life+consciousness
  155  H_347  | SUPPORTED  | prose_verify_emoji  | title_keyword  | physics+math
  156  H_348  | PARTIAL  | top_emoji_label  | title_keyword  | physics
  157  H_349  | PARTIAL  | top_emoji_label  | title_keyword  | consciousness
  158  H_350  | SUPPORTED  | at_status  | title_keyword  | consciousness
  159  H_351  | SUPPORTED  | verdict_class  | domain_frontmatter  | consciousness+math+physics+meta
  160  H_354  | FALSIFIED  | verdict_class  | domain_frontmatter  | physics+information+life
  161  H_355  | SUPPORTED  | verdict_class  | domain_frontmatter  | information+consciousness+physics+meta
  162  H_609  | SUPPORTED  | inline_verdict  | title_keyword  | consciousness+information
  163  H_610  | FALSIFIED  | verdict_class  | domain_frontmatter  | consciousness+information
  164  H_611  | FALSIFIED  | verdict_class  | domain_frontmatter  | information+consciousness+physics
  165  H_612  | PARTIAL  | top_emoji_label  | title_keyword  | physics
  166  H_613  | SUPPORTED  | at_status  | title_keyword  | consciousness+physics
  167  H_614  | FALSIFIED  | verdict_class  | domain_frontmatter  | consciousness+math+physics+meta
  168  H_615  | SUPPORTED  | prose_verify_emoji  | title_keyword  | physics+math
  169  H_617  | FALSIFIED  | top_emoji_label  | title_keyword  | consciousness+information
  170  H_618  | FALSIFIED  | top_emoji_label  | title_keyword  | consciousness+information
  171  H_619  | SUPPORTED  | verdict_class  | domain_frontmatter  | information+consciousness+physics+meta
  172  H_620  | SUPPORTED  | prose_verify_emoji  | title_keyword  | physics
  173  H_621  | SUPPORTED  | at_status  | title_keyword  | consciousness+information
  174  H_622  | PARTIAL  | top_emoji_label  | title_keyword  | physics
  175  H_623  | SUPPORTED  | verdict_class  | domain_frontmatter  | life+consciousness+information+meta
  176  H_624  | RUNNING  | status_fallback  | title_keyword  | consciousness
  177  H_625  | SUPPORTED  | top_emoji_label  | title_keyword  | consciousness
  178  H_626  | SUPPORTED  | top_emoji_label  | title_keyword  | consciousness
  179  H_627  | FALSIFIED  | verdict_class  | domain_frontmatter  | information+consciousness+physics+meta
  180  H_629  | FALSIFIED  | verdict_class  | domain_frontmatter  | information+physics+consciousness

  ── tier distribution ──
  SUPPORTED  : 77 / 181
  PARTIAL    : 30 / 181
  FALSIFIED  : 40 / 181
  RUNNING    : 34 / 181
  sum_tiers  : 181 (== N? true)
  SUPP/(SUPP+FAL) ratio = 0.65812

  ── 7-domain cluster (canonical) ──
  domain         | total | SUPP | PART | FALS | RUNN | SUPP_rate
  life  | 77 | 39 | 12 | 15 | 11 | 0.506494
  consciousness  | 105 | 44 | 18 | 26 | 17 | 0.419048
  physics  | 104 | 41 | 17 | 27 | 19 | 0.394231
  math  | 24 | 6 | 8 | 7 | 3 | 0.25
  information  | 40 | 18 | 7 | 13 | 2 | 0.45
  ethics  | 6 | 4 | 1 | 1 | 0 | 0.666667
  meta  | 36 | 18 | 9 | 7 | 2 | 0.5
  nonempty_domains : 7 / 7

  ── headline: life vs consciousness SUPP-rate ──
  life          SUPP-rate = 0.506494  (39/77)
  consciousness SUPP-rate = 0.419048  (44/105)
  life > consciousness : true
  gap_now   = 0.0874459
  gap_prior (raster#3 N=96) = 0.132727
  gap_delta = -0.0452811  (ε=0.02)
  TREND : closing

  ── F238.6 (pre-registered raster#4): life > consciousness at N≥120 ──
  F238.6 PASS (life_rate > consc_rate) : true

  ── H238.3 axis: SUPP rate {ethics+info+meta} vs {consc+phys} ──
  group_A (ethics+information+meta)   SUPP=40 / 82  rate=0.487805
  group_B (consciousness+physics)     SUPP=85 / 209  rate=0.406699
  H238.3 (A > B): true

  ── session-23 sub-cohort (id ≥ H_347) ──
  sess_N=26  SUPP=13  FALS=8
  domain hits: life=2  consciousness=19  physics=15  information=12  math=4

  ── criteria (meta) ──
  C1 REPRODUCIBLE  (N≥120 ∧ sum==N) : true
  C2 SUPPRATE_UPDATE (≥3 nonempty)  : true
  C3 ALL_CLASSIFIED (no UNCLASS)    : true
  C4 BYTE_IDENTICAL                 : true

  VERDICT_RULE: SUPPORTED(meta) iff C1 ∧ C2 · else PARTIAL · FALSIFIED if ¬C1
  VERDICT     : SUPPORTED

  result.json written → /Users/ghost/core/anima-h630/UNIVERSE/state/h630_d2_verdict_landscape_raster_N120/result.json
=== H_630 raster#4 smoke complete: SUPPORTED ===
