[§139-EqProp] device=cuda d_model=768 n_layer=12 steps=3000
[§139-EqProp] corpus bytes: 298,994,326
[§139-EqProp] step=     1  L̄_block=+6.231217  L_head=0.003895  t=1.2s
[§139-EqProp] step=    75  L̄_block=+0.183019  L_head=0.003794  t=56.7s
[§139-EqProp] step=   150  L̄_block=-0.197414  L_head=0.003902  t=112.9s
[§139-EqProp] step=   225  L̄_block=-0.117083  L_head=0.003774  t=169.1s
[§139-EqProp] step=   300  L̄_block=-0.052578  L_head=0.003776  t=225.3s
[§139-EqProp] step=   375  L̄_block=-12.926079  L_head=0.003787  t=281.4s
[§139-EqProp] step=   450  L̄_block=+7.006072  L_head=0.003778  t=337.5s
[§139-EqProp] step=   525  L̄_block=-1.517934  L_head=0.003778  t=393.7s
[§139-EqProp] step=   600  L̄_block=-0.797723  L_head=0.003768  t=449.9s
[§139-EqProp] step=   675  L̄_block=-47.208041  L_head=0.003774  t=506.0s
[§139-EqProp] step=   750  L̄_block=+49.461517  L_head=0.003773  t=562.2s
[§139-EqProp] step=   825  L̄_block=-78.829226  L_head=0.003782  t=618.4s
[§139-EqProp] step=   900  L̄_block=-43.060371  L_head=0.003779  t=674.6s
[§139-EqProp] step=   975  L̄_block=-82.283886  L_head=0.003772  t=730.8s
[§139-EqProp] step=  1050  L̄_block=-83.527279  L_head=0.003777  t=787.1s
[§139-EqProp] step=  1125  L̄_block=+4513.092609  L_head=0.003775  t=843.3s
[§139-EqProp] step=  1200  L̄_block=-48.414743  L_head=0.003770  t=899.6s
[§139-EqProp] step=  1275  L̄_block=+141.631389  L_head=0.003779  t=955.8s
[§139-EqProp] step=  1350  L̄_block=+53.564018  L_head=0.003775  t=1012.1s
[§139-EqProp] step=  1425  L̄_block=+89.251245  L_head=0.003775  t=1068.3s
[§139-EqProp] step=  1500  L̄_block=-154.247817  L_head=0.003773  t=1124.6s
[§139-EqProp] step=  1575  L̄_block=-49.223353  L_head=0.003784  t=1180.8s
[§139-EqProp] step=  1650  L̄_block=+9.190461  L_head=0.003780  t=1237.0s
[§139-EqProp] step=  1725  L̄_block=+60.601744  L_head=0.003776  t=1293.3s
[§139-EqProp] step=  1800  L̄_block=+228.908265  L_head=0.003781  t=1349.5s
[§139-EqProp] step=  1875  L̄_block=-99.483228  L_head=0.003782  t=1405.7s
[§139-EqProp] step=  1950  L̄_block=-207.392363  L_head=0.003777  t=1461.9s
[§139-EqProp] step=  2025  L̄_block=-120.011421  L_head=0.003774  t=1518.1s
[§139-EqProp] step=  2100  L̄_block=-4.530045  L_head=0.003777  t=1574.3s
[§139-EqProp] step=  2175  L̄_block=-327.623052  L_head=0.003780  t=1630.5s
[§139-EqProp] step=  2250  L̄_block=-308.947319  L_head=0.003776  t=1686.8s
[§139-EqProp] step=  2325  L̄_block=-161.521832  L_head=0.003783  t=1743.0s
[§139-EqProp] step=  2400  L̄_block=+488.966391  L_head=0.003779  t=1799.2s
[§139-EqProp] step=  2475  L̄_block=+478.499698  L_head=0.003772  t=1855.4s
[§139-EqProp] step=  2550  L̄_block=+834.628889  L_head=0.003772  t=1911.6s
[§139-EqProp] step=  2625  L̄_block=+36.591297  L_head=0.003776  t=1967.8s
[§139-EqProp] step=  2700  L̄_block=+46.863275  L_head=0.003770  t=2024.1s
[§139-EqProp] step=  2775  L̄_block=-338.676470  L_head=0.003772  t=2080.3s
[§139-EqProp] step=  2850  L̄_block=+69.239723  L_head=0.003779  t=2136.5s
[§139-EqProp] step=  2925  L̄_block=+348.232423  L_head=0.003775  t=2192.7s
[§139-EqProp] step=  3000  L̄_block=-2.633924  L_head=0.003770  t=2248.9s
[§139-EqProp] DONE wall=2250.0s ckpt=/workspace/s139r/out_main/ckpt_eqprop_s139.pt
