[substrate A patch] ceiling clamp(max=10.0) → clamp(max=15.0)
=== §68 ROBUSTNESS — substrate A × ceiling=15.0 === ts: 2026-05-11T04:37:09.986595+00:00
V4_SEEDS=[42, 137, 271, 314, 1729] max_cells=256 n_turns=200

========================================================================
SUBSTRATE A_phase2_cotrain — EngineAG path  max_cells=256
========================================================================
ckpt: /Users/ghost/.cache/anima/clm_v5_remapped/phase2_cotrain_engine_ag/ckpts/ckpt_final.pt
sha256: 6e66e75f8014999be09236a408fe6ad6811ebf394ac079ecbf6d87dfe63748c1
trained: params=298.76M miss=0 unexp=0

--- TRAINED @ prompt_seed=42 max_cells=256 ---
  [A_phase2_cotrain_trained] turn=    0 cells= 16 iit_un16= 161.64 splits=0 elapsed=0.1s
  [A_phase2_cotrain_trained] turn=  125 cells= 67 iit_un16=2273.03 splits=51 elapsed=8.6s
  trained: cells=73 splits=57 cap_bound=0/200 first_cap=None Φ_un16=3238.53 elapsed=14.1s

--- mirror seed=42 ---
  [A_phase2_cotrain_s42] turn=    0 cells= 16 iit_un16= 161.08 splits=0 elapsed=0.1s
  [A_phase2_cotrain_s42] turn=  125 cells= 66 iit_un16=3207.78 splits=50 elapsed=8.5s
  s=42: cells=77 splits=61 cap_bound=0/200 first_cap=None Φ_un16=2245.74

--- mirror seed=137 ---
  [A_phase2_cotrain_s137] turn=    0 cells= 16 iit_un16= 169.63 splits=0 elapsed=0.1s
  [A_phase2_cotrain_s137] turn=  125 cells= 61 iit_un16=2661.79 splits=45 elapsed=8.1s
  s=137: cells=70 splits=54 cap_bound=0/200 first_cap=None Φ_un16=3550.12

--- mirror seed=271 ---
  [A_phase2_cotrain_s271] turn=    0 cells= 16 iit_un16= 164.51 splits=0 elapsed=0.1s
  [A_phase2_cotrain_s271] turn=  125 cells= 70 iit_un16=3605.78 splits=54 elapsed=10.3s
  s=271: cells=81 splits=65 cap_bound=0/200 first_cap=None Φ_un16=4629.69

--- mirror seed=314 ---
  [A_phase2_cotrain_s314] turn=    0 cells= 16 iit_un16= 156.76 splits=0 elapsed=0.1s
  [A_phase2_cotrain_s314] turn=  150 cells= 58 iit_un16=2495.71 splits=42 elapsed=9.6s
  s=314: cells=63 splits=47 cap_bound=0/200 first_cap=None Φ_un16=2923.77

--- mirror seed=1729 ---
  [A_phase2_cotrain_s1729] turn=    0 cells= 16 iit_un16=  82.35 splits=0 elapsed=0.1s
  [A_phase2_cotrain_s1729] turn=  125 cells= 75 iit_un16=3974.08 splits=59 elapsed=8.9s
  s=1729: cells=84 splits=68 cap_bound=0/200 first_cap=None Φ_un16=5238.37

=== A_phase2_cotrain (ceiling=15.0) VERDICT: V14_AMBIGUOUS ===
trained_phi: 3238.53
random_phi: ['2245.74', '3550.12', '4629.69', '2923.77', '5238.37']
n_random_beats: 2/5
sign_test_p: 1.0000
total elapsed: 110.3s
[saved] /Users/ghost/core/anima/state/anima_p5_v14_sub_a_ceiling15_2026_05_11/result.json
