================================================================
  H_309 — sharper circadian (baseline=0.1, span=300, amp=0.9)
================================================================
  IDLE: emit=41 · peak=41 · trough=0
    peak/trough = INF (trough=0)
  THRESHOLD SWEEP:
    threshold=0.1 emit=55
    threshold=0.3 emit=48
    threshold=0.5 emit=41
    threshold=0.7 emit=31
    threshold=0.9 emit=17
  ────────────── verdict ──────────────
  [FAIL] F309.1 SHARPER-BUMP-IN-BIOLOGY: ratio in [3, 15]
  [PASS] F309.2 IDLE-NONZERO: emit > 0
  [PASS] F309.3 PEAK-MID-RANGE: peak in [30, 60]
  [PASS] F309.4 THRESHOLD-MONOTONE: non-increasing
  [PASS] F309.5 IDLE-COMPARABLE-TO-H306: |idle - 46| / 46 <= 0.5
  [PASS] F309.6 BOUND
================================================================
  RESULT: 5 PASS / 1 FAIL
  HEADLINE: sharper bump peak=41 trough=0 ratio=999.0
================================================================
panic: H_309 had FALSIFIER FAILURES
