/workspace/anima/train_jepa_psi.py:284: FutureWarning: `torch.cuda.amp.GradScaler(args...)` is deprecated. Please use `torch.amp.GradScaler('cuda', args...)` instead.
  scaler = torch.cuda.amp.GradScaler(enabled=use_amp)
{"step": 1, "l_pred": 0.161895, "l_anticollapse": 1.977667, "vicreg_var": 1.977667, "vicreg_cov": 0.0, "l_psi_half": 0.000985, "ce": 5.668813, "loss": 3.840255, "ctx_emb_std": 0.003196, "gn2": 2.79196, "lr": 1.5e-06, "wall_s": 0.72, "gpu_mem_gb": 9.386}
{"step": 200, "l_pred": 0.184483, "l_anticollapse": 1.312007, "vicreg_var": 1.280108, "vicreg_cov": 0.797482, "l_psi_half": 0.168395, "ce": 0.340319, "loss": 1.607006, "ctx_emb_std": 0.32123, "gn2": 0.5451, "lr": 0.0003, "wall_s": 27.82, "gpu_mem_gb": 11.611}
{"step": 400, "l_pred": 0.178067, "l_anticollapse": 1.347056, "vicreg_var": 1.325297, "vicreg_cov": 0.543973, "l_psi_half": 0.196439, "ce": 0.128673, "loss": 1.573547, "ctx_emb_std": 0.287717, "gn2": 0.33064, "lr": 0.00029922, "wall_s": 54.72, "gpu_mem_gb": 11.611}
{"step": 600, "l_pred": 0.150549, "l_anticollapse": 1.203189, "vicreg_var": 1.156567, "vicreg_cov": 1.165568, "l_psi_half": 0.183766, "ce": 0.193231, "loss": 1.420896, "ctx_emb_std": 0.335401, "gn2": 0.575241, "lr": 0.00029686, "wall_s": 81.68, "gpu_mem_gb": 11.611}
{"step": 800, "l_pred": 0.121262, "l_anticollapse": 1.174209, "vicreg_var": 1.106117, "vicreg_cov": 1.702288, "l_psi_half": 0.172985, "ce": 0.100886, "loss": 1.334386, "ctx_emb_std": 0.332967, "gn2": 0.227679, "lr": 0.00029296, "wall_s": 108.59, "gpu_mem_gb": 11.611}
{"step": 1000, "l_pred": 0.157206, "l_anticollapse": 1.162591, "vicreg_var": 1.117591, "vicreg_cov": 1.124986, "l_psi_half": 0.202418, "ce": 0.134721, "loss": 1.370334, "ctx_emb_std": 0.333269, "gn2": 0.98152, "lr": 0.00028755, "wall_s": 135.34, "gpu_mem_gb": 11.611}
{"step": 1200, "l_pred": 0.146964, "l_anticollapse": 1.14543, "vicreg_var": 1.091054, "vicreg_cov": 1.359419, "l_psi_half": 0.193726, "ce": 0.089958, "loss": 1.329068, "ctx_emb_std": 0.330359, "gn2": 0.289921, "lr": 0.00028071, "wall_s": 162.13, "gpu_mem_gb": 11.611}
{"step": 1400, "l_pred": 0.14868, "l_anticollapse": 1.135192, "vicreg_var": 1.08224, "vicreg_cov": 1.323791, "l_psi_half": 0.179311, "ce": 0.084829, "loss": 1.318286, "ctx_emb_std": 0.337259, "gn2": 0.597615, "lr": 0.00027252, "wall_s": 188.96, "gpu_mem_gb": 11.611}
{"step": 1600, "l_pred": 0.161976, "l_anticollapse": 1.0798, "vicreg_var": 1.007155, "vicreg_cov": 1.816121, "l_psi_half": 0.185862, "ce": 0.102665, "loss": 1.281868, "ctx_emb_std": 0.36572, "gn2": 0.140304, "lr": 0.00026306, "wall_s": 215.73, "gpu_mem_gb": 11.611}
{"step": 1800, "l_pred": 0.168554, "l_anticollapse": 1.071223, "vicreg_var": 1.00464, "vicreg_cov": 1.664566, "l_psi_half": 0.185071, "ce": 0.100601, "loss": 1.279211, "ctx_emb_std": 0.383874, "gn2": 0.22633, "lr": 0.00025245, "wall_s": 243.29, "gpu_mem_gb": 11.611}
{"step": 2000, "l_pred": 0.170514, "l_anticollapse": 1.056399, "vicreg_var": 0.996142, "vicreg_cov": 1.506405, "l_psi_half": 0.169934, "ce": 0.094269, "loss": 1.26369, "ctx_emb_std": 0.378702, "gn2": 0.24719, "lr": 0.00024082, "wall_s": 270.01, "gpu_mem_gb": 11.611}
{"step": 2200, "l_pred": 0.186241, "l_anticollapse": 1.093244, "vicreg_var": 1.03091, "vicreg_cov": 1.558339, "l_psi_half": 0.116869, "ce": 0.069869, "loss": 1.306289, "ctx_emb_std": 0.357591, "gn2": 0.140896, "lr": 0.0002283, "wall_s": 296.93, "gpu_mem_gb": 11.611}
{"step": 2400, "l_pred": 0.19416, "l_anticollapse": 1.065843, "vicreg_var": 1.016775, "vicreg_cov": 1.226687, "l_psi_half": 0.130763, "ce": 0.192236, "loss": 1.324212, "ctx_emb_std": 0.389337, "gn2": 0.347139, "lr": 0.00021504, "wall_s": 323.57, "gpu_mem_gb": 11.611}
{"step": 2600, "l_pred": 0.185047, "l_anticollapse": 1.05383, "vicreg_var": 1.012535, "vicreg_cov": 1.032366, "l_psi_half": 0.115099, "ce": 0.094, "loss": 1.272832, "ctx_emb_std": 0.397476, "gn2": 0.082356, "lr": 0.00020119, "wall_s": 350.27, "gpu_mem_gb": 11.611}
{"step": 2800, "l_pred": 0.190674, "l_anticollapse": 1.094465, "vicreg_var": 1.0218, "vicreg_cov": 1.816635, "l_psi_half": 0.117401, "ce": 0.049684, "loss": 1.305914, "ctx_emb_std": 0.388197, "gn2": 0.242884, "lr": 0.00018691, "wall_s": 377.03, "gpu_mem_gb": 11.611}
{"step": 3000, "l_pred": 0.144335, "l_anticollapse": 1.003589, "vicreg_var": 0.935636, "vicreg_cov": 1.698828, "l_psi_half": 0.113796, "ce": 0.123255, "loss": 1.190591, "ctx_emb_std": 0.404072, "gn2": 0.063173, "lr": 0.00017238, "wall_s": 403.82, "gpu_mem_gb": 11.611}
{"step": 3200, "l_pred": 0.128633, "l_anticollapse": 1.031369, "vicreg_var": 0.952811, "vicreg_cov": 1.963949, "l_psi_half": 0.099039, "ce": 0.045994, "loss": 1.178752, "ctx_emb_std": 0.382971, "gn2": 1.065702, "lr": 0.00015776, "wall_s": 430.7, "gpu_mem_gb": 11.611}
{"step": 3400, "l_pred": 0.127273, "l_anticollapse": 1.061076, "vicreg_var": 0.986074, "vicreg_cov": 1.875059, "l_psi_half": 0.114914, "ce": 0.025004, "loss": 1.201596, "ctx_emb_std": 0.369177, "gn2": 0.099423, "lr": 0.00014323, "wall_s": 457.48, "gpu_mem_gb": 11.611}
{"step": 3600, "l_pred": 0.129451, "l_anticollapse": 1.062962, "vicreg_var": 0.990541, "vicreg_cov": 1.810535, "l_psi_half": 0.094583, "ce": 0.005787, "loss": 1.198879, "ctx_emb_std": 0.374209, "gn2": 0.035716, "lr": 0.00012895, "wall_s": 484.29, "gpu_mem_gb": 11.611}
{"step": 3800, "l_pred": 0.192469, "l_anticollapse": 1.023661, "vicreg_var": 0.962059, "vicreg_cov": 1.540059, "l_psi_half": 0.094861, "ce": 0.064837, "loss": 1.240324, "ctx_emb_std": 0.408895, "gn2": 0.110599, "lr": 0.0001151, "wall_s": 510.92, "gpu_mem_gb": 11.611}
{"step": 4000, "l_pred": 0.22, "l_anticollapse": 1.01002, "vicreg_var": 0.940641, "vicreg_cov": 1.734463, "l_psi_half": 0.103754, "ce": 0.038116, "loss": 1.246642, "ctx_emb_std": 0.379512, "gn2": 0.057939, "lr": 0.00010183, "wall_s": 537.57, "gpu_mem_gb": 11.611}
{"step": 4200, "l_pred": 0.159577, "l_anticollapse": 1.021585, "vicreg_var": 0.947612, "vicreg_cov": 1.849324, "l_psi_half": 0.10676, "ce": 0.060153, "loss": 1.204546, "ctx_emb_std": 0.3999, "gn2": 0.039077, "lr": 8.93e-05, "wall_s": 564.21, "gpu_mem_gb": 11.611}
{"step": 4400, "l_pred": 0.161125, "l_anticollapse": 1.051973, "vicreg_var": 0.987753, "vicreg_cov": 1.605511, "l_psi_half": 0.082426, "ce": 0.028404, "loss": 1.225741, "ctx_emb_std": 0.39099, "gn2": 0.065049, "lr": 7.766e-05, "wall_s": 590.93, "gpu_mem_gb": 11.611}
{"step": 4600, "l_pred": 0.138365, "l_anticollapse": 1.029686, "vicreg_var": 0.952435, "vicreg_cov": 1.931261, "l_psi_half": 0.102907, "ce": 0.043926, "loss": 1.186374, "ctx_emb_std": 0.381398, "gn2": 0.060916, "lr": 6.704e-05, "wall_s": 617.67, "gpu_mem_gb": 11.611}
{"step": 4800, "l_pred": 0.15657, "l_anticollapse": 0.99547, "vicreg_var": 0.916651, "vicreg_cov": 1.970461, "l_psi_half": 0.093979, "ce": 0.056175, "loss": 1.173591, "ctx_emb_std": 0.393753, "gn2": 0.042305, "lr": 5.757e-05, "wall_s": 644.33, "gpu_mem_gb": 11.611}
{"step": 5000, "l_pred": 0.131794, "l_anticollapse": 1.012037, "vicreg_var": 0.929188, "vicreg_cov": 2.071219, "l_psi_half": 0.092728, "ce": 0.057108, "loss": 1.1656, "ctx_emb_std": 0.41247, "gn2": 0.04255, "lr": 4.936e-05, "wall_s": 671.12, "gpu_mem_gb": 11.611}
{"step": 5200, "l_pred": 0.153361, "l_anticollapse": 0.986131, "vicreg_var": 0.90494, "vicreg_cov": 2.029754, "l_psi_half": 0.094739, "ce": 0.026233, "loss": 1.152098, "ctx_emb_std": 0.399583, "gn2": 0.077849, "lr": 4.251e-05, "wall_s": 697.87, "gpu_mem_gb": 11.611}
{"step": 5400, "l_pred": 0.118494, "l_anticollapse": 1.067593, "vicreg_var": 1.000546, "vicreg_cov": 1.676155, "l_psi_half": 0.105941, "ce": 0.042013, "loss": 1.203988, "ctx_emb_std": 0.405554, "gn2": 0.058322, "lr": 3.709e-05, "wall_s": 724.91, "gpu_mem_gb": 11.611}
{"step": 5600, "l_pred": 0.148478, "l_anticollapse": 1.025599, "vicreg_var": 0.959377, "vicreg_cov": 1.655542, "l_psi_half": 0.074252, "ce": 0.03724, "loss": 1.188962, "ctx_emb_std": 0.401797, "gn2": 0.062443, "lr": 3.317e-05, "wall_s": 751.82, "gpu_mem_gb": 11.611}
{"step": 5800, "l_pred": 0.186399, "l_anticollapse": 1.001909, "vicreg_var": 0.926184, "vicreg_cov": 1.893102, "l_psi_half": 0.087532, "ce": 0.084162, "loss": 1.217933, "ctx_emb_std": 0.413526, "gn2": 0.076999, "lr": 3.08e-05, "wall_s": 778.72, "gpu_mem_gb": 11.611}
{"step": 6000, "l_pred": 0.115911, "l_anticollapse": 1.08872, "vicreg_var": 1.014679, "vicreg_cov": 1.851017, "l_psi_half": 0.071999, "ce": 0.022069, "loss": 1.214851, "ctx_emb_std": 0.389448, "gn2": 0.671734, "lr": 3e-05, "wall_s": 805.61, "gpu_mem_gb": 11.611}
=== JEPA-Ψ train done ===
{"init_l_pred": 0.161895, "final_l_pred": 0.115911, "final_vicreg_var": 1.014679, "final_ctx_emb_std": 0.389448, "init_ce": 5.668813, "final_ce": 0.022069, "wall_s": 805.61}
/workspace/anima/train_jepa_psi.py:284: FutureWarning: `torch.cuda.amp.GradScaler(args...)` is deprecated. Please use `torch.amp.GradScaler('cuda', args...)` instead.
  scaler = torch.cuda.amp.GradScaler(enabled=use_amp)
{"step": 1, "l_pred": 0.161895, "l_anticollapse": 1.977667, "vicreg_var": 1.977667, "vicreg_cov": 0.0, "l_psi_half": 0.000985, "ce": 5.668813, "loss": 2.139611, "ctx_emb_std": 0.003196, "gn2": 0.069996, "lr": 1.5e-06, "wall_s": 0.71, "gpu_mem_gb": 9.386}
{"step": 200, "l_pred": 0.296614, "l_anticollapse": 1.199767, "vicreg_var": 1.157653, "vicreg_cov": 1.052843, "l_psi_half": 0.177471, "ce": 10.813609, "loss": 1.505254, "ctx_emb_std": 0.439883, "gn2": 0.033899, "lr": 0.0003, "wall_s": 27.77, "gpu_mem_gb": 11.611}
{"step": 400, "l_pred": 0.293585, "l_anticollapse": 1.531389, "vicreg_var": 1.482907, "vicreg_cov": 1.212051, "l_psi_half": 0.003519, "ce": 17.034018, "loss": 1.82515, "ctx_emb_std": 0.032296, "gn2": 0.960572, "lr": 0.00029922, "wall_s": 54.73, "gpu_mem_gb": 11.611}
{"step": 600, "l_pred": 0.164087, "l_anticollapse": 1.575984, "vicreg_var": 1.55284, "vicreg_cov": 0.578619, "l_psi_half": 7.7e-05, "ce": 17.640299, "loss": 1.740076, "ctx_emb_std": 0.032604, "gn2": 0.00093, "lr": 0.00029686, "wall_s": 81.73, "gpu_mem_gb": 11.611}
{"step": 800, "l_pred": 0.195449, "l_anticollapse": 1.562801, "vicreg_var": 1.536226, "vicreg_cov": 0.664396, "l_psi_half": 8.7e-05, "ce": 20.893045, "loss": 1.758255, "ctx_emb_std": 0.033594, "gn2": 0.414911, "lr": 0.00029296, "wall_s": 108.62, "gpu_mem_gb": 11.611}
{"step": 1000, "l_pred": 0.170815, "l_anticollapse": 1.568424, "vicreg_var": 1.543972, "vicreg_cov": 0.611296, "l_psi_half": 3e-06, "ce": 25.786621, "loss": 1.739239, "ctx_emb_std": 0.033659, "gn2": 0.029986, "lr": 0.00028755, "wall_s": 135.52, "gpu_mem_gb": 11.611}
{"step": 1200, "l_pred": 0.156687, "l_anticollapse": 1.590133, "vicreg_var": 1.570346, "vicreg_cov": 0.494667, "l_psi_half": 0.000403, "ce": 36.656616, "loss": 1.74684, "ctx_emb_std": 0.030711, "gn2": 0.170865, "lr": 0.00028071, "wall_s": 162.61, "gpu_mem_gb": 11.611}
{"step": 1400, "l_pred": 0.167651, "l_anticollapse": 1.60747, "vicreg_var": 1.59132, "vicreg_cov": 0.403742, "l_psi_half": 0.000277, "ce": 43.33382, "loss": 1.775135, "ctx_emb_std": 0.029261, "gn2": 0.368002, "lr": 0.00027252, "wall_s": 189.53, "gpu_mem_gb": 11.611}
{"step": 1600, "l_pred": 0.143517, "l_anticollapse": 1.599414, "vicreg_var": 1.58206, "vicreg_cov": 0.433853, "l_psi_half": 2.7e-05, "ce": 48.967365, "loss": 1.742933, "ctx_emb_std": 0.030715, "gn2": 0.013152, "lr": 0.00026306, "wall_s": 216.21, "gpu_mem_gb": 11.611}
{"step": 1800, "l_pred": 0.194192, "l_anticollapse": 1.554306, "vicreg_var": 1.524783, "vicreg_cov": 0.738085, "l_psi_half": 3.7e-05, "ce": 53.997967, "loss": 1.7485, "ctx_emb_std": 0.033316, "gn2": 0.214768, "lr": 0.00025245, "wall_s": 243.01, "gpu_mem_gb": 11.611}
{"step": 2000, "l_pred": 0.181933, "l_anticollapse": 1.565543, "vicreg_var": 1.539091, "vicreg_cov": 0.661287, "l_psi_half": 5e-06, "ce": 57.83667, "loss": 1.747476, "ctx_emb_std": 0.030715, "gn2": 0.188827, "lr": 0.00024082, "wall_s": 269.75, "gpu_mem_gb": 11.611}
{"step": 2200, "l_pred": 0.173593, "l_anticollapse": 1.576171, "vicreg_var": 1.552257, "vicreg_cov": 0.597844, "l_psi_half": 4e-06, "ce": 62.631428, "loss": 1.749764, "ctx_emb_std": 0.029261, "gn2": 0.00691, "lr": 0.0002283, "wall_s": 296.64, "gpu_mem_gb": 11.611}
{"step": 2400, "l_pred": 0.216357, "l_anticollapse": 1.544662, "vicreg_var": 1.510612, "vicreg_cov": 0.851261, "l_psi_half": 1.5e-05, "ce": 65.640785, "loss": 1.76102, "ctx_emb_std": 0.031855, "gn2": 0.262157, "lr": 0.00021504, "wall_s": 323.48, "gpu_mem_gb": 11.611}
{"step": 2600, "l_pred": 0.15092, "l_anticollapse": 1.605256, "vicreg_var": 1.587562, "vicreg_cov": 0.442345, "l_psi_half": 0.000178, "ce": 66.686279, "loss": 1.756184, "ctx_emb_std": 0.025184, "gn2": 0.14735, "lr": 0.00020119, "wall_s": 350.3, "gpu_mem_gb": 11.611}
{"step": 2800, "l_pred": 0.205502, "l_anticollapse": 1.549265, "vicreg_var": 1.515654, "vicreg_cov": 0.840294, "l_psi_half": 1e-05, "ce": 69.271324, "loss": 1.754768, "ctx_emb_std": 0.030715, "gn2": 0.124332, "lr": 0.00018691, "wall_s": 377.12, "gpu_mem_gb": 11.611}
{"step": 3000, "l_pred": 0.112093, "l_anticollapse": 1.657863, "vicreg_var": 1.648971, "vicreg_cov": 0.222296, "l_psi_half": 1.6e-05, "ce": 70.620605, "loss": 1.769957, "ctx_emb_std": 0.022348, "gn2": 0.115434, "lr": 0.00017238, "wall_s": 403.97, "gpu_mem_gb": 11.611}
{"step": 3200, "l_pred": 0.163959, "l_anticollapse": 1.575186, "vicreg_var": 1.55081, "vicreg_cov": 0.609403, "l_psi_half": 0.0, "ce": 71.306152, "loss": 1.739145, "ctx_emb_std": 0.030715, "gn2": 0.000924, "lr": 0.00015776, "wall_s": 430.84, "gpu_mem_gb": 11.611}
{"step": 3400, "l_pred": 0.196422, "l_anticollapse": 1.565751, "vicreg_var": 1.539937, "vicreg_cov": 0.645339, "l_psi_half": 5e-06, "ce": 71.276367, "loss": 1.762173, "ctx_emb_std": 0.033787, "gn2": 0.235726, "lr": 0.00014323, "wall_s": 457.71, "gpu_mem_gb": 11.611}
{"step": 3600, "l_pred": 0.212505, "l_anticollapse": 1.544251, "vicreg_var": 1.509756, "vicreg_cov": 0.86237, "l_psi_half": 4e-05, "ce": 71.825844, "loss": 1.756758, "ctx_emb_std": 0.032715, "gn2": 0.212362, "lr": 0.00012895, "wall_s": 484.65, "gpu_mem_gb": 11.611}
{"step": 3800, "l_pred": 0.105668, "l_anticollapse": 1.726317, "vicreg_var": 1.722921, "vicreg_cov": 0.084916, "l_psi_half": 3.8e-05, "ce": 71.95182, "loss": 1.831987, "ctx_emb_std": 0.018677, "gn2": 0.502038, "lr": 0.0001151, "wall_s": 511.59, "gpu_mem_gb": 11.611}
{"step": 4000, "l_pred": 0.14349, "l_anticollapse": 1.609138, "vicreg_var": 1.593128, "vicreg_cov": 0.400257, "l_psi_half": 4e-06, "ce": 72.071129, "loss": 1.752629, "ctx_emb_std": 0.027443, "gn2": 0.04459, "lr": 0.00010183, "wall_s": 538.6, "gpu_mem_gb": 11.611}
{"step": 4200, "l_pred": 0.179002, "l_anticollapse": 1.564549, "vicreg_var": 1.537956, "vicreg_cov": 0.664841, "l_psi_half": 0.0, "ce": 71.973145, "loss": 1.743552, "ctx_emb_std": 0.031855, "gn2": 0.004197, "lr": 8.93e-05, "wall_s": 565.46, "gpu_mem_gb": 11.611}
{"step": 4400, "l_pred": 0.163908, "l_anticollapse": 1.582814, "vicreg_var": 1.561393, "vicreg_cov": 0.535509, "l_psi_half": 1e-06, "ce": 71.905113, "loss": 1.746721, "ctx_emb_std": 0.031855, "gn2": 0.032528, "lr": 7.766e-05, "wall_s": 592.21, "gpu_mem_gb": 11.611}
{"step": 4600, "l_pred": 0.170698, "l_anticollapse": 1.577314, "vicreg_var": 1.554718, "vicreg_cov": 0.564908, "l_psi_half": 1e-06, "ce": 71.909019, "loss": 1.748012, "ctx_emb_std": 0.030713, "gn2": 0.034923, "lr": 6.704e-05, "wall_s": 618.95, "gpu_mem_gb": 11.611}
{"step": 4800, "l_pred": 0.157416, "l_anticollapse": 1.590135, "vicreg_var": 1.570341, "vicreg_cov": 0.494836, "l_psi_half": 1e-06, "ce": 71.722168, "loss": 1.74755, "ctx_emb_std": 0.030715, "gn2": 0.050301, "lr": 5.757e-05, "wall_s": 645.78, "gpu_mem_gb": 11.611}
{"step": 5000, "l_pred": 0.146906, "l_anticollapse": 1.592951, "vicreg_var": 1.574506, "vicreg_cov": 0.461118, "l_psi_half": 0.0, "ce": 71.529137, "loss": 1.739856, "ctx_emb_std": 0.030455, "gn2": 3.654825, "lr": 4.936e-05, "wall_s": 672.62, "gpu_mem_gb": 11.611}
{"step": 5200, "l_pred": 0.142132, "l_anticollapse": 1.665723, "vicreg_var": 1.657874, "vicreg_cov": 0.196208, "l_psi_half": 0.0, "ce": 71.447754, "loss": 1.807855, "ctx_emb_std": 0.025184, "gn2": 0.497679, "lr": 4.251e-05, "wall_s": 699.39, "gpu_mem_gb": 11.611}
{"step": 5400, "l_pred": 0.183836, "l_anticollapse": 1.569055, "vicreg_var": 1.543973, "vicreg_cov": 0.62705, "l_psi_half": 0.0, "ce": 71.456871, "loss": 1.752892, "ctx_emb_std": 0.033657, "gn2": 0.034379, "lr": 3.709e-05, "wall_s": 726.17, "gpu_mem_gb": 11.611}
{"step": 5600, "l_pred": 0.177204, "l_anticollapse": 1.559805, "vicreg_var": 1.532595, "vicreg_cov": 0.680228, "l_psi_half": 3e-06, "ce": 71.321129, "loss": 1.737009, "ctx_emb_std": 0.033315, "gn2": 0.071802, "lr": 3.317e-05, "wall_s": 752.97, "gpu_mem_gb": 11.611}
{"step": 5800, "l_pred": 0.165697, "l_anticollapse": 1.579768, "vicreg_var": 1.557487, "vicreg_cov": 0.557036, "l_psi_half": 1e-06, "ce": 71.353027, "loss": 1.745465, "ctx_emb_std": 0.031855, "gn2": 0.003748, "lr": 3.08e-05, "wall_s": 779.8, "gpu_mem_gb": 11.611}
{"step": 6000, "l_pred": 0.194903, "l_anticollapse": 1.560761, "vicreg_var": 1.532242, "vicreg_cov": 0.712997, "l_psi_half": 0.0, "ce": 71.133789, "loss": 1.755665, "ctx_emb_std": 0.03367, "gn2": 0.152115, "lr": 3e-05, "wall_s": 806.62, "gpu_mem_gb": 11.611}
=== JEPA-Ψ train done ===
{"init_l_pred": 0.161895, "final_l_pred": 0.194903, "final_vicreg_var": 1.532242, "final_ctx_emb_std": 0.03367, "init_ce": 5.668813, "final_ce": 71.133789, "wall_s": 806.62}
