=== [0/5] sanity + PR4 trainer confirm ===
NVIDIA H100 80GB HBM3, 81559 MiB, 595.71.05
hexa 0.1.0-dispatch
--- PR4 save-path present in HEXA_SRC trainer? ---
10
=== [1/5] pull c4 backbone corpus (dancinlab/clm-backbone-5lang-sample) ===
Fetching 5 files:   0%|          | 0/5 [00:00<?, ?it/s]Fetching 5 files: 100%|██████████| 5/5 [00:00<00:00, 94466.31it/s]
wrote 20000 records -> /workspace/d768rec/corpus.txt 67733069 bytes
=== [2/5] run clm_prod d=768 E=2 epochs=12, CONTINUOUS util sampling ===
CLM_PROD_CORPUS=/workspace/d768rec/corpus.txt (67733069 bytes)  OUT=/workspace/d768rec/d768_5lang_c4.clm
clm_prod — CLMConvMoE production corpus loop (PR1)
  corpus: /workspace/d768rec/corpus.txt  (67733069 bytes, V=256)
  windows: 8/8  (T=24 stride=8466630)
  epoch-1 mean CE = 4.71554
  epoch-12 mean CE = 0.859092
  CLM_PROD_OUT wrote /workspace/d768rec/d768_5lang_c4.clm  (3651389 bytes, 6 blocks, CLM\x01)
  config d=768 E=2 epochs=12 nwin=8
F-CLM-PROD-DESCENT = 1
PASS — real-corpus mean CE descends under int4 envelope
=== [3/5] artifact + sha256 ===
6975dbb090290ea15e0fb051665d424872f558499f0e63a320582cf403750bd1  /workspace/d768rec/d768_5lang_c4.clm
-rw-r--r-- 1 root root 3651389 Jun  1 19:58 /workspace/d768rec/d768_5lang_c4.clm
=== [4/5] CE descent gate ===
  epoch-1 mean CE = 4.71554
  epoch-12 mean CE = 0.859092
  CLM_PROD_OUT wrote /workspace/d768rec/d768_5lang_c4.clm  (3651389 bytes, 6 blocks, CLM\x01)
  config d=768 E=2 epochs=12 nwin=8
F-CLM-PROD-DESCENT = 1
PASS — real-corpus mean CE descends under int4 envelope
=== [5/5] util summary (no gawk asort) ===
UTIL: n=1617 PEAK=0% MEAN=0.000% pct_gt20=0.0%
--- top-10 util samples (gpu%,mem%,W,smclk) ---
0, 0, 67.48, 345
0, 0, 67.46, 345
0, 0, 67.46, 345
0, 0, 67.46, 345
0, 0, 67.46, 345
0, 0, 67.45, 345
0, 0, 67.45, 345
0, 0, 67.45, 345
0, 0, 67.45, 345
0, 0, 67.45, 345
RUN_RC=0
=== D768_FIRE_DONE ===
