[wait 2026-05-09T15:11:42Z] ckpt=317783040 / 597614720
[wait 2026-05-09T15:12:49Z] ckpt=322483200 / 597614720
[wait 2026-05-09T15:13:54Z] ckpt=324833280 / 597614720
[wait 2026-05-09T15:15:01Z] ckpt=327705600 / 597614720
[wait 2026-05-09T15:16:06Z] ckpt=331622400 / 597614720
[wait 2026-05-09T15:17:11Z] ckpt=336583680 / 597614720
[wait 2026-05-09T15:18:18Z] ckpt=343633920 / 597614720
[wait 2026-05-09T15:19:24Z] ckpt=354339840 / 597614720
[wait 2026-05-09T15:20:28Z] ckpt=364784640 / 597614720
[wait 2026-05-09T15:21:33Z] ckpt=376535040 / 597614720
[wait 2026-05-09T15:22:39Z] ckpt=384107520 / 597614720
[wait 2026-05-09T15:23:47Z] ckpt=407347200 / 597614720
[wait 2026-05-09T15:24:51Z] ckpt=424842240 / 597614720
[wait 2026-05-09T15:25:57Z] ckpt=444687360 / 597614720
[wait 2026-05-09T15:27:02Z] ckpt=482027520 / 597614720
[wait 2026-05-09T15:28:07Z] ckpt=492733440 / 597614720
[wait 2026-05-09T15:29:12Z] ckpt=518062080 / 597614720
[wait 2026-05-09T15:30:15Z] ckpt=548352000 / 597614720
[wait 2026-05-09T15:31:18Z] ckpt=597614720 / 597614720
CKPT_UPLOAD_COMPLETE
-rw-rw-rw- 1 root root 597614720 May  9 15:30 /workspace/anima_phase2/bg_lb_step_8000_final.pt
-rw-rw-rw- 1 root root 248466640 May  9 14:54 /workspace/anima_phase2/corpus_chat_template.txt
-rw-rw-rw- 1 root root     23188 May  9 14:02 /workspace/anima_phase2/engine_a_g_arch.py
-rw-rw-rw- 1 root root 242689685 May  9 14:53 /workspace/anima_phase2/persona_tier_a_v4.txt
-rw-rw-rw- 1 root root     12604 May  9 14:02 /workspace/anima_phase2/train_phase2_cotrain.py
