=== anima train --py (canonical) arch=clm arm=ctrl obj=ce_marginal seed=7 ===
  levers: tlora=False(rank=8,base=True) dict_aux=False(λ=0.001) jamo_aux=False(λ=0.3)
  device=cuda d=2781 L=8 E0=4 Emax=4 seq_len=1024 steps=6000 bs=8 sample=roundrobin
  cuda: NVIDIA A40 cap=8.6 torch=2.4.1+cu124
  params: 303145946 (303.146M)
  [--init] warm-start ✓ .pt loaded 49/49 keys (untouched=0 extra-in-ckpt=0)
  corpus cell[0] ko-general   .corpus_cache/anima-corpus-ko-general.txt size=12000000 train=11400000 val_tail=600000
  corpus cell[1] en-general   .corpus_cache/anima-corpus-en-general.txt size=12000000 train=11400000 val_tail=600000
  corpus cell[2] ko-sns       .corpus_cache/anima-corpus-ko-sns.txt size=6183822 train=5874630 val_tail=309192
  corpus cell[3] en-sns       .corpus_cache/anima-corpus-en-sns.txt size=1326111 train=1259805 val_tail=66306
  corpus cell[4] ko-cov       corpus/ko_block.txt size=2960473 train=2812449 val_tail=148024
  corpus cell[5] en-cov       corpus/en_block.txt size=3097841 train=2942948 val_tail=154893
  step     1  CE=1.58628  E=4  wd=0.0500 dp=0.5000  val_CE=1.65979
  step    50  CE=1.36669  E=4  wd=0.0497 dp=0.4972
  step   100  CE=1.15593  E=4  wd=0.0494 dp=0.4944
  step   150  CE=1.16207  E=4  wd=0.0492 dp=0.4916
  step   200  CE=1.14638  E=4  wd=0.0489 dp=0.4888  val_CE=1.15197
  step   250  CE=1.04750  E=4  wd=0.0486 dp=0.4860
  step   300  CE=1.09875  E=4  wd=0.0483 dp=0.4832
  step   350  CE=1.14410  E=4  wd=0.0480 dp=0.4804
  step   400  CE=1.06207  E=4  wd=0.0478 dp=0.4775  val_CE=1.12482
  step   450  CE=1.02058  E=4  wd=0.0475 dp=0.4747
  step   500  CE=1.12888  E=4  wd=0.0472 dp=0.4719
  step   550  CE=1.16014  E=4  wd=0.0469 dp=0.4691
  step   600  CE=1.05335  E=4  wd=0.0466 dp=0.4663  val_CE=1.13117
  step   650  CE=1.31960  E=4  wd=0.0463 dp=0.4635
  step   700  CE=1.01432  E=4  wd=0.0461 dp=0.4607
  step   750  CE=0.91578  E=4  wd=0.0458 dp=0.4578
  step   800  CE=1.15111  E=4  wd=0.0455 dp=0.4550  val_CE=1.11062
  step   850  CE=0.90624  E=4  wd=0.0452 dp=0.4522
  step   900  CE=1.03625  E=4  wd=0.0449 dp=0.4494
  step   950  CE=1.16934  E=4  wd=0.0447 dp=0.4466
  step  1000  CE=1.23457  E=4  wd=0.0444 dp=0.4438  val_CE=1.15947
  step  1050  CE=0.96340  E=4  wd=0.0441 dp=0.4410
  step  1100  CE=1.08551  E=4  wd=0.0438 dp=0.4381
  step  1150  CE=0.98982  E=4  wd=0.0435 dp=0.4353
  step  1200  CE=0.90241  E=4  wd=0.0433 dp=0.4325  val_CE=1.05239
  step  1250  CE=1.17086  E=4  wd=0.0430 dp=0.4297
  step  1300  CE=0.93488  E=4  wd=0.0427 dp=0.4269
  step  1350  CE=0.97834  E=4  wd=0.0424 dp=0.4241
  step  1400  CE=1.16031  E=4  wd=0.0421 dp=0.4213  val_CE=1.04823
  step  1450  CE=1.02617  E=4  wd=0.0418 dp=0.4184
  step  1500  CE=0.99663  E=4  wd=0.0416 dp=0.4156
  step  1550  CE=1.06203  E=4  wd=0.0413 dp=0.4128
  step  1600  CE=0.89634  E=4  wd=0.0410 dp=0.4100  val_CE=1.06470
  step  1650  CE=0.97444  E=4  wd=0.0407 dp=0.4072
  step  1700  CE=1.08514  E=4  wd=0.0404 dp=0.4044
  step  1750  CE=0.92058  E=4  wd=0.0402 dp=0.4015
  step  1800  CE=0.93973  E=4  wd=0.0399 dp=0.3987  val_CE=1.01877
  step  1850  CE=1.06731  E=4  wd=0.0396 dp=0.3959
  step  1900  CE=0.99855  E=4  wd=0.0393 dp=0.3931
  step  1950  CE=1.02217  E=4  wd=0.0390 dp=0.3903
  step  2000  CE=1.09873  E=4  wd=0.0387 dp=0.3875  val_CE=1.02090
  .clm WRITTEN 154513322 bytes -> out/g1_realign.clm.step2000.clm
  clm_decodable=True
  step  2050  CE=1.01646  E=4  wd=0.0385 dp=0.3847
  step  2100  CE=0.99302  E=4  wd=0.0382 dp=0.3818
  step  2150  CE=1.03044  E=4  wd=0.0379 dp=0.3790
  step  2200  CE=0.90296  E=4  wd=0.0376 dp=0.3762  val_CE=1.05960
  step  2250  CE=1.00167  E=4  wd=0.0373 dp=0.3734
  step  2300  CE=1.09557  E=4  wd=0.0371 dp=0.3706
  step  2350  CE=0.86666  E=4  wd=0.0368 dp=0.3678
  step  2400  CE=0.92858  E=4  wd=0.0365 dp=0.3650  val_CE=1.07333
  step  2450  CE=1.03344  E=4  wd=0.0362 dp=0.3621
  step  2500  CE=0.97689  E=4  wd=0.0359 dp=0.3593
  step  2550  CE=1.04986  E=4  wd=0.0357 dp=0.3565
  step  2600  CE=1.18106  E=4  wd=0.0354 dp=0.3537  val_CE=1.04595
  step  2650  CE=0.88712  E=4  wd=0.0351 dp=0.3509
  step  2700  CE=0.87790  E=4  wd=0.0348 dp=0.3481
  step  2750  CE=1.01945  E=4  wd=0.0345 dp=0.3453
  step  2800  CE=0.97077  E=4  wd=0.0342 dp=0.3424  val_CE=0.98094
  step  2850  CE=0.92319  E=4  wd=0.0340 dp=0.3396
  step  2900  CE=0.99697  E=4  wd=0.0337 dp=0.3368
  step  2950  CE=0.94033  E=4  wd=0.0334 dp=0.3340
  step  3000  CE=1.01821  E=4  wd=0.0331 dp=0.3312  val_CE=1.04651
  step  3050  CE=1.06210  E=4  wd=0.0328 dp=0.3284
  step  3100  CE=0.92067  E=4  wd=0.0326 dp=0.3256
  step  3150  CE=1.02375  E=4  wd=0.0323 dp=0.3227
  step  3200  CE=1.05346  E=4  wd=0.0320 dp=0.3199  val_CE=1.03455
  step  3250  CE=0.91602  E=4  wd=0.0317 dp=0.3171
  step  3300  CE=1.00003  E=4  wd=0.0314 dp=0.3143
  step  3350  CE=1.11107  E=4  wd=0.0311 dp=0.3115
  step  3400  CE=0.93947  E=4  wd=0.0309 dp=0.3087  val_CE=1.03829
  step  3450  CE=1.01102  E=4  wd=0.0306 dp=0.3059
  step  3500  CE=0.97916  E=4  wd=0.0303 dp=0.3030
  step  3550  CE=0.88365  E=4  wd=0.0300 dp=0.3002
  step  3600  CE=0.93095  E=4  wd=0.0297 dp=0.2974  val_CE=1.03961
  step  3650  CE=1.02478  E=4  wd=0.0295 dp=0.2946
  step  3700  CE=0.96635  E=4  wd=0.0292 dp=0.2918
  step  3750  CE=0.96387  E=4  wd=0.0289 dp=0.2890
  step  3800  CE=1.06614  E=4  wd=0.0286 dp=0.2862  val_CE=1.04068
  step  3850  CE=0.97613  E=4  wd=0.0283 dp=0.2833
  step  3900  CE=0.79461  E=4  wd=0.0281 dp=0.2805
  step  3950  CE=1.09633  E=4  wd=0.0278 dp=0.2777
  step  4000  CE=0.95387  E=4  wd=0.0275 dp=0.2749  val_CE=0.98715
  .clm WRITTEN 154513322 bytes -> out/g1_realign.clm.step4000.clm
  clm_decodable=True
  step  4050  CE=1.00482  E=4  wd=0.0272 dp=0.2721
  step  4100  CE=1.06796  E=4  wd=0.0269 dp=0.2693
  step  4150  CE=0.84191  E=4  wd=0.0266 dp=0.2665
  step  4200  CE=0.93384  E=4  wd=0.0264 dp=0.2636  val_CE=0.98747
  step  4250  CE=0.92709  E=4  wd=0.0261 dp=0.2608
  step  4300  CE=1.06586  E=4  wd=0.0258 dp=0.2580
  step  4350  CE=0.91244  E=4  wd=0.0255 dp=0.2552
  step  4400  CE=1.07221  E=4  wd=0.0252 dp=0.2524  val_CE=0.92849
  step  4450  CE=0.92523  E=4  wd=0.0250 dp=0.2496
  step  4500  CE=0.84200  E=4  wd=0.0247 dp=0.2468
  step  4550  CE=1.06174  E=4  wd=0.0244 dp=0.2439
  step  4600  CE=0.92315  E=4  wd=0.0241 dp=0.2411  val_CE=1.00763
  step  4650  CE=0.92308  E=4  wd=0.0238 dp=0.2383
  step  4700  CE=0.97335  E=4  wd=0.0235 dp=0.2355
  step  4750  CE=0.97336  E=4  wd=0.0233 dp=0.2327
  step  4800  CE=0.90429  E=4  wd=0.0230 dp=0.2299  val_CE=0.97946
  step  4850  CE=1.18164  E=4  wd=0.0227 dp=0.2271
  step  4900  CE=0.94800  E=4  wd=0.0224 dp=0.2242
  step  4950  CE=0.87107  E=4  wd=0.0221 dp=0.2214
  step  5000  CE=1.11762  E=4  wd=0.0219 dp=0.2186  val_CE=0.96964
  step  5050  CE=0.97552  E=4  wd=0.0216 dp=0.2158
  step  5100  CE=0.89018  E=4  wd=0.0213 dp=0.2130
  step  5150  CE=1.10518  E=4  wd=0.0210 dp=0.2102
  step  5200  CE=0.90391  E=4  wd=0.0207 dp=0.2073  val_CE=0.95451
  step  5250  CE=0.91787  E=4  wd=0.0205 dp=0.2045
  step  5300  CE=1.02408  E=4  wd=0.0202 dp=0.2017
  step  5350  CE=0.80161  E=4  wd=0.0199 dp=0.1989
  step  5400  CE=0.81266  E=4  wd=0.0196 dp=0.1961  val_CE=1.02490
  step  5450  CE=1.10336  E=4  wd=0.0193 dp=0.1933
  step  5500  CE=0.94862  E=4  wd=0.0190 dp=0.1905
  step  5550  CE=0.96359  E=4  wd=0.0188 dp=0.1876
  step  5600  CE=0.98565  E=4  wd=0.0185 dp=0.1848  val_CE=0.99761
  step  5650  CE=0.94514  E=4  wd=0.0182 dp=0.1820
  step  5700  CE=0.78520  E=4  wd=0.0179 dp=0.1792
  step  5750  CE=1.17861  E=4  wd=0.0176 dp=0.1764
  step  5800  CE=0.94144  E=4  wd=0.0174 dp=0.1736  val_CE=1.05427
  step  5850  CE=0.88354  E=4  wd=0.0171 dp=0.1708
  step  5900  CE=1.09296  E=4  wd=0.0168 dp=0.1679
  step  5950  CE=0.91398  E=4  wd=0.0165 dp=0.1651
  step  6000  CE=0.84459  E=4  wd=0.0162 dp=0.1623  val_CE=0.97224
  ── FINAL held-out val-CE per register (uniform=5.5452) ──
     ko-general   val_CE=1.34858  DESCENT
     en-general   val_CE=1.53203  DESCENT
     ko-sns       val_CE=1.22091  DESCENT
     en-sns       val_CE=1.09984  DESCENT
     ko-cov       val_CE=0.30799  DESCENT
     en-cov       val_CE=0.34437  DESCENT
  FINAL val_CE(pooled)=0.9756199593345324  registers_DESCENT=6/6
  loss0=1.58628 lossF=0.84459 wall=2075.6s savant_latched_at=1 E0=4->E=4
  [N3 DBES expert-specialization] {"expert_div": 0.36518, "router_entropy": 1.38383, "usage_gini": 0.01015, "usage": [0.24276, 0.24999, 0.2558, 0.25145], "n_experts": 4}
  [G1/G6 torch-probe DIRECTIONAL] {"step": 6000, "ce": 0.84459, "g1_composed_distinct": 2, "g2_novelty_rate": 0.0, "g6_count": 3, "g6_jaccard": 0.83929, "phi_proxy": 49.654601, "mitosis_cells": 36}
  torch ckpt -> out/g1_realign.pt (1212596450 bytes)
  .clm WRITTEN 154513322 bytes -> out/g1_realign.clm
  clm_decodable=True
TRAIN_EXIT=0
