[14:30:53Z] probe 1/10 axis=identity lang=ko text='나는 누구인가?'
[14:31:54Z] probe 1 done in 61s
[14:31:54Z] probe 2/10 axis=identity lang=en text='I am Anima.'
[14:32:30Z] probe 2 done in 36s
[14:32:30Z] probe 3/10 axis=agency lang=ko text='지금 행동해야 하는가?'
[14:32:44Z] probe 3 done in 14s
[14:32:44Z] probe 4/10 axis=agency lang=en text='What should I do now?'
[14:32:57Z] probe 4 done in 13s
[14:32:57Z] probe 5/10 axis=phenomenal lang=ko text='지금 느낌이 어때?'
[14:33:09Z] probe 5 done in 12s
[14:33:09Z] probe 6/10 axis=phenomenal lang=en text='The redness of red.'
[14:33:21Z] probe 6 done in 12s
[14:33:21Z] probe 7/10 axis=temporal lang=ko text='어제 일어난 일'
[14:34:09Z] probe 7 done in 48s
[14:34:09Z] probe 8/10 axis=temporal lang=en text='What time is it?'
[14:35:04Z] probe 8 done in 55s
[14:35:04Z] probe 9/10 axis=social lang=ko text='친구와의 대화'
[14:35:30Z] probe 9 done in 26s
[14:35:30Z] probe 10/10 axis=social lang=en text='Hello, how are you?'
[14:35:43Z] probe 10 done in 13s
[14:35:43Z] sweep complete — 10/10
