Info: constraining clock net 'clk' to 12.00 MHz
Warning: IO 'strategy_idx[2]' is unconstrained in LPF and will be automatically placed
Warning: IO 'strategy_idx[1]' is unconstrained in LPF and will be automatically placed
Warning: IO 'strategy_idx[0]' is unconstrained in LPF and will be automatically placed
Warning: IO 'safety_combined_w' is unconstrained in LPF and will be automatically placed
Warning: IO 'motivation_acc[7]' is unconstrained in LPF and will be automatically placed
Warning: IO 'motivation_acc[6]' is unconstrained in LPF and will be automatically placed
Warning: IO 'motivation_acc[5]' is unconstrained in LPF and will be automatically placed
Warning: IO 'motivation_acc[4]' is unconstrained in LPF and will be automatically placed
Warning: IO 'motivation_acc[3]' is unconstrained in LPF and will be automatically placed
Warning: IO 'motivation_acc[2]' is unconstrained in LPF and will be automatically placed
Warning: IO 'motivation_acc[1]' is unconstrained in LPF and will be automatically placed
Warning: IO 'motivation_acc[0]' is unconstrained in LPF and will be automatically placed
Warning: IO 'f_pain[3]' is unconstrained in LPF and will be automatically placed
Warning: IO 'f_pain[2]' is unconstrained in LPF and will be automatically placed
Warning: IO 'f_pain[1]' is unconstrained in LPF and will be automatically placed
Warning: IO 'f_pain[0]' is unconstrained in LPF and will be automatically placed
Warning: IO 'f_orig[3]' is unconstrained in LPF and will be automatically placed
Warning: IO 'f_orig[2]' is unconstrained in LPF and will be automatically placed
Warning: IO 'f_orig[1]' is unconstrained in LPF and will be automatically placed
Warning: IO 'f_orig[0]' is unconstrained in LPF and will be automatically placed
Warning: IO 'f_gap[3]' is unconstrained in LPF and will be automatically placed
Warning: IO 'f_gap[2]' is unconstrained in LPF and will be automatically placed
Warning: IO 'f_gap[1]' is unconstrained in LPF and will be automatically placed
Warning: IO 'f_gap[0]' is unconstrained in LPF and will be automatically placed
Warning: IO 'f_dyn[3]' is unconstrained in LPF and will be automatically placed
Warning: IO 'f_dyn[2]' is unconstrained in LPF and will be automatically placed
Warning: IO 'f_dyn[1]' is unconstrained in LPF and will be automatically placed
Warning: IO 'f_dyn[0]' is unconstrained in LPF and will be automatically placed
Warning: IO 'f_cur[3]' is unconstrained in LPF and will be automatically placed
Warning: IO 'f_cur[2]' is unconstrained in LPF and will be automatically placed
Warning: IO 'f_cur[1]' is unconstrained in LPF and will be automatically placed
Warning: IO 'f_cur[0]' is unconstrained in LPF and will be automatically placed
Warning: IO 'f_coh[3]' is unconstrained in LPF and will be automatically placed
Warning: IO 'f_coh[2]' is unconstrained in LPF and will be automatically placed
Warning: IO 'f_coh[1]' is unconstrained in LPF and will be automatically placed
Warning: IO 'f_coh[0]' is unconstrained in LPF and will be automatically placed
Warning: IO 'f_bal[3]' is unconstrained in LPF and will be automatically placed
Warning: IO 'f_bal[2]' is unconstrained in LPF and will be automatically placed
Warning: IO 'f_bal[1]' is unconstrained in LPF and will be automatically placed
Warning: IO 'f_bal[0]' is unconstrained in LPF and will be automatically placed
Warning: IO 'cell_count[15]' is unconstrained in LPF and will be automatically placed
Warning: IO 'cell_count[14]' is unconstrained in LPF and will be automatically placed
Warning: IO 'cell_count[13]' is unconstrained in LPF and will be automatically placed
Warning: IO 'cell_count[12]' is unconstrained in LPF and will be automatically placed
Warning: IO 'cell_count[11]' is unconstrained in LPF and will be automatically placed
Warning: IO 'cell_count[10]' is unconstrained in LPF and will be automatically placed
Warning: IO 'cell_count[9]' is unconstrained in LPF and will be automatically placed
Warning: IO 'cell_count[8]' is unconstrained in LPF and will be automatically placed
Warning: IO 'cell_count[7]' is unconstrained in LPF and will be automatically placed
Warning: IO 'cell_count[6]' is unconstrained in LPF and will be automatically placed
Warning: IO 'cell_count[5]' is unconstrained in LPF and will be automatically placed
Warning: IO 'cell_count[4]' is unconstrained in LPF and will be automatically placed
Warning: IO 'cell_count[3]' is unconstrained in LPF and will be automatically placed
Warning: IO 'cell_count[2]' is unconstrained in LPF and will be automatically placed
Warning: IO 'cell_count[1]' is unconstrained in LPF and will be automatically placed
Warning: IO 'cell_count[0]' is unconstrained in LPF and will be automatically placed
Warning: IO 'audit_dump[127]' is unconstrained in LPF and will be automatically placed
Warning: IO 'audit_dump[126]' is unconstrained in LPF and will be automatically placed
Warning: IO 'audit_dump[125]' is unconstrained in LPF and will be automatically placed
Warning: IO 'audit_dump[124]' is unconstrained in LPF and will be automatically placed
Warning: IO 'audit_dump[123]' is unconstrained in LPF and will be automatically placed
Warning: IO 'audit_dump[122]' is unconstrained in LPF and will be automatically placed
Warning: IO 'audit_dump[121]' is unconstrained in LPF and will be automatically placed
Warning: IO 'audit_dump[120]' is unconstrained in LPF and will be automatically placed
Warning: IO 'audit_dump[119]' is unconstrained in LPF and will be automatically placed
Warning: IO 'audit_dump[118]' is unconstrained in LPF and will be automatically placed
Warning: IO 'audit_dump[117]' is unconstrained in LPF and will be automatically placed
Warning: IO 'audit_dump[116]' is unconstrained in LPF and will be automatically placed
Warning: IO 'audit_dump[115]' is unconstrained in LPF and will be automatically placed
Warning: IO 'audit_dump[114]' is unconstrained in LPF and will be automatically placed
Warning: IO 'audit_dump[113]' is unconstrained in LPF and will be automatically placed
Warning: IO 'audit_dump[112]' is unconstrained in LPF and will be automatically placed
Warning: IO 'audit_dump[111]' is unconstrained in LPF and will be automatically placed
Warning: IO 'audit_dump[110]' is unconstrained in LPF and will be automatically placed
Warning: IO 'audit_dump[109]' is unconstrained in LPF and will be automatically placed
Warning: IO 'audit_dump[108]' is unconstrained in LPF and will be automatically placed
Warning: IO 'audit_dump[107]' is unconstrained in LPF and will be automatically placed
Warning: IO 'audit_dump[106]' is unconstrained in LPF and will be automatically placed
Warning: IO 'audit_dump[105]' is unconstrained in LPF and will be automatically placed
Warning: IO 'audit_dump[104]' is unconstrained in LPF and will be automatically placed
Warning: IO 'audit_dump[103]' is unconstrained in LPF and will be automatically placed
Warning: IO 'audit_dump[102]' is unconstrained in LPF and will be automatically placed
Warning: IO 'audit_dump[101]' is unconstrained in LPF and will be automatically placed
Warning: IO 'audit_dump[100]' is unconstrained in LPF and will be automatically placed
Warning: IO 'audit_dump[99]' is unconstrained in LPF and will be automatically placed
Warning: IO 'audit_dump[98]' is unconstrained in LPF and will be automatically placed
Warning: IO 'audit_dump[97]' is unconstrained in LPF and will be automatically placed
Warning: IO 'audit_dump[96]' is unconstrained in LPF and will be automatically placed
Warning: IO 'audit_dump[95]' is unconstrained in LPF and will be automatically placed
Warning: IO 'audit_dump[94]' is unconstrained in LPF and will be automatically placed
Warning: IO 'audit_dump[93]' is unconstrained in LPF and will be automatically placed
Warning: IO 'audit_dump[92]' is unconstrained in LPF and will be automatically placed
Warning: IO 'audit_dump[91]' is unconstrained in LPF and will be automatically placed
Warning: IO 'audit_dump[90]' is unconstrained in LPF and will be automatically placed
Warning: IO 'audit_dump[89]' is unconstrained in LPF and will be automatically placed
Warning: IO 'audit_dump[88]' is unconstrained in LPF and will be automatically placed
Warning: IO 'audit_dump[87]' is unconstrained in LPF and will be automatically placed
Warning: IO 'audit_dump[86]' is unconstrained in LPF and will be automatically placed
Warning: IO 'audit_dump[85]' is unconstrained in LPF and will be automatically placed
Warning: IO 'audit_dump[84]' is unconstrained in LPF and will be automatically placed
Warning: IO 'audit_dump[83]' is unconstrained in LPF and will be automatically placed
Warning: IO 'audit_dump[82]' is unconstrained in LPF and will be automatically placed
Warning: IO 'audit_dump[81]' is unconstrained in LPF and will be automatically placed
Warning: IO 'audit_dump[80]' is unconstrained in LPF and will be automatically placed
Warning: IO 'audit_dump[79]' is unconstrained in LPF and will be automatically placed
Warning: IO 'audit_dump[78]' is unconstrained in LPF and will be automatically placed
Warning: IO 'audit_dump[77]' is unconstrained in LPF and will be automatically placed
Warning: IO 'audit_dump[76]' is unconstrained in LPF and will be automatically placed
Warning: IO 'audit_dump[75]' is unconstrained in LPF and will be automatically placed
Warning: IO 'audit_dump[74]' is unconstrained in LPF and will be automatically placed
Warning: IO 'audit_dump[73]' is unconstrained in LPF and will be automatically placed
Warning: IO 'audit_dump[72]' is unconstrained in LPF and will be automatically placed
Warning: IO 'audit_dump[71]' is unconstrained in LPF and will be automatically placed
Warning: IO 'audit_dump[70]' is unconstrained in LPF and will be automatically placed
Warning: IO 'audit_dump[69]' is unconstrained in LPF and will be automatically placed
Warning: IO 'audit_dump[68]' is unconstrained in LPF and will be automatically placed
Warning: IO 'audit_dump[67]' is unconstrained in LPF and will be automatically placed
Warning: IO 'audit_dump[66]' is unconstrained in LPF and will be automatically placed
Warning: IO 'audit_dump[65]' is unconstrained in LPF and will be automatically placed
Warning: IO 'audit_dump[64]' is unconstrained in LPF and will be automatically placed
Warning: IO 'audit_dump[63]' is unconstrained in LPF and will be automatically placed
Warning: IO 'audit_dump[62]' is unconstrained in LPF and will be automatically placed
Warning: IO 'audit_dump[61]' is unconstrained in LPF and will be automatically placed
Warning: IO 'audit_dump[60]' is unconstrained in LPF and will be automatically placed
Warning: IO 'audit_dump[59]' is unconstrained in LPF and will be automatically placed
Warning: IO 'audit_dump[58]' is unconstrained in LPF and will be automatically placed
Warning: IO 'audit_dump[57]' is unconstrained in LPF and will be automatically placed
Warning: IO 'audit_dump[56]' is unconstrained in LPF and will be automatically placed
Warning: IO 'audit_dump[55]' is unconstrained in LPF and will be automatically placed
Warning: IO 'audit_dump[54]' is unconstrained in LPF and will be automatically placed
Warning: IO 'audit_dump[53]' is unconstrained in LPF and will be automatically placed
Warning: IO 'audit_dump[52]' is unconstrained in LPF and will be automatically placed
Warning: IO 'audit_dump[51]' is unconstrained in LPF and will be automatically placed
Warning: IO 'audit_dump[50]' is unconstrained in LPF and will be automatically placed
Warning: IO 'audit_dump[49]' is unconstrained in LPF and will be automatically placed
Warning: IO 'audit_dump[48]' is unconstrained in LPF and will be automatically placed
Warning: IO 'audit_dump[47]' is unconstrained in LPF and will be automatically placed
Warning: IO 'audit_dump[46]' is unconstrained in LPF and will be automatically placed
Warning: IO 'audit_dump[45]' is unconstrained in LPF and will be automatically placed
Warning: IO 'audit_dump[44]' is unconstrained in LPF and will be automatically placed
Warning: IO 'audit_dump[43]' is unconstrained in LPF and will be automatically placed
Warning: IO 'audit_dump[42]' is unconstrained in LPF and will be automatically placed
Warning: IO 'audit_dump[41]' is unconstrained in LPF and will be automatically placed
Warning: IO 'audit_dump[40]' is unconstrained in LPF and will be automatically placed
Warning: IO 'audit_dump[39]' is unconstrained in LPF and will be automatically placed
Warning: IO 'audit_dump[38]' is unconstrained in LPF and will be automatically placed
Warning: IO 'audit_dump[37]' is unconstrained in LPF and will be automatically placed
Warning: IO 'audit_dump[36]' is unconstrained in LPF and will be automatically placed
Warning: IO 'audit_dump[35]' is unconstrained in LPF and will be automatically placed
Warning: IO 'audit_dump[34]' is unconstrained in LPF and will be automatically placed
Warning: IO 'audit_dump[33]' is unconstrained in LPF and will be automatically placed
Warning: IO 'audit_dump[32]' is unconstrained in LPF and will be automatically placed
Warning: IO 'audit_dump[31]' is unconstrained in LPF and will be automatically placed
Warning: IO 'audit_dump[30]' is unconstrained in LPF and will be automatically placed
Warning: IO 'audit_dump[29]' is unconstrained in LPF and will be automatically placed
Warning: IO 'audit_dump[28]' is unconstrained in LPF and will be automatically placed
Warning: IO 'audit_dump[27]' is unconstrained in LPF and will be automatically placed
Warning: IO 'audit_dump[26]' is unconstrained in LPF and will be automatically placed
Warning: IO 'audit_dump[25]' is unconstrained in LPF and will be automatically placed
Warning: IO 'audit_dump[24]' is unconstrained in LPF and will be automatically placed
Warning: IO 'audit_dump[23]' is unconstrained in LPF and will be automatically placed
Warning: IO 'audit_dump[22]' is unconstrained in LPF and will be automatically placed
Warning: IO 'audit_dump[21]' is unconstrained in LPF and will be automatically placed
Warning: IO 'audit_dump[20]' is unconstrained in LPF and will be automatically placed
Warning: IO 'audit_dump[19]' is unconstrained in LPF and will be automatically placed
Warning: IO 'audit_dump[18]' is unconstrained in LPF and will be automatically placed
Warning: IO 'audit_dump[17]' is unconstrained in LPF and will be automatically placed
Warning: IO 'audit_dump[16]' is unconstrained in LPF and will be automatically placed
Warning: IO 'audit_dump[15]' is unconstrained in LPF and will be automatically placed
Warning: IO 'audit_dump[14]' is unconstrained in LPF and will be automatically placed
Warning: IO 'audit_dump[13]' is unconstrained in LPF and will be automatically placed
Warning: IO 'audit_dump[12]' is unconstrained in LPF and will be automatically placed
Warning: IO 'audit_dump[11]' is unconstrained in LPF and will be automatically placed
Warning: IO 'audit_dump[10]' is unconstrained in LPF and will be automatically placed
Warning: IO 'audit_dump[9]' is unconstrained in LPF and will be automatically placed
Warning: IO 'audit_dump[8]' is unconstrained in LPF and will be automatically placed
Warning: IO 'audit_dump[7]' is unconstrained in LPF and will be automatically placed
Warning: IO 'audit_dump[6]' is unconstrained in LPF and will be automatically placed
Warning: IO 'audit_dump[5]' is unconstrained in LPF and will be automatically placed
Warning: IO 'audit_dump[4]' is unconstrained in LPF and will be automatically placed
Warning: IO 'audit_dump[3]' is unconstrained in LPF and will be automatically placed
Warning: IO 'audit_dump[2]' is unconstrained in LPF and will be automatically placed
Warning: IO 'audit_dump[1]' is unconstrained in LPF and will be automatically placed
Warning: IO 'audit_dump[0]' is unconstrained in LPF and will be automatically placed

Info: Logic utilisation before packing:
Info:     Total LUT4s:       248/83640     0%
Info:         logic LUTs:    192/83640     0%
Info:         carry LUTs:     56/83640     0%
Info:           RAM LUTs:      0/10455     0%
Info:          RAMW LUTs:      0/20910     0%

Info:      Total DFFs:       134/83640     0%

Info: Packing IOs..
Info: pin 'rst_n$tr_io' constrained to Bel 'X0/Y47/PIOA'.
Info: pin 'phi_ratchet_ok$tr_io' constrained to Bel 'X0/Y89/PIOD'.
Info: pin 'kill_sw$tr_io' constrained to Bel 'X0/Y89/PIOB'.
Info: pin 'gate_intrpt$tr_io' constrained to Bel 'X60/Y0/PIOA'.
Info: pin 'gate_im$tr_io' constrained to Bel 'X63/Y0/PIOB'.
Info: pin 'f_rel[3]$tr_io' constrained to Bel 'X0/Y89/PIOC'.
Info: pin 'f_rel[2]$tr_io' constrained to Bel 'X0/Y53/PIOD'.
Info: pin 'f_rel[1]$tr_io' constrained to Bel 'X0/Y53/PIOC'.
Info: pin 'f_rel[0]$tr_io' constrained to Bel 'X0/Y53/PIOB'.
Info: pin 'emit_pulse$tr_io' constrained to Bel 'X76/Y0/PIOA'.
Info: pin 'content_ok$tr_io' constrained to Bel 'X0/Y92/PIOA'.
Info: pin 'clk$tr_io' constrained to Bel 'X63/Y0/PIOA'.
Info: Packing constants..
Info: Packing carries...
Info: Packing LUTs...
Info: Packing LUT5-7s...
Info: Packing FFs...
Info:     32 FFs paired with LUTs.
Info: Generating derived timing constraints...
Info: Promoting globals...
Info:     promoting clock net clk$TRELLIS_IO_IN to global network
Info: Checksum: 0x3480453c

Info: Annotating ports with timing budgets for target frequency 12.00 MHz
Info: Checksum: 0xa1a5cf12

Info: Device utilisation:
Info: 	          TRELLIS_IO:   196/  365    53%
Info: 	                DCCA:     1/   56     1%
Info: 	              DP16KD:     0/  208     0%
Info: 	          MULT18X18D:     1/  156     0%
Info: 	              ALU54B:     0/   78     0%
Info: 	             EHXPLLL:     0/    4     0%
Info: 	             EXTREFB:     0/    2     0%
Info: 	                DCUA:     0/    2     0%
Info: 	           PCSCLKDIV:     0/    2     0%
Info: 	             IOLOGIC:     0/  224     0%
Info: 	            SIOLOGIC:     0/  141     0%
Info: 	                 GSR:     0/    1     0%
Info: 	               JTAGG:     0/    1     0%
Info: 	                OSCG:     0/    1     0%
Info: 	               SEDGA:     0/    1     0%
Info: 	                 DTR:     0/    1     0%
Info: 	             USRMCLK:     0/    1     0%
Info: 	             CLKDIVF:     0/    4     0%
Info: 	           ECLKSYNCB:     0/   10     0%
Info: 	             DLLDELD:     0/    8     0%
Info: 	              DDRDLL:     0/    4     0%
Info: 	             DQSBUFM:     0/   14     0%
Info: 	     TRELLIS_ECLKBUF:     0/    8     0%
Info: 	        ECLKBRIDGECS:     0/    2     0%
Info: 	                DCSC:     0/    2     0%
Info: 	          TRELLIS_FF:   134/83640     0%
Info: 	        TRELLIS_COMB:   270/83640     0%
Info: 	        TRELLIS_RAMW:     0/10455     0%

Info: Placed 12 cells based on constraints.
Info: Creating initial analytic placement for 202 cells, random placement wirelen = 31073.
Info:     at initial placer iter 0, wirelen = 10993
Info:     at initial placer iter 1, wirelen = 9932
Info:     at initial placer iter 2, wirelen = 9582
Info:     at initial placer iter 3, wirelen = 9526
Info: Running main analytical placer, max placement attempts per cell = 45300.
Info:     at iteration #1, type ALL: wirelen solved = 9446, spread = 9765, legal = 9877; time = 0.01s
Info: HeAP Placer Time: 0.05s
Info:   of which solving equations: 0.01s
Info:   of which spreading cells: 0.00s
Info:   of which strict legalisation: 0.00s

Info: Running simulated annealing placer for refinement.
Info:   at iteration #1: temp = 0.000000, timing cost = 202, wirelen = 9877
Info:   at iteration #3: temp = 0.000000, timing cost = 142, wirelen = 9572 
Info: SA placement time 0.02s

Info: Max frequency for clock '$glbnet$clk$TRELLIS_IO_IN': 90.08 MHz (PASS at 12.00 MHz)

Info: Max delay <async>                           -> <async>                          : 24.05 ns
Info: Max delay <async>                           -> posedge $glbnet$clk$TRELLIS_IO_IN: 29.44 ns
Info: Max delay posedge $glbnet$clk$TRELLIS_IO_IN -> <async>                          : 7.87 ns

Info: Slack histogram:
Info:  legend: * represents 1 endpoint(s)
Info:          + represents [1,1) endpoint(s)
Info: [ 53893,  55343) |****************+
Info: [ 55343,  56793) |***************************+
Info: [ 56793,  58243) |************+
Info: [ 58243,  59693) |**********+
Info: [ 59693,  61143) |*********************+
Info: [ 61143,  62593) |***+
Info: [ 62593,  64043) |**+
Info: [ 64043,  65493) |***********+
Info: [ 65493,  66943) |*********+
Info: [ 66943,  68393) |********+
Info: [ 68393,  69843) |*******+
Info: [ 69843,  71293) |*******+
Info: [ 71293,  72743) |****+
Info: [ 72743,  74193) |********************************+
Info: [ 74193,  75643) |************************************************+
Info: [ 75643,  77093) |*********************************+
Info: [ 77093,  78543) |************************+
Info: [ 78543,  79993) |*******************************************+
Info: [ 79993,  81443) |************************************************************ 
Info: [ 81443,  82893) |************************************************************ 
Info: Checksum: 0x9cc5798a
Info: Routing globals...
Info:     routing clock net $glbnet$clk$TRELLIS_IO_IN using global 0

Info: Routing..
Info: Setting up routing queue.
Info: Routing 1384 arcs.
Info:            |   (re-)routed arcs  |   delta    | remaining|       time spent     |
Info:    IterCnt |  w/ripup   wo/ripup |  w/r  wo/r |      arcs| batch(sec) total(sec)|
Info:       1000 |      207        721 |  207   721 |       600|       0.13       0.13|
Info:       1611 |      219       1284 |   12   563 |         0|       0.14       0.27|
Info: Routing complete.
Info: Router1 time 0.27s
Info: Checksum: 0xb700e8e8

Info: Critical path report for clock '$glbnet$clk$TRELLIS_IO_IN' (posedge -> posedge):
Info: curr total
Info:  0.3  0.3  Source state_n_LUT4_Z_1_D_LUT4_D_Z_PFUMX_BLUT_Z_L6MUX21_D0_Z_TRELLIS_FF_CE_10.Q
Info:  0.6  0.9    Net state_n_LUT4_Z_1_D_LUT4_Z_D_LUT4_Z_2_D[0] budget 0.000000 ns (5,68) -> (4,68)
Info:                Sink state_n_LUT4_Z_1_D_LUT4_Z_D_LUT4_Z_2.A
Info:                Defined in:
Info:                  /opt/homebrew/bin/../share/yosys/lattice/cells_map_trellis.v:108.23-108.24
Info:  0.1  1.0  Source state_n_LUT4_Z_1_D_LUT4_Z_D_LUT4_Z_2.F
Info:  0.7  1.8    Net state_n_LUT4_Z_1_D_LUT4_Z_D[3] budget 0.000000 ns (4,68) -> (6,68)
Info:                Sink state_n_LUT4_Z_1_D_LUT4_Z.D
Info:                Defined in:
Info:                  /opt/homebrew/bin/../share/yosys/lattice/cells_map_trellis.v:108.23-108.24
Info:  0.1  1.9  Source state_n_LUT4_Z_1_D_LUT4_Z.F
Info:  0.7  2.6    Net state_n_LUT4_Z_1_C[1] budget 0.000000 ns (6,68) -> (15,66)
Info:                Sink state_n_LUT4_Z_1.D
Info:                Defined in:
Info:                  /opt/homebrew/bin/../share/yosys/lattice/cells_map_trellis.v:108.23-108.24
Info:  0.1  2.8  Source state_n_LUT4_Z_1.F
Info:  1.3  4.1    Net audit_dump_TRELLIS_FF_Q_45_CE_L6MUX21_Z_D0_PFUMX_Z_ALUT_LUT4_Z_B[2] budget 0.000000 ns (15,66) -> (32,65)
Info:                Sink audit_dump_TRELLIS_FF_Q_6_CE_L6MUX21_Z_D0_PFUMX_Z_ALUT_LUT4_Z.C
Info:                Defined in:
Info:                  /opt/homebrew/bin/../share/yosys/lattice/cells_map_trellis.v:108.23-108.24
Info:  0.1  4.2  Source audit_dump_TRELLIS_FF_Q_6_CE_L6MUX21_Z_D0_PFUMX_Z_ALUT_LUT4_Z.F
Info:  0.0  4.2    Net audit_dump_TRELLIS_FF_Q_6_CE_L6MUX21_Z_D0_PFUMX_Z_ALUT budget 0.000000 ns (32,65) -> (32,65)
Info:                Sink audit_dump_TRELLIS_FF_Q_6_CE_L6MUX21_Z_D0_PFUMX_Z_BLUT_LUT4_Z.F1
Info:                Defined in:
Info:                  /opt/homebrew/bin/../share/yosys/lattice/cells_map_trellis.v:141.22-141.24
Info:  0.1  4.3  Source audit_dump_TRELLIS_FF_Q_6_CE_L6MUX21_Z_D0_PFUMX_Z_BLUT_LUT4_Z.OFX
Info:  0.0  4.3    Net audit_dump_TRELLIS_FF_Q_6_CE_L6MUX21_Z_D0 budget 0.000000 ns (32,65) -> (32,65)
Info:                Sink audit_dump_TRELLIS_FF_Q_6_CE_L6MUX21_Z_D1_PFUMX_Z_ALUT_LUT4_Z.FXA
Info:                Defined in:
Info:                  /opt/homebrew/bin/../share/yosys/lattice/cells_map_trellis.v:141.34-141.36
Info:  0.1  4.4  Source audit_dump_TRELLIS_FF_Q_6_CE_L6MUX21_Z_D1_PFUMX_Z_ALUT_LUT4_Z.OFX
Info:  4.4  8.8    Net audit_dump_TRELLIS_FF_Q_6_CE budget 7.874000 ns (32,65) -> (101,25)
Info:                Sink audit_dump_TRELLIS_FF_Q_69.CE
Info:  0.0  8.8  Setup audit_dump_TRELLIS_FF_Q_69.CE
Info: 1.1 ns logic, 7.7 ns routing

Info: Critical path report for cross-domain path '<async>' -> '<async>':
Info: curr total
Info:  0.0  0.0  Source f_rel[3]$tr_io.O
Info:  2.2  2.2    Net f_rel[3]$TRELLIS_IO_IN budget 0.000000 ns (0,89) -> (9,58)
Info:                Sink motivation_acc_MULT18X18D_P0.A3
Info:                Defined in:
Info:                  /Users/ghost/core/anima/anima-physics/hw/spontaneous_ising/src/ising_fsm.v:28.24-28.29
Info:  2.5  4.8  Source motivation_acc_MULT18X18D_P0.P3
Info:  3.5  8.3    Net motivation_acc_MULT18X18D_P0_P1[2] budget 0.000000 ns (9,58) -> (73,45)
Info:                Sink motivation_acc_MULT18X18D_P0_P3_PFUMX_C0_BLUT_LUT4_Z.M
Info:                Defined in:
Info:                  /opt/homebrew/bin/../share/yosys/lattice/cells_map_trellis.v:108.23-108.24
Info:  0.2  8.4  Source motivation_acc_MULT18X18D_P0_P3_PFUMX_C0_BLUT_LUT4_Z.OFX
Info:  0.8  9.2    Net motivation_acc_CCU2C_S1_1_A1[2] budget 0.000000 ns (73,45) -> (72,44)
Info:                Sink motivation_acc_CCU2C_S1_1_A1_L6MUX21_Z_D1_PFUMX_Z_ALUT_LUT4_Z.B
Info:                Defined in:
Info:                  /opt/homebrew/bin/../share/yosys/lattice/cells_map_trellis.v:108.23-108.24
Info:  0.1  9.4  Source motivation_acc_CCU2C_S1_1_A1_L6MUX21_Z_D1_PFUMX_Z_ALUT_LUT4_Z.F
Info:  0.0  9.4    Net motivation_acc_CCU2C_S1_1_A1_L6MUX21_Z_D1_PFUMX_Z_ALUT budget 0.000000 ns (72,44) -> (72,44)
Info:                Sink motivation_acc_CCU2C_S1_1_A1_L6MUX21_Z_D1_PFUMX_Z_BLUT_LUT4_Z.F1
Info:                Defined in:
Info:                  /opt/homebrew/bin/../share/yosys/lattice/cells_map_trellis.v:141.30-141.32
Info:  0.1  9.5  Source motivation_acc_CCU2C_S1_1_A1_L6MUX21_Z_D1_PFUMX_Z_BLUT_LUT4_Z.OFX
Info:  0.0  9.5    Net motivation_acc_CCU2C_S1_1_A1_L6MUX21_Z_D1 budget 0.000000 ns (72,44) -> (72,44)
Info:                Sink motivation_acc_CCU2C_S1_1_A1_L6MUX21_Z_D1_PFUMX_Z_ALUT_LUT4_Z.FXB
Info:                Defined in:
Info:                  /opt/homebrew/bin/../share/yosys/lattice/cells_map_trellis.v:141.38-141.40
Info:  0.1  9.6  Source motivation_acc_CCU2C_S1_1_A1_L6MUX21_Z_D1_PFUMX_Z_ALUT_LUT4_Z.OFX
Info:  0.4 10.0    Net motivation_acc_CCU2C_S1_1_A1[0] budget 0.000000 ns (72,44) -> (72,44)
Info:                Sink motivation_acc_CCU2C_S1_B0_LUT4_Z.A
Info:                Defined in:
Info:                  /opt/homebrew/bin/../share/yosys/lattice/cells_map_trellis.v:108.23-108.24
Info:  0.1 10.1  Source motivation_acc_CCU2C_S1_B0_LUT4_Z.F
Info:  0.9 11.0    Net motivation_acc_CCU2C_S1_B0 budget 0.000000 ns (72,44) -> (75,44)
Info:                Sink motivation_acc_CCU2C_S1$CCU2_COMB0.B
Info:  0.3 11.3  Source motivation_acc_CCU2C_S1$CCU2_COMB0.FCO
Info:  0.0 11.3    Net motivation_acc_CCU2C_S1$CCU2_FCI_INT budget 0.000000 ns (75,44) -> (75,44)
Info:                Sink motivation_acc_CCU2C_S1$CCU2_COMB1.FCI
Info:  0.0 11.3  Source motivation_acc_CCU2C_S1$CCU2_COMB1.FCO
Info:  0.0 11.3    Net motivation_acc_CCU2C_S1_COUT budget 0.000000 ns (75,44) -> (76,44)
Info:                Sink motivation_acc_CCU2C_S1_2$CCU2_COMB0.FCI
Info:                Defined in:
Info:                  /opt/homebrew/bin/../share/yosys/lattice/arith_map_ccu2c.v:74.7-80.4
Info:                  /opt/homebrew/bin/../share/yosys/lattice/ccu2c_sim.vh:9.9-9.13
Info:  0.0 11.3  Source motivation_acc_CCU2C_S1_2$CCU2_COMB0.FCO
Info:  0.0 11.3    Net motivation_acc_CCU2C_S1_2$CCU2_FCI_INT budget 0.000000 ns (76,44) -> (76,44)
Info:                Sink motivation_acc_CCU2C_S1_2$CCU2_COMB1.FCI
Info:  0.2 11.5  Source motivation_acc_CCU2C_S1_2$CCU2_COMB1.F
Info:  3.7 15.2    Net motivation_acc[7]$TRELLIS_IO_OUT budget 0.000000 ns (76,44) -> (11,25)
Info:                Sink state_n_LUT4_Z_1_C_LUT4_C_Z_LUT4_B_Z_PFUMX_BLUT_Z_TRELLIS_FF_DI_Q_CCU2C_COUT$CCU2_COMB1.A
Info:                Defined in:
Info:                  /Users/ghost/core/anima/anima-physics/hw/spontaneous_ising/src/ising_fsm.v:51.17-51.29
Info:  0.3 15.5  Source state_n_LUT4_Z_1_C_LUT4_C_Z_LUT4_B_Z_PFUMX_BLUT_Z_TRELLIS_FF_DI_Q_CCU2C_COUT$CCU2_COMB1.FCO
Info:  0.0 15.5    Net $nextpnr_CCU2C_1$CIN budget 0.000000 ns (11,25) -> (11,25)
Info:                Sink $nextpnr_CCU2C_1$CCU2_COMB0.FCI
Info:  0.3 15.7  Source $nextpnr_CCU2C_1$CCU2_COMB0.F
Info:  1.3 17.0    Net audit_dump_TRELLIS_FF_Q_45_CE_L6MUX21_Z_D0_PFUMX_Z_ALUT_LUT4_Z_B[4] budget 71.007004 ns (11,25) -> (36,24)
Info:                Sink gate_im_LUT4_Z.C
Info:                Defined in:
Info:                  /opt/homebrew/bin/../share/yosys/lattice/cells_map_trellis.v:108.23-108.24
Info:  0.1 17.2  Source gate_im_LUT4_Z.F
Info:  2.6 19.8    Net gate_im$TRELLIS_IO_OUT budget 7.889000 ns (36,24) -> (63,0)
Info:                Sink gate_im$tr_io.I
Info:                Defined in:
Info:                  /Users/ghost/core/anima/anima-physics/hw/spontaneous_ising/src/ising_fsm.v:40.24-40.31
Info: 4.4 ns logic, 15.4 ns routing

Info: Critical path report for cross-domain path '<async>' -> 'posedge $glbnet$clk$TRELLIS_IO_IN':
Info: curr total
Info:  0.0  0.0  Source f_rel[3]$tr_io.O
Info:  2.2  2.2    Net f_rel[3]$TRELLIS_IO_IN budget 0.000000 ns (0,89) -> (9,58)
Info:                Sink motivation_acc_MULT18X18D_P0.A3
Info:                Defined in:
Info:                  /Users/ghost/core/anima/anima-physics/hw/spontaneous_ising/src/ising_fsm.v:28.24-28.29
Info:  2.5  4.8  Source motivation_acc_MULT18X18D_P0.P3
Info:  3.5  8.3    Net motivation_acc_MULT18X18D_P0_P1[2] budget 0.000000 ns (9,58) -> (73,45)
Info:                Sink motivation_acc_MULT18X18D_P0_P3_PFUMX_C0_BLUT_LUT4_Z.M
Info:                Defined in:
Info:                  /opt/homebrew/bin/../share/yosys/lattice/cells_map_trellis.v:108.23-108.24
Info:  0.2  8.4  Source motivation_acc_MULT18X18D_P0_P3_PFUMX_C0_BLUT_LUT4_Z.OFX
Info:  0.8  9.2    Net motivation_acc_CCU2C_S1_1_A1[2] budget 0.000000 ns (73,45) -> (72,44)
Info:                Sink motivation_acc_CCU2C_S1_1_A1_L6MUX21_Z_D1_PFUMX_Z_ALUT_LUT4_Z.B
Info:                Defined in:
Info:                  /opt/homebrew/bin/../share/yosys/lattice/cells_map_trellis.v:108.23-108.24
Info:  0.1  9.4  Source motivation_acc_CCU2C_S1_1_A1_L6MUX21_Z_D1_PFUMX_Z_ALUT_LUT4_Z.F
Info:  0.0  9.4    Net motivation_acc_CCU2C_S1_1_A1_L6MUX21_Z_D1_PFUMX_Z_ALUT budget 0.000000 ns (72,44) -> (72,44)
Info:                Sink motivation_acc_CCU2C_S1_1_A1_L6MUX21_Z_D1_PFUMX_Z_BLUT_LUT4_Z.F1
Info:                Defined in:
Info:                  /opt/homebrew/bin/../share/yosys/lattice/cells_map_trellis.v:141.30-141.32
Info:  0.1  9.5  Source motivation_acc_CCU2C_S1_1_A1_L6MUX21_Z_D1_PFUMX_Z_BLUT_LUT4_Z.OFX
Info:  0.0  9.5    Net motivation_acc_CCU2C_S1_1_A1_L6MUX21_Z_D1 budget 0.000000 ns (72,44) -> (72,44)
Info:                Sink motivation_acc_CCU2C_S1_1_A1_L6MUX21_Z_D1_PFUMX_Z_ALUT_LUT4_Z.FXB
Info:                Defined in:
Info:                  /opt/homebrew/bin/../share/yosys/lattice/cells_map_trellis.v:141.38-141.40
Info:  0.1  9.6  Source motivation_acc_CCU2C_S1_1_A1_L6MUX21_Z_D1_PFUMX_Z_ALUT_LUT4_Z.OFX
Info:  0.4 10.0    Net motivation_acc_CCU2C_S1_1_A1[0] budget 0.000000 ns (72,44) -> (72,44)
Info:                Sink motivation_acc_CCU2C_S1_B0_LUT4_Z.A
Info:                Defined in:
Info:                  /opt/homebrew/bin/../share/yosys/lattice/cells_map_trellis.v:108.23-108.24
Info:  0.1 10.1  Source motivation_acc_CCU2C_S1_B0_LUT4_Z.F
Info:  0.9 11.0    Net motivation_acc_CCU2C_S1_B0 budget 0.000000 ns (72,44) -> (75,44)
Info:                Sink motivation_acc_CCU2C_S1$CCU2_COMB0.B
Info:  0.3 11.3  Source motivation_acc_CCU2C_S1$CCU2_COMB0.FCO
Info:  0.0 11.3    Net motivation_acc_CCU2C_S1$CCU2_FCI_INT budget 0.000000 ns (75,44) -> (75,44)
Info:                Sink motivation_acc_CCU2C_S1$CCU2_COMB1.FCI
Info:  0.0 11.3  Source motivation_acc_CCU2C_S1$CCU2_COMB1.FCO
Info:  0.0 11.3    Net motivation_acc_CCU2C_S1_COUT budget 0.000000 ns (75,44) -> (76,44)
Info:                Sink motivation_acc_CCU2C_S1_2$CCU2_COMB0.FCI
Info:                Defined in:
Info:                  /opt/homebrew/bin/../share/yosys/lattice/arith_map_ccu2c.v:74.7-80.4
Info:                  /opt/homebrew/bin/../share/yosys/lattice/ccu2c_sim.vh:9.9-9.13
Info:  0.0 11.3  Source motivation_acc_CCU2C_S1_2$CCU2_COMB0.FCO
Info:  0.0 11.3    Net motivation_acc_CCU2C_S1_2$CCU2_FCI_INT budget 0.000000 ns (76,44) -> (76,44)
Info:                Sink motivation_acc_CCU2C_S1_2$CCU2_COMB1.FCI
Info:  0.2 11.5  Source motivation_acc_CCU2C_S1_2$CCU2_COMB1.F
Info:  3.7 15.2    Net motivation_acc[7]$TRELLIS_IO_OUT budget 0.000000 ns (76,44) -> (11,25)
Info:                Sink state_n_LUT4_Z_1_C_LUT4_C_Z_LUT4_B_Z_PFUMX_BLUT_Z_TRELLIS_FF_DI_Q_CCU2C_COUT$CCU2_COMB1.A
Info:                Defined in:
Info:                  /Users/ghost/core/anima/anima-physics/hw/spontaneous_ising/src/ising_fsm.v:51.17-51.29
Info:  0.3 15.5  Source state_n_LUT4_Z_1_C_LUT4_C_Z_LUT4_B_Z_PFUMX_BLUT_Z_TRELLIS_FF_DI_Q_CCU2C_COUT$CCU2_COMB1.FCO
Info:  0.0 15.5    Net $nextpnr_CCU2C_1$CIN budget 0.000000 ns (11,25) -> (11,25)
Info:                Sink $nextpnr_CCU2C_1$CCU2_COMB0.FCI
Info:  0.3 15.7  Source $nextpnr_CCU2C_1$CCU2_COMB0.F
Info:  2.9 18.6    Net audit_dump_TRELLIS_FF_Q_45_CE_L6MUX21_Z_D0_PFUMX_Z_ALUT_LUT4_Z_B[4] budget 70.871002 ns (11,25) -> (32,65)
Info:                Sink audit_dump_TRELLIS_FF_Q_6_CE_L6MUX21_Z_D1_PFUMX_Z_BLUT_LUT4_Z.M
Info:                Defined in:
Info:                  /opt/homebrew/bin/../share/yosys/lattice/cells_map_trellis.v:108.23-108.24
Info:  0.2 18.8  Source audit_dump_TRELLIS_FF_Q_6_CE_L6MUX21_Z_D1_PFUMX_Z_BLUT_LUT4_Z.OFX
Info:  0.0 18.8    Net audit_dump_TRELLIS_FF_Q_6_CE_L6MUX21_Z_D1 budget 0.000000 ns (32,65) -> (32,65)
Info:                Sink audit_dump_TRELLIS_FF_Q_6_CE_L6MUX21_Z_D1_PFUMX_Z_ALUT_LUT4_Z.FXB
Info:                Defined in:
Info:                  /opt/homebrew/bin/../share/yosys/lattice/cells_map_trellis.v:141.38-141.40
Info:  0.1 18.9  Source audit_dump_TRELLIS_FF_Q_6_CE_L6MUX21_Z_D1_PFUMX_Z_ALUT_LUT4_Z.OFX
Info:  4.4 23.3    Net audit_dump_TRELLIS_FF_Q_6_CE budget 7.874000 ns (32,65) -> (101,25)
Info:                Sink audit_dump_TRELLIS_FF_Q_69.CE
Info:  0.0 23.3  Setup audit_dump_TRELLIS_FF_Q_69.CE
Info: 4.6 ns logic, 18.7 ns routing

Info: Critical path report for cross-domain path 'posedge $glbnet$clk$TRELLIS_IO_IN' -> '<async>':
Info: curr total
Info:  0.3  0.3  Source emit_pulse_TRELLIS_FF_Q.Q
Info:  5.2  5.5    Net emit_pulse$TRELLIS_IO_OUT budget 83.024002 ns (14,65) -> (76,0)
Info:                Sink emit_pulse$tr_io.I
Info:                Defined in:
Info:                  /Users/ghost/core/anima/anima-physics/hw/spontaneous_ising/src/ising_fsm.v:38.24-38.34
Info: 0.3 ns logic, 5.2 ns routing

Info: Max frequency for clock '$glbnet$clk$TRELLIS_IO_IN': 113.46 MHz (PASS at 12.00 MHz)

Info: Max delay <async>                           -> <async>                          : 19.79 ns
Info: Max delay <async>                           -> posedge $glbnet$clk$TRELLIS_IO_IN: 23.30 ns
Info: Max delay posedge $glbnet$clk$TRELLIS_IO_IN -> <async>                          : 5.50 ns

Info: Slack histogram:
Info:  legend: * represents 1 endpoint(s)
Info:          + represents [1,1) endpoint(s)
Info: [ 60038,  61168) |******************+
Info: [ 61168,  62298) |**************************+
Info: [ 62298,  63428) |********** 
Info: [ 63428,  64558) |************************+
Info: [ 64558,  65688) |*+
Info: [ 65688,  66818) | 
Info: [ 66818,  67948) |****+
Info: [ 67948,  69078) |********+
Info: [ 69078,  70208) |**********+
Info: [ 70208,  71338) |******+
Info: [ 71338,  72468) |*******+
Info: [ 72468,  73598) |*+
Info: [ 73598,  74728) |***+
Info: [ 74728,  75858) |***********************+
Info: [ 75858,  76988) |****************************+
Info: [ 76988,  78118) |********************************+
Info: [ 78118,  79248) |*************************************************+
Info: [ 79248,  80378) |*****************************+
Info: [ 80378,  81508) |**********************************************+
Info: [ 81508,  82638) |************************************************************ 
184 warnings, 0 errors

Info: Program finished normally.
	Command being timed: "nextpnr-ecp5 --um5g-85k --package CABGA381 --speed 8 --json ising_fsm.json --lpf ecp5_evn.lpf --lpf-allow-unconstrained --textcfg ising_fsm.config"
	User time (seconds): 0.55
	System time (seconds): 0.05
	Percent of CPU this job got: 101%
	Elapsed (wall clock) time (h:mm:ss or m:ss): 0:00.60
	Average shared text size (kbytes): 0
	Average unshared data size (kbytes): 0
	Average stack size (kbytes): 0
	Average total size (kbytes): 0
	Maximum resident set size (kbytes): 344312
	Average resident set size (kbytes): 0
	Major (requiring I/O) page faults: 2
	Minor (reclaiming a frame) page faults: 77033
	Voluntary context switches: 5
	Involuntary context switches: 11
	Swaps: 0
	File system inputs: 80
	File system outputs: 648
	Socket messages sent: 0
	Socket messages received: 0
	Signals delivered: 0
	Page size (bytes): 4096
	Exit status: 0
PNR_EXIT=0
