H_312 — APOPTOSIS × IIT4-Φ : prune lowest-Φ cell, measure survivor mean per-cell Φ
  per-cell Φ = LOO big-Φ drop; engine = stdlib iit4_complex + iit4_eca (REUSED)
  FALSIFIER: Δ_apoptosis ≤ 0 OR Δ_apoptosis ≤ Δ_control_hi across panel ⇒ H1 FALSIFIED
PANEL eca90 n=4 sys=11
  whole_bigPhi=0.0 mean0=-0.5
  lo_cell=0(phi=-0.5) hi_cell=0(phi=-0.5)
  apoptosis(rm_lo) survivor_mean=-0.833333 d_apop=-0.333333
  control_hi(rm_hi) survivor_mean=-0.833333 d_hi=-0.333333
  control_fixed(rm0) survivor_mean=-0.833333 d_fixed=-0.333333
  CELL_RESULT raises=false beats_hi=false
PANEL eca110 n=4 sys=11
  whole_bigPhi=8.93784 mean0=6.63703
  lo_cell=0(phi=5.79348) hi_cell=2(phi=8.32912)
  apoptosis(rm_lo) survivor_mean=1.81429 d_apop=-4.82274
  control_hi(rm_hi) survivor_mean=-0.327369 d_hi=-6.96439
  control_fixed(rm0) survivor_mean=1.81429 d_fixed=-4.82274
  CELL_RESULT raises=false beats_hi=true
PANEL eca30 n=4 sys=11
  whole_bigPhi=15.5659 mean0=13.5708
  lo_cell=2(phi=11.8306) hi_cell=0(phi=15.1272)
  apoptosis(rm_lo) survivor_mean=3.22807 d_apop=-10.3427
  control_hi(rm_hi) survivor_mean=-0.291855 d_hi=-13.8626
  control_fixed(rm0) survivor_mean=-0.291855 d_fixed=-13.8626
  CELL_RESULT raises=false beats_hi=true
PANEL eca54 n=4 sys=11
  whole_bigPhi=8.41254 mean0=6.95991
  lo_cell=0(phi=4.67721) hi_cell=1(phi=8.41254)
  apoptosis(rm_lo) survivor_mean=3.73534 d_apop=-3.22458
  control_hi(rm_hi) survivor_mean=-0.666667 d_hi=-7.62658
  control_fixed(rm0) survivor_mean=3.73534 d_fixed=-3.22458
  CELL_RESULT raises=false beats_hi=true
PANEL eca150 n=4 sys=11
  whole_bigPhi=8 mean0=4.75
  lo_cell=0(phi=4.5) hi_cell=3(phi=5.5)
  apoptosis(rm_lo) survivor_mean=3.5 d_apop=-1.25
  control_hi(rm_hi) survivor_mean=2.5 d_hi=-2.25
  control_fixed(rm0) survivor_mean=3.5 d_fixed=-1.25
  CELL_RESULT raises=false beats_hi=true
PANEL eca22 n=4 sys=11
  whole_bigPhi=5.06579 mean0=2.39896
  lo_cell=2(phi=-2.16534) hi_cell=0(phi=4.89977)
  apoptosis(rm_lo) survivor_mean=6.67775 d_apop=4.27879
  control_hi(rm_hi) survivor_mean=-0.0645614 d_hi=-2.46352
  control_fixed(rm0) survivor_mean=-0.0645614 d_fixed=-2.46352
  CELL_RESULT raises=true beats_hi=true
PANEL eca60 n=4 sys=11
  whole_bigPhi=11 mean0=6.75
  lo_cell=1(phi=6) hi_cell=0(phi=7)
  apoptosis(rm_lo) survivor_mean=3.66667 d_apop=-3.08333
  control_hi(rm_hi) survivor_mean=2.66667 d_hi=-4.08333
  control_fixed(rm0) survivor_mean=2.66667 d_fixed=-4.08333
  CELL_RESULT raises=false beats_hi=true
PANEL eca105 n=4 sys=11
  whole_bigPhi=4 mean0=1.25
  lo_cell=2(phi=0.5) hi_cell=3(phi=2)
  apoptosis(rm_lo) survivor_mean=3.5 d_apop=2.25
  control_hi(rm_hi) survivor_mean=2 d_hi=0.75
  control_fixed(rm0) survivor_mean=2.5 d_fixed=1.25
  CELL_RESULT raises=true beats_hi=true
PANEL eca90_n3 n=3 sys=5
  whole_bigPhi=3 mean0=1
  lo_cell=0(phi=1) hi_cell=0(phi=1)
  apoptosis(rm_lo) survivor_mean=2 d_apop=1
  control_hi(rm_hi) survivor_mean=2 d_hi=1
  control_fixed(rm0) survivor_mean=2 d_fixed=1
  CELL_RESULT raises=true beats_hi=false
PANEL eca110_n3 n=3 sys=5
  whole_bigPhi=6.52535 mean0=5.01081
  lo_cell=0(phi=3.8652) hi_cell=1(phi=5.97196)
  apoptosis(rm_lo) survivor_mean=2.66015 d_apop=-2.35066
  control_hi(rm_hi) survivor_mean=0.553383 d_hi=-4.45743
  control_fixed(rm0) survivor_mean=2.66015 d_fixed=-2.35066
  CELL_RESULT raises=false beats_hi=true
DONE
