H_9260 — thalamus CONTENT-RELAY axis, variance-clean + capacity-matched re-score
faithful IIT4 Φ (exact MIP-EI, n=4) · seeds [3..11] · bars FROZEN (see FREEZE.txt)
arms: A=0 B=1 X=2 N=3 R=4 Bperm=5 Aperm=6 Cperm=7 dense=8 denseShuf=9
seed 3 | OLD A=1.0907043406787675 dsh=1.0796225532429755 Δ=-0.011081787435792023 [P1a FAIL]
        | NEW A=1.781860951152539 dsh=1.7582707167136187 Δ=-0.023590234438920277 [P1b PASS]
        | B=1.8596804819666266 X=1.8950658336250088 N=1.9068609507002003 R=1.7270207168627723 Bperm=2.0165414192797373 Aperm=2.0867011845376293 Cperm=1.793656068371999
        | G2(B-A)=0.07781953081408766 PASS · G3(B-N)=-0.04718046873357373 FAIL · G1(B-X)=-0.03538535165838219 FAIL · G4(B-Bperm)=-0.15686093731311068 FAIL
        | P0(A-Aperm)=-0.30484023338509036 · C-ISO|B-Cperm|=0.06602441359462752 · TOPO(B-R)=0.13265976510385435
seed 4 | OLD A=1.0482357083616094 dsh=1.316029503175033 Δ=0.2677937948134237 [P1a PASS]
        | NEW A=2.11795118424421 dsh=2.0943609498052833 Δ=-0.023590234438926494 [P1b PASS]
        | B=2.1727914186782478 X=2.141541418683129 N=2.0200658331726684 R=2.3054511833492937 Bperm=2.1256109498004037 Aperm=2.043656067467321 Cperm=2.1179511843884766
        | G2(B-A)=0.05484023443403796 PASS · G3(B-N)=0.15272558550557935 PASS · G1(B-X)=0.03124999999511857 PASS · G4(B-Bperm)=0.047180468877844106 PASS
        | P0(A-Aperm)=0.07429511677688883 · C-ISO|B-Cperm|=0.05484023428977114 · TOPO(B-R)=-0.1326597646710459
seed 5 | OLD A=0.9116520248184172 dsh=1.1704538422411854 Δ=0.2588018174227682 [P1a PASS]
        | NEW A=2.242547566127924 dsh=2.221532285382046 Δ=-0.02101528074587833 [P1b PASS]
        | B=2.223496301304748 X=2.309586535301098 N=2.149201184527864 R=2.1533365359025884 Bperm=2.1686560667264425 Aperm=1.8874060679245455 Cperm=2.2117011842295584
        | G2(B-A)=-0.019051264823175984 FAIL · G3(B-N)=0.07429511677688438 PASS · G1(B-X)=-0.08609023399634985 FAIL · G4(B-Bperm)=0.05484023457830567 PASS
        | P0(A-Aperm)=0.3551414982033787 · C-ISO|B-Cperm|=0.011795117075189765 · TOPO(B-R)=0.07015976540215974
seed 6 | OLD A=0.8078059596192468 dsh=0.6495867283489152 Δ=-0.15821923127033166 [P1a FAIL]
        | NEW A=1.472885366248451 dsh=1.8443609508542353 Δ=0.37147558460578445 [P1b FAIL]
        | B=1.9145207159678561 X=1.8089755991958514 N=1.9221804815240509 R=1.9339755987435145 Bperm=1.6957707170119223 Aperm=1.9304511851391206 Cperm=1.949906067770507
        | G2(B-A)=0.4416353497194052 PASS · G3(B-N)=-0.007659765556194742 FAIL · G1(B-X)=0.10554511677200473 PASS · G4(B-Bperm)=0.21874999895593383 PASS
        | P0(A-Aperm)=-0.4575658188906697 · C-ISO|B-Cperm|=0.03538535180265079 · TOPO(B-R)=-0.019454882775658433
seed 7 | OLD A=1.0602439077658508 dsh=1.30601056047189 Δ=0.24576665270603915 [P1a PASS]
        | NEW A=1.895065833336468 dsh=1.8443609509985022 Δ=-0.050704882337965884 [P1b PASS]
        | B=2.0513158328792462 X=1.9970865365040789 N=1.9811560676213542 R=2.285996300862176 Bperm=2.1415414188274005 Aperm=1.820770716559582 Cperm=2.1297463016079385
        | G2(B-A)=0.15624999954277818 PASS · G3(B-N)=0.07015976525789203 PASS · G1(B-X)=0.05422929637516738 PASS · G4(B-Bperm)=-0.09022558594815422 FAIL
        | P0(A-Aperm)=0.07429511677688616 · C-ISO|B-Cperm|=0.0784304687286923 · TOPO(B-R)=-0.23468046798292974
seed 8 | OLD A=0.9002522397109574 dsh=1.1045660090551306 Δ=0.20431376934417322 [P1a PASS]
        | NEW A=2.117951184244208 dsh=2.000610950252744 Δ=-0.11734023399146398 [P1b PASS]
        | B=2.1492011839507894 X=1.8950658333364698 N=2.1389664649900855 R=1.977020715813821 Bperm=1.9381109504067782 Aperm=1.9693609502576264 Cperm=2.0554511845425116
        | G2(B-A)=0.031249999706581377 PASS · G3(B-N)=0.010234718960703937 FAIL · G1(B-X)=0.2541353506143196 PASS · G4(B-Bperm)=0.21109023354401124 PASS
        | P0(A-Aperm)=0.14859023398658167 · C-ISO|B-Cperm|=0.09374999940827777 · TOPO(B-R)=0.1721804681369683
seed 9 | OLD A=0.7431375972327783 dsh=0.8401633841307508 Δ=0.09702578689797248 [P1a PASS]
        | NEW A=2.0790414189814355 dsh=1.94990606762624 Δ=-0.12913535135519538 [P1b PASS]
        | B=2.094360949805286 X=2.0943609499495563 N=1.930451184994852 R=1.9534304813749026 Bperm=1.6173402482832264 Aperm=1.609680482871302 Cperm=1.9811560674770865
        | G2(B-A)=0.015319530823850513 FAIL · G3(B-N)=0.16390976481043396 PASS · G1(B-X)=-1.4427037342557014e-10 FAIL · G4(B-Bperm)=0.47702070152205955 PASS
        | P0(A-Aperm)=0.4693609361101334 · C-ISO|B-Cperm|=0.11320488232819947 · TOPO(B-R)=0.14093046843038337
seed 10 | OLD A=0.6064630952810752 dsh=1.0763959676527457 Δ=0.4699328723716705 [P1a PASS]
        | NEW A=1.820770716559582 dsh=1.9304511851391224 Δ=0.1096804685795405 [P1b FAIL]
        | B=2.192246301309633 X=2.0867011846818952 N=2.004746302060279 R=2.270676769894055 Bperm=2.067246301617703 Aperm=1.9852914192846223 Cperm=2.258881652674593
        | G2(B-A)=0.37147558475005127 PASS · G3(B-N)=0.18749999924935423 PASS · G1(B-X)=0.10554511662773791 PASS · G4(B-Bperm)=0.12499999969192999 PASS
        | P0(A-Aperm)=-0.16452070272504038 · C-ISO|B-Cperm|=0.06663535136496002 · TOPO(B-R)=-0.07843046858442193
seed 11 | OLD A=0.8570079704143003 dsh=0.9165575460932329 Δ=0.0595495756789326 [P1a PASS]
        | NEW A=2.0242011845473966 dsh=1.9693609502576246 Δ=-0.05484023428977203 [P1b PASS]
        | B=1.961701184845702 X=1.9652255985943592 N=2.0165414191354705 R=2.0436560671787847 Bperm=1.840225599190969 Aperm=1.9693609505461627 Cperm=1.9186560677753919
        | G2(B-A)=-0.06249999970169462 FAIL · G3(B-N)=-0.054840234289768475 FAIL · G1(B-X)=-0.003524413748657196 FAIL · G4(B-Bperm)=0.12147558565473293 PASS
        | P0(A-Aperm)=0.054840234001233945 · C-ISO|B-Cperm|=0.04304511707031011 · TOPO(B-R)=-0.08195488233308268

P1a variance artifact EXISTS (old readout, every seed): FAIL
P1b readout REMOVES it   (new readout, every seed): FAIL
G2 BASE  ΔΦ(B-A) >= +0.02 every seed: FAIL
G3 SPAN  ΔΦ(B-N) >= +0.02 every seed: FAIL
G1 CUT   ΔΦ(B-X) >= +0.02 every seed: FAIL
G4 INT   ΔΦ(B-Bperm) >= +0.02 every seed: FAIL
C-ISO  |ΔΦ(B-Cperm)| < 0.02 on 1/9 seeds (>=7 → R6's c4 was a VOID control)
VERDICT: ⏳ MEASUREMENT INVALID — validity gate failed; no tier reported (bars NOT moved)
