########## nsmc_negation  (parametric null)
SEEDS       9304:+0.00546 (0.103%) · 9305:+0.01002 (0.189%) · 9306:+0.00833 (0.157%)
            spread across seeds = 0.00455 nats (0.086% of the ruler)   — a single-seed number here would be NOISE
held-out EARNED = +0.00794 nats   95.0% CI [+0.00744, +0.00838]   delta=-0.35  (0=additive, -2=flip)
  vs the XBIND ruler: 0.150% of a PLANTED operator   [p-values are NOT the verdict — with this n a speck is significant]
⚠️  SEED-UNSTABLE: the spread across seeds is comparable to the effect itself.
    retracted in H_9319. A ranking claim needs the gap to exceed the seed spread.
VERDICT: DATA-ADDITIVE — no transferable non-additive information at all ⇒ no estimator can ever bank it
########## nsmc_concession  (parametric null)
SEEDS       9304:+0.00916 (0.173%) · 9305:+0.00839 (0.158%) · 9306:+0.00922 (0.174%)
            spread across seeds = 0.00083 nats (0.016% of the ruler)   — seed-stable
held-out EARNED = +0.00892 nats   95.0% CI [+0.00859, +0.00904]   delta=-0.30  (0=additive, -2=flip)
  vs the XBIND ruler: 0.169% of a PLANTED operator   [p-values are NOT the verdict — with this n a speck is significant]
VERDICT: DATA-ADDITIVE — no transferable non-additive information at all ⇒ no estimator can ever bank it
########## arsarcasm_irony  (parametric null)
SEEDS       9304:+0.00260 (0.049%) · 9305:+0.00059 (0.011%) · 9306:-0.00121 (-0.023%)
            spread across seeds = 0.00381 nats (0.072% of the ruler)   — a single-seed number here would be NOISE
held-out EARNED = +0.00066 nats   95.0% CI [-0.00237, +0.00311]   delta=-0.35  (0=additive, -2=flip)
  vs the XBIND ruler: 0.012% of a PLANTED operator   [p-values are NOT the verdict — with this n a speck is significant]
⚠️  SEED-UNSTABLE: the spread across seeds is comparable to the effect itself.
    retracted in H_9319. A ranking claim needs the gap to exceed the seed spread.
VERDICT: DATA-ADDITIVE — no transferable non-additive information at all ⇒ no estimator can ever bank it
