[21:40:14] ======================================================================
[21:40:14] BLM Phase 4 RETRY — multi-substrate at scale (N=128, device=cpu)
[21:40:14] ======================================================================
[21:40:14] [stage 1] EEG (ZuCo ZAB SR)
[21:40:14]   loaded gip_ZAB_SR1_EEG.mat shape=(122182, 105)
[21:40:14]   loaded gip_ZAB_SR2_EEG.mat shape=(128531, 105)
[21:40:14]   loaded gip_ZAB_SR3_EEG.mat shape=(135933, 105)
[21:40:14]   loaded gip_ZAB_SR5_EEG.mat shape=(134532, 105)
[21:40:14]   total EEG windows available: 5210
[21:40:14]   sampled 128 EEG windows
[21:40:14] [stage 1] computing EEG phi on 128 windows...
[21:40:14]   eeg phi 32/128 phi_min=-0.6305
[21:40:14]   eeg phi 64/128 phi_min=14.5075
[21:40:14]   eeg phi 96/128 phi_min=-9.4306
[21:40:14]   eeg phi 128/128 phi_min=-11.7011
[21:40:14] [stage 2] BOLD (Algonauts sub-01 Friends)
[21:40:15]   loaded 128 BOLD sessions (first key: ses-001_task-s01e02a shape (482, 1000))
[21:40:15]   sampled 128 BOLD windows (16 TRs each)
[21:40:15] [stage 2] computing BOLD phi on 128 windows...
[21:40:15]   bold phi 32/128 phi_min=21.5588
[21:40:15]   bold phi 64/128 phi_min=21.3226
[21:40:15]   bold phi 96/128 phi_min=21.5741
[21:40:15]   bold phi 128/128 phi_min=21.3757
[21:40:15] [stage 3] CLM (clm_v4_350m + stage1 LoRA)
[21:40:15]   loading tokenizer...
[21:40:15]   tokenizer vocab=64000
[21:40:15]   building decoder...
[21:40:19]   decoder params=477,648,512
[21:40:19]   loading ckpt /home/aiden/anima/checkpoints/clm_v4_350m/scale_350m/best.pt...
[21:40:21]   ckpt loaded 1.9s missing=0 unexpected=0
[21:40:21]   applying LoRA from need-singularity/clm-v4-sft-stage1...
[21:40:25]   LoRA applied via PeftModel.from_pretrained
[21:40:25] [stage 3] computing CLM phi on 128 windows (rotating 16-prompt sets)...
[21:42:17]   clm phi 16/128 phi*=30.1537 (9.1s)
[21:44:39]   clm phi 32/128 phi*=31.0645 (8.5s)
[21:46:59]   clm phi 48/128 phi*=32.1507 (9.0s)
[21:49:21]   clm phi 64/128 phi*=32.5051 (8.4s)
[21:51:53]   clm phi 80/128 phi*=32.0225 (13.7s)
[21:54:12]   clm phi 96/128 phi*=29.0909 (8.4s)
[21:55:49]   clm phi 112/128 phi*=31.5914 (1.9s)
[21:56:20]   clm phi 128/128 phi*=31.1829 (1.9s)
[21:56:20] [stage 4] pairwise cross-substrate consistency
[21:56:20]   n_paired_valid=128/128
[21:56:20]   CLM-EEG: r_pearson=+0.1245 r_spearman=+0.1499 p_perm=0.1560 q95=0.1749 exceeds_q95=False
[21:56:20]   CLM-BOLD: r_pearson=-0.0293 r_spearman=-0.0301 p_perm=0.7320 q95=0.1783 exceeds_q95=False
[21:56:20]   EEG-BOLD: r_pearson=+0.0826 r_spearman=+0.0523 p_perm=0.3400 q95=0.1642 exceeds_q95=False
[21:56:20] [verdict] F-CT-MULTI-1_FAIL (tier=none; strong=0 silver=0 bronze=0)
[21:56:20] [done] wrote /tmp/blm_phase4_multi_substrate_2026_05_03/results.json elapsed=966.6s
[21:56:20] [done] wrote per_substrate_phi.json
