This is pdfTeX, Version 3.141592653-2.6-1.40.29 (TeX Live 2026) (preloaded format=pdflatex 2026.3.30)  4 MAY 2026 15:47
entering extended mode
 restricted \write18 enabled.
 %&-line parsing enabled.
**qmirror_arxiv.tex
(./qmirror_arxiv.tex
LaTeX2e <2025-11-01>
L3 programming layer <2026-01-19>
(/usr/local/texlive/2026basic/texmf-dist/tex/latex/revtex/revtex4-2.cls
Document Class: revtex4-2 2022/06/05 4.2f (https://journals.aps.org/revtex/ for
 documentation)
 Copyright (c) 2019 American Physical Society.
 mailto:revtex@aps.org
 Licensed under the LPPL:
http://www.ctan.org/tex-archive/macros/latex/base/lppl.txt
 Arthur Ogawa <arthur_ogawa at sbcglobal dot net>
 Based on work by David Carlisle <david at dcarlisle.demon.co.uk>
 Version (4.2d--4.2f): Modified by Mark Doyle and Phelype Oleinik
 .
ltxutil[2022/06/05 4.2f utilities package (portions licensed from W. E. Baxter 
web at superscript.com)]
LaTeX Info: Redefining \@centercr on input line 356.
Class revtex4-2 Info: Repairing hyperref-unfriendly LaTeX definition of \mpfoot
note on input line 492.
Class revtex4-2 Info: Repairing broken LateX \@sect on input line 814.
\intertabularlinepenalty=\count275
\@tbpen=\count276
\@arstrutbox@hline=\box53
Class revtex4-2 Info: Repairing broken LaTeX \@xbitor on input line 1845.
Class revtex4-2 Info: Making \typeout \long on input line 2110.
ltxfront[2022/06/05 4.2f frontmatter package (AO,DPC,MD)]
\c@affil=\count277
\c@collab=\count278
\absbox=\box54
ltxgrid[2022/06/05 4.2f page grid package (portions licensed from W. E. Baxter 
web at superscript.com)]
\c@linecount=\count279
\output@latex=\toks17
\box@size@1=\box55
\box@size@2=\box56
\@protection@box=\box57
\@topmark@saved=\toks18
\footins@saved=\box58
\footins@recovered=\box59
\column@recovered=\box60
\pagesofar=\box61
\footsofar=\box62
\pagegrid@col=\count280
Class revtex4-2 Info: Overriding \@vspace, \@vspacer, \@no@pgbk, \@newline, and
 \\  on input line 5676.
\c@part=\count281
\c@section=\count282
\c@subsection=\count283
\c@subsubsection=\count284
\c@paragraph=\count285
\c@subparagraph=\count286
\abovecaptionskip=\skip49
\belowcaptionskip=\skip50
\c@figure=\count287
\fbox@1=\box63
\c@table=\count288
\fbox@2=\box64
\c@video=\count289
\fbox@4=\box65
\@bibdataout=\write3
\widetext@top=\box66
\widetext@bot=\box67
Class revtex4-2 Info: Selecting society aps on input line 7669.
(/usr/local/texlive/2026basic/texmf-dist/tex/latex/revtex/aps4-2.rtx
File: aps4-2 2022/06/05 4.2f (https://journals.aps.org/revtex/ for documentatio
n)
Class revtex4-2 Info: RevTeX society APS selected on input line 40.
)
Class revtex4-2 Info: Selecting journal prl on input line 7671.
Class revtex4-2 Info: APS journal PRL selected on input line 7672.

(/usr/local/texlive/2026basic/texmf-dist/tex/latex/revtex/aps10pt4-2.rtx
File: aps10pt4-2 2022/06/05 4.2f (https://journals.aps.org/revtex/ for document
ation)
Class revtex4-2 Info: RevTeX pointsize 10pt selected on input line 39.
)
(/usr/local/texlive/2026basic/texmf-dist/tex/latex/textcase/textcase.sty
Package: textcase 2025/02/16 v1.05 Text only upper/lower case changing (DPC)
Package textcase Info: Defining Legacy names on input line 20.
)
(/usr/local/texlive/2026basic/texmf-dist/tex/latex/amsfonts/amssymb.sty
Package: amssymb 2013/01/14 v3.01 AMS font symbols

(/usr/local/texlive/2026basic/texmf-dist/tex/latex/amsfonts/amsfonts.sty
Package: amsfonts 2013/01/14 v3.01 Basic AMSFonts support
\@emptytoks=\toks19
\symAMSa=\mathgroup4
\symAMSb=\mathgroup5
LaTeX Font Info:    Redeclaring math symbol \hbar on input line 98.
LaTeX Font Info:    Overwriting math alphabet `\mathfrak' in version `bold'
(Font)                  U/euf/m/n --> U/euf/b/n on input line 106.
))
(/usr/local/texlive/2026basic/texmf-dist/tex/latex/amsmath/amsmath.sty
Package: amsmath 2025/07/09 v2.17z AMS math features
\@mathmargin=\skip51

For additional information on amsmath, use the `?' option.
(/usr/local/texlive/2026basic/texmf-dist/tex/latex/amsmath/amstext.sty
Package: amstext 2024/11/17 v2.01 AMS text

(/usr/local/texlive/2026basic/texmf-dist/tex/latex/amsmath/amsgen.sty
File: amsgen.sty 1999/11/30 v2.0 generic functions
\@emptytoks=\toks20
\ex@=\dimen148
)
LaTeX Info: Redefining \text on input line 28.
)
(/usr/local/texlive/2026basic/texmf-dist/tex/latex/amsmath/amsbsy.sty
Package: amsbsy 1999/11/29 v1.2d Bold Symbols
\pmbraise@=\dimen149
)
(/usr/local/texlive/2026basic/texmf-dist/tex/latex/amsmath/amsopn.sty
Package: amsopn 2022/04/08 v2.04 operator names
)
\inf@bad=\count290
LaTeX Info: Redefining \frac on input line 233.
\uproot@=\count291
\leftroot@=\count292
LaTeX Info: Redefining \overline on input line 398.
LaTeX Info: Redefining \colon on input line 409.
\classnum@=\count293
\DOTSCASE@=\count294
LaTeX Info: Redefining \ldots on input line 495.
LaTeX Info: Redefining \dots on input line 498.
LaTeX Info: Redefining \cdots on input line 619.
\Mathstrutbox@=\box68
\strutbox@=\box69
LaTeX Info: Redefining \big on input line 721.
LaTeX Info: Redefining \Big on input line 722.
LaTeX Info: Redefining \bigg on input line 723.
LaTeX Info: Redefining \Bigg on input line 724.
\big@size=\dimen150
LaTeX Font Info:    Redeclaring font encoding OML on input line 742.
LaTeX Font Info:    Redeclaring font encoding OMS on input line 743.
\macc@depth=\count295
LaTeX Info: Redefining \bmod on input line 904.
LaTeX Info: Redefining \pmod on input line 909.
LaTeX Info: Redefining \smash on input line 939.
LaTeX Info: Redefining \relbar on input line 969.
LaTeX Info: Redefining \Relbar on input line 970.
\c@MaxMatrixCols=\count296
\dotsspace@=\muskip17
\c@parentequation=\count297
\dspbrk@lvl=\count298
\tag@help=\toks21
\row@=\count299
\column@=\count300
\maxfields@=\count301
\andhelp@=\toks22
\eqnshift@=\dimen151
\alignsep@=\dimen152
\tagshift@=\dimen153
\tagwidth@=\dimen154
\totwidth@=\dimen155
\lineht@=\dimen156
\@envbody=\toks23
\multlinegap=\skip52
\multlinetaggap=\skip53
\mathdisplay@stack=\toks24
LaTeX Info: Redefining \[ on input line 2950.
LaTeX Info: Redefining \] on input line 2951.
)
(/usr/local/texlive/2026basic/texmf-dist/tex/latex/url/url.sty
\Urlmuskip=\muskip18
Package: url 2013/09/16  ver 3.4  Verb mode for urls, etc.
)
(/usr/local/texlive/2026basic/texmf-dist/tex/latex/natbib/natbib.sty
Package: natbib 2010/09/13 8.31b (PWD, AO)
\bibhang=\skip54
\bibsep=\skip55
LaTeX Info: Redefining \cite on input line 694.
\c@NAT@ctr=\count302
)
Class revtex4-2 Info: Repairing natbib's \BibitemShut on input line 7676.

(/usr/local/texlive/2026basic/texmf-dist/tex/latex/revtex/revsymb4-2.sty
Package: revsymb4-2 2022/06/05 4.2f (https://journals.aps.org/revtex/ for docum
entation)
LaTeX Info: Redefining \frak on input line 104.
LaTeX Info: Redefining \Bbb on input line 120.
LaTeX Info: Redefining \REV@mathfrak on input line 128.
))
(/usr/local/texlive/2026basic/texmf-dist/tex/latex/base/fontenc.sty
Package: fontenc 2025/07/18 v2.1d Standard LaTeX package
)
(/usr/local/texlive/2026basic/texmf-dist/tex/latex/base/inputenc.sty
Package: inputenc 2024/02/08 v1.3d Input encoding file
\inpenc@prehook=\toks25
\inpenc@posthook=\toks26
)
(/usr/local/texlive/2026basic/texmf-dist/tex/latex/graphics/graphicx.sty
Package: graphicx 2024/12/31 v1.2e Enhanced LaTeX Graphics (DPC,SPQR)

(/usr/local/texlive/2026basic/texmf-dist/tex/latex/graphics/keyval.sty
Package: keyval 2022/05/29 v1.15 key=value parser (DPC)
\KV@toks@=\toks27
)
(/usr/local/texlive/2026basic/texmf-dist/tex/latex/graphics/graphics.sty
Package: graphics 2024/08/06 v1.4g Standard LaTeX Graphics (DPC,SPQR)

(/usr/local/texlive/2026basic/texmf-dist/tex/latex/graphics/trig.sty
Package: trig 2023/12/02 v1.11 sin cos tan (DPC)
)
(/usr/local/texlive/2026basic/texmf-dist/tex/latex/graphics-cfg/graphics.cfg
File: graphics.cfg 2016/06/04 v1.11 sample graphics configuration
)
Package graphics Info: Driver file: pdftex.def on input line 106.

(/usr/local/texlive/2026basic/texmf-dist/tex/latex/graphics-def/pdftex.def
File: pdftex.def 2025/09/29 v1.2d Graphics/color driver for pdftex
))
\Gin@req@height=\dimen157
\Gin@req@width=\dimen158
)
(/usr/local/texlive/2026basic/texmf-dist/tex/latex/xcolor/xcolor.sty
Package: xcolor 2024/09/29 v3.02 LaTeX color extensions (UK)

(/usr/local/texlive/2026basic/texmf-dist/tex/latex/graphics-cfg/color.cfg
File: color.cfg 2016/01/02 v1.6 sample color configuration
)
Package xcolor Info: Driver file: pdftex.def on input line 274.

(/usr/local/texlive/2026basic/texmf-dist/tex/latex/graphics/mathcolor.ltx)
Package xcolor Info: Model `cmy' substituted by `cmy0' on input line 1349.
Package xcolor Info: Model `hsb' substituted by `rgb' on input line 1353.
Package xcolor Info: Model `RGB' extended on input line 1365.
Package xcolor Info: Model `HTML' substituted by `rgb' on input line 1367.
Package xcolor Info: Model `Hsb' substituted by `hsb' on input line 1368.
Package xcolor Info: Model `tHsb' substituted by `hsb' on input line 1369.
Package xcolor Info: Model `HSB' substituted by `hsb' on input line 1370.
Package xcolor Info: Model `Gray' substituted by `gray' on input line 1371.
Package xcolor Info: Model `wave' substituted by `hsb' on input line 1372.
)
(/usr/local/texlive/2026basic/texmf-dist/tex/latex/booktabs/booktabs.sty
Package: booktabs 2020/01/12 v1.61803398 Publication quality tables
\heavyrulewidth=\dimen159
\lightrulewidth=\dimen160
\cmidrulewidth=\dimen161
\belowrulesep=\dimen162
\belowbottomsep=\dimen163
\aboverulesep=\dimen164
\abovetopsep=\dimen165
\cmidrulesep=\dimen166
\cmidrulekern=\dimen167
\defaultaddspace=\dimen168
\@cmidla=\count303
\@cmidlb=\count304
\@aboverulesep=\dimen169
\@belowrulesep=\dimen170
\@thisruleclass=\count305
\@lastruleclass=\count306
\@thisrulewidth=\dimen171
)
(/usr/local/texlive/2026basic/texmf-dist/tex/latex/tools/array.sty
Package: array 2025/09/25 v2.6n Tabular extension package (FMi)
\col@sep=\dimen172
\ar@mcellbox=\box70
\extrarowheight=\dimen173
\NC@list=\toks28
\extratabsurround=\skip56
\backup@length=\skip57
\ar@cellbox=\box71
)
(/usr/local/texlive/2026basic/texmf-dist/tex/latex/hyperref/hyperref.sty
Package: hyperref 2026-01-29 v7.01p Hypertext links for LaTeX

(/usr/local/texlive/2026basic/texmf-dist/tex/generic/iftex/iftex.sty
Package: iftex 2024/12/12 v1.0g TeX engine tests
)
(/usr/local/texlive/2026basic/texmf-dist/tex/latex/kvsetkeys/kvsetkeys.sty
Package: kvsetkeys 2022-10-05 v1.19 Key value parser (HO)
)
(/usr/local/texlive/2026basic/texmf-dist/tex/generic/kvdefinekeys/kvdefinekeys.
sty
Package: kvdefinekeys 2019-12-19 v1.6 Define keys (HO)
)
(/usr/local/texlive/2026basic/texmf-dist/tex/generic/pdfescape/pdfescape.sty
Package: pdfescape 2019/12/09 v1.15 Implements pdfTeX's escape features (HO)

(/usr/local/texlive/2026basic/texmf-dist/tex/generic/ltxcmds/ltxcmds.sty
Package: ltxcmds 2023-12-04 v1.26 LaTeX kernel commands for general use (HO)
)
(/usr/local/texlive/2026basic/texmf-dist/tex/generic/pdftexcmds/pdftexcmds.sty
Package: pdftexcmds 2020-06-27 v0.33 Utility functions of pdfTeX for LuaTeX (HO
)

(/usr/local/texlive/2026basic/texmf-dist/tex/generic/infwarerr/infwarerr.sty
Package: infwarerr 2019/12/03 v1.5 Providing info/warning/error messages (HO)
)
Package pdftexcmds Info: \pdf@primitive is available.
Package pdftexcmds Info: \pdf@ifprimitive is available.
Package pdftexcmds Info: \pdfdraftmode found.
)) (/usr/local/texlive/2026basic/texmf-dist/tex/latex/hycolor/hycolor.sty
Package: hycolor 2020-01-27 v1.10 Color options for hyperref/bookmark (HO)
)
(/usr/local/texlive/2026basic/texmf-dist/tex/latex/hyperref/nameref.sty
Package: nameref 2026-01-29 v2.58 Cross-referencing by name of section

(/usr/local/texlive/2026basic/texmf-dist/tex/latex/refcount/refcount.sty
Package: refcount 2019/12/15 v3.6 Data extraction from label references (HO)
)
(/usr/local/texlive/2026basic/texmf-dist/tex/generic/gettitlestring/gettitlestr
ing.sty
Package: gettitlestring 2019/12/15 v1.6 Cleanup title references (HO)

(/usr/local/texlive/2026basic/texmf-dist/tex/latex/kvoptions/kvoptions.sty
Package: kvoptions 2022-06-15 v3.15 Key value format for package options (HO)
))

Package nameref Warning: The definition of \label has changed! 
(nameref)                Check your packages! 
(nameref)                Replacing it with the kernel definition on input line 
161.

\c@section@level=\count307
) (/usr/local/texlive/2026basic/texmf-dist/tex/latex/etoolbox/etoolbox.sty
Package: etoolbox 2025/10/02 v2.5m e-TeX tools for LaTeX (JAW)
\etb@tempcnta=\count308
)
(/usr/local/texlive/2026basic/texmf-dist/tex/generic/stringenc/stringenc.sty
Package: stringenc 2019/11/29 v1.12 Convert strings between diff. encodings (HO
)
)
\@linkdim=\dimen174
\Hy@linkcounter=\count309
\Hy@pagecounter=\count310

(/usr/local/texlive/2026basic/texmf-dist/tex/latex/hyperref/pd1enc.def
File: pd1enc.def 2026-01-29 v7.01p Hyperref: PDFDocEncoding definition (HO)
Now handling font encoding PD1 ...
... no UTF-8 mapping file for font encoding PD1
)
(/usr/local/texlive/2026basic/texmf-dist/tex/generic/intcalc/intcalc.sty
Package: intcalc 2019/12/15 v1.3 Expandable calculations with integers (HO)
)
\Hy@SavedSpaceFactor=\count311

(/usr/local/texlive/2026basic/texmf-dist/tex/latex/hyperref/puenc.def
File: puenc.def 2026-01-29 v7.01p Hyperref: PDF Unicode definition (HO)
Now handling font encoding PU ...
... no UTF-8 mapping file for font encoding PU
)
Package hyperref Info: Hyper figures OFF on input line 4201.
Package hyperref Info: Link nesting OFF on input line 4206.
Package hyperref Info: Hyper index ON on input line 4209.
Package hyperref Info: Plain pages OFF on input line 4216.
Package hyperref Info: Backreferencing OFF on input line 4221.
Package hyperref Info: Implicit mode ON; LaTeX internals redefined.
Package hyperref Info: Bookmarks ON on input line 4468.
LaTeX Info: Redefining \href on input line 4718.
\c@Hy@tempcnt=\count312
LaTeX Info: Redefining \url on input line 4807.
\XeTeXLinkMargin=\dimen175

(/usr/local/texlive/2026basic/texmf-dist/tex/generic/bitset/bitset.sty
Package: bitset 2019/12/09 v1.3 Handle bit-vector datatype (HO)

(/usr/local/texlive/2026basic/texmf-dist/tex/generic/bigintcalc/bigintcalc.sty
Package: bigintcalc 2019/12/15 v1.5 Expandable calculations on big integers (HO
)
))
\Fld@menulength=\count313
\Field@Width=\dimen176
\Fld@charsize=\dimen177
Package hyperref Info: Hyper figures OFF on input line 6084.
Package hyperref Info: Link nesting OFF on input line 6089.
Package hyperref Info: Hyper index ON on input line 6092.
Package hyperref Info: backreferencing OFF on input line 6099.
Package hyperref Info: Link coloring OFF on input line 6104.
Package hyperref Info: Link coloring with OCG OFF on input line 6109.
Package hyperref Info: PDF/A mode OFF on input line 6114.
\Hy@abspage=\count314
\c@Item=\count315
\c@Hfootnote=\count316
)
Package hyperref Info: Driver (autodetected): hpdftex.
 (/usr/local/texlive/2026basic/texmf-dist/tex/latex/hyperref/hpdftex.def
File: hpdftex.def 2026-01-29 v7.01p Hyperref driver for pdfTeX
\Fld@listcount=\count317
\c@bookmark@seq@number=\count318

(/usr/local/texlive/2026basic/texmf-dist/tex/latex/rerunfilecheck/rerunfilechec
k.sty
Package: rerunfilecheck 2025-06-21 v1.11 Rerun checks for auxiliary files (HO)

(/usr/local/texlive/2026basic/texmf-dist/tex/generic/uniquecounter/uniquecounte
r.sty
Package: uniquecounter 2019/12/15 v1.4 Provide unlimited unique counter (HO)
)
Package uniquecounter Info: New unique counter `rerunfilecheck' on input line 2
84.
)
\Hy@SectionHShift=\skip58
)
(/usr/local/texlive/2026basic/texmf-dist/tex/latex/listings/listings.sty
\lst@mode=\count319
\lst@gtempboxa=\box72
\lst@token=\toks29
\lst@length=\count320
\lst@currlwidth=\dimen178
\lst@column=\count321
\lst@pos=\count322
\lst@lostspace=\dimen179
\lst@width=\dimen180
\lst@newlines=\count323
\lst@lineno=\count324
\lst@maxwidth=\dimen181

(/usr/local/texlive/2026basic/texmf-dist/tex/latex/listings/lstpatch.sty
File: lstpatch.sty 2025/11/14 1.11b (Carsten Heinz)
)
(/usr/local/texlive/2026basic/texmf-dist/tex/latex/listings/lstmisc.sty
File: lstmisc.sty 2025/11/14 1.11b (Carsten Heinz)
\c@lstnumber=\count325
\lst@skipnumbers=\count326
\lst@framebox=\box73
)
(/usr/local/texlive/2026basic/texmf-dist/tex/latex/listings/listings.cfg
File: listings.cfg 2025/11/14 1.11b listings configuration
))
Package: listings 2025/11/14 1.11b (Carsten Heinz)

==> First Aid for listings.sty no longer applied!
    Expected:
        2024/09/23 1.10c (Carsten Heinz)
    but found:
        2025/11/14 1.11b (Carsten Heinz)
    so I'm assuming it got fixed.
Package hyperref Info: Option `colorlinks' set `true' on input line 32.
Class revtex4-2 Info: Unrecognized array package. Please update this document c
lass! (Proceeding with fingers crossed.) on input line 47.
Class revtex4-2 Info: cite was not loaded (OK!) on input line 47.
Class revtex4-2 Info: mcite was not loaded (OK!) on input line 47.
Class revtex4-2 Info: multicol was not loaded (OK!) on input line 47.

(/usr/local/texlive/2026basic/texmf-dist/tex/latex/l3backend/l3backend-pdftex.d
ef
File: l3backend-pdftex.def 2025-10-09 L3 backend support: PDF output (pdfTeX)
\l__color_backend_stack_int=\count327
) (build/qmirror_arxiv.aux)
\openout1 = `qmirror_arxiv.aux'.

LaTeX Font Info:    Checking defaults for OML/cmm/m/it on input line 47.
LaTeX Font Info:    ... okay on input line 47.
LaTeX Font Info:    Checking defaults for OMS/cmsy/m/n on input line 47.
LaTeX Font Info:    ... okay on input line 47.
LaTeX Font Info:    Checking defaults for OT1/cmr/m/n on input line 47.
LaTeX Font Info:    ... okay on input line 47.
LaTeX Font Info:    Checking defaults for T1/cmr/m/n on input line 47.
LaTeX Font Info:    ... okay on input line 47.
LaTeX Font Info:    Checking defaults for TS1/cmr/m/n on input line 47.
LaTeX Font Info:    ... okay on input line 47.
LaTeX Font Info:    Checking defaults for OMX/cmex/m/n on input line 47.
LaTeX Font Info:    ... okay on input line 47.
LaTeX Font Info:    Checking defaults for U/cmr/m/n on input line 47.
LaTeX Font Info:    ... okay on input line 47.
LaTeX Font Info:    Checking defaults for PD1/pdf/m/n on input line 47.
LaTeX Font Info:    ... okay on input line 47.
LaTeX Font Info:    Checking defaults for PU/pdf/m/n on input line 47.
LaTeX Font Info:    ... okay on input line 47.

(/usr/local/texlive/2026basic/texmf-dist/tex/context/base/mkii/supp-pdf.mkii
[Loading MPS to PDF converter (version 2006.09.02).]
\scratchcounter=\count328
\scratchdimen=\dimen182
\scratchbox=\box74
\nofMPsegments=\count329
\nofMParguments=\count330
\everyMPshowfont=\toks30
\MPscratchCnt=\count331
\MPscratchDim=\dimen183
\MPnumerator=\count332
\makeMPintoPDFobject=\count333
\everyMPtoPDFconversion=\toks31
)
(/usr/local/texlive/2026basic/texmf-dist/tex/latex/epstopdf-pkg/epstopdf-base.s
ty
Package: epstopdf-base 2020-01-24 v2.11 Base part for package epstopdf
Package epstopdf-base Info: Redefining graphics rule for `.eps' on input line 4
85.

(/usr/local/texlive/2026basic/texmf-dist/tex/latex/latexconfig/epstopdf-sys.cfg
File: epstopdf-sys.cfg 2010/07/13 v1.3 Configuration of (r)epstopdf for TeX Liv
e
))
Package hyperref Info: Link coloring ON on input line 47.
 (build/qmirror_arxiv.out) (build/qmirror_arxiv.out)
\@outlinefile=\write4
\openout4 = `qmirror_arxiv.out'.

\c@lstlisting=\count334
Class revtex4-2 Info: Taking \maketitle back from hyperref on input line 47.
\openout3 = `qmirror_arxivNotes.bib'.

 (./sections/abstract.tex
LaTeX Font Info:    Trying to load font information for U+msa on input line 14.

(/usr/local/texlive/2026basic/texmf-dist/tex/latex/amsfonts/umsa.fd
File: umsa.fd 2013/01/14 v3.01 AMS symbols A
)
LaTeX Font Info:    Trying to load font information for U+msb on input line 14.


(/usr/local/texlive/2026basic/texmf-dist/tex/latex/amsfonts/umsb.fd
File: umsb.fd 2013/01/14 v3.01 AMS symbols B
))
LaTeX Font Info:    Font shape `T1/cmtt/bx/n' in size <12> not available
(Font)              Font shape `T1/cmtt/m/n' tried instead on input line 61.


Package hyperref Warning: Token not allowed in a PDF string (Unicode):
(hyperref)                removing `\\' on input line 61.

(./sections/intro.tex
Underfull \hbox (badness 3861) in paragraph at lines 39--41
 []\T1/cmr/bx/n/10 Deterministic re-gres-sion $\OMS/cmsy/m/n/10 !$ \T1/cmr/m/n/
10 HMAC-DRBG
 []


Underfull \hbox (badness 1163) in paragraph at lines 39--41
 \T1/cmr/m/n/10 SHA-256 keyed CSPRNG (NIST SP 800-90A)
 []


Underfull \hbox (badness 4954) in paragraph at lines 43--49
[]\T1/cmr/m/n/10 For ran-dom-ness con-sumers (QRNG drop-in re-
 []

[1{/usr/local/texlive/2026basic/texmf-var/fonts/map/pdftex/updmap/pdftex.map}]

Package hyperref Warning: Suppressing empty link on input line 64.


Package hyperref Warning: Suppressing empty link on input line 69.


Underfull \hbox (badness 1675) in paragraph at lines 65--70
 []\T1/cmr/m/n/10 Eight clo-sure con-di-tions cov-er-ing spec-i-fi-ca-tion,
 []


Underfull \hbox (badness 1533) in paragraph at lines 65--70
 \T1/cmr/m/n/10 falsifier-driven self-test, real-hardware ex-is-tence
 []


Package hyperref Warning: Suppressing empty link on input line 73.


Underfull \hbox (badness 2173) in paragraph at lines 70--74
 []\T1/cmr/m/n/10 A four-vendor cross-vendor $\OMS/cmsy/m/n/10 j\OT1/cmr/m/n/10
 ^^A\OML/cmm/m/it/10 S\OMS/cmsy/m/n/10 j$ \T1/cmr/m/n/10 ma-trix with
 []


Package hyperref Warning: Suppressing empty link on input line 77.


Package hyperref Warning: Suppressing empty link on input line 80.


Package hyperref Warning: Suppressing empty link on input line 83.


Package hyperref Warning: Suppressing empty link on input line 88.

) (./sections/related_work.tex
Underfull \hbox (badness 1728) in paragraph at lines 22--31
[]\T1/cmr/m/n/10 NIST SP 800-22 Rev. 1a [[]] spec-i-fies a 15-test
 []


Underfull \hbox (badness 1661) in paragraph at lines 22--31
\T1/cmr/m/n/10 Tier-1 tests (mono-bit, frequency-within-block, runs,
 []


Underfull \hbox (badness 10000) in paragraph at lines 22--31
\T1/cmr/m/n/10 longest-run-of-ones, DFT-spectral, non-overlapping-
 []


Underfull \hbox (badness 10000) in paragraph at lines 22--31
\T1/cmr/m/n/10 template, overlapping-template, Maurer-universal,
 []


Underfull \hbox (badness 10000) in paragraph at lines 22--31
\T1/cmr/m/n/10 linear-complexity, se-rial, approximate-entropy,
 []


Underfull \hbox (badness 10000) in paragraph at lines 22--31
\T1/cmr/m/n/10 cumulative-sums-forward, cumulative-sums-backward,
 []


Underfull \hbox (badness 10000) in paragraph at lines 22--31
\T1/cmr/m/n/10 random-excursions, random-excursions-variant) are
 []


Underfull \hbox (badness 3375) in paragraph at lines 48--55
\T1/cmr/m/n/10 iso-la-tion (\T1/cmtt/m/n/10 _python_bridge/iit_mip_runner.py\T1
/cmr/m/n/10 ) and
 []

) (./sections/architecture.tex
Underfull \hbox (badness 1331) in paragraph at lines 58--1
[]\T1/cmr/m/n/10 Clauser-Horne-Shimony-Holt [[]] spec-i-fies the four-
 []

[2]
Package hyperref Info: bookmark level for unknown lstlisting defaults to 0 on i
nput line 57.

Underfull \hbox (badness 10000) in paragraph at lines 57--57
[]\T1/cmr/m/n/9 Listing 1. Tier def-i-ni-tions (ex-tracted from
 []


Underfull \hbox (badness 4366) in paragraph at lines 69--74
[]\T1/cmr/m/n/10 Tier pro-mo-tion is au-to-matic on HTTP fail-ure
 []


Underfull \hbox (badness 2875) in paragraph at lines 69--74
\T1/cmr/m/n/10 or rate-limit re-sponse; tier de-mo-tion re-quires ex-
 []


Underfull \hbox (badness 3158) in paragraph at lines 69--74
\T1/cmr/m/n/10 plicit env-var over-ride. This pat-tern was hard-
 []

LaTeX Font Info:    Font shape `T1/cmtt/bx/n' in size <10> not available
(Font)              Font shape `T1/cmtt/m/n' tried instead on input line 98.

Package hyperref Warning: Suppressing empty link on input line 106.


Underfull \hbox (badness 10000) in paragraph at lines 96--107
[]\T1/cmr/m/n/10 Aer is Python-only; the \T1/cmtt/m/n/10 nexus \T1/cmr/m/n/10 c
ode-base is
 []


Underfull \hbox (badness 10000) in paragraph at lines 96--107
\T1/cmr/m/n/10 hexa-strict (raw#9: zero \T1/cmtt/m/n/10 .py \T1/cmr/m/n/10 file
s on Mac
 []


Underfull \hbox (badness 3668) in paragraph at lines 96--107
\T1/cmr/m/n/10 side). \T1/cmtt/m/n/10 qmirror \T1/cmr/m/n/10 re-solves this via
 a doc-u-mented
 []


Underfull \hbox (badness 2181) in paragraph at lines 96--107
\T1/cmtt/m/n/10 python_bridge \T1/cmr/bx/n/10 con-ces-sion\T1/cmr/m/n/10 : a si
n-gle sub-di-rec-tory
 []


Underfull \hbox (badness 10000) in paragraph at lines 96--107
\T1/cmtt/m/n/10 nexus/modules/qmirror/_python_bridge/ \T1/cmr/m/n/10 con-tains
 []


Underfull \hbox (badness 1728) in paragraph at lines 96--107
\T1/cmr/m/n/10 (\T1/cmtt/m/n/10 aer_runner.py\T1/cmr/m/n/10 ), \T1/cmtt/m/n/10 
pyphi \T1/cmr/m/n/10 (\T1/cmtt/m/n/10 iit_mip_runner.py\T1/cmr/m/n/10 ), and
 []


Underfull \hbox (badness 2229) in paragraph at lines 110--117
[]\T1/cmtt/m/n/10 qmirror.iit_mip.calc(tpm, partition_hint) \T1/cmr/m/n/10 ac-
 []


Underfull \hbox (badness 4940) in paragraph at lines 110--117
\T1/cmr/m/n/10 cepts a state-by-node TPM in \T1/cmtt/m/n/10 pyphi\T1/cmr/m/n/10
 's ex-pected
 []


Underfull \hbox (badness 2012) in paragraph at lines 110--117
\T1/cmr/m/n/10 shape and in-vokes \T1/cmtt/m/n/10 pyphi.sia()\T1/cmr/m/n/10 . O
ut-put schema
 []


Underfull \hbox (badness 1348) in paragraph at lines 110--117
\T1/cmtt/m/n/10 verdict.json\T1/cmr/m/n/10 : \T1/cmtt/m/n/10 phi_star \T1/cmr/m
/n/10 (\T1/cmtt/m/n/10 float\T1/cmr/m/n/10 ), \T1/cmtt/m/n/10 partition_used
 []


Underfull \hbox (badness 10000) in paragraph at lines 128--139
[]\T1/cmtt/m/n/10 qmirror.chsh.run(n_trials) \T1/cmr/m/n/10 builds four
 []


Underfull \hbox (badness 10000) in paragraph at lines 128--139
\T1/cmr/m/n/10 Bell-state cir-cuits match-ing the schema in
 []


Underfull \hbox (badness 10000) in paragraph at lines 128--139
\T1/cmtt/m/n/10 nexus_chsh_bell_2026_05_02/circuit_*.json\T1/cmr/m/n/10 .
 []

[3]) (./sections/validation.tex
Underfull \hbox (badness 10000) in paragraph at lines 33--37
[]\T1/cmr/bx/n/10 Status: \T1/cmr/m/n/10 8 of 8 met. Clo-sure ver-dict
 []


Underfull \hbox (badness 10000) in paragraph at lines 33--37
\T1/cmtt/m/n/10 CLOSURE_FULL \T1/cmr/m/n/10 upon NIST ver-dict land-ing;
 []


Underfull \hbox (badness 10000) in paragraph at lines 33--37
\T1/cmtt/m/n/10 CLOSURE_PARTIAL_NIST_PENDING \T1/cmr/m/n/10 while the NIST
 []


Package hyperref Warning: Token not allowed in a PDF string (Unicode):
(hyperref)                removing `math shift' on input line 38.


Package hyperref Warning: Token not allowed in a PDF string (Unicode):
(hyperref)                removing `\lvert' on input line 38.


Package hyperref Warning: Token not allowed in a PDF string (Unicode):
(hyperref)                removing `\Delta' on input line 38.


Package hyperref Warning: Token not allowed in a PDF string (Unicode):
(hyperref)                removing `\rvert' on input line 38.


Package hyperref Warning: Token not allowed in a PDF string (Unicode):
(hyperref)                removing `math shift' on input line 38.


Overfull \hbox (52.50945pt too wide) in paragraph at lines 50--60
 []$[]$ 
 []


Underfull \hbox (badness 2469) in paragraph at lines 107--113
[]\T1/cmr/m/n/10 Two fal-si-fier bands were amended \T1/cmr/m/it/10 af-ter \T1/
cmr/m/n/10 ob-serv-
 []


Underfull \hbox (badness 2359) in paragraph at lines 107--113
\T1/cmr/m/n/10 ing the un-der-ly-ing mea-sure-ment data. Both re-
 []


Underfull \hbox (badness 10000) in paragraph at lines 107--113
\T1/cmr/m/n/10 vi-sions are pre-served ver-ba-tim in the rel-e-vant
 []


Underfull \hbox (badness 5578) in paragraph at lines 107--113
\T1/cmtt/m/n/10 verdict.json \T1/cmr/m/n/10 files (\T1/cmtt/m/n/10 verdict_unde
r_original \T1/cmr/m/n/10 plus
 []

[4]

LaTeX Warning: A float is stuck (cannot be placed) on input line 128.


LaTeX Warning: A float is stuck (cannot be placed) on input line 128.


Class revtex4-2 Warning: Deferred float stuck during \clearpage processing.


Underfull \hbox (badness 4303) in paragraph at lines 131--133
 []\T1/cmr/m/n/10 Original FAIL ver-dicts re-tained ver-ba-tim in
 []


Underfull \hbox (badness 1286) in paragraph at lines 133--135
 []\T1/cmr/m/n/10 Physics-aware ra-tio-nale doc-u-mented (substrate-
 []


Underfull \hbox (badness 1152) in paragraph at lines 149--158
\T1/cmr/m/n/10 (cross-family CHSH con-cor-dance us-ing on-disk data
 []


Overfull \hbox (66.45148pt too wide) in paragraph at lines 149--158
\T1/cmtt/m/n/10 state/nexus_qmirror_ibm_heron_alpha_2026_05_03/verdict.json\T1/
cmr/m/n/10 . 
 []

) (./sections/cost.tex [5]

Package hyperref Warning: Suppressing empty link on input line 95.

) (./sections/limitations.tex
Underfull \hbox (badness 2401) in paragraph at lines 25--31
 \T1/cmr/m/n/10 gen-uinely quan-tum; the ex-pan-sion is cryp-to-
 []


Underfull \hbox (badness 1112) in paragraph at lines 32--39
 \OT1/cmr/m/n/10 = 16$ \T1/cmr/m/n/10 GB). MPS com-pres-sion ex-tends to ap-
 []


Package hyperref Warning: Suppressing empty link on input line 45.

) (./sections/future.tex
Underfull \hbox (badness 10000) in paragraph at lines 3--7
[]\T1/cmr/m/n/10 The \T1/cmtt/m/n/10 qmirror \T1/cmr/m/n/10 2.0 axes (spec-i-fi
ed in
 []


Underfull \hbox (badness 10000) in paragraph at lines 3--7
\T1/cmtt/m/n/10 anima/docs/qmirror_2_axes_spec_2026_05_03.md
 []


Overfull \hbox (70.39496pt too wide) in paragraph at lines 3--7
\T1/cmr/m/n/10 and ranked in \T1/cmtt/m/n/10 state/qmirror_2_axes_2026_05_03/ra
nked_axes.json\T1/cmr/m/n/10 )
 []


Underfull \hbox (badness 1147) in paragraph at lines 23--28
 []\T1/cmr/bx/n/10 cond.11 sta-bi-lizer mea-sure-ment prim-i-tive
 []

[6]) (./sections/conclusion.tex)
Underfull \hbox (badness 10000) in paragraph at lines 31--71
[]\T1/cmr/m/n/10 All per-condition ev-i-dence
 []


Underfull \hbox (badness 10000) in paragraph at lines 31--71
\T1/cmr/m/n/10 (\T1/cmtt/m/n/10 state/qmirror_*/verdict.json\T1/cmr/m/n/10 , se
lf-test out-puts,
 []


Underfull \hbox (badness 4967) in paragraph at lines 31--71
\T1/cmr/m/n/10 raw counts) is pre-served in the dual-mirror re-
 []


Underfull \hbox (badness 1675) in paragraph at lines 31--71
\T1/cmr/m/n/10 lease. The Mark-down source of this draft is at
 []


Underfull \hbox (badness 10000) in paragraph at lines 31--71
\T1/cmtt/m/n/10 anima/docs/qmirror_arxiv_draft_2026_05_03.md
 []

(build/qmirror_arxiv.bbl [7]
Underfull \hbox (badness 1147) in paragraph at lines 122--130
 \T1/cmr/m/n/9 lay, R. March-man, and G. Tononi, PLOS Com-pu-
 []


Underfull \hbox (badness 2717) in paragraph at lines 122--130
 \T1/cmr/m/n/9 ta-tional Bi-ol-ogy \T1/cmr/bx/n/9 14\T1/cmr/m/n/9 , e1006343 (2
018), soft-ware at
 []

! Illegal parameter number in definition of \Hy@tempa.
<to be read again> 
                   M
l.171 ...g/licenses/gpl-faq.html#MereAggregation}}
                                                   (\bibinfo
You meant to type ## instead of #, right?
Or maybe a } was forgotten somewhere earlier, and things
are all screwed up? I'm going to assume that you meant ##.

! Illegal parameter number in definition of \Hy@tempa.
<to be read again> 
                   M
l.171 ...g/licenses/gpl-faq.html#MereAggregation}}
                                                   (\bibinfo
You meant to type ## instead of #, right?
Or maybe a } was forgotten somewhere earlier, and things
are all screwed up? I'm going to assume that you meant ##.


Underfull \hbox (badness 7558) in paragraph at lines 192--197
 \T1/cmr/m/n/9 2.0, [][]$\T1/cmtt/m/n/9 https : / / www . apache . org / licens
es / LICENSE-[]2 . 0$[][]
 []


Underfull \hbox (badness 2245) in paragraph at lines 216--224
 \T1/cmr/m/it/9 Keyed-Hash Mes-sage Au-then-ti-ca-tion Code (HMAC)\T1/cmr/m/n/9
 ,
 []


Underfull \hbox (badness 3333) in paragraph at lines 320--324
 []\T1/cmr/m/n/9 Amazon Web Ser-vices, Ama-zon Braket Doc-u-men-
 []


Underfull \hbox (badness 10000) in paragraph at lines 326--331
 []\T1/cmr/m/n/9 IonQ, Aria-1 spec-i-fi-ca-tions, [][]$\T1/cmtt/m/n/9 https : /
 / ionq . com /
 []


Underfull \hbox (badness 10000) in paragraph at lines 333--338
 []\T1/cmr/m/n/9 IonQ, Forte-1 spec-i-fi-ca-tions, [][]$\T1/cmtt/m/n/9 https : 
/ / ionq . com /
 []


Underfull \hbox (badness 4940) in paragraph at lines 347--351
 \T1/cmtt/m/n/9 / / quantum . ibm . com / services / resources$[][] \T1/cmr/m/n
/9 (2026), ac-
 []

) (./sections/appendix_a_falsifiers.tex
LaTeX Font Info:    Font shape `T1/cmtt/bx/n' in size <9> not available
(Font)              Font shape `T1/cmtt/m/n' tried instead on input line 3.

Overfull \hbox (145.71136pt too wide) in paragraph at lines 10--25
 []$[]$ 
 []


Overfull \hbox (141.76106pt too wide) in paragraph at lines 34--45
 []$[]$ 
 []

) (./sections/appendix_b_xvendor.tex

Package hyperref Warning: Token not allowed in a PDF string (Unicode):
(hyperref)                removing `math shift' on input line 1.


Package hyperref Warning: Token not allowed in a PDF string (Unicode):
(hyperref)                removing `\lvert' on input line 1.


Package hyperref Warning: Token not allowed in a PDF string (Unicode):
(hyperref)                removing `\Delta' on input line 1.


Package hyperref Warning: Token not allowed in a PDF string (Unicode):
(hyperref)                removing `\rvert' on input line 1.


Package hyperref Warning: Token not allowed in a PDF string (Unicode):
(hyperref)                removing `math shift' on input line 1.


Underfull \hbox (badness 10000) in paragraph at lines 6--10
 []\T1/cmr/m/it/10 IonQ Aria-1.[] $\OML/cmm/m/it/10 S \OT1/cmr/m/n/10 = 2\OML/c
mm/m/it/10 :\OT1/cmr/m/n/10 808 \OMS/cmsy/m/n/10 ^^F \OT1/cmr/m/n/10 0\OML/cmm/
m/it/10 :\OT1/cmr/m/n/10 090$\T1/cmr/m/n/10 ; from
 []


Underfull \hbox (badness 10000) in paragraph at lines 6--10
\T1/cmtt/m/n/10 nexus_chsh_bell_2026_05_02/verdict.json\T1/cmr/m/n/10 ; 250
 []


Underfull \hbox (badness 3179) in paragraph at lines 52--54
 []\T1/cmr/m/it/10 IBM Heron r2 \T1/cmtt/m/it/10 ibm_fez\T1/cmr/m/it/10 .[] $\O
ML/cmm/m/it/10 S \OT1/cmr/m/n/10 = 2\OML/cmm/m/it/10 :\OT1/cmr/m/n/10 357 \OMS/
cmsy/m/n/10 ^^F \OT1/cmr/m/n/10 0\OML/cmm/m/it/10 :\OT1/cmr/m/n/10 050$\T1/cmr/
m/n/10 ;
 []


Underfull \hbox (badness 10000) in paragraph at lines 52--54
\T1/cmr/m/n/10 1024 shots/setting; cost USD 3.20; job ID
 []


Package hyperref Warning: Token not allowed in a PDF string (Unicode):
(hyperref)                removing `math shift' on input line 72.


Package hyperref Warning: Token not allowed in a PDF string (Unicode):
(hyperref)                removing `\lvert' on input line 72.


Package hyperref Warning: Token not allowed in a PDF string (Unicode):
(hyperref)                removing `\Delta' on input line 72.


Package hyperref Warning: Token not allowed in a PDF string (Unicode):
(hyperref)                removing `\rvert' on input line 72.


Package hyperref Warning: Token not allowed in a PDF string (Unicode):
(hyperref)                removing `math shift' on input line 72.

[8]

LaTeX Warning: A float is stuck (cannot be placed) on input line 93.


LaTeX Warning: A float is stuck (cannot be placed) on input line 93.


Class revtex4-2 Warning: Deferred float stuck during \clearpage processing.

) (./sections/appendix_c_arxiv_readiness.tex
Underfull \hbox (badness 7540) in paragraph at lines 7--12
 []\T1/cmr/bx/n/10 External peer re-view \T1/cmr/m/n/10 by 2--3 quantum-
 []


Underfull \hbox (badness 2443) in paragraph at lines 7--12
 \T1/cmr/m/n/10 computing or integrated-information-theory re-
 []


Overfull \hbox (57.18207pt too wide) in paragraph at lines 16--19
 \T1/cmtt/m/n/10 state/qmirror_arxiv_latex_2026_05_04/bibliography.bib
 []


Underfull \hbox (badness 10000) in paragraph at lines 35--39
 []\T1/cmr/bx/n/10 License au-dit fi-nal sign-off. \T1/cmr/m/n/10 Cur-
 []


Underfull \hbox (badness 10000) in paragraph at lines 35--39
 \T1/cmr/m/n/10 rently Apache-2.0 per source dec-la-ra-tion;
 []


Underfull \hbox (badness 10000) in paragraph at lines 35--39
 \T1/cmtt/m/n/10 pyphi \T1/cmr/m/n/10 GPLv3 iso-la-tion doc-u-mented in
 []


Overfull \hbox (38.9643pt too wide) in paragraph at lines 35--39
 \T1/cmtt/m/n/10 state/qmirror_license_audit_2026_05_03/audit.json\T1/cmr/m/n/1
0 .
 []


Package hyperref Warning: Suppressing empty link on input line 46.


Package hyperref Warning: Suppressing empty link on input line 48.


Underfull \hbox (badness 2368) in paragraph at lines 57--61
 []\T1/cmr/bx/n/10 Figure prepa-ra-tion de-ferred. \T1/cmr/m/n/10 Five text-
 []

[9]) [10] (build/qmirror_arxiv.aux)
 ***********
LaTeX2e <2025-11-01>
L3 programming layer <2026-01-19>
 ***********
Package rerunfilecheck Info: File `qmirror_arxiv.out' has not changed.
(rerunfilecheck)             Checksum: D3D56BC8FC92418B91CC12D4367A26AA;7888.
 ) 
Here is how much of TeX's memory you used:
 14573 strings out of 469006
 214471 string characters out of 5454813
 1013470 words of memory out of 5000000
 42812 multiletter control sequences out of 15000+600000
 647206 words of font info for 88 fonts, out of 8000000 for 9000
 319 hyphenation exceptions out of 8191
 75i,12n,79p,622b,1234s stack positions out of 10000i,1000n,20000p,200000b,200000s
 </Users/ghost/Library/texlive/2026basic/texmf-var/fonts/pk/ljfour/jknappen/e
c/ecbx0700.600pk> </Users/ghost/Library/texlive/2026basic/texmf-var/fonts/pk/lj
four/jknappen/ec/ecit1000.600pk> </Users/ghost/Library/texlive/2026basic/texmf-
var/fonts/pk/ljfour/jknappen/ec/ecrm0500.600pk> </Users/ghost/Library/texlive/2
026basic/texmf-var/fonts/pk/ljfour/jknappen/ec/ectt0800.525pk> </Users/ghost/Li
brary/texlive/2026basic/texmf-var/fonts/pk/ljfour/jknappen/ec/ecrm0600.600pk> <
/Users/ghost/Library/texlive/2026basic/texmf-var/fonts/pk/ljfour/jknappen/ec/ec
bx0800.600pk> </Users/ghost/Library/texlive/2026basic/texmf-var/fonts/pk/ljfour
/jknappen/ec/ecrm0800.600pk> </Users/ghost/Library/texlive/2026basic/texmf-var/
fonts/pk/ljfour/jknappen/ec/ectt0800.600pk> </Users/ghost/Library/texlive/2026b
asic/texmf-var/fonts/pk/ljfour/jknappen/ec/ectt0800.375pk> </Users/ghost/Librar
y/texlive/2026basic/texmf-var/fonts/pk/ljfour/jknappen/ec/ecrm0700.600pk> </Use
rs/ghost/Library/texlive/2026basic/texmf-var/fonts/pk/ljfour/jknappen/ec/tcrm10
00.600pk> </Users/ghost/Library/texlive/2026basic/texmf-var/fonts/pk/ljfour/jkn
appen/ec/ecti1000.600pk> </Users/ghost/Library/texlive/2026basic/texmf-var/font
s/pk/ljfour/jknappen/ec/ectt1000.600pk> </Users/ghost/Library/texlive/2026basic
/texmf-var/fonts/pk/ljfour/jknappen/ec/ecbx1000.600pk> </Users/ghost/Library/te
xlive/2026basic/texmf-var/fonts/pk/ljfour/jknappen/ec/ecbx0900.600pk> </Users/g
host/Library/texlive/2026basic/texmf-var/fonts/pk/ljfour/jknappen/ec/ectt0900.6
00pk> </Users/ghost/Library/texlive/2026basic/texmf-var/fonts/pk/ljfour/jknappe
n/ec/ecrm0900.600pk> </Users/ghost/Library/texlive/2026basic/texmf-var/fonts/pk
/ljfour/jknappen/ec/ecti0900.600pk> </Users/ghost/Library/texlive/2026basic/tex
mf-var/fonts/pk/ljfour/jknappen/ec/ecrm1000.600pk> </Users/ghost/Library/texliv
e/2026basic/texmf-var/fonts/pk/ljfour/jknappen/ec/ecbx1200.600pk> </Users/ghost
/Library/texlive/2026basic/texmf-var/fonts/pk/ljfour/jknappen/ec/ectt1200.600pk
></usr/local/texlive/2026basic/texmf-dist/fonts/type1/public/amsfonts/cm/cmmi10
.pfb></usr/local/texlive/2026basic/texmf-dist/fonts/type1/public/amsfonts/cm/cm
mi5.pfb></usr/local/texlive/2026basic/texmf-dist/fonts/type1/public/amsfonts/cm
/cmmi6.pfb></usr/local/texlive/2026basic/texmf-dist/fonts/type1/public/amsfonts
/cm/cmmi7.pfb></usr/local/texlive/2026basic/texmf-dist/fonts/type1/public/amsfo
nts/cm/cmmi8.pfb></usr/local/texlive/2026basic/texmf-dist/fonts/type1/public/am
sfonts/cm/cmmi9.pfb></usr/local/texlive/2026basic/texmf-dist/fonts/type1/public
/amsfonts/cm/cmr10.pfb></usr/local/texlive/2026basic/texmf-dist/fonts/type1/pub
lic/amsfonts/cm/cmr7.pfb></usr/local/texlive/2026basic/texmf-dist/fonts/type1/p
ublic/amsfonts/cm/cmr8.pfb></usr/local/texlive/2026basic/texmf-dist/fonts/type1
/public/amsfonts/cm/cmr9.pfb></usr/local/texlive/2026basic/texmf-dist/fonts/typ
e1/public/amsfonts/cm/cmsy10.pfb></usr/local/texlive/2026basic/texmf-dist/fonts
/type1/public/amsfonts/cm/cmsy6.pfb></usr/local/texlive/2026basic/texmf-dist/fo
nts/type1/public/amsfonts/cm/cmsy7.pfb></usr/local/texlive/2026basic/texmf-dist
/fonts/type1/public/amsfonts/cm/cmsy8.pfb></usr/local/texlive/2026basic/texmf-d
ist/fonts/type1/public/amsfonts/cm/cmsy9.pfb>
Output written on build/qmirror_arxiv.pdf (10 pages, 441043 bytes).
PDF statistics:
 1545 PDF objects out of 1728 (max. 8388607)
 644 compressed objects within 7 object streams
 250 named destinations out of 1000 (max. 500000)
 345 words of extra memory for PDF output out of 10000 (max. 10000000)

