\BOOKMARK [0][-]{section*.2}{\376\377\000q\000m\000i\000r\000r\000o\000r\000:\000\040\000A\000\040\000C\000l\000a\000s\000s\000i\000c\000a\000l\000-\000C\000P\000U\000\040\000M\000i\000r\000r\000o\000r\000\040\000o\000f\000\040\000a\000\040\000Q\000u\000a\000n\000t\000u\000m\000\040\000P\000r\000o\000c\000e\000s\000s\000i\000n\000g\000\040\000U\000n\000i\000t\000U\000s\000i\000n\000g\000\040\000R\000e\000a\000l\000\040\000Q\000u\000a\000n\000t\000u\000m\000\040\000E\000n\000t\000r\000o\000p\000y}{}% 2
\BOOKMARK [1][-]{section*.1}{\376\377\000A\000b\000s\000t\000r\000a\000c\000t}{section*.2}% 1
\BOOKMARK [1][-]{section*.3}{\376\377\000I\000n\000t\000r\000o\000d\000u\000c\000t\000i\000o\000n}{section*.2}% 3
\BOOKMARK [2][-]{section*.4}{\376\377\000P\000r\000o\000b\000l\000e\000m}{section*.3}% 4
\BOOKMARK [2][-]{section*.5}{\376\377\000A\000p\000p\000r\000o\000a\000c\000h}{section*.3}% 5
\BOOKMARK [2][-]{section*.6}{\376\377\000C\000o\000n\000t\000r\000i\000b\000u\000t\000i\000o\000n\000s}{section*.3}% 6
\BOOKMARK [1][-]{section*.7}{\376\377\000R\000e\000l\000a\000t\000e\000d\000\040\000w\000o\000r\000k}{section*.2}% 7
\BOOKMARK [2][-]{section*.8}{\376\377\000C\000l\000a\000s\000s\000i\000c\000a\000l\000\040\000q\000u\000a\000n\000t\000u\000m\000\040\000s\000i\000m\000u\000l\000a\000t\000i\000o\000n}{section*.7}% 8
\BOOKMARK [2][-]{section*.9}{\376\377\000N\000I\000S\000T\000\040\000s\000t\000a\000t\000i\000s\000t\000i\000c\000a\000l\000\040\000R\000N\000G\000\040\000v\000a\000l\000i\000d\000a\000t\000i\000o\000n}{section*.7}% 9
\BOOKMARK [2][-]{section*.10}{\376\377\000I\000n\000t\000e\000g\000r\000a\000t\000e\000d\000\040\000I\000n\000f\000o\000r\000m\000a\000t\000i\000o\000n\000\040\000T\000h\000e\000o\000r\000y\000\040\0004\000.\0000}{section*.7}% 10
\BOOKMARK [2][-]{section*.11}{\376\377\000C\000H\000S\000H\000\040\000B\000e\000l\000l\000\040\000i\000n\000e\000q\000u\000a\000l\000i\000t\000y}{section*.7}% 11
\BOOKMARK [1][-]{section*.12}{\376\377\000A\000r\000c\000h\000i\000t\000e\000c\000t\000u\000r\000e}{section*.2}% 12
\BOOKMARK [2][-]{section*.13}{\376\377\000F\000o\000u\000r\000-\000t\000i\000e\000r\000\040\000A\000N\000U\000\040\000f\000a\000l\000l\000b\000a\000c\000k}{section*.12}% 13
\BOOKMARK [2][-]{section*.14}{\376\377\000H\000M\000A\000C\000-\000D\000R\000B\000G\000\040\000S\000H\000A\000-\0002\0005\0006}{section*.12}% 14
\BOOKMARK [2][-]{section*.15}{\376\377\000Q\000i\000s\000k\000i\000t\000\040\000A\000e\000r\000\040\000e\000n\000g\000i\000n\000e\000\040\000b\000r\000i\000d\000g\000e}{section*.12}% 15
\BOOKMARK [2][-]{section*.16}{\376\377\000I\000I\000T\000\040\0004\000.\0000\000\040\000M\000I\000P\000\040\000v\000i\000a\000\040\000p\000y\000p\000h\000i}{section*.12}% 16
\BOOKMARK [2][-]{section*.17}{\376\377\000C\000H\000S\000H\000\040\000c\000i\000r\000c\000u\000i\000t\000\040\000\050\000c\000a\000n\000o\000n\000i\000c\000a\000l\000\040\000g\000e\000o\000m\000e\000t\000r\000y\000\051}{section*.12}% 17
\BOOKMARK [2][-]{section*.18}{\376\377\000M\000o\000d\000u\000l\000e\000\040\000s\000u\000r\000f\000a\000c\000e}{section*.12}% 18
\BOOKMARK [1][-]{section*.19}{\376\377\000V\000a\000l\000i\000d\000a\000t\000i\000o\000n\000:\000\040\000E\000i\000g\000h\000t\000\040\000c\000l\000o\000s\000u\000r\000e\000\040\000c\000o\000n\000d\000i\000t\000i\000o\000n\000s}{section*.2}% 19
\BOOKMARK [2][-]{section*.20}{\376\377\000P\000e\000r\000-\000c\000o\000n\000d\000i\000t\000i\000o\000n\000\040\000r\000e\000s\000u\000l\000t\000s}{section*.19}% 20
\BOOKMARK [2][-]{section*.21}{\376\377\000C\000r\000o\000s\000s\000-\000v\000e\000n\000d\000o\000r\000\040\000S\000\040\000m\000a\000t\000r\000i\000x}{section*.19}% 21
\BOOKMARK [2][-]{section*.22}{\376\377\000T\000w\000o\000\040\000p\000o\000s\000t\000-\000h\000o\000c\000\040\000b\000a\000n\000d\000\040\000r\000e\000v\000i\000s\000i\000o\000n\000s\000\040\000\050\000l\000o\000u\000d\000\040\000d\000i\000s\000c\000l\000o\000s\000u\000r\000e\000\051}{section*.19}% 22
\BOOKMARK [2][-]{section*.26}{\376\377\000c\000o\000n\000d\000.\0007\000\040\000s\000p\000i\000r\000i\000t\000\040\000p\000a\000p\000e\000r\000-\000a\000n\000a\000l\000y\000s\000i\000s}{section*.19}% 23
\BOOKMARK [2][-]{section*.27}{\376\377\000P\000e\000r\000-\000c\000o\000n\000d\000i\000t\000i\000o\000n\000\040\000e\000v\000i\000d\000e\000n\000c\000e\000\040\000f\000l\000o\000w}{section*.19}% 24
\BOOKMARK [1][-]{section*.28}{\376\377\000C\000o\000s\000t\000\040\000a\000n\000a\000l\000y\000s\000i\000s}{section*.2}% 25
\BOOKMARK [2][-]{section*.29}{\376\377\000P\000e\000r\000-\000s\000e\000c\000o\000n\000d\000\040\000c\000o\000s\000t\000\040\000c\000o\000m\000p\000a\000r\000i\000s\000o\000n}{section*.28}% 26
\BOOKMARK [2][-]{section*.30}{\376\377\000O\000n\000e\000-\000t\000i\000m\000e\000\040\000c\000a\000l\000i\000b\000r\000a\000t\000i\000o\000n\000\040\000c\000o\000s\000t}{section*.28}% 27
\BOOKMARK [2][-]{section*.31}{\376\377\000P\000e\000r\000m\000a\000n\000e\000n\000t\000\040\000z\000e\000r\000o\000-\000c\000o\000s\000t\000\040\000o\000p\000e\000r\000a\000t\000i\000o\000n}{section*.28}% 28
\BOOKMARK [1][-]{section*.32}{\376\377\000L\000i\000m\000i\000t\000a\000t\000i\000o\000n\000s}{section*.2}% 29
\BOOKMARK [1][-]{section*.33}{\376\377\000F\000u\000t\000u\000r\000e\000\040\000w\000o\000r\000k}{section*.2}% 30
\BOOKMARK [1][-]{section*.34}{\376\377\000C\000o\000n\000c\000l\000u\000s\000i\000o\000n}{section*.2}% 31
\BOOKMARK [1][-]{section*.35}{\376\377\000A\000c\000k\000n\000o\000w\000l\000e\000d\000g\000e\000m\000e\000n\000t\000s}{section*.2}% 32
\BOOKMARK [1][-]{section*.36}{\376\377\000C\000o\000d\000e\000\040\000a\000n\000d\000\040\000d\000a\000t\000a\000\040\000a\000v\000a\000i\000l\000a\000b\000i\000l\000i\000t\000y}{section*.2}% 33
\BOOKMARK [1][-]{section*.37}{\376\377\000R\000e\000f\000e\000r\000e\000n\000c\000e\000s}{section*.2}% 34
\BOOKMARK [1][-]{section*.38}{\376\377\000F\000a\000l\000s\000i\000f\000i\000e\000r\000\040\000l\000e\000d\000g\000e\000r}{section*.2}% 35
\BOOKMARK [2][-]{section*.39}{\376\377\000q\000m\000i\000r\000r\000o\000r\000\040\0001\000.\0000\000\040\000c\000l\000o\000s\000u\000r\000e\000\040\000f\000a\000l\000s\000i\000f\000i\000e\000r\000s\000\040\000\050\0008\000\040\000c\000o\000n\000d\000i\000t\000i\000o\000n\000s\000\051}{section*.38}% 36
\BOOKMARK [2][-]{section*.40}{\376\377\000q\000m\000i\000r\000r\000o\000r\000\040\0002\000.\0000\000\040\000f\000u\000t\000u\000r\000e\000\040\000f\000a\000l\000s\000i\000f\000i\000e\000r\000s\000\040\000\050\0005\000\040\000a\000x\000e\000s\000\051}{section*.38}% 37
\BOOKMARK [1][-]{section*.41}{\376\377\000C\000r\000o\000s\000s\000-\000v\000e\000n\000d\000o\000r\000\040\000S\000\040\000m\000a\000t\000r\000i\000x\000\040\000d\000a\000t\000a}{section*.2}% 38
\BOOKMARK [2][-]{section*.42}{\376\377\000P\000e\000r\000-\000v\000e\000n\000d\000o\000r\000\040\000r\000a\000w\000\040\000c\000o\000r\000r\000e\000l\000a\000t\000o\000r\000s}{section*.41}% 39
\BOOKMARK [2][-]{section*.47}{\376\377\000P\000a\000i\000r\000w\000i\000s\000e\000\040\000S\000\040\000v\000a\000l\000u\000e\000s\000\040\000w\000i\000t\000h\000\040\000f\000a\000l\000s\000i\000f\000i\000e\000r\000\040\000b\000a\000n\000d\000\040\000a\000s\000s\000e\000s\000s\000m\000e\000n\000t}{section*.41}% 40
\BOOKMARK [2][-]{section*.48}{\376\377\000S\000p\000i\000r\000i\000t\000\040\000s\000u\000m\000m\000a\000r\000y}{section*.41}% 41
\BOOKMARK [1][-]{section*.49}{\376\377\000a\000r\000X\000i\000v\000\040\000s\000u\000b\000m\000i\000s\000s\000i\000o\000n\000\040\000r\000e\000a\000d\000i\000n\000e\000s\000s}{section*.2}% 42
\BOOKMARK [2][-]{section*.50}{\376\377\000F\000o\000u\000r\000\040\000c\000a\000v\000e\000a\000t\000s\000\040\000o\000n\000\040\000t\000h\000i\000s\000\040\000v\0000\000.\0001\000\040\000L\000a\000T\000e\000X\000\040\000c\000o\000n\000v\000e\000r\000s\000i\000o\000n}{section*.49}% 43
