LADDER_START 2026-06-16T16:14:04Z
DEVICE cuda name=NVIDIA H100 NVL cap=9.0 torch=2.4.1+cu124
PARAMS n_params=302701338 (302.701M) d=3784 E=2 L=4 K=3 V=256
CORPUS path=/workspace/corpus_en_dom.bytes bytes=2262561660
/usr/local/lib/python3.11/dist-packages/torch/utils/checkpoint.py:1399: FutureWarning: `torch.cpu.amp.autocast(args...)` is deprecated. Please use `torch.amp.autocast('cpu', args...)` instead.
  with device_autocast_ctx, torch.cpu.amp.autocast(**cpu_autocast_kwargs), recompute_context:  # type: ignore[attr-defined]
STEP      0 ce=5.70725 loss=5.71424 lr=3.00e-06 aux=0.0070 ent=0.5395
STEP    100 ce=2.26031 loss=2.26457 lr=1.53e-04 aux=0.0043 ent=0.6120
STEP    200 ce=2.03959 loss=2.04421 lr=2.99e-04 aux=0.0046 ent=0.6368
STEP    300 ce=1.90654 loss=1.91035 lr=2.98e-04 aux=0.0038 ent=0.6694
STEP    400 ce=1.75563 loss=1.75948 lr=2.97e-04 aux=0.0039 ent=0.6788
STEP    500 ce=1.79162 loss=1.79514 lr=2.95e-04 aux=0.0035 ent=0.6854
STEP    600 ce=1.76239 loss=1.76602 lr=2.93e-04 aux=0.0036 ent=0.6842
STEP    700 ce=1.64801 loss=1.65120 lr=2.90e-04 aux=0.0032 ent=0.6879
STEP    800 ce=1.70945 loss=1.71269 lr=2.87e-04 aux=0.0032 ent=0.6881
STEP    900 ce=1.64989 loss=1.65318 lr=2.84e-04 aux=0.0033 ent=0.6883
STEP   1000 ce=1.55460 loss=1.55800 lr=2.80e-04 aux=0.0034 ent=0.6871
STEP   1100 ce=1.67667 loss=1.68045 lr=2.76e-04 aux=0.0038 ent=0.6841
STEP   1200 ce=1.66971 loss=1.67297 lr=2.71e-04 aux=0.0033 ent=0.6872
STEP   1300 ce=1.63271 loss=1.63592 lr=2.67e-04 aux=0.0032 ent=0.6885
STEP   1400 ce=1.55329 loss=1.55649 lr=2.61e-04 aux=0.0032 ent=0.6891
STEP   1500 ce=1.57021 loss=1.57333 lr=2.56e-04 aux=0.0031 ent=0.6899
STEP   1600 ce=1.55438 loss=1.55769 lr=2.50e-04 aux=0.0033 ent=0.6885
STEP   1700 ce=1.57438 loss=1.57767 lr=2.44e-04 aux=0.0033 ent=0.6880
STEP   1800 ce=1.55396 loss=1.55714 lr=2.38e-04 aux=0.0032 ent=0.6902
STEP   1900 ce=1.55140 loss=1.55451 lr=2.32e-04 aux=0.0031 ent=0.6903
STEP   2000 ce=1.53545 loss=1.53856 lr=2.25e-04 aux=0.0031 ent=0.6906
STEP   2100 ce=1.51947 loss=1.52259 lr=2.18e-04 aux=0.0031 ent=0.6905
STEP   2200 ce=1.49527 loss=1.49865 lr=2.11e-04 aux=0.0034 ent=0.6894
STEP   2300 ce=1.54202 loss=1.54529 lr=2.04e-04 aux=0.0033 ent=0.6899
STEP   2400 ce=1.52381 loss=1.52731 lr=1.96e-04 aux=0.0035 ent=0.6889
STEP   2500 ce=1.49852 loss=1.50200 lr=1.89e-04 aux=0.0035 ent=0.6877
STEP   2600 ce=1.49092 loss=1.49403 lr=1.81e-04 aux=0.0031 ent=0.6909
STEP   2700 ce=1.48837 loss=1.49155 lr=1.73e-04 aux=0.0032 ent=0.6905
STEP   2800 ce=1.53330 loss=1.53639 lr=1.66e-04 aux=0.0031 ent=0.6912
STEP   2900 ce=1.52748 loss=1.53058 lr=1.58e-04 aux=0.0031 ent=0.6911
STEP   3000 ce=1.47274 loss=1.47583 lr=1.50e-04 aux=0.0031 ent=0.6913
STEP   3100 ce=1.41844 loss=1.42152 lr=1.42e-04 aux=0.0031 ent=0.6915
STEP   3200 ce=1.45513 loss=1.45822 lr=1.34e-04 aux=0.0031 ent=0.6915
STEP   3300 ce=1.44588 loss=1.44904 lr=1.26e-04 aux=0.0032 ent=0.6912
STEP   3400 ce=1.38966 loss=1.39276 lr=1.19e-04 aux=0.0031 ent=0.6915
STEP   3500 ce=1.45839 loss=1.46147 lr=1.11e-04 aux=0.0031 ent=0.6917
STEP   3600 ce=1.43970 loss=1.44281 lr=1.04e-04 aux=0.0031 ent=0.6916
STEP   3700 ce=1.44896 loss=1.45206 lr=9.62e-05 aux=0.0031 ent=0.6917
STEP   3800 ce=1.44056 loss=1.44365 lr=8.89e-05 aux=0.0031 ent=0.6918
STEP   3900 ce=1.41197 loss=1.41505 lr=8.18e-05 aux=0.0031 ent=0.6919
STEP   4000 ce=1.45280 loss=1.45589 lr=7.49e-05 aux=0.0031 ent=0.6919
STEP   4100 ce=1.42273 loss=1.42582 lr=6.82e-05 aux=0.0031 ent=0.6919
STEP   4200 ce=1.39168 loss=1.39477 lr=6.18e-05 aux=0.0031 ent=0.6920
STEP   4300 ce=1.41475 loss=1.41783 lr=5.55e-05 aux=0.0031 ent=0.6920
STEP   4400 ce=1.46635 loss=1.46944 lr=4.96e-05 aux=0.0031 ent=0.6920
STEP   4500 ce=1.42381 loss=1.42689 lr=4.39e-05 aux=0.0031 ent=0.6921
STEP   4600 ce=1.39151 loss=1.39459 lr=3.85e-05 aux=0.0031 ent=0.6921
STEP   4700 ce=1.41684 loss=1.41991 lr=3.34e-05 aux=0.0031 ent=0.6922
STEP   4800 ce=1.37651 loss=1.37959 lr=2.86e-05 aux=0.0031 ent=0.6922
STEP   4900 ce=1.35695 loss=1.36003 lr=2.42e-05 aux=0.0031 ent=0.6922
STEP   5000 ce=1.37932 loss=1.38240 lr=2.01e-05 aux=0.0031 ent=0.6922
STEP   5100 ce=1.36404 loss=1.36712 lr=1.63e-05 aux=0.0031 ent=0.6922
STEP   5200 ce=1.38163 loss=1.38471 lr=1.29e-05 aux=0.0031 ent=0.6922
STEP   5300 ce=1.38597 loss=1.38905 lr=9.93e-06 aux=0.0031 ent=0.6922
STEP   5400 ce=1.39520 loss=1.39828 lr=7.32e-06 aux=0.0031 ent=0.6923
STEP   5500 ce=1.42865 loss=1.43172 lr=5.09e-06 aux=0.0031 ent=0.6923
STEP   5600 ce=1.38189 loss=1.38496 lr=3.26e-06 aux=0.0031 ent=0.6923
STEP   5700 ce=1.37078 loss=1.37386 lr=1.83e-06 aux=0.0031 ent=0.6923
STEP   5800 ce=1.34808 loss=1.35115 lr=8.14e-07 aux=0.0031 ent=0.6923
STEP   5900 ce=1.35770 loss=1.36078 lr=2.01e-07 aux=0.0031 ent=0.6923
STEP   5999 ce=1.39349 loss=1.39656 lr=0.00e+00 aux=0.0031 ent=0.6923
FINAL_EVAL_CE 1.37688  (held-window mean over 40 batches)
DESCENT first_ce=5.70725 last_logged_ce=1.39349 eval_ce=1.37688 uniform_ln256=5.54520
CKPT saved /workspace/out/clm303_L4_d3784.pt (1210813895 bytes)
CLM serialized /workspace/out/clm303_L4_d3784.clm (155074330 bytes) via serialize_v3 L=4 E=2
RESULT {"substrate": "GPU-torch", "lane": "Lane-P", "device": "NVIDIA H100 NVL", "compute_cap": "9.0", "torch": "2.4.1+cu124", "d_model": 3784, "n_experts": 2, "n_trunk_layers": 4, "kernel_size": 3, "vocab": 256, "n_params": 302701338, "steps": 6000, "seq_len": 256, "batch_size": 64, "lr": 0.0003, "bf16": true, "wall_s": 1916.97, "first_ce": 5.70725, "last_train_ce": 1.39349, "final_eval_ce": 1.37688, "uniform_ce_ln256": 5.5452, "descent": [[0, 5.70725], [100, 2.26031], [200, 2.03959], [300, 1.90654], [400, 1.75563], [500, 1.79162], [600, 1.76239], [700, 1.64801], [800, 1.70945], [900, 1.64989], [1000, 1.5546], [1100, 1.67667], [1200, 1.66971], [1300, 1.63271], [1400, 1.55329], [1500, 1.57021], [1600, 1.55438], [1700, 1.57438], [1800, 1.55396], [1900, 1.5514], [2000, 1.53545], [2100, 1.51947], [2200, 1.49527], [2300, 1.54202], [2400, 1.52381], [2500, 1.49852], [2600, 1.49092], [2700, 1.48837], [2800, 1.5333], [2900, 1.52748], [3000, 1.47274], [3100, 1.41844], [3200, 1.45513], [3300, 1.44588], [3400, 1.38966], [3500, 1.45839], [3600, 1.4397], [3700, 1.44896], [3800, 1.44056], [3900, 1.41197], [4000, 1.4528], [4100, 1.42273], [4200, 1.39168], [4300, 1.41475], [4400, 1.46635], [4500, 1.42381], [4600, 1.39151], [4700, 1.41684], [4800, 1.37651], [4900, 1.35695], [5000, 1.37932], [5100, 1.36404], [5200, 1.38163], [5300, 1.38597], [5400, 1.3952], [5500, 1.42865], [5600, 1.38189], [5700, 1.37078], [5800, 1.34808], [5900, 1.3577], [5999, 1.39349]], "corpus": "/workspace/corpus_en_dom.bytes", "corpus_bytes": 2262561660, "ckpt_out": "/workspace/out/clm303_L4_d3784.pt", "clm_out": "/workspace/out/clm303_L4_d3784.clm", "clm_bytes": 155074330}
RUNG_L4_DONE 2026-06-16T16:46:20Z
DEVICE cuda name=NVIDIA H100 NVL cap=9.0 torch=2.4.1+cu124
PARAMS n_params=302613318 (302.613M) d=3020 E=2 L=8 K=3 V=256
CORPUS path=/workspace/corpus_en_dom.bytes bytes=2262561660
/usr/local/lib/python3.11/dist-packages/torch/utils/checkpoint.py:1399: FutureWarning: `torch.cpu.amp.autocast(args...)` is deprecated. Please use `torch.amp.autocast('cpu', args...)` instead.
  with device_autocast_ctx, torch.cpu.amp.autocast(**cpu_autocast_kwargs), recompute_context:  # type: ignore[attr-defined]
STEP      0 ce=5.89322 loss=5.91023 lr=3.00e-06 aux=0.0170 ent=0.1803
STEP    100 ce=2.37106 loss=2.37667 lr=1.53e-04 aux=0.0056 ent=0.4664
STEP    200 ce=2.06348 loss=2.06784 lr=2.99e-04 aux=0.0044 ent=0.6224
STEP    300 ce=1.91408 loss=1.91726 lr=2.98e-04 aux=0.0032 ent=0.6821
STEP    400 ce=1.77762 loss=1.78086 lr=2.97e-04 aux=0.0032 ent=0.6829
STEP    500 ce=1.82181 loss=1.82517 lr=2.95e-04 aux=0.0034 ent=0.6716
STEP    600 ce=1.76399 loss=1.76723 lr=2.93e-04 aux=0.0032 ent=0.6862
STEP    700 ce=1.65510 loss=1.65822 lr=2.90e-04 aux=0.0031 ent=0.6881
STEP    800 ce=1.72627 loss=1.73054 lr=2.87e-04 aux=0.0043 ent=0.6754
STEP    900 ce=1.64696 loss=1.65015 lr=2.84e-04 aux=0.0032 ent=0.6866
STEP   1000 ce=1.55823 loss=1.56151 lr=2.80e-04 aux=0.0033 ent=0.6882
STEP   1100 ce=1.66709 loss=1.67065 lr=2.76e-04 aux=0.0036 ent=0.6843
STEP   1200 ce=1.65831 loss=1.66177 lr=2.71e-04 aux=0.0035 ent=0.6842
STEP   1300 ce=1.63010 loss=1.63401 lr=2.67e-04 aux=0.0039 ent=0.6831
STEP   1400 ce=1.55002 loss=1.55315 lr=2.61e-04 aux=0.0031 ent=0.6874
STEP   1500 ce=1.56367 loss=1.56696 lr=2.56e-04 aux=0.0033 ent=0.6877
STEP   1600 ce=1.54380 loss=1.54707 lr=2.50e-04 aux=0.0033 ent=0.6887
STEP   1700 ce=1.56171 loss=1.56481 lr=2.44e-04 aux=0.0031 ent=0.6897
STEP   1800 ce=1.54811 loss=1.55127 lr=2.38e-04 aux=0.0032 ent=0.6893
STEP   1900 ce=1.53874 loss=1.54185 lr=2.32e-04 aux=0.0031 ent=0.6896
STEP   2000 ce=1.52558 loss=1.52871 lr=2.25e-04 aux=0.0031 ent=0.6900
STEP   2100 ce=1.50998 loss=1.51309 lr=2.18e-04 aux=0.0031 ent=0.6900
STEP   2200 ce=1.47602 loss=1.47913 lr=2.11e-04 aux=0.0031 ent=0.6902
STEP   2300 ce=1.53265 loss=1.53578 lr=2.04e-04 aux=0.0031 ent=0.6904
STEP   2400 ce=1.50968 loss=1.51287 lr=1.96e-04 aux=0.0032 ent=0.6903
STEP   2500 ce=1.46976 loss=1.47286 lr=1.89e-04 aux=0.0031 ent=0.6900
STEP   2600 ce=1.47644 loss=1.47962 lr=1.81e-04 aux=0.0032 ent=0.6900
STEP   2700 ce=1.47239 loss=1.47560 lr=1.73e-04 aux=0.0032 ent=0.6899
STEP   2800 ce=1.51862 loss=1.52176 lr=1.66e-04 aux=0.0031 ent=0.6904
STEP   2900 ce=1.51238 loss=1.51549 lr=1.58e-04 aux=0.0031 ent=0.6908
STEP   3000 ce=1.46221 loss=1.46531 lr=1.50e-04 aux=0.0031 ent=0.6909
STEP   3100 ce=1.41420 loss=1.41733 lr=1.42e-04 aux=0.0031 ent=0.6908
STEP   3200 ce=1.43994 loss=1.44304 lr=1.34e-04 aux=0.0031 ent=0.6909
STEP   3300 ce=1.43000 loss=1.43317 lr=1.26e-04 aux=0.0032 ent=0.6908
STEP   3400 ce=1.37999 loss=1.38307 lr=1.19e-04 aux=0.0031 ent=0.6913
STEP   3500 ce=1.44645 loss=1.44954 lr=1.11e-04 aux=0.0031 ent=0.6912
STEP   3600 ce=1.42260 loss=1.42569 lr=1.04e-04 aux=0.0031 ent=0.6911
STEP   3700 ce=1.43787 loss=1.44098 lr=9.62e-05 aux=0.0031 ent=0.6913
STEP   3800 ce=1.42673 loss=1.42982 lr=8.89e-05 aux=0.0031 ent=0.6914
STEP   3900 ce=1.39928 loss=1.40238 lr=8.18e-05 aux=0.0031 ent=0.6916
STEP   4000 ce=1.43520 loss=1.43828 lr=7.49e-05 aux=0.0031 ent=0.6916
STEP   4100 ce=1.40620 loss=1.40929 lr=6.82e-05 aux=0.0031 ent=0.6916
STEP   4200 ce=1.37631 loss=1.37944 lr=6.18e-05 aux=0.0031 ent=0.6915
STEP   4300 ce=1.39345 loss=1.39655 lr=5.55e-05 aux=0.0031 ent=0.6917
STEP   4400 ce=1.45179 loss=1.45487 lr=4.96e-05 aux=0.0031 ent=0.6918
STEP   4500 ce=1.40965 loss=1.41273 lr=4.39e-05 aux=0.0031 ent=0.6918
STEP   4600 ce=1.37406 loss=1.37714 lr=3.85e-05 aux=0.0031 ent=0.6919
STEP   4700 ce=1.39879 loss=1.40187 lr=3.34e-05 aux=0.0031 ent=0.6919
STEP   4800 ce=1.36599 loss=1.36907 lr=2.86e-05 aux=0.0031 ent=0.6919
STEP   4900 ce=1.34423 loss=1.34731 lr=2.42e-05 aux=0.0031 ent=0.6919
STEP   5000 ce=1.36671 loss=1.36979 lr=2.01e-05 aux=0.0031 ent=0.6919
STEP   5100 ce=1.35235 loss=1.35544 lr=1.63e-05 aux=0.0031 ent=0.6920
STEP   5200 ce=1.37103 loss=1.37411 lr=1.29e-05 aux=0.0031 ent=0.6920
STEP   5300 ce=1.37260 loss=1.37568 lr=9.93e-06 aux=0.0031 ent=0.6920
STEP   5400 ce=1.38909 loss=1.39217 lr=7.32e-06 aux=0.0031 ent=0.6920
STEP   5500 ce=1.41736 loss=1.42044 lr=5.09e-06 aux=0.0031 ent=0.6920
STEP   5600 ce=1.36720 loss=1.37028 lr=3.26e-06 aux=0.0031 ent=0.6921
STEP   5700 ce=1.36809 loss=1.37117 lr=1.83e-06 aux=0.0031 ent=0.6920
STEP   5800 ce=1.33008 loss=1.33316 lr=8.14e-07 aux=0.0031 ent=0.6920
STEP   5900 ce=1.34648 loss=1.34956 lr=2.01e-07 aux=0.0031 ent=0.6921
STEP   5999 ce=1.37811 loss=1.38119 lr=0.00e+00 aux=0.0031 ent=0.6921
FINAL_EVAL_CE 1.36468  (held-window mean over 40 batches)
DESCENT first_ce=5.89322 last_logged_ce=1.37811 eval_ce=1.36468 uniform_ln256=5.54520
CKPT saved /workspace/out/clm303_L8_d3020.pt (1210465751 bytes)
CLM serialized /workspace/out/clm303_L8_d3020.clm (154454166 bytes) via serialize_v3 L=8 E=2
RESULT {"substrate": "GPU-torch", "lane": "Lane-P", "device": "NVIDIA H100 NVL", "compute_cap": "9.0", "torch": "2.4.1+cu124", "d_model": 3020, "n_experts": 2, "n_trunk_layers": 8, "kernel_size": 3, "vocab": 256, "n_params": 302613318, "steps": 6000, "seq_len": 256, "batch_size": 64, "lr": 0.0003, "bf16": true, "wall_s": 1957.21, "first_ce": 5.89322, "last_train_ce": 1.37811, "final_eval_ce": 1.36468, "uniform_ce_ln256": 5.5452, "descent": [[0, 5.89322], [100, 2.37106], [200, 2.06348], [300, 1.91408], [400, 1.77762], [500, 1.82181], [600, 1.76399], [700, 1.6551], [800, 1.72627], [900, 1.64696], [1000, 1.55823], [1100, 1.66709], [1200, 1.65831], [1300, 1.6301], [1400, 1.55002], [1500, 1.56367], [1600, 1.5438], [1700, 1.56171], [1800, 1.54811], [1900, 1.53874], [2000, 1.52558], [2100, 1.50998], [2200, 1.47602], [2300, 1.53265], [2400, 1.50968], [2500, 1.46976], [2600, 1.47644], [2700, 1.47239], [2800, 1.51862], [2900, 1.51238], [3000, 1.46221], [3100, 1.4142], [3200, 1.43994], [3300, 1.43], [3400, 1.37999], [3500, 1.44645], [3600, 1.4226], [3700, 1.43787], [3800, 1.42673], [3900, 1.39928], [4000, 1.4352], [4100, 1.4062], [4200, 1.37631], [4300, 1.39345], [4400, 1.45179], [4500, 1.40965], [4600, 1.37406], [4700, 1.39879], [4800, 1.36599], [4900, 1.34423], [5000, 1.36671], [5100, 1.35235], [5200, 1.37103], [5300, 1.3726], [5400, 1.38909], [5500, 1.41736], [5600, 1.3672], [5700, 1.36809], [5800, 1.33008], [5900, 1.34648], [5999, 1.37811]], "corpus": "/workspace/corpus_en_dom.bytes", "corpus_bytes": 2262561660, "ckpt_out": "/workspace/out/clm303_L8_d3020.pt", "clm_out": "/workspace/out/clm303_L8_d3020.clm", "clm_bytes": 154454166}
RUNG_L8_DONE 2026-06-16T17:19:16Z
LADDER_ALL_DONE 2026-06-16T17:19:16Z
