[launcher] 22:07:07 start; will launch /tmp/p9_qmirror_seeded_ablation_A_2026_05_03/p9_qmirror_seeded_ablation_A_2k.py once GPU free >= 7000 MiB (poll 60s, max 10800s)
[launcher] 22:07:07 gpu free=4070 MiB
[launcher] 22:08:07 gpu free=1615 MiB
[launcher] 22:09:07 gpu free=1611 MiB
[launcher] 22:10:07 gpu free=1611 MiB
[launcher] 22:11:07 gpu free=1611 MiB
[launcher] 22:12:07 gpu free=1611 MiB
[launcher] 22:13:07 gpu free=1611 MiB
[launcher] 22:14:07 gpu free=4070 MiB
[launcher] 22:15:07 gpu free=4070 MiB
[launcher] 22:16:07 gpu free=4070 MiB
[launcher] 22:17:07 gpu free=4070 MiB
[launcher] 22:18:07 gpu free=4070 MiB
[launcher] 22:19:07 gpu free=4070 MiB
[launcher] 22:20:07 gpu free=4070 MiB
[launcher] 22:21:07 gpu free=4070 MiB
[launcher] 22:22:07 gpu free=4070 MiB
[launcher] 22:23:07 gpu free=4070 MiB
[launcher] 22:24:07 gpu free=4070 MiB
[launcher] 22:25:07 gpu free=4070 MiB
[launcher] 22:26:07 gpu free=4070 MiB
[launcher] 22:27:07 gpu free=4070 MiB
[launcher] 22:28:07 gpu free=4070 MiB
[launcher] 22:29:07 gpu free=4070 MiB
[launcher] 22:30:07 gpu free=4070 MiB
[launcher] 22:31:07 gpu free=4070 MiB
[launcher] 22:32:07 gpu free=4070 MiB
[launcher] 22:33:07 gpu free=4070 MiB
[launcher] 22:34:07 gpu free=4070 MiB
[launcher] 22:35:07 gpu free=4070 MiB
[launcher] 22:36:07 gpu free=11758 MiB
[launcher] 22:36:07 GO: free 11758 MiB >= 7000 MiB
[launcher] 22:36:07 launching qmirror-seeded train...
[launcher] 22:39:57 train exited rc=0
