[qmirror-seeded] 22:36:07 start qmirror-seeded n_steps=2000 batch=4 grad_acc=8 lr=0.0001
[qmirror-seeded] 22:36:07 start qmirror-seeded n_steps=2000 batch=4 grad_acc=8 lr=0.0001
[qmirror-seeded] 22:36:07 lora_r=64 alpha=128 phi_thr=5.0
[qmirror-seeded] 22:36:07 lora_r=64 alpha=128 phi_thr=5.0
[qmirror-seeded] 22:36:07 loss alpha=6.0 beta=0.1 gamma=0.0 delta_early=0.5
[qmirror-seeded] 22:36:07 loss alpha=6.0 beta=0.1 gamma=0.0 delta_early=0.5
[qmirror-seeded] 22:36:07 savepoints @ [500, 1000, 2000]
[qmirror-seeded] 22:36:07 savepoints @ [500, 1000, 2000]
[qmirror-seeded] 22:36:07 building qmirror QRNG (HMAC-DRBG SHA-256 ← IonQ Forte 1 4096-bit entropy)...
[qmirror-seeded] 22:36:07 building qmirror QRNG (HMAC-DRBG SHA-256 ← IonQ Forte 1 4096-bit entropy)...
[qmirror-seeded] 22:36:07 qmirror QRNG built; chain-of-custody verified (first-1024 SHA matches meta)
[qmirror-seeded] 22:36:07 qmirror QRNG built; chain-of-custody verified (first-1024 SHA matches meta)
[qmirror-seeded] 22:36:07   entropy source: IonQ Forte 1 |+>^16 256-shot Z-basis measurement
[qmirror-seeded] 22:36:07   entropy source: IonQ Forte 1 |+>^16 256-shot Z-basis measurement
[qmirror-seeded] 22:36:07   entropy bits  : 4096
[qmirror-seeded] 22:36:07   entropy bits  : 4096
[qmirror-seeded] 22:36:07 qmirror seeds drawn: np32=3360002102 torch64=598829905475523813 py64=3236433694085514607
[qmirror-seeded] 22:36:07 qmirror seeds drawn: np32=3360002102 torch64=598829905475523813 py64=3236433694085514607
[qmirror-seeded] 22:36:08 torch=2.11.0+cu128 cuda=True device=cuda
[qmirror-seeded] 22:36:08 torch=2.11.0+cu128 cuda=True device=cuda
[qmirror-seeded] 22:36:08 gpu=NVIDIA GeForce RTX 5070 mem_total=11.50GiB
[qmirror-seeded] 22:36:08 gpu=NVIDIA GeForce RTX 5070 mem_total=11.50GiB
[qmirror-seeded] 22:36:08 qmirror dropout torch.Generator seeded (cpu); peft LoRA dropout=0.0 so no live use this run
[qmirror-seeded] 22:36:08 qmirror dropout torch.Generator seeded (cpu); peft LoRA dropout=0.0 so no live use this run
[qmirror-seeded] 22:36:08 tokenizer vocab=64000
[qmirror-seeded] 22:36:08 tokenizer vocab=64000
[qmirror-seeded] 22:36:10 decoder built params=477,648,512
[qmirror-seeded] 22:36:10 decoder built params=477,648,512
[qmirror-seeded] 22:36:11 ckpt loaded 0.79s missing=0 unexpected=0
[qmirror-seeded] 22:36:11 ckpt loaded 0.79s missing=0 unexpected=0
[qmirror-seeded] 22:36:14 peft attached trainable=19,005,440 (3.98% of 477,648,512)
[qmirror-seeded] 22:36:14 peft attached trainable=19,005,440 (3.98% of 477,648,512)
[qmirror-seeded] 22:36:14 sft full loaded n=50000
[qmirror-seeded] 22:36:14 sft full loaded n=50000
[qmirror-seeded] 22:36:14 sft holdout loaded n=500
[qmirror-seeded] 22:36:14 sft holdout loaded n=500
[qmirror-seeded] 22:36:25 tokenized cache n=50000 elapsed=10.4s
[qmirror-seeded] 22:36:25 tokenized cache n=50000 elapsed=10.4s
[qmirror-seeded] 22:36:25 holdout cache n=32
[qmirror-seeded] 22:36:25 holdout cache n=32
[qmirror-seeded] 22:36:25 calibration tokens shape=(16, 64)
[qmirror-seeded] 22:36:25 calibration tokens shape=(16, 64)
[qmirror-seeded] 22:36:25 computing baseline phi_star (pre-train)...
[qmirror-seeded] 22:36:25 computing baseline phi_star (pre-train)...
[qmirror-seeded] 22:36:25 baseline phi_star_min=45.814137464931335 mean=46.547286946843755 elapsed=0.4s
[qmirror-seeded] 22:36:25 baseline phi_star_min=45.814137464931335 mean=46.547286946843755 elapsed=0.4s
[qmirror-seeded] 22:36:25 computing initial F metrics @ step 0...
[qmirror-seeded] 22:36:25 computing initial F metrics @ step 0...
[qmirror-seeded] 22:36:40 F @ step 0: F1_bleu1=0.0010 F2_phi=45.8141 F3_tens_mse=8.7790
[qmirror-seeded] 22:36:40 F @ step 0: F1_bleu1=0.0010 F2_phi=45.8141 F3_tens_mse=8.7790
[qmirror-seeded] 22:36:41 step 1/2000 loss=199.9958 ce=16.6216 tens=5.3608 phi_hinge=0.0000 α=12.00 δ=0.5
[qmirror-seeded] 22:36:41 step 1/2000 loss=199.9958 ce=16.6216 tens=5.3608 phi_hinge=0.0000 α=12.00 δ=0.5
[qmirror-seeded] 22:36:46 step 100/2000 loss=157.2579 ce=13.0203 tens=10.1456 phi_hinge=0.0000 α=12.00 δ=0.5
[qmirror-seeded] 22:36:46 step 100/2000 loss=157.2579 ce=13.0203 tens=10.1456 phi_hinge=0.0000 α=12.00 δ=0.5
[qmirror-seeded] 22:36:52 step 200/2000 loss=134.4593 ce=11.1425 tens=7.4979 phi_hinge=0.0000 α=12.00 δ=0.5
[qmirror-seeded] 22:36:52 step 200/2000 loss=134.4593 ce=11.1425 tens=7.4979 phi_hinge=0.0000 α=12.00 δ=0.5
[qmirror-seeded] 22:36:58 step 300/2000 loss=129.4532 ce=10.7279 tens=7.1793 phi_hinge=0.0000 α=12.00 δ=0.5
[qmirror-seeded] 22:36:58 step 300/2000 loss=129.4532 ce=10.7279 tens=7.1793 phi_hinge=0.0000 α=12.00 δ=0.5
[qmirror-seeded] 22:37:04 step 400/2000 loss=123.1003 ce=10.2342 tens=2.9003 phi_hinge=0.0000 α=12.00 δ=0.5
[qmirror-seeded] 22:37:04 step 400/2000 loss=123.1003 ce=10.2342 tens=2.9003 phi_hinge=0.0000 α=12.00 δ=0.5
[qmirror-seeded] 22:37:10 step 500/2000 loss=124.4011 ce=10.3465 tens=2.4335 phi_hinge=0.0000 α=12.00 δ=0.5
[qmirror-seeded] 22:37:10 step 500/2000 loss=124.4011 ce=10.3465 tens=2.4335 phi_hinge=0.0000 α=12.00 δ=0.5
[qmirror-seeded] 22:37:10   phi @ step 500: min=48.69968210331474 mean=49.2568513839908 δ=0.5
[qmirror-seeded] 22:37:10   phi @ step 500: min=48.69968210331474 mean=49.2568513839908 δ=0.5
[qmirror-seeded] 22:37:25   F @ step 500: F1_bleu1=0.0059 F2_phi=48.6997 F3_tens_mse=6.7539
[qmirror-seeded] 22:37:25   F @ step 500: F1_bleu1=0.0059 F2_phi=48.6997 F3_tens_mse=6.7539
[qmirror-seeded] 22:37:25   SAVEPOINT @ step 500 → /tmp/p9_qmirror_seeded_ablation_A_2026_05_03/savepoints/step_500
[qmirror-seeded] 22:37:25   SAVEPOINT @ step 500 → /tmp/p9_qmirror_seeded_ablation_A_2026_05_03/savepoints/step_500
[qmirror-seeded] 22:37:31 step 600/2000 loss=122.4219 ce=10.1617 tens=4.8191 phi_hinge=0.0000 α=12.00 δ=0.5
[qmirror-seeded] 22:37:31 step 600/2000 loss=122.4219 ce=10.1617 tens=4.8191 phi_hinge=0.0000 α=12.00 δ=0.5
[qmirror-seeded] 22:37:37 step 700/2000 loss=118.3177 ce=9.8300 tens=3.5794 phi_hinge=0.0000 α=12.00 δ=0.5
[qmirror-seeded] 22:37:37 step 700/2000 loss=118.3177 ce=9.8300 tens=3.5794 phi_hinge=0.0000 α=12.00 δ=0.5
[qmirror-seeded] 22:37:43 step 800/2000 loss=119.5448 ce=9.9158 tens=5.5499 phi_hinge=0.0000 α=12.00 δ=0.5
[qmirror-seeded] 22:37:43 step 800/2000 loss=119.5448 ce=9.9158 tens=5.5499 phi_hinge=0.0000 α=12.00 δ=0.5
[qmirror-seeded] 22:37:49 step 900/2000 loss=111.6882 ce=9.2813 tens=3.1284 phi_hinge=0.0000 α=12.00 δ=0.5
[qmirror-seeded] 22:37:49 step 900/2000 loss=111.6882 ce=9.2813 tens=3.1284 phi_hinge=0.0000 α=12.00 δ=0.5
[qmirror-seeded] 22:37:55 step 1000/2000 loss=112.1079 ce=9.2864 tens=6.7086 phi_hinge=0.0000 α=12.00 δ=0.5
[qmirror-seeded] 22:37:55 step 1000/2000 loss=112.1079 ce=9.2864 tens=6.7086 phi_hinge=0.0000 α=12.00 δ=0.5
[qmirror-seeded] 22:37:55   phi @ step 1000: min=45.12799542231276 mean=45.62815504501884 δ=0.5
[qmirror-seeded] 22:37:55   phi @ step 1000: min=45.12799542231276 mean=45.62815504501884 δ=0.5
[qmirror-seeded] 22:38:10   F @ step 1000: F1_bleu1=0.0156 F2_phi=45.1280 F3_tens_mse=6.9355
[qmirror-seeded] 22:38:10   F @ step 1000: F1_bleu1=0.0156 F2_phi=45.1280 F3_tens_mse=6.9355
[qmirror-seeded] 22:38:10   SAVEPOINT @ step 1000 → /tmp/p9_qmirror_seeded_ablation_A_2026_05_03/savepoints/step_1000
[qmirror-seeded] 22:38:10   SAVEPOINT @ step 1000 → /tmp/p9_qmirror_seeded_ablation_A_2026_05_03/savepoints/step_1000
[qmirror-seeded] 22:38:16 step 1100/2000 loss=107.3208 ce=8.8746 tens=8.2562 phi_hinge=0.0000 α=12.00 δ=0.5
[qmirror-seeded] 22:38:16 step 1100/2000 loss=107.3208 ce=8.8746 tens=8.2562 phi_hinge=0.0000 α=12.00 δ=0.5
[qmirror-seeded] 22:38:22 step 1200/2000 loss=107.8337 ce=8.9121 tens=8.8845 phi_hinge=0.0000 α=12.00 δ=0.5
[qmirror-seeded] 22:38:22 step 1200/2000 loss=107.8337 ce=8.9121 tens=8.8845 phi_hinge=0.0000 α=12.00 δ=0.5
[qmirror-seeded] 22:38:28 step 1300/2000 loss=106.0259 ce=8.7654 tens=8.4156 phi_hinge=0.0000 α=12.00 δ=0.5
[qmirror-seeded] 22:38:28 step 1300/2000 loss=106.0259 ce=8.7654 tens=8.4156 phi_hinge=0.0000 α=12.00 δ=0.5
[qmirror-seeded] 22:38:34 step 1400/2000 loss=103.0390 ce=8.5350 tens=6.1889 phi_hinge=0.0000 α=12.00 δ=0.5
[qmirror-seeded] 22:38:34 step 1400/2000 loss=103.0390 ce=8.5350 tens=6.1889 phi_hinge=0.0000 α=12.00 δ=0.5
[qmirror-seeded] 22:38:39 step 1500/2000 loss=98.9810 ce=8.2090 tens=4.7266 phi_hinge=0.0000 α=12.00 δ=0.5
[qmirror-seeded] 22:38:39 step 1500/2000 loss=98.9810 ce=8.2090 tens=4.7266 phi_hinge=0.0000 α=12.00 δ=0.5
[qmirror-seeded] 22:38:40   phi @ step 1500: min=45.135501334258 mean=45.95728243426124 δ=0.5
[qmirror-seeded] 22:38:40   phi @ step 1500: min=45.135501334258 mean=45.95728243426124 δ=0.5
[qmirror-seeded] 22:38:55   F @ step 1500: F1_bleu1=0.0068 F2_phi=45.1355 F3_tens_mse=7.8705
[qmirror-seeded] 22:38:55   F @ step 1500: F1_bleu1=0.0068 F2_phi=45.1355 F3_tens_mse=7.8705
[qmirror-seeded] 22:39:01 step 1600/2000 loss=102.6127 ce=8.4603 tens=10.8956 phi_hinge=0.0000 α=12.00 δ=0.5
[qmirror-seeded] 22:39:01 step 1600/2000 loss=102.6127 ce=8.4603 tens=10.8956 phi_hinge=0.0000 α=12.00 δ=0.5
[qmirror-seeded] 22:39:07 step 1700/2000 loss=101.4299 ce=8.3915 tens=7.3251 phi_hinge=0.0000 α=12.00 δ=0.5
[qmirror-seeded] 22:39:07 step 1700/2000 loss=101.4299 ce=8.3915 tens=7.3251 phi_hinge=0.0000 α=12.00 δ=0.5
[qmirror-seeded] 22:39:12 step 1800/2000 loss=94.7127 ce=7.7893 tens=12.4060 phi_hinge=0.0000 α=12.00 δ=0.5
[qmirror-seeded] 22:39:12 step 1800/2000 loss=94.7127 ce=7.7893 tens=12.4060 phi_hinge=0.0000 α=12.00 δ=0.5
[qmirror-seeded] 22:39:18 step 1900/2000 loss=101.9976 ce=8.4110 tens=10.6505 phi_hinge=0.0000 α=12.00 δ=0.5
[qmirror-seeded] 22:39:18 step 1900/2000 loss=101.9976 ce=8.4110 tens=10.6505 phi_hinge=0.0000 α=12.00 δ=0.5
[qmirror-seeded] 22:39:24 step 2000/2000 loss=97.2450 ce=8.0438 tens=7.1885 phi_hinge=0.0000 α=12.00 δ=0.5
[qmirror-seeded] 22:39:24 step 2000/2000 loss=97.2450 ce=8.0438 tens=7.1885 phi_hinge=0.0000 α=12.00 δ=0.5
[qmirror-seeded] 22:39:25   phi @ step 2000: min=45.73125201599973 mean=46.43154681873183 δ=0.5
[qmirror-seeded] 22:39:25   phi @ step 2000: min=45.73125201599973 mean=46.43154681873183 δ=0.5
[qmirror-seeded] 22:39:40   F @ step 2000: F1_bleu1=0.0068 F2_phi=45.7313 F3_tens_mse=8.5020
[qmirror-seeded] 22:39:40   F @ step 2000: F1_bleu1=0.0068 F2_phi=45.7313 F3_tens_mse=8.5020
[qmirror-seeded] 22:39:40   SAVEPOINT @ step 2000 → /tmp/p9_qmirror_seeded_ablation_A_2026_05_03/savepoints/step_2000
[qmirror-seeded] 22:39:40   SAVEPOINT @ step 2000 → /tmp/p9_qmirror_seeded_ablation_A_2026_05_03/savepoints/step_2000
[qmirror-seeded] 22:39:40 train done elapsed=179.8s steps_completed=2000 aborted=False
[qmirror-seeded] 22:39:40 train done elapsed=179.8s steps_completed=2000 aborted=False
[qmirror-seeded] 22:39:40 qmirror entropy used: total_bytes=33068 train_only_bytes=32004 reseed_counter=8008
[qmirror-seeded] 22:39:40 qmirror entropy used: total_bytes=33068 train_only_bytes=32004 reseed_counter=8008
[qmirror-seeded] 22:39:40 computing final phi_star...
[qmirror-seeded] 22:39:40 computing final phi_star...
[qmirror-seeded] 22:39:40 final phi_star_min=45.73125201599973 mean=46.43154681873183
[qmirror-seeded] 22:39:40 final phi_star_min=45.73125201599973 mean=46.43154681873183
[qmirror-seeded] 22:39:40 computing final F metrics...
[qmirror-seeded] 22:39:40 computing final F metrics...
[qmirror-seeded] 22:39:56 final F: F1_bleu1=0.0068 F2_phi=45.7313 F3_tens_mse=8.5020
[qmirror-seeded] 22:39:56 final F: F1_bleu1=0.0068 F2_phi=45.7313 F3_tens_mse=8.5020
[qmirror-seeded] 22:39:56 FINAL adapter saved → /tmp/p9_qmirror_seeded_ablation_A_2026_05_03/savepoints/final
[qmirror-seeded] 22:39:56 FINAL adapter saved → /tmp/p9_qmirror_seeded_ablation_A_2026_05_03/savepoints/final
[qmirror-seeded] 22:39:56 WROTE trajectory=/tmp/p9_qmirror_seeded_ablation_A_2026_05_03/trajectory.json verdict=/tmp/p9_qmirror_seeded_ablation_A_2026_05_03/verdict.json
[qmirror-seeded] 22:39:56 WROTE trajectory=/tmp/p9_qmirror_seeded_ablation_A_2026_05_03/trajectory.json verdict=/tmp/p9_qmirror_seeded_ablation_A_2026_05_03/verdict.json
[qmirror-seeded] 22:39:56 VERDICT qseed=F_QSEED_1_PASS f2=F2_PASS_FULL
[qmirror-seeded] 22:39:56 VERDICT qseed=F_QSEED_1_PASS f2=F2_PASS_FULL
[qmirror-seeded] 22:39:56 BLEU-1=0.006836 (band [0.005, 0.012]) phi_final=45.73125201599973
[qmirror-seeded] 22:39:56 BLEU-1=0.006836 (band [0.005, 0.012]) phi_final=45.73125201599973
[qmirror-seeded] 22:39:56 DONE
[qmirror-seeded] 22:39:56 DONE
