================================================================
  H_651 — convention-number-freedom-GENERAL (H_646 일반화 · 메타)
  ≥3 design-number 각각 wide sweep × FIXED substrate → Φ variance
================================================================
  FIXED substrate big-Φ (mean big_phi_bounded cap=2 over 110/90/30/54):
    n=3: Φ=2.26968
    n=4: Φ=1.81822
    n=5: Φ=2.16717
    mean Φ=2.08502
    (H_646 / H_638 §4 와 byte-identical 기대 substrate)

  ── DN-A  emit threshold (should_emit, H_637/H_638) ──
    number |  substrate Φ (re-read)  |  emit-rate
    0.1    |  2.08502  |  1.0
    0.2    |  2.08502  |  1.0
    0.3    |  2.08502  |  0.977778
    0.4    |  2.08502  |  0.861111
    0.5    |  2.08502  |  0.677778
    0.6    |  2.08502  |  0.444444
    0.7    |  2.08502  |  0.138889
    0.8    |  2.08502  |  0.0333333
    0.9    |  2.08502  |  0.0

  ── DN-B  should_interrupt threshold (0.60, H_638) ──
    number |  substrate Φ (re-read)  |  interrupt-rate
    0.3    |  2.08502  |  0.977778
    0.4    |  2.08502  |  0.861111
    0.5    |  2.08502  |  0.677778
    0.6    |  2.08502  |  0.444444
    0.7    |  2.08502  |  0.138889
    0.8    |  2.08502  |  0.0333333
    0.9    |  2.08502  |  0.0

  ── DN-C  Ψ-clamp coherence band α (Law 70 · H_633 register-collapse) ──
    (gate-rate probed at sensitive thr=0.55 — α has a live score path)
    number |  substrate Φ (re-read)  |  gate-rate@α
    0.01   |  2.08502  |  0.555556
    0.014   |  2.08502  |  0.583333
    0.05   |  2.08502  |  0.644444
    0.1   |  2.08502  |  0.677778
    0.15   |  2.08502  |  0.677778
    0.2   |  2.08502  |  0.683333
    0.3   |  2.08502  |  0.683333

  ┌─ per-design-number summary ──────────────────────────────────
  │ DN-A emit threshold      : Φ-variance=0.0  gate-span=1.0
  │ DN-B interrupt threshold : Φ-variance=0.0  gate-span=0.977778
  │ DN-C Ψ-clamp band α      : Φ-variance=0.0  gate-span=0.127778
  └───────────────────────────────────────────────────────────────

  Φ invariant (var<=0.1)   A=true  B=true  C=true
  sweep alive (span>0.1)   A=true  B=true  C=true
  VERDICT: H1 SUPPORTED — ALL THREE design-numbers leave substrate
           big-Φ INVARIANT (Φ-variance ≈ 0 each) while their gate-rate
           responds (span > 0.1 each). Convention-number freedom is a
           GENERAL property of design-numbers, not specific to the emit
           threshold (H_646). DN-C is the strong case: α DOES move the
           gate yet leaves substrate Φ exactly flat (non-definitional).
================================================================
