=== H_1818 CO-TRAINED-LIVE-BIND arm=ctrl seed=4302 ===
  device=cuda d=3784 L=4 E0=2 Emax=3 k=512 seq_len=1024 steps=2000 bs=8 sample=proportional
  cuda: NVIDIA A40 cap=8.6 torch=2.4.1+cu124
  params: 345,664,875 (345.665M)
  corpus cell[0] ko-general   state/clm303_clean_corpus/gen_ko.txt size=1114649 train=1058916 val=55733
  corpus cell[1] en-general   state/clm303_clean_corpus/gen_en.txt size=1145081 train=1087826 val=57255
  corpus cell[2] ko-sns       state/clm303_clean_corpus/sns_ko.txt size=1440628 train=1368596 val=72032
  corpus cell[3] en-sns       state/clm303_clean_corpus/sns_en.txt size=1326111 train=1259805 val=66306
  step     1  CE=5.70490  E=2  wd=0.0500 dp=0.5000  val_CE=11.96388
  step    50  CE=2.59346  E=2  wd=0.0492 dp=0.4917
  step   100  CE=2.19536  E=2  wd=0.0483 dp=0.4833
  step   150  CE=2.15374  E=2  wd=0.0475 dp=0.4748
  step   200  CE=1.95986  E=2  wd=0.0466 dp=0.4664  val_CE=1.95056
  step   250  CE=1.78664  E=2  wd=0.0458 dp=0.4579
  step   300  CE=1.96652  E=2  wd=0.0449 dp=0.4495
  step   350  CE=1.72735  E=2  wd=0.0441 dp=0.4410
  step   400  CE=1.65823  E=2  wd=0.0433 dp=0.4326  val_CE=1.61643
  step   450  CE=1.23076  E=2  wd=0.0424 dp=0.4242
  step   500  CE=1.54687  E=2  wd=0.0416 dp=0.4157
  step   550  CE=1.62630  E=2  wd=0.0407 dp=0.4073
  step   600  CE=1.41054  E=2  wd=0.0399 dp=0.3988  val_CE=1.44657
  step   650  CE=1.53940  E=2  wd=0.0390 dp=0.3904
  step   700  CE=1.34952  E=2  wd=0.0382 dp=0.3819
  step   750  CE=1.36430  E=2  wd=0.0373 dp=0.3735
  step   800  CE=1.26749  E=2  wd=0.0365 dp=0.3650  val_CE=1.27353
  step   850  CE=1.32273  E=2  wd=0.0357 dp=0.3566
  step   900  CE=1.43027  E=2  wd=0.0348 dp=0.3481
  step   950  CE=1.49965  E=2  wd=0.0340 dp=0.3397
  step 1000 (MITOSIS SPLIT) E 2->3
  step  1000  CE=1.04614  E=3  wd=0.0331 dp=0.3312  val_CE=1.24489
  step  1050  CE=1.60111  E=3  wd=0.0323 dp=0.3228
  step  1100  CE=1.36554  E=3  wd=0.0314 dp=0.3144
  step  1150  CE=1.21907  E=3  wd=0.0306 dp=0.3059
  step  1200  CE=1.33103  E=3  wd=0.0297 dp=0.2975  val_CE=1.17948
  step  1250  CE=1.32924  E=3  wd=0.0289 dp=0.2890
  step  1300  CE=1.45127  E=3  wd=0.0281 dp=0.2806
  step  1350  CE=1.21473  E=3  wd=0.0272 dp=0.2721
  step  1400  CE=0.97106  E=3  wd=0.0264 dp=0.2637  val_CE=1.03351
  step  1450  CE=1.37902  E=3  wd=0.0255 dp=0.2552
  step  1500  CE=1.35090  E=3  wd=0.0247 dp=0.2468
  step  1550  CE=1.31083  E=3  wd=0.0238 dp=0.2383
  step  1600  CE=1.28805  E=3  wd=0.0230 dp=0.2299  val_CE=0.99511
  step  1650  CE=1.12368  E=3  wd=0.0221 dp=0.2214
  step  1700  CE=1.31453  E=3  wd=0.0213 dp=0.2130
  step  1750  CE=1.07108  E=3  wd=0.0205 dp=0.2045
  step  1800  CE=1.13200  E=3  wd=0.0196 dp=0.1961  val_CE=0.96479
  step  1850  CE=1.24771  E=3  wd=0.0188 dp=0.1877
  step  1900  CE=1.24720  E=3  wd=0.0179 dp=0.1792
  step  1950  CE=1.03915  E=3  wd=0.0171 dp=0.1708
  step  2000  CE=1.17795  E=3  wd=0.0162 dp=0.1623  val_CE=0.92789
  ── FINAL held-out val-CE per register (uniform=5.5452) ──
     ko-general   val_CE=0.39449  DESCENT
     en-general   val_CE=0.58705  DESCENT
     ko-sns       val_CE=1.48797  DESCENT
     en-sns       val_CE=1.08204  DESCENT
  FINAL val_CE(pooled)=0.887887716293335  registers_DESCENT=4/4
  loss0=5.70490 lossF=1.17795 wall=937.8s savant_latched_at=1 E0=2->E=3
  torch ckpt -> state/g1_cotrain_live_bind/ckpt/ctrl_seed4302.pt (1382668491 bytes)
  summary -> state/g1_cotrain_live_bind/ckpt/ctrl_seed4302.json
  .clm (additive) WRITTEN 176584498 bytes -> state/g1_cotrain_live_bind/ckpt/ctrl_seed4302.clm
  clm_decodable=True
  verify_descent error: module 'verify_clm_v2' has no attribute 'descent'
