=== A11 TPR .clm 5-seed G1 (engine-native --py numpy) | concepts=5 gen=40 ===
  [decode #1] clm gen=40 seed_rng=7
  [decode #2] clm gen=40 seed_rng=8
  [decode #3] clm gen=40 seed_rng=9
  [decode #4] clm gen=40 seed_rng=10
  [decode #5] clm gen=40 seed_rng=11
  [decode #6] clm gen=40 seed_rng=7
  [decode #7] clm gen=40 seed_rng=7
  [decode #8] clm gen=40 seed_rng=7
  [decode #9] clm gen=40 seed_rng=7
  [decode #10] clm gen=40 seed_rng=320
  seed#0 base=7: best_distinct=1 max_single=0 coherent=True scramble=0 -> floor
  [decode #11] clm gen=40 seed_rng=1007
  [decode #12] clm gen=40 seed_rng=1008
  [decode #13] clm gen=40 seed_rng=1009
  [decode #14] clm gen=40 seed_rng=1010
  [decode #15] clm gen=40 seed_rng=1011
  [decode #16] clm gen=40 seed_rng=1007
  [decode #17] clm gen=40 seed_rng=1007
  [decode #18] clm gen=40 seed_rng=1007
  [decode #19] clm gen=40 seed_rng=1007
  [decode #20] clm gen=40 seed_rng=1320
  seed#1 base=1007: best_distinct=0 max_single=1 coherent=False scramble=0 -> floor
  [decode #21] clm gen=40 seed_rng=2007
  [decode #22] clm gen=40 seed_rng=2008
  [decode #23] clm gen=40 seed_rng=2009
  [decode #24] clm gen=40 seed_rng=2010
  [decode #25] clm gen=40 seed_rng=2011
  [decode #26] clm gen=40 seed_rng=2007
  [decode #27] clm gen=40 seed_rng=2007
  [decode #28] clm gen=40 seed_rng=2007
  [decode #29] clm gen=40 seed_rng=2007
  [decode #30] clm gen=40 seed_rng=2320
  seed#2 base=2007: best_distinct=0 max_single=0 coherent=False scramble=0 -> floor
  [decode #31] clm gen=40 seed_rng=3007
  [decode #32] clm gen=40 seed_rng=3008
  [decode #33] clm gen=40 seed_rng=3009
  [decode #34] clm gen=40 seed_rng=3010
  [decode #35] clm gen=40 seed_rng=3011
  [decode #36] clm gen=40 seed_rng=3007
  [decode #37] clm gen=40 seed_rng=3007
  [decode #38] clm gen=40 seed_rng=3007
  [decode #39] clm gen=40 seed_rng=3007
  [decode #40] clm gen=40 seed_rng=3320
  seed#3 base=3007: best_distinct=0 max_single=0 coherent=False scramble=0 -> floor
  [decode #41] clm gen=40 seed_rng=4007
  [decode #42] clm gen=40 seed_rng=4008
  [decode #43] clm gen=40 seed_rng=4009
  [decode #44] clm gen=40 seed_rng=4010
  [decode #45] clm gen=40 seed_rng=4011
  [decode #46] clm gen=40 seed_rng=4007
  [decode #47] clm gen=40 seed_rng=4007
  [decode #48] clm gen=40 seed_rng=4007
  [decode #49] clm gen=40 seed_rng=4007
  [decode #50] clm gen=40 seed_rng=4320
  seed#4 base=4007: best_distinct=0 max_single=0 coherent=False scramble=0 -> floor

=== G1 5-seed: HIT 0/5 -> FALSIFIED-CEILING (H_9120 terminal_flip=False) ===
JSON {"hits": 0, "verdict": "FALSIFIED-CEILING", "terminal_flip": false}
