{"step": 1, "tension_global": 0.26198566, "psi_direction": 0.501287, "psi_w_mean": 0.072198, "global_dev": 0.001287, "n6_gates_open": 424, "n_param_tensors": 424, "l_hebbian": 0.00089029, "byte_acc_readout": 0.012695, "ce_readout_NOT_trained": 5.68043, "wall_s": 0.35, "gpu_mem_gb": 1.514}
{"step": 100, "tension_global": 86087.6875, "psi_direction": 0.503211, "psi_w_mean": 0.223182, "global_dev": 0.003211, "n6_gates_open": 424, "n_param_tensors": 424, "l_hebbian": 0.0041861, "byte_acc_readout": 0.001709, "ce_readout_NOT_trained": 36.150593, "wall_s": 20.16, "gpu_mem_gb": 1.524}
{"step": 200, "tension_global": 86177.75, "psi_direction": 0.49774, "psi_w_mean": 0.223061, "global_dev": -0.00226, "n6_gates_open": 424, "n_param_tensors": 424, "l_hebbian": 0.00063388, "byte_acc_readout": 0.001221, "ce_readout_NOT_trained": 9.992498, "wall_s": 40.19, "gpu_mem_gb": 1.524}
{"step": 300, "tension_global": 86338.140625, "psi_direction": 0.499861, "psi_w_mean": 0.223052, "global_dev": -0.000139, "n6_gates_open": 424, "n_param_tensors": 424, "l_hebbian": 0.0002409, "byte_acc_readout": 0.002686, "ce_readout_NOT_trained": 8.849766, "wall_s": 60.16, "gpu_mem_gb": 1.524}
{"step": 400, "tension_global": 86223.6328125, "psi_direction": 0.499106, "psi_w_mean": 0.223053, "global_dev": -0.000894, "n6_gates_open": 424, "n_param_tensors": 424, "l_hebbian": 9.993e-05, "byte_acc_readout": 0.003662, "ce_readout_NOT_trained": 7.685493, "wall_s": 80.16, "gpu_mem_gb": 1.524}
{"step": 500, "tension_global": 85880.6171875, "psi_direction": 0.499621, "psi_w_mean": 0.223054, "global_dev": -0.000379, "n6_gates_open": 424, "n_param_tensors": 424, "l_hebbian": 4.167e-05, "byte_acc_readout": 0.001953, "ce_readout_NOT_trained": 6.179279, "wall_s": 100.16, "gpu_mem_gb": 1.524}
{"step": 600, "tension_global": 86222.125, "psi_direction": 0.480908, "psi_w_mean": 0.223054, "global_dev": -0.019092, "n6_gates_open": 424, "n_param_tensors": 424, "l_hebbian": 1.739e-05, "byte_acc_readout": 0.001221, "ce_readout_NOT_trained": 5.02186, "wall_s": 120.15, "gpu_mem_gb": 1.524}
{"step": 700, "tension_global": 86340.28125, "psi_direction": 0.476214, "psi_w_mean": 0.223055, "global_dev": -0.023786, "n6_gates_open": 424, "n_param_tensors": 424, "l_hebbian": 7.26e-06, "byte_acc_readout": 0.0, "ce_readout_NOT_trained": 4.953978, "wall_s": 140.12, "gpu_mem_gb": 1.524}
{"step": 800, "tension_global": 86345.0625, "psi_direction": 0.476071, "psi_w_mean": 0.223055, "global_dev": -0.023929, "n6_gates_open": 424, "n_param_tensors": 424, "l_hebbian": 3.03e-06, "byte_acc_readout": 0.0, "ce_readout_NOT_trained": 4.951028, "wall_s": 160.15, "gpu_mem_gb": 1.524}
{"step": 900, "tension_global": 86341.1015625, "psi_direction": 0.476076, "psi_w_mean": 0.223055, "global_dev": -0.023924, "n6_gates_open": 424, "n_param_tensors": 424, "l_hebbian": 1.26e-06, "byte_acc_readout": 0.0, "ce_readout_NOT_trained": 4.949624, "wall_s": 180.13, "gpu_mem_gb": 1.524}
{"step": 1000, "tension_global": 86339.65625, "psi_direction": 0.47606, "psi_w_mean": 0.223055, "global_dev": -0.02394, "n6_gates_open": 424, "n_param_tensors": 424, "l_hebbian": 5.3e-07, "byte_acc_readout": 0.0, "ce_readout_NOT_trained": 4.949252, "wall_s": 200.07, "gpu_mem_gb": 1.524}
{"step": 1100, "tension_global": 86339.71875, "psi_direction": 0.476063, "psi_w_mean": 0.223055, "global_dev": -0.023937, "n6_gates_open": 424, "n_param_tensors": 424, "l_hebbian": 2.2e-07, "byte_acc_readout": 0.0, "ce_readout_NOT_trained": 4.949001, "wall_s": 219.99, "gpu_mem_gb": 1.524}
{"step": 1200, "tension_global": 86339.7109375, "psi_direction": 0.476066, "psi_w_mean": 0.223055, "global_dev": -0.023934, "n6_gates_open": 424, "n_param_tensors": 424, "l_hebbian": 1e-07, "byte_acc_readout": 0.0, "ce_readout_NOT_trained": 4.948856, "wall_s": 239.85, "gpu_mem_gb": 1.524}
{"step": 1300, "tension_global": 86339.75, "psi_direction": 0.476066, "psi_w_mean": 0.223055, "global_dev": -0.023934, "n6_gates_open": 424, "n_param_tensors": 424, "l_hebbian": 4e-08, "byte_acc_readout": 0.0, "ce_readout_NOT_trained": 4.948813, "wall_s": 259.88, "gpu_mem_gb": 1.524}
{"step": 1400, "tension_global": 86339.8359375, "psi_direction": 0.476066, "psi_w_mean": 0.223055, "global_dev": -0.023934, "n6_gates_open": 424, "n_param_tensors": 424, "l_hebbian": 2e-08, "byte_acc_readout": 0.0, "ce_readout_NOT_trained": 4.948788, "wall_s": 279.85, "gpu_mem_gb": 1.524}
{"step": 1500, "tension_global": 86339.828125, "psi_direction": 0.476066, "psi_w_mean": 0.223055, "global_dev": -0.023934, "n6_gates_open": 424, "n_param_tensors": 424, "l_hebbian": 2e-08, "byte_acc_readout": 0.001709, "ce_readout_NOT_trained": 4.948777, "wall_s": 299.75, "gpu_mem_gb": 1.524}
{"step": 1600, "tension_global": 86339.8203125, "psi_direction": 0.476067, "psi_w_mean": 0.223055, "global_dev": -0.023933, "n6_gates_open": 424, "n_param_tensors": 424, "l_hebbian": 1e-08, "byte_acc_readout": 0.002197, "ce_readout_NOT_trained": 4.948775, "wall_s": 319.67, "gpu_mem_gb": 1.524}
{"step": 1700, "tension_global": 86339.8359375, "psi_direction": 0.476066, "psi_w_mean": 0.223055, "global_dev": -0.023934, "n6_gates_open": 424, "n_param_tensors": 424, "l_hebbian": 1e-08, "byte_acc_readout": 0.001221, "ce_readout_NOT_trained": 4.948767, "wall_s": 339.52, "gpu_mem_gb": 1.524}
{"step": 1800, "tension_global": 86339.8125, "psi_direction": 0.476067, "psi_w_mean": 0.223055, "global_dev": -0.023933, "n6_gates_open": 424, "n_param_tensors": 424, "l_hebbian": 1e-08, "byte_acc_readout": 0.001709, "ce_readout_NOT_trained": 4.948773, "wall_s": 359.36, "gpu_mem_gb": 1.524}
{"step": 1900, "tension_global": 86339.8125, "psi_direction": 0.476067, "psi_w_mean": 0.223055, "global_dev": -0.023933, "n6_gates_open": 424, "n_param_tensors": 424, "l_hebbian": 1e-08, "byte_acc_readout": 0.000732, "ce_readout_NOT_trained": 4.948774, "wall_s": 379.12, "gpu_mem_gb": 1.524}
{"step": 2000, "tension_global": 86339.8125, "psi_direction": 0.476066, "psi_w_mean": 0.223055, "global_dev": -0.023934, "n6_gates_open": 424, "n_param_tensors": 424, "l_hebbian": 1e-08, "byte_acc_readout": 0.000244, "ce_readout_NOT_trained": 4.948776, "wall_s": 398.84, "gpu_mem_gb": 1.524}
{"step": 2100, "tension_global": 86339.8125, "psi_direction": 0.476067, "psi_w_mean": 0.223055, "global_dev": -0.023933, "n6_gates_open": 424, "n_param_tensors": 424, "l_hebbian": 1e-08, "byte_acc_readout": 0.000244, "ce_readout_NOT_trained": 4.948776, "wall_s": 418.51, "gpu_mem_gb": 1.524}
{"step": 2200, "tension_global": 86339.8125, "psi_direction": 0.476067, "psi_w_mean": 0.223055, "global_dev": -0.023933, "n6_gates_open": 424, "n_param_tensors": 424, "l_hebbian": 1e-08, "byte_acc_readout": 0.000244, "ce_readout_NOT_trained": 4.948776, "wall_s": 438.13, "gpu_mem_gb": 1.524}
{"step": 2300, "tension_global": 86339.828125, "psi_direction": 0.476067, "psi_w_mean": 0.223055, "global_dev": -0.023933, "n6_gates_open": 424, "n_param_tensors": 424, "l_hebbian": 1e-08, "byte_acc_readout": 0.002441, "ce_readout_NOT_trained": 4.948771, "wall_s": 457.76, "gpu_mem_gb": 1.524}
{"step": 2400, "tension_global": 86339.78125, "psi_direction": 0.476067, "psi_w_mean": 0.223055, "global_dev": -0.023933, "n6_gates_open": 424, "n_param_tensors": 424, "l_hebbian": 1e-08, "byte_acc_readout": 0.000732, "ce_readout_NOT_trained": 4.948785, "wall_s": 477.4, "gpu_mem_gb": 1.524}
{"step": 2500, "tension_global": 86339.8359375, "psi_direction": 0.476066, "psi_w_mean": 0.223055, "global_dev": -0.023934, "n6_gates_open": 424, "n_param_tensors": 424, "l_hebbian": 1e-08, "byte_acc_readout": 0.001709, "ce_readout_NOT_trained": 4.948766, "wall_s": 497.0, "gpu_mem_gb": 1.524}
{"step": 2600, "tension_global": 86339.78125, "psi_direction": 0.476067, "psi_w_mean": 0.223055, "global_dev": -0.023933, "n6_gates_open": 424, "n_param_tensors": 424, "l_hebbian": 1e-08, "byte_acc_readout": 0.000244, "ce_readout_NOT_trained": 4.948783, "wall_s": 516.71, "gpu_mem_gb": 1.524}
{"step": 2700, "tension_global": 86339.828125, "psi_direction": 0.476066, "psi_w_mean": 0.223055, "global_dev": -0.023934, "n6_gates_open": 424, "n_param_tensors": 424, "l_hebbian": 1e-08, "byte_acc_readout": 0.000977, "ce_readout_NOT_trained": 4.948771, "wall_s": 536.42, "gpu_mem_gb": 1.524}
{"step": 2800, "tension_global": 86339.8125, "psi_direction": 0.476066, "psi_w_mean": 0.223055, "global_dev": -0.023934, "n6_gates_open": 424, "n_param_tensors": 424, "l_hebbian": 1e-08, "byte_acc_readout": 0.000244, "ce_readout_NOT_trained": 4.948776, "wall_s": 556.14, "gpu_mem_gb": 1.524}
{"step": 2900, "tension_global": 86339.8515625, "psi_direction": 0.476066, "psi_w_mean": 0.223055, "global_dev": -0.023934, "n6_gates_open": 424, "n_param_tensors": 424, "l_hebbian": 1e-08, "byte_acc_readout": 0.000732, "ce_readout_NOT_trained": 4.948766, "wall_s": 575.78, "gpu_mem_gb": 1.524}
{"step": 3000, "tension_global": 86339.796875, "psi_direction": 0.476067, "psi_w_mean": 0.223055, "global_dev": -0.023933, "n6_gates_open": 424, "n_param_tensors": 424, "l_hebbian": 1e-08, "byte_acc_readout": 0.001709, "ce_readout_NOT_trained": 4.948779, "wall_s": 595.42, "gpu_mem_gb": 1.524}
{"step": 3100, "tension_global": 86339.8125, "psi_direction": 0.476066, "psi_w_mean": 0.223055, "global_dev": -0.023934, "n6_gates_open": 424, "n_param_tensors": 424, "l_hebbian": 1e-08, "byte_acc_readout": 0.000488, "ce_readout_NOT_trained": 4.948773, "wall_s": 615.1, "gpu_mem_gb": 1.524}
{"step": 3200, "tension_global": 86339.8125, "psi_direction": 0.476067, "psi_w_mean": 0.223055, "global_dev": -0.023933, "n6_gates_open": 424, "n_param_tensors": 424, "l_hebbian": 1e-08, "byte_acc_readout": 0.001221, "ce_readout_NOT_trained": 4.948774, "wall_s": 634.76, "gpu_mem_gb": 1.524}
{"step": 3300, "tension_global": 86339.8125, "psi_direction": 0.476067, "psi_w_mean": 0.223055, "global_dev": -0.023933, "n6_gates_open": 424, "n_param_tensors": 424, "l_hebbian": 1e-08, "byte_acc_readout": 0.0, "ce_readout_NOT_trained": 4.948774, "wall_s": 654.45, "gpu_mem_gb": 1.524}
{"step": 3400, "tension_global": 86339.8125, "psi_direction": 0.476067, "psi_w_mean": 0.223055, "global_dev": -0.023933, "n6_gates_open": 424, "n_param_tensors": 424, "l_hebbian": 1e-08, "byte_acc_readout": 0.001465, "ce_readout_NOT_trained": 4.948775, "wall_s": 674.13, "gpu_mem_gb": 1.524}
{"step": 3500, "tension_global": 86339.8125, "psi_direction": 0.476066, "psi_w_mean": 0.223055, "global_dev": -0.023934, "n6_gates_open": 424, "n_param_tensors": 424, "l_hebbian": 1e-08, "byte_acc_readout": 0.000977, "ce_readout_NOT_trained": 4.948776, "wall_s": 693.84, "gpu_mem_gb": 1.524}
{"step": 3600, "tension_global": 86339.8203125, "psi_direction": 0.476067, "psi_w_mean": 0.223055, "global_dev": -0.023933, "n6_gates_open": 424, "n_param_tensors": 424, "l_hebbian": 1e-08, "byte_acc_readout": 0.001465, "ce_readout_NOT_trained": 4.948771, "wall_s": 713.47, "gpu_mem_gb": 1.524}
{"step": 3700, "tension_global": 86339.796875, "psi_direction": 0.476067, "psi_w_mean": 0.223055, "global_dev": -0.023933, "n6_gates_open": 424, "n_param_tensors": 424, "l_hebbian": 1e-08, "byte_acc_readout": 0.000488, "ce_readout_NOT_trained": 4.948781, "wall_s": 733.17, "gpu_mem_gb": 1.524}
{"step": 3800, "tension_global": 86339.84375, "psi_direction": 0.476066, "psi_w_mean": 0.223055, "global_dev": -0.023934, "n6_gates_open": 424, "n_param_tensors": 424, "l_hebbian": 1e-08, "byte_acc_readout": 0.001953, "ce_readout_NOT_trained": 4.948765, "wall_s": 752.91, "gpu_mem_gb": 1.524}
{"step": 3900, "tension_global": 86339.8203125, "psi_direction": 0.476067, "psi_w_mean": 0.223055, "global_dev": -0.023933, "n6_gates_open": 424, "n_param_tensors": 424, "l_hebbian": 1e-08, "byte_acc_readout": 0.000488, "ce_readout_NOT_trained": 4.948771, "wall_s": 772.56, "gpu_mem_gb": 1.524}
{"step": 4000, "tension_global": 86339.796875, "psi_direction": 0.476067, "psi_w_mean": 0.223055, "global_dev": -0.023933, "n6_gates_open": 424, "n_param_tensors": 424, "l_hebbian": 1e-08, "byte_acc_readout": 0.000732, "ce_readout_NOT_trained": 4.94878, "wall_s": 792.23, "gpu_mem_gb": 1.524}
RESULT_JSON_WRITTEN
{"path": "purephysics_noce", "ce_removed": true, "init_psi_direction": 0.501287, "final_psi_direction": 0.476067, "final_psi_w_mean": 0.223055, "final_byte_acc_readout": 0.000732, "ce_readout_init_NOT_trained": 5.68043, "ce_readout_final_NOT_trained": 4.94878, "wall_s": 792.23}
