=== hexad v3 d=768x12L PyTorch substrate fire CYCLE 4 (motivation-trigger corpus v3 10× scale) ===
Sun May 17 05:20:16 UTC 2026
[1/9] Selecting A100 offer...
A100 SXM4 $0.734/hr rel=0.996
  offer=36878342
[2/9] Renting (pytorch devel image)...
  instance=36919284
  orphan-watchdog pid=94327 cap=75min
[3/9] Waiting SSH...
  attempt 1/90 status=None
  attempt 2/90 status=loading
  attempt 3/90 status=loading
  attempt 4/90 status=loading
  SSH ready ssh9.vast.ai:39284 (after 5x5s)
[4/9] Upload arch + trainer + corpus v3...
Warning: Permanently added '[ssh9.vast.ai]:39284' (ED25519) to the list of known hosts.
Welcome to vast.ai. If authentication fails, try again after a few seconds, and double check your ssh key.
Have fun!
Warning: Permanently added '[ssh9.vast.ai]:39284' (ED25519) to the list of known hosts.
Welcome to vast.ai. If authentication fails, try again after a few seconds, and double check your ssh key.
Have fun!
Warning: Permanently added '[ssh9.vast.ai]:39284' (ED25519) to the list of known hosts.
Welcome to vast.ai. If authentication fails, try again after a few seconds, and double check your ssh key.
Have fun!
Warning: Permanently added '[ssh9.vast.ai]:39284' (ED25519) to the list of known hosts.
Welcome to vast.ai. If authentication fails, try again after a few seconds, and double check your ssh key.
Have fun!
[5/9] GPU + torch + corpus verify...
Warning: Permanently added '[ssh9.vast.ai]:39284' (ED25519) to the list of known hosts.
Welcome to vast.ai. If authentication fails, try again after a few seconds, and double check your ssh key.
Have fun!
2.5.1+cu121 True NVIDIA A100-SXM4-40GB
21600 corpus_v3.jsonl
1afcef43670e83bfc84b3562afe6a3eb644474dda06341e37db332341495acfd  corpus_v3.jsonl
[6/9] Sanity-anchor (d=32x3L, 200 step) via remote-script...
Warning: Permanently added '[ssh9.vast.ai]:39284' (ED25519) to the list of known hosts.
Welcome to vast.ai. If authentication fails, try again after a few seconds, and double check your ssh key.
Have fun!
Warning: Permanently added '[ssh9.vast.ai]:39284' (ED25519) to the list of known hosts.
Welcome to vast.ai. If authentication fails, try again after a few seconds, and double check your ssh key.
Have fun!
/workspace/anima/train_d768x12l.py:103: FutureWarning: `torch.cuda.amp.GradScaler(args...)` is deprecated. Please use `torch.amp.GradScaler('cuda', args...)` instead.
  scaler = torch.cuda.amp.GradScaler(enabled=use_amp)
{"step": 1, "ce": 5.549805, "gn2": 0.335441, "ppl": 257.1873, "lr": 0.0002, "wall_s": 0.47, "gpu_mem_gb": 0.036}
{"step": 10, "ce": 5.281891, "gn2": 1.128515, "ppl": 196.7415, "lr": 0.00099907, "wall_s": 0.73, "gpu_mem_gb": 0.039}
{"step": 20, "ce": 4.923309, "gn2": 0.686951, "ppl": 137.4568, "lr": 0.0009886, "wall_s": 1.0, "gpu_mem_gb": 0.039}
{"step": 30, "ce": 4.623077, "gn2": 0.585768, "ppl": 101.8069, "lr": 0.00096678, "wall_s": 1.26, "gpu_mem_gb": 0.039}
{"step": 40, "ce": 4.332352, "gn2": 0.603671, "ppl": 76.1231, "lr": 0.00093416, "wall_s": 1.53, "gpu_mem_gb": 0.039}
{"step": 50, "ce": 4.22525, "gn2": 0.481668, "ppl": 68.3916, "lr": 0.00089159, "wall_s": 1.79, "gpu_mem_gb": 0.039}
{"step": 60, "ce": 4.065826, "gn2": 0.318635, "ppl": 58.3131, "lr": 0.00084018, "wall_s": 2.06, "gpu_mem_gb": 0.039}
{"step": 70, "ce": 3.883057, "gn2": 0.241257, "ppl": 48.5725, "lr": 0.00078125, "wall_s": 2.33, "gpu_mem_gb": 0.039}
{"step": 80, "ce": 3.786774, "gn2": 0.252657, "ppl": 44.1138, "lr": 0.00071633, "wall_s": 2.59, "gpu_mem_gb": 0.039}
{"step": 90, "ce": 3.750031, "gn2": 0.170883, "ppl": 42.5224, "lr": 0.0006471, "wall_s": 2.86, "gpu_mem_gb": 0.039}
{"step": 100, "ce": 3.738358, "gn2": 0.243369, "ppl": 42.0289, "lr": 0.00057536, "wall_s": 3.12, "gpu_mem_gb": 0.039}
{"step": 110, "ce": 3.583771, "gn2": 0.136542, "ppl": 36.0091, "lr": 0.00050296, "wall_s": 3.39, "gpu_mem_gb": 0.039}
{"step": 120, "ce": 3.528214, "gn2": 0.138944, "ppl": 34.0631, "lr": 0.00043178, "wall_s": 3.65, "gpu_mem_gb": 0.039}
{"step": 130, "ce": 3.584152, "gn2": 0.142581, "ppl": 36.0228, "lr": 0.00036366, "wall_s": 3.92, "gpu_mem_gb": 0.039}
{"step": 140, "ce": 3.535278, "gn2": 0.130898, "ppl": 34.3046, "lr": 0.00030037, "wall_s": 4.19, "gpu_mem_gb": 0.039}
{"step": 150, "ce": 3.552872, "gn2": 0.133287, "ppl": 34.9134, "lr": 0.00024354, "wall_s": 4.45, "gpu_mem_gb": 0.039}
{"step": 160, "ce": 3.434143, "gn2": 0.085104, "ppl": 31.0048, "lr": 0.00019465, "wall_s": 4.74, "gpu_mem_gb": 0.039}
{"step": 170, "ce": 3.508118, "gn2": 0.166045, "ppl": 33.3854, "lr": 0.00015497, "wall_s": 5.04, "gpu_mem_gb": 0.039}
{"step": 180, "ce": 3.44577, "gn2": 0.125763, "ppl": 31.3674, "lr": 0.00012551, "wall_s": 5.32, "gpu_mem_gb": 0.039}
{"step": 190, "ce": 3.368668, "gn2": 0.106862, "ppl": 29.0398, "lr": 0.00010705, "wall_s": 5.6, "gpu_mem_gb": 0.039}
{"step": 200, "ce": 3.492554, "gn2": 0.127857, "ppl": 32.8698, "lr": 0.00010006, "wall_s": 5.89, "gpu_mem_gb": 0.039}
RESULT_JSON_WRITTEN
{"init_ce": 5.549805, "final_ce": 3.492554, "ce_descent": 2.057251, "wall_s": 5.89, "n_params_M": 0.18}
[7/9] MAIN fire d=768 n_layer=12 from-scratch corpus v3 (10×), 2500 steps...
Warning: Permanently added '[ssh9.vast.ai]:39284' (ED25519) to the list of known hosts.
Welcome to vast.ai. If authentication fails, try again after a few seconds, and double check your ssh key.
Have fun!
Warning: Permanently added '[ssh9.vast.ai]:39284' (ED25519) to the list of known hosts.
Welcome to vast.ai. If authentication fails, try again after a few seconds, and double check your ssh key.
Have fun!
/workspace/anima/train_d768x12l.py:103: FutureWarning: `torch.cuda.amp.GradScaler(args...)` is deprecated. Please use `torch.amp.GradScaler('cuda', args...)` instead.
  scaler = torch.cuda.amp.GradScaler(enabled=use_amp)
{"step": 1, "ce": 5.640663, "gn2": 30.418763, "ppl": 281.6494, "lr": 2.4e-06, "wall_s": 0.4, "gpu_mem_gb": 7.455}
{"step": 62, "ce": 2.069769, "gn2": 3.665596, "ppl": 7.923, "lr": 0.0001488, "wall_s": 8.32, "gpu_mem_gb": 9.692}
{"step": 124, "ce": 0.964177, "gn2": 7.152367, "ppl": 2.6226, "lr": 0.0002976, "wall_s": 16.3, "gpu_mem_gb": 9.692}
{"step": 186, "ce": 0.159966, "gn2": 0.950958, "ppl": 1.1735, "lr": 0.00029958, "wall_s": 24.28, "gpu_mem_gb": 9.692}
{"step": 248, "ce": 0.067036, "gn2": 0.296362, "ppl": 1.0693, "lr": 0.00029825, "wall_s": 32.28, "gpu_mem_gb": 9.692}
{"step": 310, "ce": 0.04259, "gn2": 0.117339, "ppl": 1.0435, "lr": 0.00029602, "wall_s": 40.3, "gpu_mem_gb": 9.692}
{"step": 372, "ce": 0.034321, "gn2": 0.112283, "ppl": 1.0349, "lr": 0.00029292, "wall_s": 48.36, "gpu_mem_gb": 9.692}
{"step": 434, "ce": 0.04085, "gn2": 0.132578, "ppl": 1.0417, "lr": 0.00028895, "wall_s": 56.5, "gpu_mem_gb": 9.692}
{"step": 496, "ce": 0.075707, "gn2": 0.464934, "ppl": 1.0786, "lr": 0.00028415, "wall_s": 64.72, "gpu_mem_gb": 9.692}
{"step": 558, "ce": 0.024266, "gn2": 0.038948, "ppl": 1.0246, "lr": 0.00027855, "wall_s": 72.81, "gpu_mem_gb": 9.692}
{"step": 620, "ce": 0.023994, "gn2": 0.045004, "ppl": 1.0243, "lr": 0.00027219, "wall_s": 80.88, "gpu_mem_gb": 9.692}
{"step": 682, "ce": 0.0357, "gn2": 0.238397, "ppl": 1.0363, "lr": 0.00026511, "wall_s": 88.96, "gpu_mem_gb": 9.692}
{"step": 744, "ce": 0.022261, "gn2": 0.088992, "ppl": 1.0225, "lr": 0.00025735, "wall_s": 97.07, "gpu_mem_gb": 9.692}
{"step": 806, "ce": 0.027021, "gn2": 0.036278, "ppl": 1.0274, "lr": 0.00024897, "wall_s": 105.16, "gpu_mem_gb": 9.692}
{"step": 868, "ce": 0.015687, "gn2": 0.145257, "ppl": 1.0158, "lr": 0.00024003, "wall_s": 113.27, "gpu_mem_gb": 9.692}
{"step": 930, "ce": 0.021646, "gn2": 0.021568, "ppl": 1.0219, "lr": 0.00023058, "wall_s": 121.39, "gpu_mem_gb": 9.692}
{"step": 992, "ce": 0.021574, "gn2": 0.057545, "ppl": 1.0218, "lr": 0.0002207, "wall_s": 129.5, "gpu_mem_gb": 9.692}
{"step": 1054, "ce": 0.020994, "gn2": 0.023826, "ppl": 1.0212, "lr": 0.00021044, "wall_s": 137.64, "gpu_mem_gb": 9.692}
{"step": 1116, "ce": 0.018, "gn2": 0.019097, "ppl": 1.0182, "lr": 0.00019987, "wall_s": 145.78, "gpu_mem_gb": 9.692}
{"step": 1178, "ce": 0.017741, "gn2": 0.024736, "ppl": 1.0179, "lr": 0.00018907, "wall_s": 153.92, "gpu_mem_gb": 9.692}
{"step": 1240, "ce": 0.021225, "gn2": 0.025941, "ppl": 1.0215, "lr": 0.0001781, "wall_s": 162.09, "gpu_mem_gb": 9.692}
{"step": 1302, "ce": 0.013683, "gn2": 0.004572, "ppl": 1.0138, "lr": 0.00016705, "wall_s": 170.23, "gpu_mem_gb": 9.692}
{"step": 1364, "ce": 0.017398, "gn2": 0.008263, "ppl": 1.0176, "lr": 0.00015599, "wall_s": 178.41, "gpu_mem_gb": 9.692}
{"step": 1426, "ce": 0.015911, "gn2": 0.009091, "ppl": 1.016, "lr": 0.00014498, "wall_s": 186.62, "gpu_mem_gb": 9.692}
{"step": 1488, "ce": 0.013965, "gn2": 0.014878, "ppl": 1.0141, "lr": 0.00013411, "wall_s": 194.92, "gpu_mem_gb": 9.692}
{"step": 1550, "ce": 0.013353, "gn2": 0.002986, "ppl": 1.0134, "lr": 0.00012345, "wall_s": 203.08, "gpu_mem_gb": 9.692}
{"step": 1612, "ce": 0.012624, "gn2": 0.00281, "ppl": 1.0127, "lr": 0.00011307, "wall_s": 211.27, "gpu_mem_gb": 9.692}
{"step": 1674, "ce": 0.010901, "gn2": 0.004, "ppl": 1.011, "lr": 0.00010304, "wall_s": 219.44, "gpu_mem_gb": 9.692}
{"step": 1736, "ce": 0.008835, "gn2": 0.001997, "ppl": 1.0089, "lr": 9.342e-05, "wall_s": 227.61, "gpu_mem_gb": 9.692}
{"step": 1798, "ce": 0.005585, "gn2": 0.002237, "ppl": 1.0056, "lr": 8.428e-05, "wall_s": 235.77, "gpu_mem_gb": 9.692}
{"step": 1860, "ce": 0.009841, "gn2": 0.002553, "ppl": 1.0099, "lr": 7.569e-05, "wall_s": 243.92, "gpu_mem_gb": 9.692}
{"step": 1922, "ce": 0.007681, "gn2": 0.001367, "ppl": 1.0077, "lr": 6.77e-05, "wall_s": 252.07, "gpu_mem_gb": 9.692}
{"step": 1984, "ce": 0.008542, "gn2": 0.002067, "ppl": 1.0086, "lr": 6.036e-05, "wall_s": 260.24, "gpu_mem_gb": 9.692}
{"step": 2046, "ce": 0.007318, "gn2": 0.001039, "ppl": 1.0073, "lr": 5.372e-05, "wall_s": 268.39, "gpu_mem_gb": 9.692}
{"step": 2108, "ce": 0.009935, "gn2": 0.001851, "ppl": 1.01, "lr": 4.783e-05, "wall_s": 276.54, "gpu_mem_gb": 9.692}
{"step": 2170, "ce": 0.010337, "gn2": 0.002402, "ppl": 1.0104, "lr": 4.273e-05, "wall_s": 284.7, "gpu_mem_gb": 9.692}
{"step": 2232, "ce": 0.007458, "gn2": 0.001238, "ppl": 1.0075, "lr": 3.846e-05, "wall_s": 292.86, "gpu_mem_gb": 9.692}
{"step": 2294, "ce": 0.011239, "gn2": 0.002181, "ppl": 1.0113, "lr": 3.503e-05, "wall_s": 301.02, "gpu_mem_gb": 9.692}
{"step": 2356, "ce": 0.008514, "gn2": 0.001798, "ppl": 1.0086, "lr": 3.248e-05, "wall_s": 309.18, "gpu_mem_gb": 9.692}
{"step": 2418, "ce": 0.010841, "gn2": 0.002416, "ppl": 1.0109, "lr": 3.081e-05, "wall_s": 317.38, "gpu_mem_gb": 9.692}
{"step": 2480, "ce": 0.008265, "gn2": 0.00146, "ppl": 1.0083, "lr": 3.005e-05, "wall_s": 325.69, "gpu_mem_gb": 9.692}
{"step": 2500, "ce": 0.008289, "gn2": 0.001703, "ppl": 1.0083, "lr": 3e-05, "wall_s": 328.33, "gpu_mem_gb": 9.692}
RESULT_JSON_WRITTEN
{"init_ce": 5.640663, "final_ce": 0.008289, "ce_descent": 5.632374, "wall_s": 328.33, "n_params_M": 283.72}
DONE_MARKER rc=0
[8/9] Verify result.json then SAVE_POD auto-promote + pull retry >=5...
  result.json present -> SAVE_POD=1 auto-promote
  pull attempt 1/5...
Warning: Permanently added '[ssh9.vast.ai]:39284' (ED25519) to the list of known hosts.
Welcome to vast.ai. If authentication fails, try again after a few seconds, and double check your ssh key.
Have fun!
Warning: Permanently added '[ssh9.vast.ai]:39284' (ED25519) to the list of known hosts.
Welcome to vast.ai. If authentication fails, try again after a few seconds, and double check your ssh key.
Have fun!
Warning: Permanently added '[ssh9.vast.ai]:39284' (ED25519) to the list of known hosts.
Welcome to vast.ai. If authentication fails, try again after a few seconds, and double check your ssh key.
Have fun!
Warning: Permanently added '[ssh9.vast.ai]:39284' (ED25519) to the list of known hosts.
Welcome to vast.ai. If authentication fails, try again after a few seconds, and double check your ssh key.
Have fun!
  ckpt pull OK (try 1)
  ckpt sha256: 1c0806213fbcaa9226a7593d87c31f5f95bb94db135240b8d02f738ddcb177aa
  ckpt size: 1135846378 bytes
  PULL SUCCESS -> safe to destroy
[9/9] Done. teardown via trap (SAVE_POD=0).
Sun May 17 05:32:41 UTC 2026
total 2228752
drwxr-xr-x@  4 ghost  staff         128 May 17 14:27 .
drwxr-xr-x@ 17 ghost  staff         544 May 17 14:27 ..
-rw-r--r--@  1 ghost  staff  1135846378 May 17 14:32 ckpt_d768x12l_final.pt
-rw-r--r--@  1 ghost  staff        8608 May 17 14:27 result.json
[cleanup] destroying 36919284
destroying instance 36919284.
dispatch.sh: line 57: 94327 Terminated: 15          ( PARENT_PID=$$; for _ in $(seq 1 $WATCHDOG_MIN);
do
    sleep 60; if ! kill -0 $PARENT_PID 2> /dev/null; then
        echo "[watchdog] parent died, destroying $IID" >> "$LOCAL_DIR/watchdog.log"; $VASTAI destroy instance "$IID" >> "$LOCAL_DIR/watchdog.log" 2>&1; exit 0;
    fi;
done; echo "[watchdog] ${WATCHDOG_MIN}min cap hit, force-destroying $IID" >> "$LOCAL_DIR/watchdog.log"; $VASTAI destroy instance "$IID" >> "$LOCAL_DIR/watchdog.log" 2>&1 )
