════════════════════════════════════════════════════════════════
  H_350 verify — Savant Index SI vs Φ-diversity correlation
════════════════════════════════════════════════════════════════
  SI       = max(domain_phi) / mean(domain_phi)  [primary]
  ΦD       = max(domain_phi) / min(domain_phi)   [primary]
  ΦD_alt   = std(domain_phi) / mean(domain_phi)  [sensitivity]
  N samples = 4 dom × 5 g_focus × 2 stim = 40

  sample count = 40
  SI range  = [1.1112, 3.03992] mean=1.67268
  ΦD range  = [1.24613, 13.482] mean=3.65514
  ΦDalt range = [0.07872, 1.18098] mean=0.433209

──────────────────────────────────────────────────────────────
  PRIMARY  SI ~ ΦD(max/min):
    Pearson  r = 0.926356
    Spearman ρ = 0.882541

  SENSITIVITY  SI ~ ΦD(std/mean):
    Pearson  r = 0.98958
    Spearman ρ = 0.948218
──────────────────────────────────────────────────────────────

  sample preview (SI, ΦD_maxmin, ΦD_stdmean):
    [0] SI=1.29363 ΦD=2.55713 ΦDalt=0.302619
    [1] SI=1.37772 ΦD=2.06216 ΦDalt=0.253637
    [2] SI=1.11244 ΦD=1.2842 ΦDalt=0.0877211
    [3] SI=1.28539 ΦD=1.72484 ΦDalt=0.221579
    [4] SI=1.3057 ΦD=1.67202 ΦDalt=0.193679
    [5] SI=1.63604 ΦD=2.59357 ΦDalt=0.394267
    [6] SI=1.63217 ΦD=2.37037 ΦDalt=0.37172
    [7] SI=2.00426 ΦD=3.90658 ΦDalt=0.596002
    ...
    [36] SI=1.51137 ΦD=1.89843 ΦDalt=0.297931
    [37] SI=1.52752 ΦD=2.85696 ΦDalt=0.353924
    [38] SI=2.59693 ΦD=5.85875 ΦDalt=0.922285
    [39] SI=2.63841 ΦD=10.1695 ΦDalt=0.953527

══════════════════════════════════════════════════════════════
  VERDICT: 🟢 SUPPORTED-NUMERICAL
  r=0.926356 ρ=0.882541 (둘 중 하나 ≥ 0.5, r ≥ 0)
  Sensitivity (std/mean): r=0.98958 ρ=0.948218
══════════════════════════════════════════════════════════════
