[2026-05-10T03:23:39Z] === fix-5/6 tied embedding unified PoC ===
[2026-05-10T03:23:39Z] pod_name=fix56-tied-poc-1778383419-pid56104 budget_cap=$15 max_wall_min=
[2026-05-10T03:23:39Z] === Phase 0: prereq check ===
[2026-05-10T03:23:39Z] prereqs OK
[2026-05-10T03:23:39Z] === Phase 1: provision H100 SXM via resource CLI ===
ai-native: hexa invocation without --Mach-O on macOS.
  This call uses the stage0 interpreter; no native Mach-O codegen
  is produced. Use --Mach-O ONLY when you genuinely need a native
  arm64 binary (e.g. `hexa build --emit=exec` for a release).
  For hooks, probes, lints, and most dev work this warning is
  informational — no action required.
  Set HEXA_TARGET_MACHO=1 in your shell to silence per-session.
usage: run_remote.py [-h] [--host HOST] [--port PORT] [--timeout-s TIMEOUT_S]
                     [--poll-interval POLL_INTERVAL] [--json]
                     {hexa,py} path [args ...]
run_remote.py: error: unrecognized arguments: --provider runpod --gpu H100 --duration 6h --yes-cost --name fix56-tied-poc-1778383419-pid56104
[2026-05-10T03:23:39Z] FATAL: provision rc=2
[2026-05-10T04:17:10Z] === fix-5/6 tied embedding unified PoC (direct runpodctl bypass) ===
[2026-05-10T04:17:10Z] pod_name=fix56-tied-poc-1778386630-pid12785 budget_cap=$15 max_wall_min=361 py3=/usr/bin/python3
[2026-05-10T04:17:10Z] === Phase 0: prereq check ===
[2026-05-10T04:17:10Z] prereqs OK
[2026-05-10T04:17:10Z] === Phase 1: provision H100 SXM via runpodctl pod create ===
[2026-05-10T04:17:10Z] gpu=NVIDIA H100 80GB HBM3 template=runpod-torch-v240 name=fix56-tied-poc-1778386630-pid12785
{
  "containerDiskInGb": 40,
  "costPerHr": 2.99,
  "desiredStatus": "RUNNING",
  "env": [
    "PUBLIC_KEY=ssh-ed25519 AAAAC3NzaC1lZDI1NTE5AAAAIKOEWe0SBseZceuCgcVnlNDhEwbU/TIqGeK9FdrpIy9V ghost@ghostui-MacBookAir.local\n\nssh-rsa AAAAB3NzaC1yc2EAAAADAQABAAABAQCf5vOKHhrik9f3yA4IWXXGKPVvDQ8nFP5b1PF7a7YHuXMmZVSOvISYwph7yuCCYyZP8GTDm9MWHZVSR6ArijPxRfAbGDUtENFrHtyA5IGI9GycJkrYokI20neQXR4AGTwk/kVXOdaMaxEREFKhyffzZyrPKUEpZ7ikGXVM9MqWYNFvvy1ioQ7uuqyFq+65phVjojKgg4LWdnTjcxNzNrOgwlZqANx450Nhv3KAGhWSiLZgU6iA4JJ6gsq6t5S9p5n7T6EeypUyuKT4iOH0U5d4jIrssz0QwBncytLvQCvv7IpsapPqhgQzBXcGMZKkLS62UWYDRTeL7PPz3+N2hM4N RunPod-Key-Go"
  ],
  "gpuCount": 1,
  "id": "v8v694g06he7fm",
  "imageName": "runpod/pytorch:2.4.0-py3.11-cuda12.4.1-devel-ubuntu22.04",
  "lastStatusChange": "Rented by User: Sun May 10 2026 04:17:11 GMT+0000 (Coordinated Universal Time)",
  "machine": {
    "gpuDisplayName": "H100 SXM",
    "location": "IN"
  },
  "memoryInGb": 251,
  "name": "fix56-tied-poc-1778386630-pid12785",
  "ports": "8888/http,22/tcp",
  "vcpuCount": 28,
  "volumeInGb": 20,
  "volumeMountPath": "/workspace"
}
[2026-05-10T04:17:12Z] pod_id=v8v694g06he7fm
[2026-05-10T04:17:12Z] === Phase 1b: wait for pod RUNNING ===
[2026-05-10T04:17:25Z] pod_state=RUNNING (try 1/30)
[2026-05-10T04:17:25Z] ssh=:22
[2026-05-10T04:17:55Z] === Phase 2: SSH smoke + stage artifacts ===
Warning: Permanently added '' (ED25519) to the list of known hosts.
Received disconnect from ::1 port 22:2: Too many authentication failures
Disconnected from ::1 port 22
[2026-05-10T04:17:55Z] ssh retry 1/6
Warning: Permanently added '' (ED25519) to the list of known hosts.
Received disconnect from ::1 port 22:2: Too many authentication failures
Disconnected from ::1 port 22
[2026-05-10T04:18:11Z] ssh retry 2/6
Warning: Permanently added '' (ED25519) to the list of known hosts.
Received disconnect from ::1 port 22:2: Too many authentication failures
Disconnected from ::1 port 22
[2026-05-10T04:18:26Z] ssh retry 3/6
Warning: Permanently added '' (ED25519) to the list of known hosts.
Received disconnect from ::1 port 22:2: Too many authentication failures
Disconnected from ::1 port 22
[2026-05-10T04:18:41Z] ssh retry 4/6
Warning: Permanently added '' (ED25519) to the list of known hosts.
Received disconnect from ::1 port 22:2: Too many authentication failures
Disconnected from ::1 port 22
[2026-05-10T04:18:57Z] ssh retry 5/6
Warning: Permanently added '' (ED25519) to the list of known hosts.
Received disconnect from ::1 port 22:2: Too many authentication failures
Disconnected from ::1 port 22
[2026-05-10T04:19:12Z] ssh retry 6/6
ssh: Could not resolve hostname : nodename nor servname provided, or not known
[2026-05-10T04:19:27Z] stage complete
[2026-05-10T04:19:27Z] === Phase 3: install deps ===
ssh: Could not resolve hostname : nodename nor servname provided, or not known
[2026-05-10T04:19:27Z] === Phase 4: launch 3-branch sequential training ===
[2026-05-10T04:19:27Z] === Phase 5: heartbeat monitor ($15 hard cap) ===
[2026-05-10T04:21:27Z] hb t=257s cost=$0.18 pod=fix56-tied-poc-1778386630-pid12785
[2026-05-10T04:26:00Z] === fix-5/6 PoC CONTINUATION (pod_id=v8v694g06he7fm) ===
[2026-05-10T04:26:00Z] budget_cap=$15 max_wall_min=361
[2026-05-10T04:26:00Z] === waiting for pod SSH info ===
[2026-05-10T04:26:03Z] ssh_info try 1: host=103.207.149.153 port=11535
[2026-05-10T04:26:03Z] ssh=103.207.149.153:11535
[2026-05-10T04:26:03Z] === Phase 2: SSH smoke + stage artifacts ===
Warning: Permanently added '[103.207.149.153]:11535' (ED25519) to the list of known hosts.
SSH_OK
GPU 0: NVIDIA H100 80GB HBM3 (UUID: GPU-402691a1-b17a-0939-5b3c-311d54681307)
[2026-05-10T05:34:35Z] stage complete
[2026-05-10T05:34:35Z] === Phase 3: install deps ===
Successfully installed annotated-doc-0.0.4 click-8.3.3 hf-xet-1.5.0 huggingface-hub-1.14.0 markdown-it-py-4.2.0 mdurl-0.1.2 regex-2026.5.9 rich-15.0.0 safetensors-0.7.0 shellingham-1.5.4 tokenizers-0.22.2 tqdm-4.67.3 transformers-5.8.0 typer-0.25.1
WARNING: Running pip as the 'root' user can result in broken permissions and conflicting behaviour with the system package manager, possibly rendering your system unusable.It is recommended to use a virtual environment instead: https://pip.pypa.io/warnings/venv. Use the --root-user-action option if you know what you are doing and want to suppress this warning.

[notice] A new release of pip is available: 24.2 -> 26.1.1
[notice] To update, run: python -m pip install --upgrade pip
[2026-05-10T05:34:46Z] === Phase 4: launch 3-branch sequential training ===
