=== H_1641 PREDCODING-BINDING 303M obj=ce_marginal seed=7 ===
  device=cuda d=3784 L=4 E0=2 Emax=3 seq_len=1024 steps=2000 bs=8 sample=proportional use_bind=False use_var=False
  cuda: NVIDIA GeForce RTX 5070 cap=12.0 torch=2.11.0+cu130
  params: 345664875 (345.665M)
  corpus cell[0] ko-general   /home/summer/anima/.corpus_cache/anima-corpus-ko-general.txt size=60000356 train=57000338 val_tail=3000018
  corpus cell[1] en-general   /home/summer/anima/.corpus_cache/anima-corpus-en-general.txt size=60049637 train=57047155 val_tail=3002482
  corpus cell[2] ko-sns       /home/summer/anima/.corpus_cache/anima-corpus-ko-sns.txt size=6183822 train=5874630 val_tail=309192
  corpus cell[3] en-sns       /home/summer/anima/.corpus_cache/anima-corpus-en-sns.txt size=1326111 train=1259805 val_tail=66306
  step     1  CE=5.69268  E=2  wd=0.0500 dp=0.5000  val_CE=13.51298
  step    50  CE=2.57133  E=2  wd=0.0492 dp=0.4917
  step   100  CE=2.17328  E=2  wd=0.0483 dp=0.4833
  step   150  CE=2.05140  E=2  wd=0.0475 dp=0.4748
  step   200  CE=2.00795  E=2  wd=0.0466 dp=0.4664  val_CE=2.22917
  step   250  CE=1.85714  E=2  wd=0.0458 dp=0.4579
  step   300  CE=2.03172  E=2  wd=0.0449 dp=0.4495
  step   350  CE=1.89068  E=2  wd=0.0441 dp=0.4410
  step   400  CE=1.92089  E=2  wd=0.0433 dp=0.4326  val_CE=2.04746
  step   450  CE=1.83838  E=2  wd=0.0424 dp=0.4242
  step   500  CE=1.77334  E=2  wd=0.0416 dp=0.4157
  step   550  CE=1.71391  E=2  wd=0.0407 dp=0.4073
  step   600  CE=1.76139  E=2  wd=0.0399 dp=0.3988  val_CE=1.90321
  step   650  CE=1.84975  E=2  wd=0.0390 dp=0.3904
  step   700  CE=1.61554  E=2  wd=0.0382 dp=0.3819
  step   750  CE=1.59216  E=2  wd=0.0373 dp=0.3735
  step   800  CE=1.82607  E=2  wd=0.0365 dp=0.3650  val_CE=1.81104
  step   850  CE=1.69218  E=2  wd=0.0357 dp=0.3566
  step   900  CE=1.68639  E=2  wd=0.0348 dp=0.3481
  step   950  CE=1.65539  E=2  wd=0.0340 dp=0.3397
  step 1000 (MITOSIS SPLIT) E 2->3
  step  1000  CE=1.66588  E=3  wd=0.0331 dp=0.3312  val_CE=1.87053
  step  1050  CE=1.72850  E=3  wd=0.0323 dp=0.3228
  step  1100  CE=1.72409  E=3  wd=0.0314 dp=0.3144
  step  1150  CE=1.63654  E=3  wd=0.0306 dp=0.3059
  step  1200  CE=1.69134  E=3  wd=0.0297 dp=0.2975  val_CE=1.81244
  step  1250  CE=1.60677  E=3  wd=0.0289 dp=0.2890
  step  1300  CE=1.60195  E=3  wd=0.0281 dp=0.2806
  step  1350  CE=1.82655  E=3  wd=0.0272 dp=0.2721
  step  1400  CE=1.63288  E=3  wd=0.0264 dp=0.2637  val_CE=1.75828
  step  1450  CE=1.64487  E=3  wd=0.0255 dp=0.2552
  step  1500  CE=1.62541  E=3  wd=0.0247 dp=0.2468
  step  1550  CE=1.61134  E=3  wd=0.0238 dp=0.2383
  step  1600  CE=1.46795  E=3  wd=0.0230 dp=0.2299  val_CE=1.70030
  step  1650  CE=1.61700  E=3  wd=0.0221 dp=0.2214
  step  1700  CE=1.44973  E=3  wd=0.0213 dp=0.2130
  step  1750  CE=1.49295  E=3  wd=0.0205 dp=0.2045
  step  1800  CE=1.46739  E=3  wd=0.0196 dp=0.1961  val_CE=1.76193
  step  1850  CE=1.59823  E=3  wd=0.0188 dp=0.1877
  step  1900  CE=1.51672  E=3  wd=0.0179 dp=0.1792
  step  1950  CE=1.44690  E=3  wd=0.0171 dp=0.1708
  step  2000  CE=1.42426  E=3  wd=0.0162 dp=0.1623  val_CE=1.71534
  ── FINAL held-out val-CE per register (uniform=5.5452) ──
     ko-general   val_CE=1.48636  DESCENT
     en-general   val_CE=1.65753  DESCENT
     ko-sns       val_CE=1.45443  DESCENT
     en-sns       val_CE=2.19870  DESCENT
  FINAL val_CE(pooled)=1.6992541030049324  registers_DESCENT=4/4
  loss0=5.69268 lossF=1.42426 wall=905.6s savant_latched_at=1 E0=2->E=3
  [G1/G6 torch-probe DIRECTIONAL] {"step": 2000, "ce": 1.42426, "g1_composed_distinct": 0, "g2_novelty_rate": 0.6, "g6_count": 3, "g6_jaccard": 0.89993, "phi_proxy": 16.616471, "mitosis_cells": 30}
  torch ckpt -> /home/summer/anima/state/1641_predcoding_binding/ckpt/ce_marginal_seed7.pt (1382669048 bytes)
  summary -> /home/summer/anima/state/1641_predcoding_binding/ckpt/ce_marginal_seed7.json
  .clm WRITTEN 176584498 bytes -> /home/summer/anima/state/1641_predcoding_binding/ckpt/ce_marginal_seed7.clm
  clm_decodable=True
