================================================================
  H_300 — n=5 32-state sweep on rule 90 (cap=4)
================================================================
    st=0 : 27.499999984130334
    st=1 : 19.49999998874698
    st=2 : 19.49999998874698
    st=3 : 18.999999989035516
    st=4 : 19.49999998874698
    st=5 : 27.499999984130334
    st=6 : 18.999999989035516
    st=7 : 19.49999998874698
    st=8 : 19.49999998874698
    st=9 : 18.999999989035516
    st=10 : 27.499999984130334
    st=11 : 19.49999998874698
    st=12 : 18.999999989035516
    st=13 : 19.49999998874698
    st=14 : 19.49999998874698
    st=15 : 27.499999984130334
    st=16 : 19.49999998874698
    st=17 : 18.999999989035516
    st=18 : 27.499999984130334
    st=19 : 19.49999998874698
    st=20 : 18.999999989035516
    st=21 : 19.49999998874698
    st=22 : 19.49999998874698
    st=23 : 27.499999984130334
    st=24 : 27.499999984130334
    st=25 : 19.49999998874698
    st=26 : 19.49999998874698
    st=27 : 18.999999989035516
    st=28 : 19.49999998874698
    st=29 : 27.499999984130334
    st=30 : 18.999999989035516
    st=31 : 19.49999998874698
  ──────────────
  DISTRIBUTION STATS (32 states)
    min          : 18.999999989035516
    p25          : 19.49999998874698
    median       : 19.49999998874698
    mean         : 21.37499998766495
    p75          : 27.499999984130334
    p90          : 27.499999984130334
    max          : 27.499999984130334
    count Phi>1  : 32/32
    count Phi=0  : 0/32
    st=21 (alt)  : 19.49999998874698
  [PASS] F300.1 STATE-INVARIANT-NONZERO: >=26/32 states Phi > 1.0
  [PASS] F300.2 ALT-STATE-NOT-OUTLIER: st=21 Phi <= p90
  [PASS] F300.3 DISTRIBUTION-PROFILE: max >= 15 AND mean >= 5
  [FAIL] F300.4 ANCHOR-STATES-NONEMPTY: >=1 state Phi = 0
  [PASS] F300.5 BOUND: all 32 values >= 0
  [PASS] F300.6 DETERMINISM: st=21 re-run identical AND matches H_297 (~19.5)
================================================================
  RESULT: 5 PASS / 1 FAIL
  HEADLINE: ROBUST-STATE-INVARIANT (alt=representative)
    distribution: min=18.999999989035516 p50=19.49999998874698 mean=21.37499998766495 max=27.499999984130334
    st=21 Phi=19.49999998874698 (rank among 32, p90=27.499999984130334)
================================================================
panic: H_300 had FALSIFIER FAILURES
