================================================================
  H_299 — n=7 odd-integration recovery + cap=3 cross-cap (alt-state)
================================================================
  n=4 (alt-state st=5, cap=3)
    rule 90  : 0.0
    rule 60  : 4.499999997403148
    rule 110 : 7.660664945833813
    rule 204 : 0.0
    rule 0   : 0.0
  n=5 (alt-state st=21, cap=3)
    rule 90  : 5.9999999965375315
    rule 60  : 4.499999997403148
    rule 110 : 15.396335345947287
    rule 204 : 0.0
    rule 0   : 0.0
  n=6 (alt-state st=21, cap=3)
    rule 90  : 3.9999999976916873
    rule 60  : 4.4999999974031475
    rule 110 : 6.795338040213249
    rule 204 : 0.0
    rule 0   : 0.0
  n=7 (alt-state st=85, cap=3) — F299.1 HEADLINE
    rule 90  : 6.4999999962489925
    rule 60  : 2.999999998268766
