================================================================
  H_305 — alt-bias × rule signature (4 rules × 32 states cap=4)
================================================================
  Computing rule 90...
    mean = 21.37499998766495 · alt(st=21) = 19.49999998874698 · ratio = 1.0961538461538458
  Computing rule 60...
    mean = 18.124999989540456 · alt(st=21) = 16.499999990478212 · ratio = 1.0984848484848482
  Computing rule 30...
    mean = 23.605484012523558 · alt(st=21) = 20.268597211903923 · ratio = 1.1646333372622282
  Computing rule 110...
    mean = 27.070788469255852 · alt(st=21) = 17.69401449452603 · ratio = 1.5299404483720018
  ────────────── verdict ──────────────
  [PASS] F305.1 RULE-90: mean≈21.375 AND alt≈19.5
  [PASS] F305.2 RULE-60: mean≈18.125 AND alt≈16.5
  [PASS] F305.3 RULE-30: mean≈23.6 AND alt≈20.27
  [PASS] F305.4 RULE-110: mean≈27.07 AND alt≈17.69
    ratios: rule90=1.0961538461538458 rule60=1.0984848484848482 rule30=1.1646333372622282 rule110=1.5299404483720018
  [PASS] F305.5 RANK-MONOTONE: q(90) ≤ q(60) ≤ q(30) ≤ q(110) (distinct-count rank ↔ ratio rank)
  [PASS] F305.6 ALT-BIAS-AT-110-EXTREME: ratio(110) > 1.3 AND all others < 1.2
  [PASS] F305.7 BOUND: all mean + alt >= 0
================================================================
  RESULT: 7 PASS / 0 FAIL
  ALT-BIAS × RULE-SIGNATURE TABLE:
    rule  distinct  mean        alt          ratio
    90    3         21.37499998766495  19.49999998874698  1.0961538461538458
    60    6         18.124999989540456  16.499999990478212  1.0984848484848482
    30    29        23.605484012523558  20.268597211903923  1.1646333372622282
    110   32        27.070788469255852  17.69401449452603  1.5299404483720018
================================================================
