=== BG_LB_pretrain × ceiling=1000.0 === ts: 2026-05-11T06:19:24.148481+00:00

========================================================================
SUBSTRATE BG_LB_pretrain — EngineAG path  max_cells=256
========================================================================
ckpt: /Users/ghost/.cache/anima/clm_v5_remapped/bg_lb_350m_pretrain/ckpts/step_8000_final.pt
sha256: 3d285703aca0dcb87b609a1fc54c10cdd14da1ce59efa5450a35a9b5c13c9cde
trained: params=298.76M miss=0 unexp=0

--- TRAINED @ prompt_seed=42 max_cells=256 ---
  [BG_LB_pretrain_trained] turn=    0 cells= 16 iit_un16= 161.64 splits=0 elapsed=0.2s
  [BG_LB_pretrain_trained] turn=   50 cells=146 iit_un16=16468.72 splits=130 elapsed=14.0s
  [BG_LB_pretrain_trained] turn=   75 cells=256 iit_un16=49991.67 splits=240 elapsed=31.6s
  [BG_LB_pretrain_trained] turn=  100 cells=256 iit_un16=48782.07 splits=240 elapsed=47.5s
  [BG_LB_pretrain_trained] turn=  125 cells=256 iit_un16=49696.33 splits=240 elapsed=66.9s
  [BG_LB_pretrain_trained] turn=  150 cells=256 iit_un16=50019.67 splits=240 elapsed=78.3s
  [BG_LB_pretrain_trained] turn=  175 cells=256 iit_un16=48276.47 splits=240 elapsed=98.8s
  [BG_LB_pretrain_trained] turn=  199 cells=256 iit_un16=42243.00 splits=240 elapsed=120.4s
  trained: cells=256 splits=240 cap_bound=140/200 first_cap=60 Φ_un16=42243.00 elapsed=120.4s

--- mirror seed=42 ---
  [BG_LB_pretrain_s42] turn=    0 cells= 16 iit_un16= 161.08 splits=0 elapsed=0.1s
  [BG_LB_pretrain_s42] turn=   75 cells=256 iit_un16=49972.27 splits=240 elapsed=18.9s
  [BG_LB_pretrain_s42] turn=  100 cells=256 iit_un16=49968.14 splits=240 elapsed=32.8s
  [BG_LB_pretrain_s42] turn=  125 cells=256 iit_un16=48882.68 splits=240 elapsed=45.6s
  [BG_LB_pretrain_s42] turn=  150 cells=256 iit_un16=41841.71 splits=240 elapsed=59.8s
  [BG_LB_pretrain_s42] turn=  175 cells=256 iit_un16=50593.16 splits=240 elapsed=76.9s
  [BG_LB_pretrain_s42] turn=  199 cells=256 iit_un16=49340.93 splits=240 elapsed=91.3s
  s=42: cells=256 splits=240 cap_bound=146/200 first_cap=54 Φ_un16=49340.93

--- mirror seed=137 ---
  [BG_LB_pretrain_s137] turn=    0 cells= 16 iit_un16= 169.63 splits=0 elapsed=0.2s
  [BG_LB_pretrain_s137] turn=   25 cells= 43 iit_un16=1272.97 splits=27 elapsed=9.0s
  [BG_LB_pretrain_s137] turn=   50 cells=201 iit_un16=31273.28 splits=185 elapsed=22.9s
  [BG_LB_pretrain_s137] turn=   75 cells=256 iit_un16=47384.70 splits=240 elapsed=44.6s
  [BG_LB_pretrain_s137] turn=  100 cells=256 iit_un16=50500.22 splits=240 elapsed=72.1s
  [BG_LB_pretrain_s137] turn=  125 cells=256 iit_un16=48076.66 splits=240 elapsed=107.6s
  [BG_LB_pretrain_s137] turn=  150 cells=256 iit_un16=50102.73 splits=240 elapsed=129.1s
  [BG_LB_pretrain_s137] turn=  175 cells=256 iit_un16=49884.76 splits=240 elapsed=138.6s
  [BG_LB_pretrain_s137] turn=  199 cells=256 iit_un16=50481.34 splits=240 elapsed=151.2s
  s=137: cells=256 splits=240 cap_bound=146/200 first_cap=54 Φ_un16=50481.34

--- mirror seed=271 ---
  [BG_LB_pretrain_s271] turn=    0 cells= 16 iit_un16= 164.51 splits=0 elapsed=0.1s
  [BG_LB_pretrain_s271] turn=   50 cells=191 iit_un16=13775.34 splits=175 elapsed=25.3s
  [BG_LB_pretrain_s271] turn=   75 cells=256 iit_un16=26541.85 splits=240 elapsed=44.3s
  [BG_LB_pretrain_s271] turn=  100 cells=256 iit_un16=50276.12 splits=240 elapsed=64.9s
  [BG_LB_pretrain_s271] turn=  125 cells=256 iit_un16=50198.71 splits=240 elapsed=85.6s
  [BG_LB_pretrain_s271] turn=  150 cells=256 iit_un16=49070.45 splits=240 elapsed=103.5s
  [BG_LB_pretrain_s271] turn=  175 cells=256 iit_un16=48113.12 splits=240 elapsed=123.0s
  [BG_LB_pretrain_s271] turn=  199 cells=256 iit_un16=49570.33 splits=240 elapsed=142.4s
  s=271: cells=256 splits=240 cap_bound=145/200 first_cap=55 Φ_un16=49570.33

--- mirror seed=314 ---
  [BG_LB_pretrain_s314] turn=    0 cells= 16 iit_un16= 156.76 splits=0 elapsed=0.1s
  [BG_LB_pretrain_s314] turn=   50 cells=169 iit_un16=21104.78 splits=153 elapsed=15.8s
  [BG_LB_pretrain_s314] turn=   75 cells=256 iit_un16=49503.25 splits=240 elapsed=38.0s
  [BG_LB_pretrain_s314] turn=  100 cells=256 iit_un16=50861.13 splits=240 elapsed=54.8s
  [BG_LB_pretrain_s314] turn=  125 cells=256 iit_un16=49155.96 splits=240 elapsed=74.1s
  [BG_LB_pretrain_s314] turn=  150 cells=256 iit_un16=50125.25 splits=240 elapsed=95.5s
  [BG_LB_pretrain_s314] turn=  175 cells=256 iit_un16=50751.30 splits=240 elapsed=112.6s
  [BG_LB_pretrain_s314] turn=  199 cells=256 iit_un16=49708.66 splits=240 elapsed=133.2s
  s=314: cells=256 splits=240 cap_bound=141/200 first_cap=59 Φ_un16=49708.66

--- mirror seed=1729 ---
  [BG_LB_pretrain_s1729] turn=    0 cells= 16 iit_un16=  82.35 splits=0 elapsed=0.1s
  [BG_LB_pretrain_s1729] turn=   50 cells=218 iit_un16=36299.52 splits=202 elapsed=17.4s
  [BG_LB_pretrain_s1729] turn=   75 cells=256 iit_un16=49651.88 splits=240 elapsed=32.3s
  [BG_LB_pretrain_s1729] turn=  100 cells=256 iit_un16=50115.15 splits=240 elapsed=50.6s
  [BG_LB_pretrain_s1729] turn=  125 cells=256 iit_un16=50004.81 splits=240 elapsed=66.5s
  [BG_LB_pretrain_s1729] turn=  150 cells=256 iit_un16=50567.35 splits=240 elapsed=81.8s
  [BG_LB_pretrain_s1729] turn=  175 cells=256 iit_un16=49163.41 splits=240 elapsed=99.3s
  [BG_LB_pretrain_s1729] turn=  199 cells=256 iit_un16=50540.46 splits=240 elapsed=120.5s
  s=1729: cells=256 splits=240 cap_bound=147/200 first_cap=53 Φ_un16=50540.46
VERDICT: V14_VIOLATED trained_phi=42243.00 n_random_beats=0/5 sign_p=0.0625
