=== BG_LA_cotrain_Bprime × ceiling=1000.0 === ts: 2026-05-11T06:37:33.973800+00:00

========================================================================
SUBSTRATE BG_LA_cotrain_Bprime — EngineAG path  max_cells=256
========================================================================
ckpt: /Users/ghost/core/anima/state/anima_la_cotrain_retrain_b_to_a_2026_05_11/ckpts/ckpt_final.pt
sha256: 63ccc5309612919152ac71c92190d954e7da1a7336d022d5401d00515817a572
trained: params=298.76M miss=0 unexp=0

--- TRAINED @ prompt_seed=42 max_cells=256 ---
  [BG_LA_cotrain_Bprime_trained] turn=    0 cells= 16 iit_un16= 161.10 splits=0 elapsed=0.1s
  [BG_LA_cotrain_Bprime_trained] turn=   75 cells=256 iit_un16=48785.80 splits=240 elapsed=15.3s
  [BG_LA_cotrain_Bprime_trained] turn=  100 cells=256 iit_un16=45714.76 splits=240 elapsed=29.7s
  [BG_LA_cotrain_Bprime_trained] turn=  125 cells=256 iit_un16=49432.42 splits=240 elapsed=40.1s
  [BG_LA_cotrain_Bprime_trained] turn=  150 cells=256 iit_un16=49904.54 splits=240 elapsed=53.9s
  [BG_LA_cotrain_Bprime_trained] turn=  175 cells=256 iit_un16=49703.94 splits=240 elapsed=73.8s
  [BG_LA_cotrain_Bprime_trained] turn=  199 cells=256 iit_un16=49855.02 splits=240 elapsed=84.2s
  trained: cells=256 splits=240 cap_bound=139/200 first_cap=61 Φ_un16=49855.02 elapsed=84.2s

--- mirror seed=42 ---
  [BG_LA_cotrain_Bprime_s42] turn=    0 cells= 16 iit_un16= 161.08 splits=0 elapsed=0.1s
  [BG_LA_cotrain_Bprime_s42] turn=   50 cells=212 iit_un16=34466.32 splits=196 elapsed=19.5s
  [BG_LA_cotrain_Bprime_s42] turn=   75 cells=256 iit_un16=49972.27 splits=240 elapsed=35.1s
  [BG_LA_cotrain_Bprime_s42] turn=  100 cells=256 iit_un16=49968.14 splits=240 elapsed=48.7s
  [BG_LA_cotrain_Bprime_s42] turn=  125 cells=256 iit_un16=48882.68 splits=240 elapsed=67.7s
  [BG_LA_cotrain_Bprime_s42] turn=  150 cells=256 iit_un16=41841.71 splits=240 elapsed=84.4s
  [BG_LA_cotrain_Bprime_s42] turn=  175 cells=256 iit_un16=50593.16 splits=240 elapsed=116.6s
  [BG_LA_cotrain_Bprime_s42] turn=  199 cells=256 iit_un16=49340.93 splits=240 elapsed=141.5s
  s=42: cells=256 splits=240 cap_bound=146/200 first_cap=54 Φ_un16=49340.93

--- mirror seed=137 ---
  [BG_LA_cotrain_Bprime_s137] turn=    0 cells= 16 iit_un16= 169.63 splits=0 elapsed=0.3s
  [BG_LA_cotrain_Bprime_s137] turn=   25 cells= 43 iit_un16=1272.97 splits=27 elapsed=8.4s
  [BG_LA_cotrain_Bprime_s137] turn=   50 cells=201 iit_un16=31273.28 splits=185 elapsed=23.1s
  [BG_LA_cotrain_Bprime_s137] turn=   75 cells=256 iit_un16=47384.70 splits=240 elapsed=45.4s
  [BG_LA_cotrain_Bprime_s137] turn=  100 cells=256 iit_un16=50500.22 splits=240 elapsed=69.9s
  [BG_LA_cotrain_Bprime_s137] turn=  125 cells=256 iit_un16=48076.66 splits=240 elapsed=87.4s
  [BG_LA_cotrain_Bprime_s137] turn=  150 cells=256 iit_un16=50102.73 splits=240 elapsed=110.7s
  [BG_LA_cotrain_Bprime_s137] turn=  175 cells=256 iit_un16=49884.76 splits=240 elapsed=142.5s
  [BG_LA_cotrain_Bprime_s137] turn=  199 cells=256 iit_un16=50481.34 splits=240 elapsed=169.3s
  s=137: cells=256 splits=240 cap_bound=146/200 first_cap=54 Φ_un16=50481.34

--- mirror seed=271 ---
  [BG_LA_cotrain_Bprime_s271] turn=    0 cells= 16 iit_un16= 164.51 splits=0 elapsed=0.2s
  [BG_LA_cotrain_Bprime_s271] turn=   25 cells= 37 iit_un16= 886.37 splits=21 elapsed=8.3s
  [BG_LA_cotrain_Bprime_s271] turn=   50 cells=191 iit_un16=13775.34 splits=175 elapsed=21.2s
  [BG_LA_cotrain_Bprime_s271] turn=   75 cells=256 iit_un16=26541.85 splits=240 elapsed=39.3s
  [BG_LA_cotrain_Bprime_s271] turn=  100 cells=256 iit_un16=50276.12 splits=240 elapsed=61.9s
  [BG_LA_cotrain_Bprime_s271] turn=  125 cells=256 iit_un16=50198.71 splits=240 elapsed=79.1s
  [BG_LA_cotrain_Bprime_s271] turn=  150 cells=256 iit_un16=49070.45 splits=240 elapsed=102.9s
  [BG_LA_cotrain_Bprime_s271] turn=  175 cells=256 iit_un16=48113.12 splits=240 elapsed=123.3s
  [BG_LA_cotrain_Bprime_s271] turn=  199 cells=256 iit_un16=49570.33 splits=240 elapsed=147.2s
  s=271: cells=256 splits=240 cap_bound=145/200 first_cap=55 Φ_un16=49570.33

--- mirror seed=314 ---
  [BG_LA_cotrain_Bprime_s314] turn=    0 cells= 16 iit_un16= 156.76 splits=0 elapsed=0.1s
  [BG_LA_cotrain_Bprime_s314] turn=   50 cells=169 iit_un16=21104.78 splits=153 elapsed=14.2s
  [BG_LA_cotrain_Bprime_s314] turn=   75 cells=256 iit_un16=49503.25 splits=240 elapsed=32.2s
  [BG_LA_cotrain_Bprime_s314] turn=  100 cells=256 iit_un16=50861.13 splits=240 elapsed=49.2s
  [BG_LA_cotrain_Bprime_s314] turn=  125 cells=256 iit_un16=49155.96 splits=240 elapsed=68.3s
  [BG_LA_cotrain_Bprime_s314] turn=  150 cells=256 iit_un16=50125.25 splits=240 elapsed=92.5s
  [BG_LA_cotrain_Bprime_s314] turn=  175 cells=256 iit_un16=50751.30 splits=240 elapsed=128.2s
  [BG_LA_cotrain_Bprime_s314] turn=  199 cells=256 iit_un16=49708.66 splits=240 elapsed=165.0s
  s=314: cells=256 splits=240 cap_bound=141/200 first_cap=59 Φ_un16=49708.66

--- mirror seed=1729 ---
  [BG_LA_cotrain_Bprime_s1729] turn=    0 cells= 16 iit_un16=  82.35 splits=0 elapsed=0.3s
  [BG_LA_cotrain_Bprime_s1729] turn=   25 cells= 42 iit_un16=1186.47 splits=26 elapsed=10.7s
  [BG_LA_cotrain_Bprime_s1729] turn=   50 cells=218 iit_un16=36299.52 splits=202 elapsed=29.5s
  [BG_LA_cotrain_Bprime_s1729] turn=   75 cells=256 iit_un16=49651.88 splits=240 elapsed=64.7s
  [BG_LA_cotrain_Bprime_s1729] turn=  100 cells=256 iit_un16=50115.15 splits=240 elapsed=96.4s
  [BG_LA_cotrain_Bprime_s1729] turn=  125 cells=256 iit_un16=50004.81 splits=240 elapsed=130.4s
  [BG_LA_cotrain_Bprime_s1729] turn=  150 cells=256 iit_un16=50567.35 splits=240 elapsed=166.8s
  [BG_LA_cotrain_Bprime_s1729] turn=  175 cells=256 iit_un16=49163.41 splits=240 elapsed=198.3s
  [BG_LA_cotrain_Bprime_s1729] turn=  199 cells=256 iit_un16=50540.46 splits=240 elapsed=230.7s
  s=1729: cells=256 splits=240 cap_bound=147/200 first_cap=53 Φ_un16=50540.46
VERDICT: V14_AMBIGUOUS trained_phi=49855.02 n_random_beats=3/5 sign_p=1.0000
