=== BG_LB_cotrain_A × ceiling=1000.0 === ts: 2026-05-11T06:54:04.517920+00:00

========================================================================
SUBSTRATE BG_LB_cotrain_A — EngineAG path  max_cells=256
========================================================================
ckpt: /Users/ghost/.cache/anima/clm_v5_remapped/phase2_cotrain_engine_ag/ckpts/ckpt_final.pt
sha256: 6e66e75f8014999be09236a408fe6ad6811ebf394ac079ecbf6d87dfe63748c1
trained: params=298.76M miss=0 unexp=0

--- TRAINED @ prompt_seed=42 max_cells=256 ---
  [BG_LB_cotrain_A_trained] turn=    0 cells= 16 iit_un16= 161.64 splits=0 elapsed=0.2s
  [BG_LB_cotrain_A_trained] turn=   50 cells=176 iit_un16=22276.26 splits=160 elapsed=20.9s
  [BG_LB_cotrain_A_trained] turn=   75 cells=256 iit_un16=49998.43 splits=240 elapsed=47.9s
  [BG_LB_cotrain_A_trained] turn=  100 cells=256 iit_un16=44904.71 splits=240 elapsed=74.0s
  [BG_LB_cotrain_A_trained] turn=  125 cells=256 iit_un16=49671.40 splits=240 elapsed=109.1s
  [BG_LB_cotrain_A_trained] turn=  150 cells=256 iit_un16=50789.63 splits=240 elapsed=139.2s
  [BG_LB_cotrain_A_trained] turn=  175 cells=256 iit_un16=50314.43 splits=240 elapsed=160.1s
  [BG_LB_cotrain_A_trained] turn=  199 cells=256 iit_un16=49736.26 splits=240 elapsed=179.4s
  trained: cells=256 splits=240 cap_bound=144/200 first_cap=56 Φ_un16=49736.26 elapsed=179.4s

--- mirror seed=42 ---
  [BG_LB_cotrain_A_s42] turn=    0 cells= 16 iit_un16= 161.08 splits=0 elapsed=0.1s
  [BG_LB_cotrain_A_s42] turn=   50 cells=212 iit_un16=34466.32 splits=196 elapsed=13.5s
  [BG_LB_cotrain_A_s42] turn=   75 cells=256 iit_un16=49972.27 splits=240 elapsed=31.0s
  [BG_LB_cotrain_A_s42] turn=  100 cells=256 iit_un16=49968.14 splits=240 elapsed=49.8s
  [BG_LB_cotrain_A_s42] turn=  125 cells=256 iit_un16=48882.68 splits=240 elapsed=70.6s
  [BG_LB_cotrain_A_s42] turn=  150 cells=256 iit_un16=41841.71 splits=240 elapsed=89.5s
  [BG_LB_cotrain_A_s42] turn=  175 cells=256 iit_un16=50593.16 splits=240 elapsed=107.5s
  [BG_LB_cotrain_A_s42] turn=  199 cells=256 iit_un16=49340.93 splits=240 elapsed=124.2s
  s=42: cells=256 splits=240 cap_bound=146/200 first_cap=54 Φ_un16=49340.93

--- mirror seed=137 ---
  [BG_LB_cotrain_A_s137] turn=    0 cells= 16 iit_un16= 169.63 splits=0 elapsed=0.2s
  [BG_LB_cotrain_A_s137] turn=   50 cells=201 iit_un16=31273.28 splits=185 elapsed=16.9s
  [BG_LB_cotrain_A_s137] turn=   75 cells=256 iit_un16=47384.70 splits=240 elapsed=35.8s
  [BG_LB_cotrain_A_s137] turn=  100 cells=256 iit_un16=50500.22 splits=240 elapsed=55.7s
  [BG_LB_cotrain_A_s137] turn=  125 cells=256 iit_un16=48076.66 splits=240 elapsed=76.0s
  [BG_LB_cotrain_A_s137] turn=  150 cells=256 iit_un16=50102.73 splits=240 elapsed=94.9s
  [BG_LB_cotrain_A_s137] turn=  175 cells=256 iit_un16=49884.76 splits=240 elapsed=114.5s
  [BG_LB_cotrain_A_s137] turn=  199 cells=256 iit_un16=50481.34 splits=240 elapsed=133.2s
  s=137: cells=256 splits=240 cap_bound=146/200 first_cap=54 Φ_un16=50481.34

--- mirror seed=271 ---
  [BG_LB_cotrain_A_s271] turn=    0 cells= 16 iit_un16= 164.51 splits=0 elapsed=0.1s
  [BG_LB_cotrain_A_s271] turn=   50 cells=191 iit_un16=13775.34 splits=175 elapsed=12.1s
  [BG_LB_cotrain_A_s271] turn=   75 cells=256 iit_un16=26541.85 splits=240 elapsed=30.0s
  [BG_LB_cotrain_A_s271] turn=  100 cells=256 iit_un16=50276.12 splits=240 elapsed=47.1s
  [BG_LB_cotrain_A_s271] turn=  125 cells=256 iit_un16=50198.71 splits=240 elapsed=65.8s
  [BG_LB_cotrain_A_s271] turn=  150 cells=256 iit_un16=49070.45 splits=240 elapsed=83.6s
  [BG_LB_cotrain_A_s271] turn=  175 cells=256 iit_un16=48113.12 splits=240 elapsed=102.0s
  [BG_LB_cotrain_A_s271] turn=  199 cells=256 iit_un16=49570.33 splits=240 elapsed=117.3s
  s=271: cells=256 splits=240 cap_bound=145/200 first_cap=55 Φ_un16=49570.33

--- mirror seed=314 ---
  [BG_LB_cotrain_A_s314] turn=    0 cells= 16 iit_un16= 156.76 splits=0 elapsed=0.1s
  [BG_LB_cotrain_A_s314] turn=   50 cells=169 iit_un16=21104.78 splits=153 elapsed=13.0s
  [BG_LB_cotrain_A_s314] turn=   75 cells=256 iit_un16=49503.25 splits=240 elapsed=29.7s
  [BG_LB_cotrain_A_s314] turn=  100 cells=256 iit_un16=50861.13 splits=240 elapsed=47.5s
  [BG_LB_cotrain_A_s314] turn=  125 cells=256 iit_un16=49155.96 splits=240 elapsed=64.1s
  [BG_LB_cotrain_A_s314] turn=  150 cells=256 iit_un16=50125.25 splits=240 elapsed=80.2s
  [BG_LB_cotrain_A_s314] turn=  175 cells=256 iit_un16=50751.30 splits=240 elapsed=97.2s
  [BG_LB_cotrain_A_s314] turn=  199 cells=256 iit_un16=49708.66 splits=240 elapsed=113.3s
  s=314: cells=256 splits=240 cap_bound=141/200 first_cap=59 Φ_un16=49708.66

--- mirror seed=1729 ---
  [BG_LB_cotrain_A_s1729] turn=    0 cells= 16 iit_un16=  82.35 splits=0 elapsed=0.1s
  [BG_LB_cotrain_A_s1729] turn=   50 cells=218 iit_un16=36299.52 splits=202 elapsed=14.4s
  [BG_LB_cotrain_A_s1729] turn=   75 cells=256 iit_un16=49651.88 splits=240 elapsed=33.0s
  [BG_LB_cotrain_A_s1729] turn=  100 cells=256 iit_un16=50115.15 splits=240 elapsed=51.8s
  [BG_LB_cotrain_A_s1729] turn=  125 cells=256 iit_un16=50004.81 splits=240 elapsed=66.4s
  [BG_LB_cotrain_A_s1729] turn=  150 cells=256 iit_un16=50567.35 splits=240 elapsed=78.7s
  [BG_LB_cotrain_A_s1729] turn=  175 cells=256 iit_un16=49163.41 splits=240 elapsed=93.4s
  [BG_LB_cotrain_A_s1729] turn=  199 cells=256 iit_un16=50540.46 splits=240 elapsed=104.3s
  s=1729: cells=256 splits=240 cap_bound=147/200 first_cap=53 Φ_un16=50540.46
VERDICT: V14_AMBIGUOUS trained_phi=49736.26 n_random_beats=3/5 sign_p=1.0000
