================================================================
  H_313 — STDP spike-timing causality (integrate-and-fire pair)
================================================================
  params: period=50 lag=5 T=5000 w0=0.5
  STDP window: A+=0.1 A-=0.1 tau+=20.0 tau-=20.0
  (window FORM is symmetric; outcome asymmetry must EMERGE from timing)

  CORRELATED   (pre leads post by 5): final w = 1.0
  ANTI         (post leads pre by 5): final w = 0.0105399

  delta w  CORRELATED = 0.5
  delta w  ANTI       = -0.48946
  separation (corr - anti) = 0.98946

  CONTROL pre-only null (no post spikes): final w = 0.5 (expect == w0)

  ────────────── verdict ──────────────
  [PASS] F313.1 CAUSALITY: w_correlated > w_anti
  [PASS] F313.2 POTENTIATION: correlated dw > 0 (pre->post strengthens)
  [PASS] F313.3 DEPRESSION: anti dw < 0 (post->pre weakens)
  [PASS] F313.4 BOUNDED: all w in [0,1] (no runaway)
  [PASS] F313.5 CONTROL-NULL: pre-only |dw| < 0.001 (STDP needs pairs)
================================================================
  RESULT: 5 PASS / 0 FAIL
  HEADLINE: STDP-DISCOVERS-CAUSALITY (H1 SUPPORTED): correlated strengthens, anti weakens, bounded
    w_corr=1.0 w_anti=0.0105399 w_coinc=0.5 sep=0.98946
================================================================
