H_659 — d2-verdict-landscape-raster6 · RASTER #6 (2026-05-28, axis D2)
  source: UNIVERSE/H_*.md DISK per-file scan (8-source verdict + 2-source domain)
  test: gap PLATEAU 유지 (life>consc, ~0.09-0.13) vs FALSIFIER (reversal OR gap>0.20)

  N(H files) = 210  (H_238 self-excluded · disk scan)

  ── raster#6 full landscape headline (life vs consciousness) ──
  life          SUPP-rate = 0.493671  (39/79)
  consciousness SUPP-rate = 0.419355  (52/124)
  gap_now = 0.074316   gap_prior(r#5)=0.0929   Δ=-0.018584   trend=stable

  ── per-domain trajectory vs raster#5 ──
  life  : r#5 0.5 → r#6 0.493671   Δ=-0.00632911  (ε_life=0.05)
  consc : r#5 0.40708 → r#6 0.419355   Δ=0.0122748
  life>consc   = true

  ── PLATEAU-band membership (raster#3,#4,#5 gaps → mean±2sd) ──
  plateau_mean = 0.104333  plateau_sd = 0.0244098
  band = [0.0555137, 0.153153]   gap_now=0.074316   in_band=true
  reversal=false  widened(>0.20)=false

  ── per-cohort stratified life vs consciousness SUPP-rate ──
  cohort                  |  N | life SUPP/tot (rate) | consc SUPP/tot (rate)
  core (<H_347)  | 155 | 38/75 (0.506667) | 34/86 (0.395349)
  session26 (H_347-641)  | 39 | 1/3 (0.333333) | 12/27 (0.444444)
  raster6-new (H_642+)  | 16 | 0/1 (0.0) | 6/11 (0.545455)

  ── raster#6 NEW cohort (id ≥ H_642) composition ──
  new_N=16  SUPP=9  FALS=6
  domain hits: life=1  consciousness=11  physics=13  information=5  math=5

  ── D2 SIGNATURE ──
  SIGNATURE : PLATEAU-STABLE (life>consc maintained)

  ── criteria (meta) ──
  C1 REPRODUCIBLE (N≥120) : true
  C2 STRATIFIED (≥2 cohort nonempty) : true
  C3 ALL_CLASSIFIED : true
  VERDICT_RULE: SUPPORTED(plateau) iff C1∧C2∧life>consc∧¬reversal∧¬widened · FALSIFIED if reversal∨widened
  VERDICT     : SUPPORTED

  result.json written → /private/tmp/u-h659/UNIVERSE/state/h659_d2_verdict_landscape_raster6/result.json
=== H_659 raster#6 complete: SUPPORTED · PLATEAU-STABLE (life>consc maintained) ===
