=== §91 — NEOTENY + #3 ACTION-PERCEPTION LOOP (trained scale) ===
device=cuda corpus_sha=f2ba98f9a8fc5a78…

=== training BASELINE ckpt (natural saturation) ===
/workspace/s91/neoteny_loop_train_s91.py:297: FutureWarning: `torch.cuda.amp.GradScaler(args...)` is deprecated. Please use `torch.amp.GradScaler('cuda', args...)` instead.
  scaler = torch.cuda.amp.GradScaler(enabled=use_amp)
[BASE step 0/1500] ce=5.640987 D=11.995 maturity=0.0416 lr=1.500e-06 nk1=0 nk2=0 held=False
[BASE step 100/1500] ce=1.332313 D=10.774 maturity=0.6386 lr=1.515e-04 nk1=0 nk2=0 held=False
[BASE step 200/1500] ce=0.221596 D=4.520 maturity=0.9123 lr=3.000e-04 nk1=0 nk2=0 held=False
[BASE step 300/1500] ce=0.091871 D=2.354 maturity=0.9732 lr=2.961e-04 nk1=0 nk2=0 held=False
[BASE step 400/1500] ce=0.048733 D=2.016 maturity=0.9857 lr=2.845e-04 nk1=0 nk2=0 held=False
[BASE step 500/1500] ce=0.033537 D=1.922 maturity=0.9897 lr=2.660e-04 nk1=0 nk2=0 held=False
[BASE step 600/1500] ce=0.033757 D=1.914 maturity=0.9898 lr=2.417e-04 nk1=0 nk2=0 held=False
[BASE step 700/1500] ce=0.031953 D=1.908 maturity=0.9901 lr=2.129e-04 nk1=0 nk2=0 held=False
[BASE step 800/1500] ce=0.018483 D=1.906 maturity=0.9920 lr=1.813e-04 nk1=0 nk2=0 held=False
[BASE step 900/1500] ce=0.013340 D=1.906 maturity=0.9926 lr=1.487e-04 nk1=0 nk2=0 held=False
[BASE step 1000/1500] ce=0.013957 D=1.906 maturity=0.9926 lr=1.171e-04 nk1=0 nk2=0 held=False
[BASE step 1100/1500] ce=0.011637 D=1.903 maturity=0.9929 lr=8.831e-05 nk1=0 nk2=0 held=False
[BASE step 1200/1500] ce=0.010407 D=1.896 maturity=0.9932 lr=6.395e-05 nk1=0 nk2=0 held=False
[BASE step 1300/1500] ce=0.007843 D=1.891 maturity=0.9937 lr=4.546e-05 nk1=0 nk2=0 held=False
[BASE step 1400/1500] ce=0.005374 D=1.888 maturity=0.9941 lr=3.392e-05 nk1=0 nk2=0 held=False
[BASE step 1499/1500] ce=0.003828 D=1.886 maturity=0.9942 lr=3.000e-05 nk1=0 nk2=0 held=False

=== training NEOTENY ckpt (NK-1+2+3+4) ===
[NEOTENY step 0/1500] ce=5.640987 D=11.995 maturity=0.0416 lr=1.500e-06 nk1=0 nk2=0 held=False
[NEOTENY step 100/1500] ce=1.332313 D=10.774 maturity=0.6386 lr=1.515e-04 nk1=0 nk2=0 held=False
[NEOTENY step 200/1500] ce=0.221596 D=4.520 maturity=0.9123 lr=3.000e-04 nk1=0 nk2=1 held=True
[NEOTENY step 300/1500] ce=0.094090 D=3.698 maturity=0.9458 lr=7.500e-05 nk1=14 nk2=1 held=True
[NEOTENY step 400/1500] ce=0.078321 D=3.431 maturity=0.9533 lr=7.500e-05 nk1=67 nk2=1 held=True
[NEOTENY step 500/1500] ce=0.105856 D=3.281 maturity=0.9526 lr=7.500e-05 nk1=136 nk2=1 held=True
[NEOTENY step 600/1500] ce=0.073566 D=3.171 maturity=0.9592 lr=7.500e-05 nk1=211 nk2=1 held=True
[NEOTENY step 700/1500] ce=0.068058 D=3.074 maturity=0.9618 lr=7.500e-05 nk1=286 nk2=1 held=True
[NEOTENY step 800/1500] ce=0.089298 D=3.007 maturity=0.9604 lr=7.500e-05 nk1=366 nk2=1 held=True
[NEOTENY step 900/1500] ce=0.091111 D=2.949 maturity=0.9613 lr=7.500e-05 nk1=447 nk2=1 held=True
[NEOTENY step 1000/1500] ce=0.072699 D=2.901 maturity=0.9647 lr=7.500e-05 nk1=529 nk2=1 held=True
[NEOTENY step 1100/1500] ce=0.048449 D=2.859 maturity=0.9688 lr=7.500e-05 nk1=613 nk2=1 held=True
[NEOTENY step 1200/1500] ce=0.050071 D=2.812 maturity=0.9695 lr=7.500e-05 nk1=698 nk2=1 held=True
[NEOTENY step 1300/1500] ce=0.069855 D=2.763 maturity=0.9679 lr=7.500e-05 nk1=784 nk2=1 held=True
[NEOTENY step 1400/1500] ce=0.058998 D=2.725 maturity=0.9701 lr=7.500e-05 nk1=868 nk2=1 held=True
[NEOTENY step 1499/1500] ce=0.041254 D=2.696 maturity=0.9730 lr=7.500e-05 nk1=953 nk2=1 held=True

=== cell0_neoteny_baseline (ckpt=neoteny loop3=False) ===

=== cell1_loop3_only (ckpt=baseline loop3=True) ===

=== cell2_neoteny_loop3 (ckpt=neoteny loop3=True) ===

=== cell3_s24_baseline (ckpt=baseline loop3=False) ===

[§91] verdict: (β) ECHO-DOMINATES-AT-TRAINED
[§91] result.json → out_main/result.json
RESULT_JSON_WRITTEN
