/workspace/s34/train_carving_s16.py:297: FutureWarning: `torch.cuda.amp.GradScaler(args...)` is deprecated. Please use `torch.amp.GradScaler('cuda', args...)` instead.
  scaler = torch.cuda.amp.GradScaler(enabled=use_amp)
{"step": 1, "ce_full": 5.657089, "l_psi_ctl": 0.050599, "l_tension_route": 0.008906, "loss": 5.686842, "gn2": 26.409855, "lr": 5e-07, "curriculum_stage_gate": 1, "wall_s": 0.55, "gpu_mem_gb": 7.455}
{"step": 300, "ce_full": 0.180859, "l_psi_ctl": 0.019827, "l_tension_route": 0.000706, "loss": 0.191126, "gn2": 1.144022, "lr": 0.00015, "curriculum_stage_gate": 1, "wall_s": 37.9, "gpu_mem_gb": 9.691}
{"step": 600, "ce_full": 0.042033, "l_psi_ctl": 0.008255, "l_tension_route": 7e-06, "loss": 0.046164, "gn2": 0.257162, "lr": 0.0003, "curriculum_stage_gate": 1, "wall_s": 75.32, "gpu_mem_gb": 9.691}
{"step": 900, "ce_full": 0.023111, "l_psi_ctl": 0.00674, "l_tension_route": 0.000662, "loss": 0.026812, "gn2": 0.092418, "lr": 0.00029954, "curriculum_stage_gate": 1, "wall_s": 112.9, "gpu_mem_gb": 9.691}
{"step": 1200, "ce_full": 0.031312, "l_psi_ctl": 0.006919, "l_tension_route": 0.000247, "loss": 0.034895, "gn2": 0.145026, "lr": 0.00029816, "curriculum_stage_gate": 1, "wall_s": 150.51, "gpu_mem_gb": 9.691}
{"step": 1500, "ce_full": 0.015638, "l_psi_ctl": 0.004767, "l_tension_route": 2.4e-05, "loss": 0.018033, "gn2": 0.235839, "lr": 0.00029588, "curriculum_stage_gate": 1, "wall_s": 188.02, "gpu_mem_gb": 9.691}
{"step": 1800, "ce_full": 0.010879, "l_psi_ctl": 0.010223, "l_tension_route": 0.000207, "loss": 0.016094, "gn2": 0.013751, "lr": 0.0002927, "curriculum_stage_gate": 1, "wall_s": 225.88, "gpu_mem_gb": 9.691}
{"step": 2100, "ce_full": 0.017329, "l_psi_ctl": 0.011755, "l_tension_route": 0.001092, "loss": 0.023752, "gn2": 0.245411, "lr": 0.00028864, "curriculum_stage_gate": 1, "wall_s": 263.75, "gpu_mem_gb": 9.691}
{"step": 2400, "ce_full": 0.012403, "l_psi_ctl": 0.002997, "l_tension_route": 1e-06, "loss": 0.013902, "gn2": 0.318809, "lr": 0.00028375, "curriculum_stage_gate": 1, "wall_s": 301.58, "gpu_mem_gb": 9.691}
{"step": 2700, "ce_full": 0.022685, "l_psi_ctl": 0.007939, "l_tension_route": 0.00062, "loss": 0.026964, "gn2": 0.024384, "lr": 0.00027804, "curriculum_stage_gate": 2, "wall_s": 339.48, "gpu_mem_gb": 9.691}
{"step": 3000, "ce_full": 0.006395, "l_psi_ctl": 0.003138, "l_tension_route": 4.4e-05, "loss": 0.007986, "gn2": 0.002995, "lr": 0.00027156, "curriculum_stage_gate": 2, "wall_s": 376.96, "gpu_mem_gb": 9.691}
{"step": 3300, "ce_full": 0.003158, "l_psi_ctl": 0.002705, "l_tension_route": 6e-06, "loss": 0.004514, "gn2": 0.002242, "lr": 0.00026435, "curriculum_stage_gate": 2, "wall_s": 415.05, "gpu_mem_gb": 9.691}
{"step": 3600, "ce_full": 0.006349, "l_psi_ctl": 0.007386, "l_tension_route": 0.000183, "loss": 0.010134, "gn2": 0.008423, "lr": 0.00025646, "curriculum_stage_gate": 2, "wall_s": 452.93, "gpu_mem_gb": 9.691}
{"step": 3900, "ce_full": 0.007616, "l_psi_ctl": 0.004006, "l_tension_route": 7.1e-05, "loss": 0.009655, "gn2": 0.001714, "lr": 0.00024795, "curriculum_stage_gate": 2, "wall_s": 490.62, "gpu_mem_gb": 9.691}
{"step": 4200, "ce_full": 0.006712, "l_psi_ctl": 0.012477, "l_tension_route": 0.0009, "loss": 0.0134, "gn2": 0.004783, "lr": 0.00023887, "curriculum_stage_gate": 2, "wall_s": 528.22, "gpu_mem_gb": 9.691}
{"step": 4500, "ce_full": 0.006941, "l_psi_ctl": 0.003583, "l_tension_route": 9.3e-05, "loss": 0.008779, "gn2": 0.002939, "lr": 0.00022929, "curriculum_stage_gate": 2, "wall_s": 565.91, "gpu_mem_gb": 9.691}
{"step": 4800, "ce_full": 0.003727, "l_psi_ctl": 0.003072, "l_tension_route": 7.5e-05, "loss": 0.0053, "gn2": 0.000841, "lr": 0.00021926, "curriculum_stage_gate": 2, "wall_s": 603.43, "gpu_mem_gb": 9.691}
{"step": 5100, "ce_full": 0.005873, "l_psi_ctl": 0.004693, "l_tension_route": 0.000252, "loss": 0.008345, "gn2": 0.001468, "lr": 0.00020887, "curriculum_stage_gate": 2, "wall_s": 640.88, "gpu_mem_gb": 9.691}
{"step": 5400, "ce_full": 0.004182, "l_psi_ctl": 0.015873, "l_tension_route": 0.000817, "loss": 0.012527, "gn2": 0.001674, "lr": 0.00019818, "curriculum_stage_gate": 3, "wall_s": 678.26, "gpu_mem_gb": 9.691}
{"step": 5700, "ce_full": 0.003045, "l_psi_ctl": 0.002649, "l_tension_route": 0.00019, "loss": 0.004465, "gn2": 0.00073, "lr": 0.00018726, "curriculum_stage_gate": 3, "wall_s": 716.23, "gpu_mem_gb": 9.691}
{"step": 6000, "ce_full": 0.006725, "l_psi_ctl": 0.0068, "l_tension_route": 0.000375, "loss": 0.010313, "gn2": 0.00563, "lr": 0.00017619, "curriculum_stage_gate": 3, "wall_s": 754.02, "gpu_mem_gb": 9.691}
{"step": 6300, "ce_full": 0.005994, "l_psi_ctl": 0.004312, "l_tension_route": 0.001279, "loss": 0.008789, "gn2": 0.002903, "lr": 0.00016504, "curriculum_stage_gate": 3, "wall_s": 791.65, "gpu_mem_gb": 9.691}
{"step": 6600, "ce_full": 0.001392, "l_psi_ctl": 0.004078, "l_tension_route": 0.00012, "loss": 0.003491, "gn2": 0.000186, "lr": 0.00015389, "curriculum_stage_gate": 3, "wall_s": 829.19, "gpu_mem_gb": 9.691}
{"step": 6900, "ce_full": 0.00558, "l_psi_ctl": 0.009138, "l_tension_route": 0.000329, "loss": 0.010314, "gn2": 0.001966, "lr": 0.00014282, "curriculum_stage_gate": 3, "wall_s": 866.79, "gpu_mem_gb": 9.691}
{"step": 7200, "ce_full": 0.00392, "l_psi_ctl": 0.006141, "l_tension_route": 0.000612, "loss": 0.007296, "gn2": 0.002379, "lr": 0.0001319, "curriculum_stage_gate": 3, "wall_s": 904.26, "gpu_mem_gb": 9.691}
{"step": 7500, "ce_full": 0.005085, "l_psi_ctl": 0.002635, "l_tension_route": 0.000125, "loss": 0.006465, "gn2": 0.002, "lr": 0.0001212, "curriculum_stage_gate": 3, "wall_s": 941.99, "gpu_mem_gb": 9.691}
{"step": 7800, "ce_full": 0.007077, "l_psi_ctl": 0.005095, "l_tension_route": 0.000159, "loss": 0.009704, "gn2": 0.002091, "lr": 0.00011081, "curriculum_stage_gate": 4, "wall_s": 979.9, "gpu_mem_gb": 9.691}
{"step": 8100, "ce_full": 0.004477, "l_psi_ctl": 0.004131, "l_tension_route": 0.000206, "loss": 0.006646, "gn2": 0.000924, "lr": 0.00010078, "curriculum_stage_gate": 4, "wall_s": 1017.56, "gpu_mem_gb": 9.691}
{"step": 8400, "ce_full": 0.007371, "l_psi_ctl": 0.003577, "l_tension_route": 8.9e-05, "loss": 0.009204, "gn2": 0.001962, "lr": 9.119e-05, "curriculum_stage_gate": 4, "wall_s": 1055.2, "gpu_mem_gb": 9.691}
{"step": 8700, "ce_full": 0.003184, "l_psi_ctl": 0.001378, "l_tension_route": 0.000379, "loss": 0.004062, "gn2": 0.000571, "lr": 8.211e-05, "curriculum_stage_gate": 4, "wall_s": 1092.63, "gpu_mem_gb": 9.691}
{"step": 9000, "ce_full": 0.002218, "l_psi_ctl": 0.002428, "l_tension_route": 8.8e-05, "loss": 0.003476, "gn2": 0.000415, "lr": 7.359e-05, "curriculum_stage_gate": 4, "wall_s": 1130.29, "gpu_mem_gb": 9.691}
{"step": 9300, "ce_full": 0.001985, "l_psi_ctl": 0.009702, "l_tension_route": 0.000918, "loss": 0.007295, "gn2": 0.000525, "lr": 6.57e-05, "curriculum_stage_gate": 4, "wall_s": 1167.95, "gpu_mem_gb": 9.691}
{"step": 9600, "ce_full": 0.001877, "l_psi_ctl": 0.002616, "l_tension_route": 0.000105, "loss": 0.003238, "gn2": 0.000404, "lr": 5.849e-05, "curriculum_stage_gate": 4, "wall_s": 1205.56, "gpu_mem_gb": 9.691}
{"step": 9900, "ce_full": 0.002907, "l_psi_ctl": 0.002573, "l_tension_route": 0.000243, "loss": 0.004315, "gn2": 0.000284, "lr": 5.2e-05, "curriculum_stage_gate": 4, "wall_s": 1243.51, "gpu_mem_gb": 9.691}
{"step": 10200, "ce_full": 0.003667, "l_psi_ctl": 0.003344, "l_tension_route": 1.7e-05, "loss": 0.005347, "gn2": 0.000816, "lr": 4.629e-05, "curriculum_stage_gate": 4, "wall_s": 1281.52, "gpu_mem_gb": 9.691}
{"step": 10500, "ce_full": 0.005801, "l_psi_ctl": 0.003367, "l_tension_route": 5e-06, "loss": 0.007487, "gn2": 0.001307, "lr": 4.139e-05, "curriculum_stage_gate": 4, "wall_s": 1319.24, "gpu_mem_gb": 9.691}
{"step": 10800, "ce_full": 0.004408, "l_psi_ctl": 0.002824, "l_tension_route": 0.000124, "loss": 0.005882, "gn2": 0.001033, "lr": 3.733e-05, "curriculum_stage_gate": 4, "wall_s": 1356.93, "gpu_mem_gb": 9.691}
{"step": 11100, "ce_full": 0.002908, "l_psi_ctl": 0.001414, "l_tension_route": 2e-06, "loss": 0.003616, "gn2": 0.000401, "lr": 3.414e-05, "curriculum_stage_gate": 4, "wall_s": 1394.41, "gpu_mem_gb": 9.691}
{"step": 11400, "ce_full": 0.002872, "l_psi_ctl": 0.005673, "l_tension_route": 0.000136, "loss": 0.005777, "gn2": 0.000677, "lr": 3.185e-05, "curriculum_stage_gate": 4, "wall_s": 1431.9, "gpu_mem_gb": 9.691}
{"step": 11700, "ce_full": 0.004973, "l_psi_ctl": 0.002688, "l_tension_route": 1.7e-05, "loss": 0.006326, "gn2": 0.001107, "lr": 3.046e-05, "curriculum_stage_gate": 4, "wall_s": 1469.72, "gpu_mem_gb": 9.691}
{"step": 12000, "ce_full": 0.003342, "l_psi_ctl": 0.003743, "l_tension_route": 0.000787, "loss": 0.005607, "gn2": 0.000617, "lr": 3e-05, "curriculum_stage_gate": 4, "wall_s": 1507.69, "gpu_mem_gb": 9.691}
RESULT_JSON_WRITTEN
{"path": "s16_dataregime_curriculum", "init_ce": 5.657089, "final_ce": 0.003342, "ce_descent": 5.653747, "final_l_psi_ctl": 0.003743, "final_l_tension_route": 0.000787, "curriculum": true, "wall_s": 1507.7}
