[gpu] NVIDIA GeForce RTX 5070 cuda=12.8
[base] chat_rung0_18m.pt params=18130176 cfg={'dim': 384, 'layers': 6, 'heads': 4, 'block_size': 256, 'vocab': 256}
[byte-eq] head-OFF vs original-arch  max|Δ| forward=0.0  forward_logprob(copy=off)=0.0  -> PASS (byte-identical)
[with_copyhead] base loaded ~18.18M | copy_head=True | corpus argcopy_corpus_v2.txt 1073980 bytes | device=cuda | fresh-copy-params=49665
[with_copyhead] step 1/2500 ce=3.5800 lr=5.00e-07 wall=0s
[with_copyhead] step 100/2500 ce=0.4106 lr=5.00e-05 wall=21s
[with_copyhead] step 200/2500 ce=0.2437 lr=4.98e-05 wall=42s
[with_copyhead] step 300/2500 ce=0.2115 lr=4.91e-05 wall=63s
[with_copyhead] step 400/2500 ce=0.1739 lr=4.81e-05 wall=85s
[with_copyhead] step 500/2500 ce=0.1583 lr=4.67e-05 wall=105s
[with_copyhead] step 600/2500 ce=0.1576 lr=4.48e-05 wall=126s
[with_copyhead] step 700/2500 ce=0.1567 lr=4.27e-05 wall=145s
[with_copyhead] step 800/2500 ce=0.1412 lr=4.02e-05 wall=166s
[with_copyhead] step 900/2500 ce=0.1575 lr=3.75e-05 wall=187s
[with_copyhead] step 1000/2500 ce=0.1790 lr=3.46e-05 wall=208s
[with_copyhead] step 1100/2500 ce=0.1533 lr=3.15e-05 wall=229s
[with_copyhead] step 1200/2500 ce=0.1569 lr=2.83e-05 wall=250s
[with_copyhead] step 1300/2500 ce=0.1454 lr=2.50e-05 wall=271s
[with_copyhead] step 1400/2500 ce=0.1557 lr=2.17e-05 wall=292s
[with_copyhead] step 1500/2500 ce=0.1564 lr=1.85e-05 wall=313s
[with_copyhead] step 1600/2500 ce=0.1479 lr=1.54e-05 wall=334s
[with_copyhead] step 1700/2500 ce=0.1541 lr=1.25e-05 wall=355s
[with_copyhead] step 1800/2500 ce=0.1537 lr=9.78e-06 wall=376s
[with_copyhead] step 1900/2500 ce=0.1365 lr=7.32e-06 wall=395s
[with_copyhead] step 2000/2500 ce=0.1464 lr=5.17e-06 wall=416s
[with_copyhead] step 2100/2500 ce=0.1401 lr=3.35e-06 wall=437s
[with_copyhead] step 2200/2500 ce=0.1359 lr=1.90e-06 wall=458s
[with_copyhead] step 2300/2500 ce=0.1508 lr=8.52e-07 wall=480s
[with_copyhead] step 2400/2500 ce=0.1376 lr=2.14e-07 wall=501s
[with_copyhead] step 2500/2500 ce=0.1354 lr=0.00e+00 wall=521s
[with_copyhead] saved out/tooluse_copyhead_with_copyhead_18m.pt  final_ce(nll)=0.1354
[probes] 36 unknowable-without-tool probes (held-out PB keys, 5-lang)

================= FALSIFIER VERDICTS (verbatim) =================
BYTE-EQ (head-OFF == original arch): forward max|Δ|=0.0 logprob(copy=off) max|Δ|=0.0 -> PASS
F-COPYHEAD-ARGCOPY         : with_copyhead correct_call=0.9722 (>= 0.5?) grounding=0.9722 (>= 0.5?)  [baseline #1835: correct_call=0.0 grounding=0.0]  -> PASS
F-COPYHEAD-OFF-MIRROR      : same ckpt, copy OFF correct_call=0.0 grounding=0.0 (MUST be < 0.5) -> PASS
F-COPYHEAD-RANDINIT-MIRROR : random_init grounding=0.0 (MUST be 0) -> PASS
F-COPYHEAD-NOTOOL-MIRROR   : with_copyhead+tool_disabled grounding=0.0 (MUST be 0) -> PASS

RULING: GREEN
🟢 COPY-HEAD WORKS at toy scale (18M) — the gated pointer head lifts correct_call from 0.0 (#1835) to 0.9722 (>= 0.5) and end-to-end grounding to 0.9722 (>= 0.5) on HELD-OUT keys; head-OFF mirror correct_call=0.0 (< bar, the head does the work), random-init + notool both FAIL, and head-OFF forward is BYTE-IDENTICAL to the original arch. Key-binding residual CLOSED (structural copy, not corpus). ① 완성도 lever delivered.

=== SUMMARY ===
{
  "experiment": "rung-0 COPY-ATTENTION / POINTER head — architectural fix for verbatim key-copy (#1835 residual)",
  "substrate": "GPU (Lane G; a_lane_akida_gpu_split — NOT AKIDA)",
  "gpu": "NVIDIA GeForce RTX 5070",
  "base": "dancinlab/anima-clm-chat-rung0-byte-18m",
  "params": 18179841,
  "scope": "TOY 18M only — a_scale_honest_scope; transfer to mid/7B UNVERIFIED",
  "baseline_1835": {
    "correct_call_rate": 0.0,
    "grounding_rate": 0.0,
    "note": "#1835 with_argcopy: call_rate 0.83 but correct_call 0/36 (no copy mechanism)"
  },
  "bars": {
    "correct_call": 0.5,
    "grounding": 0.5
  },
  "byte_eq": {
    "head_off_forward_maxabs_delta": 0.0,
    "head_off_forward_logprob_maxabs_delta": 0.0,
    "byte_identical": true
  },
  "F_COPYHEAD_ARGCOPY": {
    "with_copyhead_correct_call_rate": 0.9722,
    "with_copyhead_grounding_rate": 0.9722,
    "bar_correct_call": 0.5,
    "bar_grounding": 0.5,
    "correct_call_pass": true,
    "grounding_pass": true,
    "verdict": "PASS"
  },
  "F_COPYHEAD_OFF_MIRROR": {
    "same_ckpt_copy_off_correct_call_rate": 0.0,
    "same_ckpt_copy_off_grounding_rate": 0.0,
    "must_fail_to_copy": true,
    "verdict": "PASS"
  },
  "F_COPYHEAD_RANDINIT_MIRROR": {
    "randinit_grounding_rate": 0.0,
    "must_fail_grounding": true,
    "verdict": "PASS"
  },
  "F_COPYHEAD_NOTOOL_MIRROR": {
    "with_copyhead_NOTOOL_grounding_rate": 0.0,
    "must_fail_to_ground": true,
    "verdict": "PASS"
  },
  "ruling": "GREEN",
  "terminal_pass": true,
  "verdict_text": "🟢 COPY-HEAD WORKS at toy scale (18M) — the gated pointer head lifts correct_call from 0.0 (#1835) to 0.9722 (>= 0.5) and end-to-end grounding to 0.9722 (>= 0.5) on HELD-OUT keys; head-OFF mirror correct_call=0.0 (< bar, the head does the work), random-init + notool both FAIL, and head-OFF forward is BYTE-IDENTICAL to the original arch. Key-binding residual CLOSED (structural copy, not corpus). ① 완성도 lever delivered.",
  "arms": {
    "with_copyhead": {
      "ckpt": "out/tooluse_copyhead_with_copyhead_18m.pt",
      "final_ce_nll": 0.13537919521331787,
      "fabrication_rate": 0.0,
      "grounding_rate": 0.9722,
      "call_rate": 1.0,
      "correct_call_rate": 0.9722,
      "correct_call_n": 35,
      "grounded_n": 35
    }
  }
}
