[17:17:31] BG-KA V5.8-v3 language-agnostic retroeval start (host=Mac)
[17:17:31]   device=mps, n_ckpts=6, n_dialogues=5
[17:17:31]   out_dir=/Users/ghost/core/anima/state/anima_ka_v58_v3_language_agnostic_retroeval_2026_05_07
[17:17:31] === BG-JD-step-800 ===
[17:17:31]   loading base ckpt: /Users/ghost/core/anima/state/anima_jd_100m_sp_ko_32k_ubm_train_2026_05_07/ckpt_best.pt
[17:18:26]   base load: missing=0 unexpected=0
[17:18:33]   sp loaded: vocab=11885
[17:18:33]   dialogue=color fact='blue'
[17:21:42]     greedy: c1=False c2=False combined=False t2a='. 사용자: 법칙 우주뇌지도] 사용자: 법칙 법칙 emotion. 사용자: 법칙 법칙 법칙 emotion. '
[17:21:42]   dialogue=profession fact='researcher'
[17:23:32]     greedy: c1=False c2=False combined=False t2a='[anima 우주뇌지도] 사용자: 법칙 법칙 법칙 법칙 법칙 우주뇌지도] 사용자: 법칙 emotion,. 사'
[17:23:32]   dialogue=day fact='tuesday'
[17:24:50]     greedy: c1=False c2=False combined=False t2a='[anima 우주뇌지도] 사용자: 법칙 우주뇌지도] 사용자: 법칙 emotion,. 사용자: 법칙 법칙 em'
[17:24:50]   dialogue=anima_fact fact='consciousness'
[17:25:57]     greedy: c1=False c2=False combined=False t2a='[anima 우주뇌지도] 사용자: 법칙 법칙 emotion. 사용자: 법칙 우주뇌지도] 사용자: 법칙 emo'
[17:25:57]   dialogue=cosmology fact='big'
[17:26:51]     greedy: c1=False c2=False combined=False t2a='::::. 도우미: 법칙 우주뇌지도] 도우미: 법칙 우주뇌지도] 사용자: 법칙 우주뇌지도] 사용자: 법칙 우'
[17:26:51]   ckpt BG-JD-step-800: c1_pass=0/5 c2_pass=0/5 v3_combined_pass=0/5
[17:26:51] === BG-JT-step-0 ===
[17:26:51]   loading base ckpt: /Users/ghost/core/anima/state/anima_jd_100m_sp_ko_32k_ubm_train_2026_05_07/ckpt_best.pt
[17:27:22]   base load: missing=0 unexpected=0
[17:27:22]   applying lm_head delta: /tmp/anima-jt-lm-head-20260507_143622/lm_head_step_0.pt
[17:27:23]   delta applied step=0
[17:27:39]   sp loaded: vocab=11885
[17:27:39]   dialogue=color fact='blue'
[17:28:40]     greedy: c1=False c2=False combined=False t2a='. 사용자: 법칙 우주뇌지도] 사용자: 법칙 법칙 emotion. 사용자: 법칙 법칙 법칙 emotion. '
[17:28:40]   dialogue=profession fact='researcher'
[17:29:31]     greedy: c1=False c2=False combined=False t2a='[anima 우주뇌지도] 사용자: 법칙 법칙 법칙 법칙 법칙 우주뇌지도] 사용자: 법칙 emotion,. 사'
[17:29:31]   dialogue=day fact='tuesday'
[17:30:23]     greedy: c1=False c2=False combined=False t2a='[anima 우주뇌지도] 사용자: 법칙 우주뇌지도] 사용자: 법칙 emotion,. 사용자: 법칙 법칙 em'
[17:30:23]   dialogue=anima_fact fact='consciousness'
[17:31:31]     greedy: c1=False c2=False combined=False t2a='[anima 우주뇌지도] 사용자: 법칙 법칙 emotion. 사용자: 법칙 우주뇌지도] 사용자: 법칙 emo'
[17:31:31]   dialogue=cosmology fact='big'
[17:32:31]     greedy: c1=False c2=False combined=False t2a='::::. 도우미: 법칙 우주뇌지도] 도우미: 법칙 우주뇌지도] 사용자: 법칙 우주뇌지도] 사용자: 법칙 우'
[17:32:32]   ckpt BG-JT-step-0: c1_pass=0/5 c2_pass=0/5 v3_combined_pass=0/5
[17:32:32] === BG-JT-step-500 ===
[17:32:32]   loading base ckpt: /Users/ghost/core/anima/state/anima_jd_100m_sp_ko_32k_ubm_train_2026_05_07/ckpt_best.pt
[17:33:17]   base load: missing=0 unexpected=0
[17:33:17]   applying lm_head delta: /tmp/anima-jt-lm-head-20260507_143622/lm_head_step_500.pt
[17:33:17]   delta applied step=500
[17:33:23]   sp loaded: vocab=11885
[17:33:23]   dialogue=color fact='blue'
[17:34:41]     greedy: c1=False c2=False combined=False t2a='tension_ [anima 우주뇌지도] 사용자: Law 법칙 카테고리, 우주뇌지도] 사용자: Law 법칙 '
[17:34:41]   dialogue=profession fact='researcher'
[17:36:01]     greedy: c1=False c2=False combined=False t2a='tension_ [anima 우주뇌지도] 사용자: Law 법칙 카테고리, laws. 사용자: Law 법칙 카'
[17:36:01]   dialogue=day fact='tuesday'
[17:37:40]     greedy: c1=False c2=False combined=False t2a='tension_ [anima 우주뇌지도] 사용자: Law 법칙 카테고리, top emotion, top em'
[17:37:40]   dialogue=anima_fact fact='consciousness'
[17:39:14]     greedy: c1=False c2=False combined=False t2a='tension_ [anima 우주뇌지도] 사용자: Law 법칙 카테고리, top emotion, top em'
[17:39:14]   dialogue=cosmology fact='big'
[17:41:01]     greedy: c1=False c2=False combined=False t2a='tension_ [anima 우주뇌지도] 사용자: Law 법칙 카테고리, top emotion, top em'
[17:41:01]   ckpt BG-JT-step-500: c1_pass=0/5 c2_pass=0/5 v3_combined_pass=0/5
[17:41:02] === BG-JT-step-1000 ===
[17:41:02]   loading base ckpt: /Users/ghost/core/anima/state/anima_jd_100m_sp_ko_32k_ubm_train_2026_05_07/ckpt_best.pt
[17:42:03]   base load: missing=0 unexpected=0
[17:42:03]   applying lm_head delta: /tmp/anima-jt-lm-head-20260507_143622/lm_head_step_1000.pt
[17:42:04]   delta applied step=1000
[17:42:19]   sp loaded: vocab=11885
[17:42:19]   dialogue=color fact='blue'
[17:44:13]     greedy: c1=False c2=False combined=False t2a='anima 우주뇌지도] 사용자: Law 법칙 카테고리, 🛸71, 카테고리, laws. 도우미: Law 법칙 '
[17:44:13]   dialogue=profession fact='researcher'
[17:46:18]     greedy: c1=False c2=False combined=False t2a='tension_ [anima 우주뇌지도] 사용자: Law 법칙 카테고리, 우주뇌지도] 사용자: Law 법칙 '
[17:46:18]   dialogue=day fact='tuesday'
[17:48:11]     greedy: c1=False c2=False combined=False t2a='tension_ [anima 우주뇌지도] 사용자: Law 법칙 카테고리, 우주뇌지도] 사용자: Law 법칙 '
[17:48:12]   dialogue=anima_fact fact='consciousness'
[17:50:18]     greedy: c1=False c2=False combined=False t2a='tension_ [anima 우주뇌지도] 사용자: Law 법칙 laws. 도우미: Law 법칙 카테고리, 우'
[17:50:19]   dialogue=cosmology fact='big'
[17:52:30]     greedy: c1=True c2=False combined=False t2a='tension_ [anima 우주뇌지도] 사용자: Law 법칙 카테고리, 🛸71, 카테고리, 🛸71, top'
[17:52:30]   ckpt BG-JT-step-1000: c1_pass=1/5 c2_pass=0/5 v3_combined_pass=0/5
[17:52:30]   TOTAL_BUDGET_EXHAUSTED (1800s) — STALLED
[17:52:30] retroeval_log.jsonl written: 20 records
[17:52:30] verdict.json written: class=STALLED
[17:52:30] ledger entry appended: BG-KA attempt_n=48
[17:52:30] BG-KA done — verdict=STALLED elapsed=2099.47s
