Domain       Gate                   Record ID                                          Exit   Wall   Note    
------       ----                   ---------                                          ----   ----   ----    
chip         GATE_CLOSED_MEASURED   sB_mesh88_uniform_22nm, sD_mesh_d4_tornado_22...   0      5s     -       
component    GATE_OPEN              component_verify_20260521T091003Z                  0      2s     -       
firmware     GATE_OPEN              firmware_verify_20260521T091002Z                   0      1s     -       
materials    GATE_OPEN              -                                                  0      65s    gap     
antimatter   GATE_OPEN              antimatter_verify_20260521T091003Z                 0      1s     -       
aura         GATE_OPEN              -                                                  1      5s     gap     
bio          GATE_OPEN              -                                                  0      62s    gap     
bot          GATE_OPEN              bot_verify_20260521T091007Z                        0      1s     -       
brain        GATE_OPEN              -                                                  0      51s    gap     
cern         GATE_OPEN              cern_g4_stopping_20260521T091008Z                  0      1s     -       
chem         GATE_OPEN              -                                                  0      56s    gap     
energy       GATE_OPEN              energy_verify_20260521T091059Z                     0      1s     -       
fusion       GATE_OPEN              fusion_verify_20260521T091059Z                     0      1s     -       
grid         GATE_OPEN              -                                                  0      58s    gap     
mobility     GATE_OPEN              mobility_verify_20260521T091105Z                   0      0s     -       

=== aggregate ===
  CLOSED_MEASURED: 1
  ABSORBED:        0
  OPEN:            14
  NONE:            0
  engine-gap note: 6
  wall:            117s  (parallel P=4, 15 domains)
