
=== ablation: 0_baseline_LA ===
  load: miss=0 unexp=0
  trained_phi=1144.9186 cells=40 splits=24 elapsed=28.7s

=== ablation: 1_swap_tok_emb_to_Bprime ===
  load: miss=0 unexp=0
  trained_phi=1144.9186 cells=40 splits=24 elapsed=27.6s

=== ablation: 2_swap_engine_g_h_to_c ===
  load: miss=0 unexp=0
  trained_phi=1144.9186 cells=40 splits=24 elapsed=28.3s

=== ablation: 3_swap_engine_g_all ===
  load: miss=0 unexp=0
  trained_phi=1144.9186 cells=40 splits=24 elapsed=27.5s

=== ablation: 4_swap_all_attn_q ===
  load: miss=0 unexp=0
  trained_phi=1144.9186 cells=40 splits=24 elapsed=24.2s

=== ablation: 5_swap_all_ffn ===
  load: miss=0 unexp=0
  trained_phi=1491.5333 cells=46 splits=30 elapsed=21.2s

=== ablation: 6_pure_Bprime ===
  load: miss=0 unexp=0
  trained_phi=1144.9186 cells=40 splits=24 elapsed=22.2s

saved → /Users/ghost/core/anima/state/anima_la_collapse_ablation_2026_05_11/ablation_results.json
