PASS  case_1_default_or_env want=true got=true
PASS  case_2_no_mitosis_flag_off want=false got=false
PASS  case_3_mitosis_on want=true got=true
PASS  case_3b_mitosis_off want=false got=false
PASS  case_3c_mitosis_eq_off want=false got=false
PASS  case_4a_flag_on_beats_env want=true got=true
PASS  case_4b_flag_off_beats_env want=false got=false
PASS  case_5_on_grows_to_13 want=13 got=13
PASS  case_6_off_stays_static_3 want=3 got=3
PASS  case_7_ON_differs_from_OFF want=true got=true
PASS  case_8_tick_on_plus1 want=1 got=1
PASS  case_9_tick_off_noop want=0 got=0
INFO  engine_cli · ENGINE CLI control axis (substrate-config, NOT an emit gate, @L4) · flags: --mitosis on|off · --no-mitosis · env ANIMA_MITOSIS · --engine conv|cdv2|hexad|omega · env ANIMA_ENGINE · precedence flag>env>default · mitosis=on (ON=substrate grows per inference-time cell-division tick, p8; OFF=no-op split, ablation) · engine=conv (conv=default .clm decoder; cdv2=ConsciousDecoderV2; hexad=σ6 integration; omega=closure engine, substrate→decode coupling bus; select=substrate-config NOT emit gate) · extensible: future ENGINE flags (lane select A/G/P/M) ride the same EngineConfig axis
INFO  engine_cli · ENGINE CLI control axis (substrate-config, NOT an emit gate, @L4) · flags: --mitosis on|off · --no-mitosis · env ANIMA_MITOSIS · --engine conv|cdv2|hexad|omega · env ANIMA_ENGINE · precedence flag>env>default · mitosis=off (ON=substrate grows per inference-time cell-division tick, p8; OFF=no-op split, ablation) · engine=conv (conv=default .clm decoder; cdv2=ConsciousDecoderV2; hexad=σ6 integration; omega=closure engine, substrate→decode coupling bus; select=substrate-config NOT emit gate) · extensible: future ENGINE flags (lane select A/G/P/M) ride the same EngineConfig axis
PASS  case_10_wm_starts_empty want=0 got=0
PASS  case_11_wm_capacity_caps_at_k want=2 got=2
PASS  case_12_wm_fresh_cue_high_score want=true got=true
PASS  case_13_wm_cue_decays_below_fresh want=true got=true
PASS  case_14_no_leak_stays_immune_like want=true got=true
PASS  case_15_wm_total_activation_nonneg want=true got=true
PASS  case_16_grow_off_caps_at_base_max want=3 got=3
PASS  case_17_grow_on_grows_past_base_max want=6 got=6
PASS  case_18_grow_recalls_more_than_evict want=true got=true
PASS  case_19_grow_abstains_on_untaught want=true got=true
PASS  case_20_salient_tag_higher want=true got=true
PASS  case_21_shuffle_preserves_tag_sum want=true got=true
PASS  case_22_salience_replay_protects_salient want=true got=true
PASS  case_23_consolidating_abstains_on_untaught want=true got=true
PASS  case_24_grounded_positive_valence_emits want=true got=true
PASS  case_25_ungrounded_negative_valence_abstains want=true got=true
PASS  case_26_ungrounded_arousal_higher want=true got=true
PASS  case_27_affect_shuffle_is_permutation want=true got=true
PASS  case_28_deprivation_builds_drive want=true got=true
PASS  case_29_consummatory_resets_drive want=true got=true
PASS  case_30_ablated_does_not_accumulate want=true got=true
PASS  case_31_tom_tracks_witnessed_belief want=true got=true
PASS  case_32_false_belief_self_differs_from_other want=true got=true
PASS  case_33_tom_abstains_on_untaught want=true got=true
PASS  case_34_witnessed_revision_overwrites want=true got=true
PASS  case_133_memtom_agree_shared_vote want=true got=true
PASS  case_134_memtom_conflict_reality_memory_wins want=true got=true
PASS  case_135_memtom_conflict_belief_tom_wins want=true got=true
PASS  case_136_memtom_both_abstain_no_fab want=true got=true
PASS  case_137_spatepi_agree_shared_vote want=true got=true
PASS  case_138_spatepi_conflict_where_spatial_wins want=true got=true
PASS  case_139_spatepi_conflict_what_episodic_wins want=true got=true
PASS  case_140_spatepi_abstain_discipline want=true got=true
PASS  case_141_tomspat_agree_shared_vote want=true got=true
PASS  case_142_tomspat_conflict_tom_wins want=true got=true
PASS  case_143_tomspat_conflict_spatial_wins want=true got=true
PASS  case_144_tomspat_abstain_discipline want=true got=true
PASS  case_145_tombasal_agree_shared_vote want=true got=true
PASS  case_146_tombasal_conflict_tom_wins want=true got=true
PASS  case_147_tombasal_conflict_basal_wins want=true got=true
PASS  case_148_tombasal_abstain_discipline want=true got=true
PASS  case_149_cerebmem_agree_shared_vote want=true got=true
PASS  case_150_cerebmem_tail_deferral_to_memory want=true got=true
PASS  case_151_cerebmem_baseline_route_no_deferral want=true got=true
PASS  case_152_cerebmem_abstain_discipline want=true got=true
PASS  case_35_hier_completes_ordered_chain want=true got=true
PASS  case_36_hier_suppresses_out_of_order want=true got=true
PASS  case_37_flat_selector_lacks_ordering want=true got=true
PASS  case_38_frozen_pointer_never_completes want=true got=true
PASS  case_39_hive_super_additive_110_110 want=true got=true
PASS  case_40_hive_decoupled_null want=false got=false
PASS  case_41_hive_rule_class_dissociation want=true got=true
PASS  case_42_hive_no_collapse want=true got=true
PASS  case_44_spatial_map_answers_relational want=true got=true
PASS  case_45_item_store_abstains_relational want=true got=true
PASS  case_46_ablate_metric_collapses_to_tie want=true got=true
PASS  case_47_shuffle_decorrelates_metric want=true got=true
PASS  case_48_spatial_map_abstains_on_unplaced want=true got=true
PASS  case_49_clock_fires_at_origin want=true got=true
PASS  case_50_clock_scheduled_firing want=true got=true
PASS  case_51_clock_phase_is_elapsed_fraction want=true got=true
PASS  case_52_clock_phase_invariant_under_feed want=true got=true
PASS  case_53_ablate_period_off_schedule want=true got=true
PASS  case_54_itimer_learns_interval_13_pm2 want=true got=true
PASS  case_55_itimer_reentrains_to_20 want=true got=true
PASS  case_56_itimer_distinct_from_clock want=true got=true
PASS  case_57_itimer_ablate_frozen_at_init want=5 got=5
PASS  case_58_itimer_no_fab_off_interval want=true got=true
PASS  case_59_skill_grow_splits_under_error want=true got=true
PASS  case_60_skill_route_classifies_trained want=true got=true
PASS  case_61_ablate_no_split want=true got=true
PASS  case_64_prc_entrains_to_zeitgeber want=true got=true
PASS  case_65_prc_ablate_free_runs_drifts want=true got=true
PASS  case_66_prc_period_tracks_zeitgeber want=true got=true
PASS  case_67_prc_ablate_period_at_tau want=true got=true
PASS  case_68_prc_no_fab_off_boundary want=true got=true
PASS  case_69_scn_reaches_consensus want=true got=true
PASS  case_70_scn_uncoupled_no_consensus want=true got=true
PASS  case_71_scn_frustrated_collapses want=true got=true
PASS  case_72_scn_ablate_collapses want=true got=true
PASS  case_73_scn_network_damps_perturbed_member want=true got=true
PASS  case_79_cp_w1_present_lang_vs_baseline want=true got=true
PASS  case_80_cp_w2_whorfian_dissociation want=true got=true
PASS  case_81_cp_w3prime_languages_coherent want=true got=true
PASS  case_82_cp_w3prime_shuffle_incoherent want=true got=true
PASS  case_83_cp_regrow_relocates want=true got=true
PASS  case_84_cp_regrow_grows_store want=true got=true
PASS  case_85_cp_regrow_coherent want=true got=true
PASS  case_112_cp_relocate_lands_on_moved_boundary want=true got=true
PASS  case_113_cp_relocate_distinct_from_split want=true got=true
PASS  case_114_cp_relocate_eta0_equals_regrow want=true got=true
PASS  case_115_cp_relocate_coherent want=true got=true
PASS  case_86_cp_tagged_coexist_pA want=true got=true
PASS  case_87_cp_tagged_coexist_pB want=true got=true
PASS  case_88_cp_untagged_overwrite want=false got=false
PASS  case_89_cp_ba_no_spurious_cp_at_pB want=false got=false
PASS  case_90_cp_shuffle_incoherent want=true got=true
PASS  case_91_cp_tag_separation want=true got=true
PASS  case_92_jamo_head_present want=true got=true
PASS  case_93_jamo_beats_raw want=true got=true
PASS  case_94_jamo_earned_vs_shuffle want=true got=true
PASS  case_95_jamo_shuffle_budget_parity want=true got=true
PASS  case_96_margin_additive_agrees_with_recall want=true got=true
PASS  case_97_margin_graded_recoverable_lt_absent want=true got=true
PASS  case_98_margin_no_fab_absent_abstains want=true got=true
PASS  case_98b_gap_nonnegative want=true got=true
PASS  case_98c_gap_decisive_gt_ambiguous want=true got=true
PASS  case_98d_gap_additive_recall_unchanged want=true got=true
PASS  case_99_margin_brain_neutral_byte_identical want=true got=true
PASS  case_100_margin_brain_grounded_monotone want=true got=true
PASS  case_101_margin_brain_bias_bounded want=true got=true
PASS  case_101b_gap_brain_neutral_byte_identical want=true got=true
PASS  case_101c_gap_brain_decisive_monotone want=true got=true
PASS  case_101d_gap_brain_bias_bounded want=true got=true
PASS  case_102_g6_detector_calibration_10of10 want=10 got=10
PASS  case_103_g6_six_frames_sixth_distinct want=true got=true
PASS  case_104_g6_frame_guard_clean want=0 got=0
PASS  case_105_g6_sampler_deterministic_and_in_topk want=true got=true
PASS  case_106_g6_best_of_k_diverse want=true got=true
PASS  case_107_skillstore_learns want=true got=true
PASS  case_108_skillstore_distinct_from_static want=true got=true
PASS  case_109_skillstore_earned_shuffle want=true got=true
PASS  case_110_skillstore_abstains_on_far want=true got=true
PASS  case_111_skillstore_footprint_grows want=true got=true
INFO  skillstore acc: init=0.16666666666666665 full=1.0 static=0.16666666666666665 shuffle=0.0 cells_full=7 cells_static=1
PASS  case_116_bpe_gap_reduced want=true got=true
PASS  case_117_bpe_earned_vs_shuffle want=true got=true
PASS  case_118_bpe_shift_earned want=true got=true
PASS  case_119_bpe_compression_present want=true got=true
INFO  bpe morphology: bpe_ce=0.2421892756498374 shuffle_ce=1.0784614442108025 jamo_ce=1.8545175492745932 gap_reduced=1.6123282736247557 earned=0.8362721685609651 shift=0.11230376214621556 units(struct/shuf/jamo)=462/2031/3600
PASS  case_120_usagestore_learns want=true got=true
PASS  case_121_usagestore_distinct_from_selection want=true got=true
PASS  case_122_usagestore_earned_shuffle want=true got=true
PASS  case_123_usagestore_abstains_on_far want=true got=true
PASS  case_124_usagestore_footprint_and_ordered_steps want=true got=true
INFO  usagestore comp: init=0.083333333333333321 full=1.0 selection=0.0 shuffle=0.0 cells_full=12 cells_static=1
PASS  case_125_bpe_emit_effect want=true got=true
PASS  case_126_bpe_emit_earned want=true got=true
PASS  case_127_bpe_emit_offkorean_inert want=true got=true
PASS  case_128_bpe_emit_korean_fires want=true got=true
INFO  bpe morphology emit: acc_on=0.25217391304347823 acc_off=0.1826086956521739 acc_shuf=0.05652173913043478 on-off=0.06956521739130435 shuf-off=-0.12608695652173911 shift_on=0.391304347826087 ascii_inert=true ko_fires_byte=225
PASS  case_129_compose_earned_vs_shuffle want=true got=true
PASS  case_130_compose_conflict_degrades want=true got=true
PASS  case_131_compose_oracle_ceiling want=true got=true
