=== CLM mid-rung (d512/L8/E8) AKIDA-envelope QAT fire — 3-arm × seed 42 × 2000 step ===
Sat May 30 18:15:45 UTC 2026
--- arm=A rung=mid ---
  "corpus_bytes": 262144,
  "torch": "2.1.0+cu118"
}
--- arm=B rung=mid ---
  "corpus_bytes": 262144,
  "torch": "2.1.0+cu118"
}
--- arm=AB rung=mid ---
  "corpus_bytes": 262144,
  "torch": "2.1.0+cu118"
}
=== all arms done ===
Sat May 30 18:19:50 UTC 2026
=== summary ===
AB  rung=mid params=13653768 first_ce=5.5444 last_ce=2.2237 step_rate=25.24/s
A   rung=mid params=13653768 first_ce=5.5444 last_ce=2.2502 step_rate=25.41/s
B   rung=mid params=13653768 first_ce=5.5444 last_ce=2.2205 step_rate=25.44/s
=== FIRE COMPLETE ===
