hexa-resolver: route=darwin-bypass reason=darwin-native marker present
[qmirror/stabilizer] Ancilla-mediated stabilizer-measurement primitive
  spec: F-QM-2-STAB-11  syndrome_plus_ratio>=0.99 AND post_fidelity>=0.99
  state: |Phi+>_{q0,q1}; ancillas q2 (Z⊗Z), q3 (X⊗X); 4 qubits total
  engine                = qiskit_aer
  syndrome_plus_ratio   = 1   (analytic 1.0)
  syndrome_zz_plus      = 1
  syndrome_xx_plus      = 1
  post_fidelity         = 1   (analytic 1.0)
  E[ZZ]                 = 1   (analytic +1)
  E[XX]                 = 1   (analytic +1)
  E[YY]                 = -1   (analytic -1)
  verdict               = PASS
  message               = stabilizer: PASS (synd_ratio=1.0000, post_fid=1.0000, n_trials=1024, engine=qiskit_aer)
[qmirror/stabilizer] SELFTEST PASS (F-QM-2-STAB-11 cleared)
__QMIRROR_STABILIZER__ PASS

--- canonical bridge run (clean stdout, no [GATE] prefix) ---
$ /opt/homebrew/bin/python3 /Users/ghost/core/qmirror/modules/_python_bridge/stabilizer_runner.py < <(echo '{"mode":"stabilizer_run","n_trials":1024,"seed":20260504,"engine":"aer"}')
{"ok":1,"engine":"qiskit_aer","n_trials":1024,"n_data_qubits":2,"n_ancilla_qubits":2,"n_qubits_total":4,"stabilizers":["ZZ","XX"],"seed":20260504,"syndrome_zz_plus_count":1024,"syndrome_xx_plus_count":1024,"syndrome_plus_count":1024,"syndrome_total":1024,"syndrome_plus_ratio":1.0,"syndrome_zz_plus_ratio":1.0,"syndrome_xx_plus_ratio":1.0,"post_basis_E":{"ZZ":1.0,"XX":1.0,"YY":-1.0},"post_basis_cond_n":{"ZZ":256,"XX":256,"YY":256},"post_fidelity":1.0,"verdict":"PASS","verdict_reason":"syndrome_plus_ratio=1.0000 >= 0.99 AND post_fidelity=1.0000 >= 0.99","message":"stabilizer: PASS (synd_ratio=1.0000, post_fid=1.0000, n_trials=1024, engine=qiskit_aer)"}


--- F-QM-2-STAB-11 verdict ---
syndrome_plus_ratio = 1.0   (threshold >= 0.99)  PASS
post_fidelity       = 1.0   (threshold >= 0.99)  PASS
overall verdict     = PASS
