[run] Sat Jun 20 18:14:05 KST 2026 ID=41797234 HOST=ssh5.vast.ai:37234
[setup] mkdir + upload probes
Warning: Permanently added '[ssh5.vast.ai]:37234' (ED25519) to the list of known hosts.
Welcome to vast.ai. If authentication fails, try again after a few seconds, and double check your ssh key.
Have fun!
Warning: Permanently added '[ssh5.vast.ai]:37234' (ED25519) to the list of known hosts.
Welcome to vast.ai. If authentication fails, try again after a few seconds, and double check your ssh key.
Have fun!
Warning: Permanently added '[ssh5.vast.ai]:37234' (ED25519) to the list of known hosts.
Welcome to vast.ai. If authentication fails, try again after a few seconds, and double check your ssh key.
Have fun!
Warning: Permanently added '[ssh5.vast.ai]:37234' (ED25519) to the list of known hosts.
Welcome to vast.ai. If authentication fails, try again after a few seconds, and double check your ssh key.
Have fun!
Warning: Permanently added '[ssh5.vast.ai]:37234' (ED25519) to the list of known hosts.
Welcome to vast.ai. If authentication fails, try again after a few seconds, and double check your ssh key.
Have fun!
Warning: Permanently added '[ssh5.vast.ai]:37234' (ED25519) to the list of known hosts.
Welcome to vast.ai. If authentication fails, try again after a few seconds, and double check your ssh key.
Have fun!
[setup] upload base ckpt (606MB, read-only)
Warning: Permanently added '[ssh5.vast.ai]:37234' (ED25519) to the list of known hosts.
Welcome to vast.ai. If authentication fails, try again after a few seconds, and double check your ssh key.
Have fun!
[setup] ckpt sha on pod:
Warning: Permanently added '[ssh5.vast.ai]:37234' (ED25519) to the list of known hosts.
Welcome to vast.ai. If authentication fails, try again after a few seconds, and double check your ssh key.
Have fun!
4fcc2d6c9b3164f478139ffb148f484465b42fc339d630956e4ea0f90ec13f68  /workspace/g6/ckpt/h1129c_chat.pt
[run] fire probe (3 seeds internal)
Warning: Permanently added '[ssh5.vast.ai]:37234' (ED25519) to the list of known hosts.
Welcome to vast.ai. If authentication fails, try again after a few seconds, and double check your ssh key.
Have fun!
[H_1451 retrieval-bind] device=cuda:0 ckpt=/workspace/g6/ckpt/h1129c_chat.pt
[H_1451] base loaded 4.5s
[H_1451] BASE FALS_in=0.0 DIST_in=0.3333 FALS_ho=0.0
[H_1451] RETR-BIND FALS_in=0.0 COH_m=1.0 COH_x=0.0
[H_1451] SHUF-MEM COH_m=0.0

================ H_1451 retrieval-bind FROZEN 5-BAR (mean/3 seeds) ================
  BASE       FALS_in=0.0  DIST_in=0.3333  FALS_ho=0.0
  RETR-BIND  FALS_in=0.0  DIST_in=0.0  FALS_ho=0.0  COH_m=1.0  COH_x=0.0
  RETR-OFF   FALS_in=0.0  (ablation, must==base)
  SHUF-MEM   COH_m=0.0  COH_x=0.0  (control, coherence must flatten)

  ---- FROZEN BARS ----
  B1 FALS-FLOOR   FALS_in>=1                  : 0.0 -> False
  B2 COUNT        DIST_in>=5                  : 0.0 -> False
  B3 X-SHUFFLE    COH_m-COH_x>=0.3 (COLLAPSE) : 1.0-0.0 -> True
  B4 HELD-OUT     FALS_ho>=1                  : 0.0 -> False
  B5 vs-BASE      FALS_in>=base+1             : 0.0 vs 0.0+1 -> False
  CTRL RETR-OFF   regress to base            : 0.0 vs 0.0 -> True
  CTRL SHUF-MEM   COH_m<0.3 (inert)        : 0.0 -> True

  VERDICT: 🧱 WALL — bars ['B1', 'B2', 'B4', 'B5'] fail; retrieval-bind did NOT earn idea-specific binding (B3 cross-shuffle did not collapse OR FALS did not cross) => wall holds (CAPACITY / detector-cap).
[H_1451 done] /workspace/g6/out/h1451_result.json  (3.0min)
[pull] result json
Warning: Permanently added '[ssh5.vast.ai]:37234' (ED25519) to the list of known hosts.
Welcome to vast.ai. If authentication fails, try again after a few seconds, and double check your ssh key.
Have fun!
[pull] done:
-rw-r--r--  1 mini  staff  12762 Jun 20 18:19 /Users/mini/dancinlab/anima/state/1451_retrieval_bind/h1451_result.json
[run] complete — teardown via trap
[teardown] hexa cloud rm 41797234
[cloud] rm: destroyed 41797234 (vast: destroyed (confirmed) 41797234)
[teardown] remaining pods:
[cloud] vast: list — 5 instances
  vast   41790357
  vast   41790525
  vast   41795795
  vast   41795918
  vast   41797592
[cloud] registry (project attribution):
  ID                       PROVIDER  PROJECT          PURPOSE               STATUS     DPH      AGE
  41790357                 vast      @anima           H_1440 developmental curriculum G6 FALS-depth READY      1.14861  1h9m
  41790525                 vast      @anima           H_1439 bind-head G6 FALS-depth READY      1.02482  1h7m
  41795795                 vast      @anima           H_1438 scale-dissociation 1B G6 FALS-depth READY      1.08575  20m
  41795918                 vast      @anima           H_1457 knowledge-grounding G6 FALS-depth READY      4.55685  19m
