Warning: Permanently added '[20.157.88.174]:40193' (ED25519) to the list of known hosts.
Welcome to vast.ai. If authentication fails, try again after a few seconds, and double check your ssh key.
Have fun!
CUDA_INC=/usr/local/cuda/include CUDA_LIB=/usr/local/cuda/lib64
gpu_matmul_bench.c: In function 'run_shape':
gpu_matmul_bench.c:82:20: warning: passing argument 1 of 'cudaMalloc' from incompatible pointer type [-Wincompatible-pointer-types]
   82 |     if (cudaMalloc(&dA, (size_t)(M*K)*sizeof(double)) != cudaSuccess ||
      |                    ^~~
      |                    |
      |                    double **
In file included from /usr/local/cuda/include/cuda_runtime.h:95,
                 from gpu_matmul_bench.c:30:
/usr/local/cuda/include/cuda_runtime_api.h:5328:76: note: expected 'void **' but argument is of type 'double **'
 5328 | extern __host__ __cudart_builtin__ cudaError_t CUDARTAPI cudaMalloc(void **devPtr, size_t size);
      |                                                                     ~~~~~~~^~~~~~
gpu_matmul_bench.c:83:20: warning: passing argument 1 of 'cudaMalloc' from incompatible pointer type [-Wincompatible-pointer-types]
   83 |         cudaMalloc(&dB, (size_t)(K*N)*sizeof(double)) != cudaSuccess ||
      |                    ^~~
      |                    |
      |                    double **
In file included from /usr/local/cuda/include/cuda_runtime.h:95,
                 from gpu_matmul_bench.c:30:
/usr/local/cuda/include/cuda_runtime_api.h:5328:76: note: expected 'void **' but argument is of type 'double **'
 5328 | extern __host__ __cudart_builtin__ cudaError_t CUDARTAPI cudaMalloc(void **devPtr, size_t size);
      |                                                                     ~~~~~~~^~~~~~
gpu_matmul_bench.c:84:20: warning: passing argument 1 of 'cudaMalloc' from incompatible pointer type [-Wincompatible-pointer-types]
   84 |         cudaMalloc(&dC, (size_t)(M*N)*sizeof(double)) != cudaSuccess) {
      |                    ^~~
      |                    |
      |                    double **
In file included from /usr/local/cuda/include/cuda_runtime.h:95,
                 from gpu_matmul_bench.c:30:
/usr/local/cuda/include/cuda_runtime_api.h:5328:76: note: expected 'void **' but argument is of type 'double **'
 5328 | extern __host__ __cudart_builtin__ cudaError_t CUDARTAPI cudaMalloc(void **devPtr, size_t size);
      |                                                                     ~~~~~~~^~~~~~
gpu_matmul_bench.c: In function 'main':
gpu_matmul_bench.c:150:5: error: unknown type name 'cudaDeviceProp'; use 'struct' keyword to refer to the type
  150 |     cudaDeviceProp prop;
      |     ^~~~~~~~~~~~~~
      |     struct 
gpu_matmul_bench.c:151:29: warning: passing argument 1 of 'cudaGetDeviceProperties_v2' from incompatible pointer type [-Wincompatible-pointer-types]
  151 |     cudaGetDeviceProperties(&prop, 0);
      |                             ^~~~~
      |                             |
      |                             int *
In file included from /usr/local/cuda/include/cuda_runtime.h:95,
                 from gpu_matmul_bench.c:30:
/usr/local/cuda/include/cuda_runtime_api.h:1803:105: note: expected 'struct cudaDeviceProp *' but argument is of type 'int *'
 1803 | extern __host__ __cudart_builtin__ cudaError_t CUDARTAPI cudaGetDeviceProperties(struct cudaDeviceProp *prop, int device);
      |                                                                                  ~~~~~~~~~~~~~~~~~~~~~~~^~~~
gpu_matmul_bench.c:153:17: error: request for member 'name' in something not a structure or union
  153 |             prop.name, prop.major, prop.minor,
      |                 ^
gpu_matmul_bench.c:153:28: error: request for member 'major' in something not a structure or union
  153 |             prop.name, prop.major, prop.minor,
      |                            ^
gpu_matmul_bench.c:153:40: error: request for member 'minor' in something not a structure or union
  153 |             prop.name, prop.major, prop.minor,
      |                                        ^
gpu_matmul_bench.c:154:24: error: request for member 'totalGlobalMem' in something not a structure or union
  154 |             (long)(prop.totalGlobalMem >> 20));
      |                        ^
gpu_matmul_bench.c:159:57: error: request for member 'name' in something not a structure or union
  159 |         fprintf(jf, "  \"device_name\": \"%s\",\n", prop.name);
      |                                                         ^
gpu_matmul_bench.c:160:58: error: request for member 'major' in something not a structure or union
  160 |         fprintf(jf, "  \"device_cc\": \"%d.%d\",\n", prop.major, prop.minor);
      |                                                          ^
gpu_matmul_bench.c:160:70: error: request for member 'minor' in something not a structure or union
  160 |         fprintf(jf, "  \"device_cc\": \"%d.%d\",\n", prop.major, prop.minor);
      |                                                                      ^
gpu_matmul_bench.c:161:63: error: request for member 'totalGlobalMem' in something not a structure or union
  161 |         fprintf(jf, "  \"device_mem_mb\": %ld,\n", (long)(prop.totalGlobalMem >> 20));
      |                                                               ^
BUILD_RC=0
bash: line 1: ./gpu_matmul_bench: No such file or directory
BENCH_RC=0
NO RESULT JSON
