=== hexad_gpu_fire vast.ai dispatch (Phase D, 2026-05-16) ===
Sat May 16 09:20:26 UTC 2026
[1/9] Searching RTX 3090 offers under $0.50/hr ...
  Selected: id=36859567 dph=$0.1214 gpu=RTX_3090 cuda=13.0
[2/9] Renting instance with CUDA 12.x image...
  Instance ID: 36868735
[3/9] Waiting for SSH (max 13 min)...
  ... attempt 1/160 status=None
  ... attempt 2/160 status=loading
  ... attempt 3/160 status=loading
  ... attempt 4/160 status=loading
  ... attempt 5/160 status=loading
  ... attempt 6/160 status=loading
  ... attempt 7/160 status=loading
  ... attempt 8/160 status=loading
  ... attempt 9/160 status=loading
  ... attempt 10/160 status=loading
  ... attempt 11/160 status=loading
  ... attempt 12/160 status=loading
  ... attempt 13/160 status=loading
  ... attempt 14/160 status=loading
  ... attempt 15/160 status=loading
  ... attempt 16/160 status=loading
  ... attempt 17/160 status=loading
  ... attempt 18/160 status=loading
  ... attempt 19/160 status=loading
  ... attempt 20/160 status=loading
  ... attempt 21/160 status=loading
  ... attempt 22/160 status=loading
  ... attempt 23/160 status=loading
  ... attempt 24/160 status=loading
  ... attempt 25/160 status=loading
  ... attempt 26/160 status=loading
  ... attempt 27/160 status=loading
  ... attempt 28/160 status=loading
  ... attempt 29/160 status=loading
  ... attempt 30/160 status=loading
  ... attempt 31/160 status=loading
  ... attempt 32/160 status=loading
  ... attempt 33/160 status=loading
  ... attempt 34/160 status=loading
  ... attempt 35/160 status=loading
  ... attempt 36/160 status=loading
  ... attempt 37/160 status=loading
  ... attempt 38/160 status=loading
  ... attempt 39/160 status=loading
  ... attempt 40/160 status=loading
  ... attempt 41/160 status=loading
  ... attempt 42/160 status=loading
  ... attempt 43/160 status=loading
  ... attempt 44/160 status=loading
  ... attempt 45/160 status=loading
  ... attempt 46/160 status=loading
  ... attempt 47/160 status=loading
  ... attempt 48/160 status=loading
  ... attempt 49/160 status=loading
  ... attempt 50/160 status=loading
  ... attempt 51/160 status=loading
  ... attempt 52/160 status=loading
  ... attempt 53/160 status=loading
  ... attempt 54/160 status=loading
  ... attempt 55/160 status=loading
  ... attempt 56/160 status=loading
  ... attempt 57/160 status=loading
  ... attempt 58/160 status=loading
  ... attempt 59/160 status=loading
  ... attempt 60/160 status=loading
  ... attempt 61/160 status=loading
  ... attempt 62/160 status=loading
  ... attempt 63/160 status=loading
  ... attempt 64/160 status=loading
  ... attempt 65/160 status=loading
  ... attempt 66/160 status=loading
  ... attempt 67/160 status=loading
  ... attempt 68/160 status=loading
  ... attempt 69/160 status=loading
  ... attempt 70/160 status=loading
  ... attempt 71/160 status=loading
  ... attempt 72/160 status=loading
  ... attempt 73/160 status=loading
  ... attempt 74/160 status=loading
  ... attempt 75/160 status=loading
  ... attempt 76/160 status=loading
  ... attempt 77/160 status=loading
  ... attempt 78/160 status=loading
  ... attempt 79/160 status=loading
  ... attempt 80/160 status=loading
  ... attempt 81/160 status=loading
  ... attempt 82/160 status=loading
  ... attempt 83/160 status=loading
  ... attempt 84/160 status=loading
  ... attempt 85/160 status=loading
  ... attempt 86/160 status=loading
  ... attempt 87/160 status=loading
  ... attempt 88/160 status=loading
  ... attempt 89/160 status=loading
  ... attempt 90/160 status=loading
  ... attempt 91/160 status=loading
  ... attempt 92/160 status=loading
  ... attempt 93/160 status=loading
  ... attempt 94/160 status=loading
  ... attempt 95/160 status=loading
  ... attempt 96/160 status=loading
  ... attempt 97/160 status=loading
  ... attempt 98/160 status=loading
  ... attempt 99/160 status=loading
  ... attempt 100/160 status=loading
  ... attempt 101/160 status=loading
  ... attempt 102/160 status=loading
  ... attempt 103/160 status=loading
  ... attempt 104/160 status=loading
  ... attempt 105/160 status=loading
  ... attempt 106/160 status=loading
  ... attempt 107/160 status=loading
  ... attempt 108/160 status=loading
  ... attempt 109/160 status=loading
  ... attempt 110/160 status=loading
  ... attempt 111/160 status=loading
  ... attempt 112/160 status=loading
  ... attempt 113/160 status=loading
  ... attempt 114/160 status=loading
  ... attempt 115/160 status=loading
  ... attempt 116/160 status=loading
  ... attempt 117/160 status=loading
  ... attempt 118/160 status=loading
  ... attempt 119/160 status=loading
  ... attempt 120/160 status=loading
  ... attempt 121/160 status=loading
  ... attempt 122/160 status=loading
  ... attempt 123/160 status=loading
  ... attempt 124/160 status=loading
[cleanup] Destroying instance 36868735 (exit=0)...
destroying instance 36868735.
  ... attempt 125/160 status=loading
  ... attempt 126/160 status=
