=== hexad_gpu_fire_h100 vast.ai dispatch (Phase D H100, 2026-05-16) ===
Sat May 16 10:28:50 UTC 2026
[1/9] Searching H100 / H100_NVL / H100_PCIE offers under $5/hr ...
  Selected: id=36871335 dph=$2.8014 gpu=H100_NVL cuda=13.0
[2/9] Renting instance with CUDA 12.4 DEVEL image...
  Instance ID: 36871345
[3/9] Waiting for SSH (max 13 min)...
  ... attempt 1/160 status=None
  ... attempt 2/160 status=None
  ... attempt 3/160 status=None
  ... attempt 4/160 status=None
  ... attempt 5/160 status=loading
  ... attempt 6/160 status=loading
  ... attempt 7/160 status=loading
  ... attempt 8/160 status=loading
  ... attempt 9/160 status=loading
  ... attempt 10/160 status=loading
  ... attempt 11/160 status=loading
  ... attempt 12/160 status=loading
  ... attempt 13/160 status=loading
  ... attempt 14/160 status=loading
  ... attempt 15/160 status=loading
  ... attempt 16/160 status=loading
  ... attempt 17/160 status=loading
  ... attempt 18/160 status=loading
  ... attempt 19/160 status=loading
  ... attempt 20/160 status=loading
  ... attempt 21/160 status=loading
  ... attempt 22/160 status=loading
  ... attempt 23/160 status=loading
  ... attempt 24/160 status=loading
  ... attempt 25/160 status=loading
  ... attempt 26/160 status=loading
  ... attempt 27/160 status=loading
  ... attempt 28/160 status=loading
  ... attempt 29/160 status=loading
  ... attempt 30/160 status=loading
  ... attempt 31/160 status=loading
  ... attempt 32/160 status=loading
  ... attempt 33/160 status=loading
  ... attempt 34/160 status=loading
  ... attempt 35/160 status=loading
  ... attempt 36/160 status=loading
  ... attempt 37/160 status=loading
  ... attempt 38/160 status=loading
  ... attempt 39/160 status=loading
  ... attempt 40/160 status=loading
  ... attempt 41/160 status=loading
  ... attempt 42/160 status=loading
  SSH ready: 20.157.88.174:40193 (after 43x5s)
[4/9] Remote toolchain sanity (devel image should have everything)...
Warning: Permanently added '[20.157.88.174]:40193' (ED25519) to the list of known hosts.
Welcome to vast.ai. If authentication fails, try again after a few seconds, and double check your ssh key.
Have fun!
Sat May 16 10:33:24 2026       
+-----------------------------------------------------------------------------------------+
| NVIDIA-SMI 580.126.20             Driver Version: 580.126.20     CUDA Version: 13.0     |
+-----------------------------------------+------------------------+----------------------+
| GPU  Name                 Persistence-M | Bus-Id          Disp.A | Volatile Uncorr. ECC |
| Fan  Temp   Perf          Pwr:Usage/Cap |           Memory-Usage | GPU-Util  Compute M. |
|                                         |                        |               MIG M. |
|=========================================+========================+======================|
---
nvcc: NVIDIA (R) Cuda compiler driver
Copyright (c) 2005-2024 NVIDIA Corporation
Built on Thu_Mar_28_02:18:24_PDT_2024
Cuda compilation tools, release 12.4, V12.4.131
Build cuda_12.4.r12.4/compiler.34097967_0
---
/usr/local/cuda/include/cublas_v2.h
cublas_v2.h PRESENT
/usr/local/cuda/include/cuda_runtime.h
cuda_runtime.h PRESENT
/usr/local/cuda/lib64/libcublas.so
/usr/local/cuda/lib64/libcublas.so.12
/usr/local/cuda/lib64/libcublas.so.12.4.5.8
---
/usr/bin/gcc
gcc (Ubuntu 11.4.0-1ubuntu1~22.04) 11.4.0
TOOLCHAIN_OK
[5/9] Upload sources...
Warning: Permanently added '[20.157.88.174]:40193' (ED25519) to the list of known hosts.
Welcome to vast.ai. If authentication fails, try again after a few seconds, and double check your ssh key.
Have fun!
Warning: Permanently added '[20.157.88.174]:40193' (ED25519) to the list of known hosts.
Welcome to vast.ai. If authentication fails, try again after a few seconds, and double check your ssh key.
Have fun!
Warning: Permanently added '[20.157.88.174]:40193' (ED25519) to the list of known hosts.
Welcome to vast.ai. If authentication fails, try again after a few seconds, and double check your ssh key.
Have fun!
[6/9] Build + run gpu_matmul_bench (real cuBLAS Dgemm on H100_NVL)...
Warning: Permanently added '[20.157.88.174]:40193' (ED25519) to the list of known hosts.
Welcome to vast.ai. If authentication fails, try again after a few seconds, and double check your ssh key.
Have fun!
CUDA_INC=/usr/local/cuda/include CUDA_LIB=/usr/local/cuda/lib64
gpu_matmul_bench.c: In function 'run_shape':
gpu_matmul_bench.c:82:20: warning: passing argument 1 of 'cudaMalloc' from incompatible pointer type [-Wincompatible-pointer-types]
   82 |     if (cudaMalloc(&dA, (size_t)(M*K)*sizeof(double)) != cudaSuccess ||
      |                    ^~~
      |                    |
      |                    double **
In file included from /usr/local/cuda/include/cuda_runtime.h:95,
                 from gpu_matmul_bench.c:30:
/usr/local/cuda/include/cuda_runtime_api.h:5328:76: note: expected 'void **' but argument is of type 'double **'
 5328 | extern __host__ __cudart_builtin__ cudaError_t CUDARTAPI cudaMalloc(void **devPtr, size_t size);
      |                                                                     ~~~~~~~^~~~~~
gpu_matmul_bench.c:83:20: warning: passing argument 1 of 'cudaMalloc' from incompatible pointer type [-Wincompatible-pointer-types]
   83 |         cudaMalloc(&dB, (size_t)(K*N)*sizeof(double)) != cudaSuccess ||
      |                    ^~~
      |                    |
      |                    double **
In file included from /usr/local/cuda/include/cuda_runtime.h:95,
                 from gpu_matmul_bench.c:30:
/usr/local/cuda/include/cuda_runtime_api.h:5328:76: note: expected 'void **' but argument is of type 'double **'
 5328 | extern __host__ __cudart_builtin__ cudaError_t CUDARTAPI cudaMalloc(void **devPtr, size_t size);
      |                                                                     ~~~~~~~^~~~~~
gpu_matmul_bench.c:84:20: warning: passing argument 1 of 'cudaMalloc' from incompatible pointer type [-Wincompatible-pointer-types]
   84 |         cudaMalloc(&dC, (size_t)(M*N)*sizeof(double)) != cudaSuccess) {
      |                    ^~~
      |                    |
      |                    double **
In file included from /usr/local/cuda/include/cuda_runtime.h:95,
                 from gpu_matmul_bench.c:30:
/usr/local/cuda/include/cuda_runtime_api.h:5328:76: note: expected 'void **' but argument is of type 'double **'
 5328 | extern __host__ __cudart_builtin__ cudaError_t CUDARTAPI cudaMalloc(void **devPtr, size_t size);
      |                                                                     ~~~~~~~^~~~~~
gpu_matmul_bench.c: In function 'main':
gpu_matmul_bench.c:150:5: error: unknown type name 'cudaDeviceProp'; use 'struct' keyword to refer to the type
  150 |     cudaDeviceProp prop;
      |     ^~~~~~~~~~~~~~
      |     struct 
gpu_matmul_bench.c:151:29: warning: passing argument 1 of 'cudaGetDeviceProperties_v2' from incompatible pointer type [-Wincompatible-pointer-types]
  151 |     cudaGetDeviceProperties(&prop, 0);
      |                             ^~~~~
      |                             |
      |                             int *
In file included from /usr/local/cuda/include/cuda_runtime.h:95,
                 from gpu_matmul_bench.c:30:
/usr/local/cuda/include/cuda_runtime_api.h:1803:105: note: expected 'struct cudaDeviceProp *' but argument is of type 'int *'
 1803 | extern __host__ __cudart_builtin__ cudaError_t CUDARTAPI cudaGetDeviceProperties(struct cudaDeviceProp *prop, int device);
      |                                                                                  ~~~~~~~~~~~~~~~~~~~~~~~^~~~
gpu_matmul_bench.c:153:17: error: request for member 'name' in something not a structure or union
  153 |             prop.name, prop.major, prop.minor,
      |                 ^
gpu_matmul_bench.c:153:28: error: request for member 'major' in something not a structure or union
  153 |             prop.name, prop.major, prop.minor,
      |                            ^
gpu_matmul_bench.c:153:40: error: request for member 'minor' in something not a structure or union
  153 |             prop.name, prop.major, prop.minor,
      |                                        ^
gpu_matmul_bench.c:154:24: error: request for member 'totalGlobalMem' in something not a structure or union
  154 |             (long)(prop.totalGlobalMem >> 20));
      |                        ^
gpu_matmul_bench.c:159:57: error: request for member 'name' in something not a structure or union
  159 |         fprintf(jf, "  \"device_name\": \"%s\",\n", prop.name);
      |                                                         ^
gpu_matmul_bench.c:160:58: error: request for member 'major' in something not a structure or union
  160 |         fprintf(jf, "  \"device_cc\": \"%d.%d\",\n", prop.major, prop.minor);
      |                                                          ^
gpu_matmul_bench.c:160:70: error: request for member 'minor' in something not a structure or union
  160 |         fprintf(jf, "  \"device_cc\": \"%d.%d\",\n", prop.major, prop.minor);
      |                                                                      ^
gpu_matmul_bench.c:161:63: error: request for member 'totalGlobalMem' in something not a structure or union
  161 |         fprintf(jf, "  \"device_mem_mb\": %ld,\n", (long)(prop.totalGlobalMem >> 20));
      |                                                               ^
BUILD_RC=0
bash: line 1: ./gpu_matmul_bench: No such file or directory
BENCH_RC=0
NO RESULT JSON
[7/9] Compile-test runtime_cuda.c (object only — links to runtime _hx_farr_table externs)...
Warning: Permanently added '[20.157.88.174]:40193' (ED25519) to the list of known hosts.
Welcome to vast.ai. If authentication fails, try again after a few seconds, and double check your ssh key.
Have fun!
OBJ_RC=0
-rw-r--r-- 1 root root 8008 May 16 10:33 runtime_cuda.o
00000000000002c0 T _hx_cuda_device_count_impl
0000000000000430 T _hx_cuda_farr_device_free
00000000000004c0 T _hx_cuda_farr_matmul_gpu
0000000000000320 T _hx_cuda_farr_to_device
0000000000000340 T _hx_cuda_farr_to_host
0000000000000260 T _hx_cuda_runtime_available
                 U cublasCreate_v2
                 U cublasDgemm_v2
0000000000000000 b g_cublas
[8/9] Pull artifacts back...
  WARNING: bench_result.json NOT found — SAVE_POD=1 for inspection
Warning: Permanently added '[20.157.88.174]:40193' (ED25519) to the list of known hosts.
Welcome to vast.ai. If authentication fails, try again after a few seconds, and double check your ssh key.
Have fun!
scp: /workspace/gpu_fire/gpu_matmul_bench_result.json: No such file or directory
  ... pull retry 1/3 for /workspace/gpu_fire/gpu_matmul_bench_result.json
Warning: Permanently added '[20.157.88.174]:40193' (ED25519) to the list of known hosts.
Welcome to vast.ai. If authentication fails, try again after a few seconds, and double check your ssh key.
Have fun!
scp: /workspace/gpu_fire/gpu_matmul_bench_result.json: No such file or directory
  ... pull retry 2/3 for /workspace/gpu_fire/gpu_matmul_bench_result.json
ssh: connect to host 20.157.88.174 port 40193: Connection refused
scp: Connection closed
  ... pull retry 3/3 for /workspace/gpu_fire/gpu_matmul_bench_result.json
  pull FAILED after 3 tries: /workspace/gpu_fire/gpu_matmul_bench_result.json
ssh: connect to host 20.157.88.174 port 40193: Connection refused
scp: Connection closed
  ... pull retry 1/3 for /workspace/gpu_fire/bench_h100.log
ssh: connect to host 20.157.88.174 port 40193: Connection refused
scp: Connection closed
  ... pull retry 2/3 for /workspace/gpu_fire/bench_h100.log
Terminated: 15
[cleanup] SAVE_POD=1 — keep instance 36871345 (rc=143)
