=== hexad_gpu_fire_h100_v2 dispatch (Phase D H100 v2, 2026-05-16) ===
Sat May 16 10:36:52 UTC 2026
[1/8] Search H100/H200 — highest reliability first...
  Selected: id=32856283 dph=$5.8947 gpu=H100_SXM reliability=0.9975
[2/8] Rent (devel image, headers preinstalled)...
  Instance: 36871724
[3/8] Wait SSH (max 13min)...
  ... attempt 1/160 status=None
  ... attempt 2/160 status=None
  ... attempt 3/160 status=None
  ... attempt 4/160 status=
  ... attempt 5/160 status=
  ... attempt 6/160 status=
  ... attempt 7/160 status=
  ... attempt 8/160 status=
  ... attempt 9/160 status=
  ... attempt 10/160 status=
  ... attempt 11/160 status=
  ... attempt 12/160 status=
  ... attempt 13/160 status=
  ... attempt 14/160 status=
  ... attempt 15/160 status=
  ... attempt 16/160 status=
  ... attempt 17/160 status=
  ... attempt 18/160 status=
  ... attempt 19/160 status=
  ... attempt 20/160 status=
  ... attempt 21/160 status=
  ... attempt 22/160 status=
  ... attempt 23/160 status=
  ... attempt 24/160 status=
  ... attempt 25/160 status=
  ... attempt 26/160 status=
  ... attempt 27/160 status=
  ... attempt 28/160 status=
  ... attempt 29/160 status=
  ... attempt 30/160 status=
  ... attempt 31/160 status=
  ... attempt 32/160 status=
  ... attempt 33/160 status=
  ... attempt 34/160 status=
  ... attempt 35/160 status=
  ... attempt 36/160 status=
  ... attempt 37/160 status=
  ... attempt 38/160 status=
  ... attempt 39/160 status=
