Warning: Permanently added '[20.157.88.174]:40193' (ED25519) to the list of known hosts.
Welcome to vast.ai. If authentication fails, try again after a few seconds, and double check your ssh key.
Have fun!
Sat May 16 10:33:24 2026       
+-----------------------------------------------------------------------------------------+
| NVIDIA-SMI 580.126.20             Driver Version: 580.126.20     CUDA Version: 13.0     |
+-----------------------------------------+------------------------+----------------------+
| GPU  Name                 Persistence-M | Bus-Id          Disp.A | Volatile Uncorr. ECC |
| Fan  Temp   Perf          Pwr:Usage/Cap |           Memory-Usage | GPU-Util  Compute M. |
|                                         |                        |               MIG M. |
|=========================================+========================+======================|
---
nvcc: NVIDIA (R) Cuda compiler driver
Copyright (c) 2005-2024 NVIDIA Corporation
Built on Thu_Mar_28_02:18:24_PDT_2024
Cuda compilation tools, release 12.4, V12.4.131
Build cuda_12.4.r12.4/compiler.34097967_0
---
/usr/local/cuda/include/cublas_v2.h
cublas_v2.h PRESENT
/usr/local/cuda/include/cuda_runtime.h
cuda_runtime.h PRESENT
/usr/local/cuda/lib64/libcublas.so
/usr/local/cuda/lib64/libcublas.so.12
/usr/local/cuda/lib64/libcublas.so.12.4.5.8
---
/usr/bin/gcc
gcc (Ubuntu 11.4.0-1ubuntu1~22.04) 11.4.0
TOOLCHAIN_OK
