=== Phase D cuBLAS bench on live H100 SXM (36871902) ===
Sat May 16 10:42:48 UTC 2026
[1/4] Upload sources...
[2/4] Build + bench + runtime_cuda compile — ONE session...
=== HW ===
NVIDIA H100 80GB HBM3, 81559 MiB, 580.126.20, 9.0
Cuda compilation tools, release 12.4, V12.4.131
Build cuda_12.4.r12.4/compiler.34097967_0
=== build bench (nvcc -x cu) ===
BENCH_BUILD_RC=0
-rwxr-xr-x 1 root root 26008 May 16 10:43 gpu_matmul_bench
=== run bench (nvidia-smi sampled 1Hz during) ===
[bench] device 0: pci=0000:6C:00.0 (cc=9.0, 81079 MB total)
[bench] M=64 K=64 N=64 warm=3 iter=200
[bench]  cpu_ms=0.12 gpu_ms_avg=0.009 gflops=58.6 max|Δ|=3.553e-15 max_rel=1.824e-12
[bench] M=256 K=256 N=256 warm=3 iter=100
[bench]  cpu_ms=8.96 gpu_ms_avg=0.009 gflops=3714.1 max|Δ|=1.066e-14 max_rel=1.409e-11
[bench] M=512 K=512 N=512 warm=2 iter=50
[bench]  cpu_ms=74.82 gpu_ms_avg=0.009 gflops=29148.4 max|Δ|=2.487e-14 max_rel=2.118e-10
[bench] M=768 K=768 N=768 warm=2 iter=30
[bench]  cpu_ms=240.81 gpu_ms_avg=0.026 gflops=35440.2 max|Δ|=2.842e-14 max_rel=4.665e-10
[bench] M=1024 K=1024 N=1024 warm=2 iter=20
[bench]  cpu_ms=559.39 gpu_ms_avg=0.042 gflops=51243.6 max|Δ|=3.197e-14 max_rel=1.085e-10
[bench] M=768 K=3072 N=768 warm=2 iter=20
[bench]  cpu_ms=943.27 gpu_ms_avg=0.083 gflops=43650.7 max|Δ|=4.263e-13 max_rel=7.168e-10
[bench] M=768 K=768 N=3072 warm=2 iter=20
[bench]  cpu_ms=1027.63 gpu_ms_avg=0.075 gflops=48467.4 max|Δ|=3.197e-14 max_rel=1.905e-09
[bench] DONE — 7 shapes
BENCH_RUN_RC=0
=== gpu_matmul_bench_result.json (INLINE — captured in local log) ===
{
  "device_pci": "0000:6C:00.0",
  "device_cc": "9.0",
  "device_mem_mb": 81079,
  "shapes": [
  { "M":64, "K":64, "N":64, "cpu_ms":0.116, "gpu_ms_avg":0.0089, "gpu_gflops":58.61, "max_abs_delta":3.553e-15, "max_rel_delta":1.824e-12, "n_iter":200 },
  { "M":256, "K":256, "N":256, "cpu_ms":8.956, "gpu_ms_avg":0.0090, "gpu_gflops":3714.15, "max_abs_delta":1.066e-14, "max_rel_delta":1.409e-11, "n_iter":100 },
  { "M":512, "K":512, "N":512, "cpu_ms":74.820, "gpu_ms_avg":0.0092, "gpu_gflops":29148.39, "max_abs_delta":2.487e-14, "max_rel_delta":2.118e-10, "n_iter":50 },
  { "M":768, "K":768, "N":768, "cpu_ms":240.811, "gpu_ms_avg":0.0256, "gpu_gflops":35440.23, "max_abs_delta":2.842e-14, "max_rel_delta":4.665e-10, "n_iter":30 },
  { "M":1024, "K":1024, "N":1024, "cpu_ms":559.395, "gpu_ms_avg":0.0419, "gpu_gflops":51243.63, "max_abs_delta":3.197e-14, "max_rel_delta":1.085e-10, "n_iter":20 },
  { "M":768, "K":3072, "N":768, "cpu_ms":943.268, "gpu_ms_avg":0.0830, "gpu_gflops":43650.74, "max_abs_delta":4.263e-13, "max_rel_delta":7.168e-10, "n_iter":20 },
  { "M":768, "K":768, "N":3072, "cpu_ms":1027.629, "gpu_ms_avg":0.0748, "gpu_gflops":48467.39, "max_abs_delta":3.197e-14, "max_rel_delta":1.905e-09, "n_iter":20 }
  ]
}

=== nvidia-smi peak during (top util desc, 8) ===
2 %, 531 MiB, 88.76 W
2 %, 529 MiB, 112.70 W
0 %, 529 MiB, 112.39 W
0 %, 0 MiB, 65.81 W
=== runtime_cuda.c compile-test (nvcc, links cublas) ===
RUNTIME_CUDA_RC=0
-rw-r--r-- 1 root root 10664 May 16 10:43 runtime_cuda.o
0000000000000350 T _Z21_hx_cuda_farr_to_hostl
0000000000000330 T _Z23_hx_cuda_farr_to_devicel
00000000000004d0 T _Z24_hx_cuda_farr_matmul_gpullllll
0000000000000440 T _Z25_hx_cuda_farr_device_freel
00000000000002d0 T _Z26_hx_cuda_device_count_implv
0000000000000270 T _Z26_hx_cuda_runtime_availablev
0000000000000008 b _ZL8g_cublas
                 U cublasCreate_v2
                 U cublasDgemm_v2
                 U cudaMalloc
ALLDONE
[3/4] Pull artifacts...
  PULL-FAIL gpu_matmul_bench_result.json
  PULL-FAIL nvidia_smi_during.csv
  PULL-FAIL runtime_cuda.o
[4/4] === bench DONE === (instance kept running for d_corpus follow-on)
Sat May 16 10:43:43 UTC 2026
