=== d_corpus_fire on live H100 SXM (36871902) ===
Sat May 16 10:45:09 UTC 2026
[1/5] Upload hexa-lang static linux x86_64 binary...
HEXA_STAGED
[2/5] Upload trainer + corpus...
PATHS_LINKED
/Users/ghost/core/anima/HEXAD/D/:
total 0
drwxr-xr-x 2 root root 73 May 16 10:46 .
drwxr-xr-x 3 root root 23 May 16 10:46 ..
lrwxrwxrwx 1 root root 44 May 16 10:46 corpus_loader_lib.hexa -> /workspace/ap/HEXAD/D/corpus_loader_lib.hexa
lrwxrwxrwx 1 root root 39 May 16 10:46 d_train5_lib.hexa -> /workspace/ap/HEXAD/D/d_train5_lib.hexa

/Users/ghost/core/anima/training/:
total 0
drwxr-xr-x 2 root root 51 May 16 10:46 .
drwxr-xr-x 4 root root 47 May 16 10:46 ..
lrwxrwxrwx 1 root root 52 May 16 10:46 corpus_consciousness_v1.jsonl -> /workspace/ap/training/corpus_consciousness_v1.jsonl
[3/5] Run d_corpus_fire NATIVE (d=32 3L 8w 80step) on Linux x86_64...
================================================================
d_corpus_fire — §7 #1 real-corpus from-scratch FIRE (F-D-FIRE)
================================================================
NATIVE_RC=0 WALL=267s
