[ja-ext] loading /workspace/anima_ja_ext/polyglot_base ...
`torch_dtype` is deprecated! Use `dtype` instead!
Loading checkpoint shards:   0%|          | 0/3 [00:00<?, ?it/s]Loading checkpoint shards:  33%|███▎      | 1/3 [00:00<00:00,  3.14it/s]Loading checkpoint shards:  67%|██████▋   | 2/3 [00:00<00:00,  2.78it/s]Loading checkpoint shards: 100%|██████████| 3/3 [00:00<00:00,  3.40it/s]Loading checkpoint shards: 100%|██████████| 3/3 [00:00<00:00,  3.25it/s]
trainable params: 12,582,912 || all params: 1,344,393,216 || trainable%: 0.9360
[ja-ext] loading corpus /workspace/anima_ja_ext/corpus/corpus_persona_chat_template.txt ...
[ja-ext] corpus rows=66153
[ja-ext] tokenized usable rows=59709
[ja-ext] step 50/3000 loss=3.1406 elapsed=8s
[ja-ext] step 100/3000 loss=3.3750 elapsed=15s
[ja-ext] step 150/3000 loss=2.8906 elapsed=22s
[ja-ext] step 200/3000 loss=3.3594 elapsed=29s
[ja-ext] step 250/3000 loss=3.0156 elapsed=36s
[ja-ext] step 300/3000 loss=3.3281 elapsed=44s
[ja-ext] step 350/3000 loss=2.9375 elapsed=51s
[ja-ext] step 400/3000 loss=2.4531 elapsed=58s
[ja-ext] step 450/3000 loss=2.0625 elapsed=65s
[ja-ext] step 500/3000 loss=1.9062 elapsed=72s
[ja-ext] saved adapter to /workspace/anima_ja_ext/ckpts/adapter_step_500
[ja-ext] step 550/3000 loss=2.3125 elapsed=79s
[ja-ext] step 600/3000 loss=2.1250 elapsed=87s
[ja-ext] step 650/3000 loss=2.2344 elapsed=94s
[ja-ext] step 700/3000 loss=2.1719 elapsed=101s
[ja-ext] step 750/3000 loss=2.5000 elapsed=108s
[ja-ext] step 800/3000 loss=2.2500 elapsed=115s
[ja-ext] step 850/3000 loss=1.8906 elapsed=122s
[ja-ext] step 900/3000 loss=1.9062 elapsed=130s
[ja-ext] step 950/3000 loss=2.3594 elapsed=137s
[ja-ext] step 1000/3000 loss=1.6953 elapsed=144s
[ja-ext] saved adapter to /workspace/anima_ja_ext/ckpts/adapter_step_1000
[ja-ext] step 1050/3000 loss=1.8828 elapsed=151s
[ja-ext] step 1100/3000 loss=1.7734 elapsed=158s
[ja-ext] step 1150/3000 loss=1.7891 elapsed=165s
[ja-ext] step 1200/3000 loss=1.8203 elapsed=173s
[ja-ext] step 1250/3000 loss=1.8281 elapsed=180s
[ja-ext] step 1300/3000 loss=1.9062 elapsed=187s
[ja-ext] step 1350/3000 loss=1.5703 elapsed=194s
[ja-ext] step 1400/3000 loss=1.8359 elapsed=201s
[ja-ext] step 1450/3000 loss=2.1719 elapsed=208s
[ja-ext] step 1500/3000 loss=1.6797 elapsed=216s
[ja-ext] saved adapter to /workspace/anima_ja_ext/ckpts/adapter_step_1500
[ja-ext] step 1550/3000 loss=1.3672 elapsed=223s
[ja-ext] step 1600/3000 loss=1.4922 elapsed=230s
[ja-ext] step 1650/3000 loss=1.3359 elapsed=237s
[ja-ext] step 1700/3000 loss=2.0000 elapsed=244s
[ja-ext] step 1750/3000 loss=1.3672 elapsed=252s
[ja-ext] step 1800/3000 loss=1.3281 elapsed=259s
[ja-ext] step 1850/3000 loss=1.4297 elapsed=266s
[ja-ext] step 1900/3000 loss=1.5859 elapsed=273s
[ja-ext] step 1950/3000 loss=1.9062 elapsed=280s
[ja-ext] step 2000/3000 loss=1.5703 elapsed=287s
[ja-ext] saved adapter to /workspace/anima_ja_ext/ckpts/adapter_step_2000
[ja-ext] step 2050/3000 loss=1.2188 elapsed=295s
[ja-ext] step 2100/3000 loss=1.2188 elapsed=302s
[ja-ext] step 2150/3000 loss=1.5234 elapsed=309s
[ja-ext] step 2200/3000 loss=1.6875 elapsed=316s
[ja-ext] step 2250/3000 loss=1.3906 elapsed=323s
[ja-ext] step 2300/3000 loss=1.1953 elapsed=330s
[ja-ext] step 2350/3000 loss=1.5078 elapsed=338s
[ja-ext] step 2400/3000 loss=1.5547 elapsed=345s
[ja-ext] step 2450/3000 loss=1.6016 elapsed=352s
[ja-ext] step 2500/3000 loss=1.0078 elapsed=359s
[ja-ext] saved adapter to /workspace/anima_ja_ext/ckpts/adapter_step_2500
[ja-ext] step 2550/3000 loss=1.0000 elapsed=366s
[ja-ext] step 2600/3000 loss=1.6719 elapsed=373s
[ja-ext] step 2650/3000 loss=1.2031 elapsed=381s
[ja-ext] step 2700/3000 loss=0.7969 elapsed=388s
[ja-ext] step 2750/3000 loss=1.2500 elapsed=395s
[ja-ext] step 2800/3000 loss=1.1797 elapsed=402s
[ja-ext] step 2850/3000 loss=0.8711 elapsed=409s
[ja-ext] step 2900/3000 loss=1.2031 elapsed=416s
[ja-ext] step 2950/3000 loss=1.2656 elapsed=424s
[ja-ext] step 3000/3000 loss=1.4219 elapsed=431s
[ja-ext] saved adapter to /workspace/anima_ja_ext/ckpts/adapter_step_3000
[ja-ext] training done 431s — final adapter: /workspace/anima_ja_ext/ckpts/adapter_final
