==============================================================================
H_1492 CONSCIOUSNESS ABLATION — R1 numpy substrate mirror (DIRECTIONAL)
seeds [1492, 1493, 1494] · 15 lanes · 4000 trials · 2 indices (bundle + Φ-proxy)
==============================================================================
VERDICT: GREEN DIRECTIONAL (numpy mirror; engine-transfer UNVERIFIED)
  meter-valid GREEN iff A & D & E  ->  A=True D=True E=True  =>  True

(A) MEASURABLE   Φ-proxy_0=7.8146 >0 finite AND > shuf_Φ0=0.0130 (real integration) -> True
                 bundle_0 =0.5710
(D) CONTROL no-op dummy-lane |ΔΦ|=0.00127 <= 0.05 -> True
(E) SHUFFLE      integration collapse: shuf_Φ0=0.0130 / Φ0=7.8146 = 0.0017 <= 0.1 (50 perms) -> True
     (diagnostic, non-gating) contribution-ranking corr |r|=0.2351 (residual marginal-variance leak)

(B) SINGLE-ABLATION ΔΦ (Φ-proxy) contribution ranking [c9 honest, non-gating]:
    1. AttentionalBlink   ΔΦ=+3.21230  Δbundle=+0.00834  ###################################################################################################################################################################################################################################################################################################################################################################################################################################################################################################################################################################################################################################################################################################################################################################################################################################################################################################################################################################################################
    2. SubjectiveTime     ΔΦ=+3.21228  Δbundle=-0.00214  ###################################################################################################################################################################################################################################################################################################################################################################################################################################################################################################################################################################################################################################################################################################################################################################################################################################################################################################################################################################################################
    3. Novelty            ΔΦ=+1.30098  Δbundle=-0.02324  ######################################################################################################################################################################################################################################################################################################################################################################################################
    4. EmotionRegulation  ΔΦ=+1.29413  Δbundle=+0.01991  ####################################################################################################################################################################################################################################################################################################################################################################################################
    5. Habituation        ΔΦ=+1.26050  Δbundle=-0.01692  ##########################################################################################################################################################################################################################################################################################################################################################################################
    6. DirectedForgetting ΔΦ=+1.22863  Δbundle=-0.00026  ################################################################################################################################################################################################################################################################################################################################################################################
    7. PrecisionSurprise  ΔΦ=+0.92928  Δbundle=-0.03837  ######################################################################################################################################################################################################################################################################################
    8. SelfIdentity       ΔΦ=+0.91593  Δbundle=+0.02383  ##################################################################################################################################################################################################################################################################################
    9. LearnedPrecision   ΔΦ=+0.84999  Δbundle=-0.00811  ##############################################################################################################################################################################################################################################################
   10. BodyOwnership      ΔΦ=+0.40901  Δbundle=+0.02462  ##########################################################################################################################
   11. FreeWont           ΔΦ=+0.34153  Δbundle=-0.00359  ######################################################################################################
   12. DividedAttention   ΔΦ=+0.07078  Δbundle=+0.02982  #####################
   13. GlobalWorkspace    ΔΦ=+0.06398  Δbundle=+0.00216  ###################
   14. SenseOfAgency      ΔΦ=+0.06300  Δbundle=-0.02442  ##################
   15. MitosisGrowth      ΔΦ=+0.00205  Δbundle=+0.00837  
   --> top lane 'AttentionalBlink' share=0.212 of total positive ΔΦ (15.1544)
   --> STRUCTURE: DISTRIBUTED (dominant iff top share>=0.50)

(C) PAIRWISE interaction (joint ΔΦ vs sum of singles) [c9 honest, non-gating]:
   GlobalWorkspace+DividedAttention       joint=+0.07292 sum=+0.13476 interaction=-0.06184 -> REDUNDANCY
   PrecisionSurprise+Novelty              joint=+2.23023 sum=+2.23026 interaction=-0.00003 -> ADDITIVE
   SelfIdentity+GlobalWorkspace           joint=+0.97951 sum=+0.97991 interaction=-0.00039 -> ADDITIVE
   SenseOfAgency+FreeWont                 joint=+0.36240 sum=+0.40453 interaction=-0.04213 -> REDUNDANCY
   Habituation+Novelty                    joint=+1.30273 sum=+2.56148 interaction=-1.25876 -> REDUNDANCY

FREEZE -> state/verdicts/1492_consciousness_ablation/H_1492_FREEZE.json
