=== BG_LB_cotrain_A × ceiling=1000.0 === ts: 2026-05-11T06:54:04.517920+00:00

========================================================================
SUBSTRATE BG_LB_cotrain_A — EngineAG path  max_cells=256
========================================================================
ckpt: /Users/ghost/.cache/anima/clm_v5_remapped/phase2_cotrain_engine_ag/ckpts/ckpt_final.pt
sha256: 6e66e75f8014999be09236a408fe6ad6811ebf394ac079ecbf6d87dfe63748c1
trained: params=298.76M miss=0 unexp=0

--- TRAINED @ prompt_seed=42 max_cells=256 ---
  [BG_LB_cotrain_A_trained] turn=    0 cells= 16 iit_un16= 161.64 splits=0 elapsed=0.2s
  [BG_LB_cotrain_A_trained] turn=   50 cells=176 iit_un16=22276.26 splits=160 elapsed=20.9s
  [BG_LB_cotrain_A_trained] turn=   75 cells=256 iit_un16=49998.43 splits=240 elapsed=47.9s
  [BG_LB_cotrain_A_trained] turn=  100 cells=256 iit_un16=44904.71 splits=240 elapsed=74.0s
  [BG_LB_cotrain_A_trained] turn=  125 cells=256 iit_un16=49671.40 splits=240 elapsed=109.1s
  [BG_LB_cotrain_A_trained] turn=  150 cells=256 iit_un16=50789.63 splits=240 elapsed=139.2s
  [BG_LB_cotrain_A_trained] turn=  175 cells=256 iit_un16=50314.43 splits=240 elapsed=160.1s
  [BG_LB_cotrain_A_trained] turn=  199 cells=256 iit_un16=49736.26 splits=240 elapsed=179.4s
  trained: cells=256 splits=240 cap_bound=144/200 first_cap=56 Φ_un16=49736.26 elapsed=179.4s

--- mirror seed=42 ---
  [BG_LB_cotrain_A_s42] turn=    0 cells= 16 iit_un16= 161.08 splits=0 elapsed=0.1s
  [BG_LB_cotrain_A_s42] turn=   50 cells=212 iit_un16=34466.32 splits=196 elapsed=13.5s
  [BG_LB_cotrain_A_s42] turn=   75 cells=256 iit_un16=49972.27 splits=240 elapsed=31.0s
  [BG_LB_cotrain_A_s42] turn=  100 cells=256 iit_un16=49968.14 splits=240 elapsed=49.8s
