=== phase1a4_lr5e6 vast.ai dispatch (Mac-local) ===
Tue May 12 10:11:43 UTC 2026
[1/8] Searching RTX 4090 offers under $0.30/hr...
  Selected offer ID: 35689141
[2/8] Renting instance...
  raw: {
 "instance_api_key": "9ec6bfb1c01424315c485681df823b569235e15a3f5ad4ca1d2c8c8bdf8b8608",
  Instance ID: 36609664
[3/8] Waiting for SSH ready...
  ... attempt 1/80, status=None
  ... attempt 2/80, status=loading
  ... attempt 3/80, status=loading
  ... attempt 4/80, status=loading
  ... attempt 5/80, status=loading
  ... attempt 6/80, status=loading
  ... attempt 7/80, status=loading
  ... attempt 8/80, status=loading
  ... attempt 9/80, status=loading
  ... attempt 10/80, status=loading
  ... attempt 11/80, status=loading
  ... attempt 12/80, status=loading
  ... attempt 13/80, status=loading
  ... attempt 14/80, status=loading
  ... attempt 15/80, status=loading
  ... attempt 16/80, status=loading
  ... attempt 17/80, status=loading
  ... attempt 18/80, status=loading
  ... attempt 19/80, status=loading
  ... attempt 20/80, status=loading
  ... attempt 21/80, status=loading
  ... attempt 22/80, status=loading
  ... attempt 23/80, status=loading
  ... attempt 24/80, status=loading
  ... attempt 25/80, status=loading
  ... attempt 26/80, status=loading
  ... attempt 27/80, status=loading
  ... attempt 28/80, status=loading
  ... attempt 29/80, status=loading
  ... attempt 30/80, status=loading
  ... attempt 31/80, status=loading
  ... attempt 32/80, status=loading
  ... attempt 33/80, status=loading
  ... attempt 34/80, status=loading
  ... attempt 35/80, status=loading
  ... attempt 36/80, status=loading
  ... attempt 37/80, status=loading
  ... attempt 38/80, status=loading
  ... attempt 39/80, status=loading
  ... attempt 40/80, status=loading
  ... attempt 41/80, status=loading
  ... attempt 42/80, status=loading
  ... attempt 43/80, status=loading
  ... attempt 44/80, status=loading
  ... attempt 45/80, status=loading
  ... attempt 46/80, status=loading
  ... attempt 47/80, status=loading
  ... attempt 48/80, status=loading
  ... attempt 49/80, status=loading
  ... attempt 50/80, status=loading
  ... attempt 51/80, status=loading
  ... attempt 52/80, status=loading
  ... attempt 53/80, status=loading
  ... attempt 54/80, status=loading
  ... attempt 55/80, status=loading
  ... attempt 56/80, status=loading
  ... attempt 57/80, status=loading
  ... attempt 58/80, status=loading
  ... attempt 59/80, status=loading
  ... attempt 60/80, status=loading
  ... attempt 61/80, status=loading
  ... attempt 62/80, status=loading
  ... attempt 63/80, status=loading
  ... attempt 64/80, status=loading
  ... attempt 65/80, status=loading
  ... attempt 66/80, status=loading
  ... attempt 67/80, status=loading
  ... attempt 68/80, status=loading
  ... attempt 69/80, status=loading
  ... attempt 70/80, status=loading
  ... attempt 71/80, status=loading
  ... attempt 72/80, status=loading
  ... attempt 73/80, status=running
  ... attempt 74/80, status=running
  ... attempt 75/80, status=running
  ... attempt 76/80, status=running
  ... attempt 77/80, status=running
  ... attempt 78/80, status=running
  ... attempt 79/80, status=running
  ... attempt 80/80, status=running
ERROR: SSH not ready
[cleanup] Destroying instance 36609664...
destroying instance 36609664.
