=== 3B RELAUNCH (cudnn ON, accum1) 2026-06-05T12:28:16Z ===
NVIDIA H100 80GB HBM3, 9.0
DEVICE cuda name=NVIDIA H100 80GB HBM3 cap=9.0 torch=2.4.0 mem_total_GB=85.0
PARAMS n_params=3072954654 (3.0730B) d=4096 E=30 L=30 K=3 V=256
CORPUS path=/workspace/corpus_3b_5lang.bytes bytes=10695475200 sha256=337b179dbf59adcfd89b169c0c3903cf7304d6867391501065149cd2bddd9638 tokens_per_param=3.4805 (Chinchilla-optimal~20)
SPLIT train_bytes=8663264482 (81.0%) contig_val_bytes=1069547520 rand_val_bytes=962592768 train_segs=469816 rand_blocks=470016
LEAK_CHECK pass (held-out disjoint from train)
STEP      0 ce=5.84073 lr=2.00e-06 tok=4096 maxmem_GB=61.5
STEP     50 ce=2.95371 lr=5.20e-05 tok=208896 maxmem_GB=61.5
STEP    100 ce=2.90801 lr=1.02e-04 tok=413696 maxmem_GB=61.5
STEP    150 ce=2.64901 lr=1.52e-04 tok=618496 maxmem_GB=61.5
STEP    200 ce=2.59094 lr=1.95e-04 tok=823296 maxmem_GB=61.5
STEP    250 ce=2.64700 lr=1.92e-04 tok=1028096 maxmem_GB=61.5
STEP    300 ce=2.56699 lr=1.89e-04 tok=1232896 maxmem_GB=61.5
STEP    350 ce=2.31352 lr=1.85e-04 tok=1437696 maxmem_GB=61.5
STEP    400 ce=2.35872 lr=1.81e-04 tok=1642496 maxmem_GB=61.5
STEP    450 ce=2.36719 lr=1.76e-04 tok=1847296 maxmem_GB=61.5
STEP    500 ce=2.38422 lr=1.71e-04 tok=2052096 maxmem_GB=61.5
CKPT[step500] saved /workspace/clm_3b.pt (12291876539 bytes)
CLM[step500] serialized /workspace/clm_3b.clm (1542913258 bytes)
STEP    550 ce=2.34445 lr=1.65e-04 tok=2256896 maxmem_GB=61.5
STEP    600 ce=2.42517 lr=1.59e-04 tok=2461696 maxmem_GB=61.5
STEP    650 ce=2.20548 lr=1.52e-04 tok=2666496 maxmem_GB=61.5
STEP    700 ce=2.35113 lr=1.45e-04 tok=2871296 maxmem_GB=61.5
STEP    750 ce=2.20714 lr=1.38e-04 tok=3076096 maxmem_GB=61.5
STEP    800 ce=2.34952 lr=1.31e-04 tok=3280896 maxmem_GB=61.5
STEP    850 ce=2.13954 lr=1.23e-04 tok=3485696 maxmem_GB=61.5
STEP    900 ce=2.08420 lr=1.15e-04 tok=3690496 maxmem_GB=61.5
STEP    950 ce=2.12696 lr=1.08e-04 tok=3895296 maxmem_GB=61.5
STEP   1000 ce=2.09064 lr=9.98e-05 tok=4100096 maxmem_GB=61.5
CKPT[step1000] saved /workspace/clm_3b.pt (12291876539 bytes)
CLM[step1000] serialized /workspace/clm_3b.clm (1542913258 bytes)
STEP   1050 ce=2.07129 lr=9.20e-05 tok=4304896 maxmem_GB=61.5
STEP   1100 ce=2.27037 lr=8.42e-05 tok=4509696 maxmem_GB=61.5
STEP   1150 ce=2.02234 lr=7.65e-05 tok=4714496 maxmem_GB=61.5
STEP   1200 ce=2.11248 lr=6.89e-05 tok=4919296 maxmem_GB=61.5
STEP   1250 ce=2.03265 lr=6.16e-05 tok=5124096 maxmem_GB=61.5
STEP   1300 ce=2.05321 lr=5.45e-05 tok=5328896 maxmem_GB=61.5
STEP   1350 ce=2.08235 lr=4.76e-05 tok=5533696 maxmem_GB=61.5
STEP   1400 ce=1.97694 lr=4.11e-05 tok=5738496 maxmem_GB=61.5
STEP   1450 ce=1.95520 lr=3.49e-05 tok=5943296 maxmem_GB=61.5
STEP   1500 ce=1.97804 lr=2.92e-05 tok=6148096 maxmem_GB=61.5
CKPT[step1500] saved /workspace/clm_3b.pt (12291876539 bytes)
CLM[step1500] serialized /workspace/clm_3b.clm (1542913258 bytes)
STEP   1550 ce=1.87532 lr=2.39e-05 tok=6352896 maxmem_GB=61.5
STEP   1600 ce=1.80765 lr=1.90e-05 tok=6557696 maxmem_GB=61.5
STEP   1650 ce=1.84842 lr=1.47e-05 tok=6762496 maxmem_GB=61.5
STEP   1700 ce=2.01374 lr=1.08e-05 tok=6967296 maxmem_GB=61.5
STEP   1750 ce=1.99038 lr=7.55e-06 tok=7172096 maxmem_GB=61.5
STEP   1800 ce=1.87150 lr=4.85e-06 tok=7376896 maxmem_GB=61.5
STEP   1850 ce=1.86765 lr=2.73e-06 tok=7581696 maxmem_GB=61.5
STEP   1900 ce=1.76710 lr=1.21e-06 tok=7786496 maxmem_GB=61.5
STEP   1950 ce=1.84122 lr=2.96e-07 tok=7991296 maxmem_GB=61.5
STEP   1999 ce=1.90525 lr=0.00e+00 tok=8192000 maxmem_GB=61.5
TRAIN_CE 1.90689
VAL_CE_CONTIG 2.00021  GAP_CONTIG +0.09333
VAL_CE_RAND 1.90365  GAP_RAND -0.00324
VAL_CE(worst) 2.00021  GAP +0.09333  REL_GAP 0.0489
BASELINE uniform_ce=5.54518 shuffle_ce=6.46486
F_CLM_LANEP_3B_GEN 1  (GENERALIZES)
TOKENS_PER_PARAM 0.0027 (seen) corpus_tok_per_param=3.4805
CKPT[final] saved /workspace/clm_3b.pt (12291876539 bytes)
CLM[final] serialized /workspace/clm_3b.clm (1542913258 bytes)
RESULT {"substrate": "GPU-torch", "lane": "P", "test": "train_val_split_generalization_3b", "device": "NVIDIA H100 80GB HBM3", "compute_cap": "9.0", "torch": "2.4.0", "d_model": 4096, "n_experts": 30, "n_trunk_layers": 30, "kernel_size": 3, "vocab": 256, "n_params": 3072954654, "n_params_B": 3.073, "steps": 2000, "seq_len": 512, "batch_size": 8, "grad_accum": 1, "lr": 0.0002, "bf16": true, "wall_s": 1980.55, "corpus": "/workspace/corpus_3b_5lang.bytes", "corpus_bytes": 10695475200, "corpus_sha256": "337b179dbf59adcfd89b169c0c3903cf7304d6867391501065149cd2bddd9638", "tokens_seen": 8192000, "tokens_per_param_seen": 0.0027, "corpus_tokens_per_param": 3.4805, "chinchilla_optimal_ratio": 20, "val_frac": 0.1, "train_bytes": 8663264482, "contig_val_bytes": 1069547520, "rand_val_bytes": 962592768, "first_ce": 5.84073, "train_ce": 1.90689, "val_ce_contig": 2.00021, "val_ce_rand": 1.90365, "val_ce_worst": 2.00021, "gap_contig": 0.09333, "gap_rand": -0.00324, "gap": 0.09333, "rel_gap": 0.04894, "uniform_ce": 5.54518, "shuffle_ce": 6.46486, "F_CLM_LANEP_3B_GEN": 1, "verdict_str": "GENERALIZES", "descent": [[0, 5.84073], [50, 2.95371], [100, 2.90801], [150, 2.64901], [200, 2.59094], [250, 2.647], [300, 2.56699], [350, 2.31352], [400, 2.35872], [450, 2.36719], [500, 2.38422], [550, 2.34445], [600, 2.42517], [650, 2.20548], [700, 2.35113], [750, 2.20714], [800, 2.34952], [850, 2.13954], [900, 2.0842], [950, 2.12696], [1000, 2.09064], [1050, 2.07129], [1100, 2.27037], [1150, 2.02234], [1200, 2.11248], [1250, 2.03265], [1300, 2.05321], [1350, 2.08235], [1400, 1.97694], [1450, 1.9552], [1500, 1.97804], [1550, 1.87532], [1600, 1.80765], [1650, 1.84842], [1700, 2.01374], [1750, 1.99038], [1800, 1.8715], [1850, 1.86765], [1900, 1.7671], [1950, 1.84122], [1999, 1.90525]]}
=== TRAIN RC=0 ===
=== VERIFY CLM_V3 ===
CLM3B_DECODABLE TRUE nblk 63 clmx True n_ext 126 block0 {'cout': 4096, 'rest': 12288, 'nibbles': 25165824}
=== 3B RELAUNCH DONE 2026-06-05T13:13:36Z RC=0 ===
FIRE_3B_COMPLETE_SENTINEL
