=== v5mitosis_cotrain_v4_scaleup refire on existing pod 36624731 at 35.225.61.234:31746 ===
  d=1024 n_head=16 ffn=4096 cells=2-256 batch=2 ctx=256 steps=20000
  ROUTING: top_k=8 aux_alpha=0.01 λ_init=1.0 λ_final=0.01
Tue May 12 15:29:40 UTC 2026
[1/4] Verify pod state + re-upload trainer (in case it was edited) ...
Warning: Permanently added '[35.225.61.234]:31746' (ED25519) to the list of known hosts.
Welcome to vast.ai. If authentication fails, try again after a few seconds, and double check your ssh key.
Have fun!
-rw-r--r-- 1 root root 18890139 May 12 15:23 /workspace/anima/corpus/corpus_5cat_balanced.txt
-rw-r--r-- 1 root root     4671 May 12 15:23 /workspace/anima/probe/identity_probe.jsonl
-rw-r--r-- 1 root root    39200 May 12 15:23 /workspace/anima/training/mitosis_model_v5.py
Warning: Permanently added '[35.225.61.234]:31746' (ED25519) to the list of known hosts.
Welcome to vast.ai. If authentication fails, try again after a few seconds, and double check your ssh key.
Have fun!
Have fun!
[2/4] Train v4 (OOM-retry: batch halves on CUDA OOM down to 1; FIXED with remote set -o pipefail) ...
  >>> attempt 1: batch=2 ctx=256
Warning: Permanently added '[35.225.61.234]:31746' (ED25519) to the list of known hosts.
Welcome to vast.ai. If authentication fails, try again after a few seconds, and double check your ssh key.
Have fun!
[INFO] device=cuda torch=2.5.1+cu121 cuda=True
[INFO] gpu=NVIDIA A100-SXM4-80GB
[INFO] cfg = {'vocab_size': 256, 'd_model': 1024, 'n_head': 16, 'ffn_dim': 4096, 'max_seq': 256, 'n_layer': 1, 'initial_cells': 2, 'max_cells': 256, 'min_cells': 2, 'split_patience': 3, 'merge_threshold': 0.005, 'merge_patience': 30, 'noise_scale': 0.1, 'lorenz_scale': 0.05, 'adaptive_window': 100, 'readout_mode': 'a_minus_g', 'attention_sharing': 'auto', 'weight_tied_lm_head': True, 'dropout': 0.0, 'tie_pos_emb': True, 'dispersion_trigger_enabled': True, 'dispersion_top_quartile': 0.25, 'per_cell_threshold_enabled': True, 'per_cell_window': 100, 'per_cell_sigma_mult': 1.5, 'lorenz_auto_calibrate': True, 'lorenz_calibration_factor': 1.0}
[INFO] n_params(engine+router)=42,760,448  router_out_dim=256 top_k=8
[INFO] corpus=corpus/corpus_5cat_balanced.txt bytes=18,890,139
[INFO] top_k=8 aux_alpha=0.01 λ_init=1.0 λ_final=0.01 sched=cosine
[STEP     0] loss=714.8381 ce=715.5190 aux=1.0000 ent_gate=0.6909/0.693 wmax=0.5337 active>.01=2.0/2 λ=1.0000 cells=2 splits=0 cost=$0.00 vram=0.9/85GB
[STEP    50] loss=701.3297 ce=701.3773 aux=1.0040 ent_gate=0.9259/2.485 wmax=0.4610 active>.01=2.8/12 λ=1.0000 cells=12 splits=10 cost=$0.00 vram=2.6/85GB
[STEP   100] loss=693.1570 ce=696.3671 aux=1.1052 ent_gate=2.7749/3.466 wmax=0.1459 active>.01=8.0/32 λ=1.0000 cells=32 splits=30 cost=$0.00 vram=6.4/85GB
[STEP   150] loss=682.1258 ce=691.1666 aux=1.2695 ent_gate=3.9835/4.431 wmax=0.1413 active>.01=8.0/84 λ=1.0000 cells=84 splits=82 cost=$0.01 vram=16.7/85GB
[STEP   200] loss=664.6400 ce=680.9715 aux=1.2881 ent_gate=4.8626/5.209 wmax=0.1345 active>.01=8.0/183 λ=1.0000 cells=183 splits=181 cost=$0.03 vram=36.9/85GB
