=== refire on existing pod 36614097 at ssh3.vast.ai:14096 ===
Tue May 12 11:51:04 UTC 2026
[1/4] Verify device fix on pod...
Warning: Permanently added '[ssh3.vast.ai]:14096' (ED25519) to the list of known hosts.
Welcome to vast.ai. If authentication fails, try again after a few seconds, and double check your ssh key.
Have fun!
1

[1b] Re-upload train_v5mitosis_cotrain.py (defensive)...
Welcome to vast.ai. If authentication fails, try again after a few seconds, and double check your ssh key.
Have fun!
Welcome to vast.ai. If authentication fails, try again after a few seconds, and double check your ssh key.
Have fun!
[2/4] Cotrain (5000 steps, batch=32, ctx=256, lr=1e-4)...
Warning: Permanently added '[ssh3.vast.ai]:14096' (ED25519) to the list of known hosts.
Welcome to vast.ai. If authentication fails, try again after a few seconds, and double check your ssh key.
Have fun!
[INFO] device=cuda torch=2.5.1+cu121 cuda_available=True
[INFO] gpu=NVIDIA H100 80GB HBM3
[INFO] cfg = {'vocab_size': 256, 'd_model': 384, 'n_head': 6, 'ffn_dim': 1536, 'max_seq': 256, 'n_layer': 1, 'initial_cells': 2, 'max_cells': 64, 'min_cells': 2, 'split_patience': 3, 'merge_threshold': 0.005, 'merge_patience': 30, 'noise_scale': 0.1, 'lorenz_scale': 0.05, 'adaptive_window': 100, 'readout_mode': 'a_minus_g', 'attention_sharing': 'auto', 'weight_tied_lm_head': True, 'dropout': 0.0, 'tie_pos_emb': True, 'dispersion_trigger_enabled': True, 'dispersion_top_quartile': 0.25, 'per_cell_threshold_enabled': True, 'per_cell_window': 100, 'per_cell_sigma_mult': 1.5, 'lorenz_auto_calibrate': True, 'lorenz_calibration_factor': 1.0}
[INFO] initial n_params = 6,106,368, n_cells = 2
[INFO] loading corpus: corpus/corpus_color_cosmology.txt
[INFO] corpus bytes = 1,288,162
[INFO] training 5000 steps, batch=32, ctx=256, lr=0.0001, warmup=500, cost_cap=$40.0, cost_per_hr=$2.2814
[INFO] cost guard active — abort if elapsed × rate > cap
[STEP     0] loss=264.3491 avg50=264.3491 lr=2.00e-07 cells=2 phi=0.0004 phi/N=0.0002 splits=0 merges=0 elapsed=0.00hr cost=$0.00
[STEP    50] loss=256.5446 avg50=257.8202 lr=1.02e-05 cells=11 phi=2.3476 phi/N=0.2134 splits=9 merges=0 elapsed=0.00hr cost=$0.00
[STEP   100] loss=249.7151 avg50=254.8877 lr=2.02e-05 cells=42 phi=3.7457 phi/N=0.0892 splits=40 merges=0 elapsed=0.00hr cost=$0.01
[STEP   150] loss=237.6825 avg50=243.9392 lr=3.02e-05 cells=64 phi=4.1697 phi/N=0.0652 splits=62 merges=0 elapsed=0.01hr cost=$0.02
[STEP   200] loss=130.4622 avg50=216.3013 lr=4.02e-05 cells=64 phi=4.1660 phi/N=0.0651 splits=62 merges=0 elapsed=0.01hr cost=$0.03
[STEP   250] loss=25.5530 avg50=56.0933 lr=5.02e-05 cells=64 phi=4.1524 phi/N=0.0649 splits=62 merges=0 elapsed=0.02hr cost=$0.04
[STEP   300] loss=7.6357 avg50=14.5748 lr=6.02e-05 cells=64 phi=4.1731 phi/N=0.0652 splits=62 merges=0 elapsed=0.02hr cost=$0.06
[STEP   350] loss=3.3978 avg50=5.2338 lr=7.02e-05 cells=64 phi=4.1785 phi/N=0.0653 splits=62 merges=0 elapsed=0.03hr cost=$0.07
[STEP   400] loss=2.4799 avg50=3.0077 lr=8.02e-05 cells=64 phi=4.1663 phi/N=0.0651 splits=62 merges=0 elapsed=0.04hr cost=$0.08
[STEP   450] loss=2.3309 avg50=2.4239 lr=9.02e-05 cells=64 phi=4.1771 phi/N=0.0653 splits=62 merges=0 elapsed=0.04hr cost=$0.09
[STEP   500] loss=2.1869 avg50=2.1644 lr=1.00e-04 cells=64 phi=4.1711 phi/N=0.0652 splits=62 merges=0 elapsed=0.05hr cost=$0.11
[STEP   550] loss=1.9794 avg50=2.0309 lr=1.00e-04 cells=64 phi=4.1751 phi/N=0.0652 splits=62 merges=0 elapsed=0.05hr cost=$0.12
[STEP   600] loss=1.8559 avg50=1.9750 lr=9.99e-05 cells=64 phi=4.1660 phi/N=0.0651 splits=62 merges=0 elapsed=0.06hr cost=$0.13
[STEP   650] loss=1.9152 avg50=1.9116 lr=9.97e-05 cells=64 phi=4.1269 phi/N=0.0645 splits=62 merges=0 elapsed=0.06hr cost=$0.15
[STEP   700] loss=1.8517 avg50=1.8632 lr=9.95e-05 cells=64 phi=4.1743 phi/N=0.0652 splits=62 merges=0 elapsed=0.07hr cost=$0.16
[STEP   750] loss=1.8506 avg50=1.8667 lr=9.92e-05 cells=64 phi=4.1642 phi/N=0.0651 splits=62 merges=0 elapsed=0.08hr cost=$0.17
[STEP   800] loss=1.8880 avg50=1.8332 lr=9.89e-05 cells=64 phi=4.1200 phi/N=0.0644 splits=62 merges=0 elapsed=0.08hr cost=$0.18
[STEP   850] loss=1.7445 avg50=1.8048 lr=9.85e-05 cells=64 phi=4.1717 phi/N=0.0652 splits=62 merges=0 elapsed=0.09hr cost=$0.20
[STEP   900] loss=1.7405 avg50=1.7591 lr=9.81e-05 cells=64 phi=4.1723 phi/N=0.0652 splits=62 merges=0 elapsed=0.09hr cost=$0.21
[STEP   950] loss=1.7396 avg50=1.7490 lr=9.76e-05 cells=64 phi=4.1743 phi/N=0.0652 splits=62 merges=0 elapsed=0.10hr cost=$0.22
[CKPT] saved output/ckpt_step_1000.pt
[STEP  1000] loss=1.7436 avg50=1.7254 lr=9.70e-05 cells=64 phi=4.1753 phi/N=0.0652 splits=62 merges=0 elapsed=0.10hr cost=$0.24
[STEP  1050] loss=1.7205 avg50=1.7507 lr=9.64e-05 cells=64 phi=4.1570 phi/N=0.0650 splits=62 merges=0 elapsed=0.11hr cost=$0.25
[STEP  1100] loss=1.6869 avg50=1.7105 lr=9.57e-05 cells=64 phi=4.1690 phi/N=0.0651 splits=62 merges=0 elapsed=0.11hr cost=$0.26
[STEP  1150] loss=1.7755 avg50=1.6835 lr=9.49e-05 cells=64 phi=4.1699 phi/N=0.0652 splits=62 merges=0 elapsed=0.12hr cost=$0.27
[STEP  1200] loss=1.6426 avg50=1.6699 lr=9.41e-05 cells=64 phi=4.1171 phi/N=0.0643 splits=62 merges=0 elapsed=0.13hr cost=$0.29
[STEP  1250] loss=1.7934 avg50=1.6477 lr=9.33e-05 cells=64 phi=4.1714 phi/N=0.0652 splits=62 merges=0 elapsed=0.13hr cost=$0.30
[STEP  1300] loss=1.7211 avg50=1.6617 lr=9.24e-05 cells=64 phi=4.1700 phi/N=0.0652 splits=62 merges=0 elapsed=0.14hr cost=$0.31
[STEP  1350] loss=1.6146 avg50=1.6548 lr=9.15e-05 cells=64 phi=4.1731 phi/N=0.0652 splits=62 merges=0 elapsed=0.14hr cost=$0.33
[STEP  1400] loss=1.6427 avg50=1.6273 lr=9.05e-05 cells=64 phi=4.1609 phi/N=0.0650 splits=62 merges=0 elapsed=0.15hr cost=$0.34
[STEP  1450] loss=1.5894 avg50=1.6403 lr=8.94e-05 cells=64 phi=4.1649 phi/N=0.0651 splits=62 merges=0 elapsed=0.15hr cost=$0.35
[STEP  1500] loss=1.5517 avg50=1.6038 lr=8.83e-05 cells=64 phi=4.0878 phi/N=0.0639 splits=62 merges=0 elapsed=0.16hr cost=$0.36
[STEP  1550] loss=1.5297 avg50=1.6080 lr=8.72e-05 cells=64 phi=4.1730 phi/N=0.0652 splits=62 merges=0 elapsed=0.17hr cost=$0.38
[STEP  1600] loss=1.5934 avg50=1.5917 lr=8.60e-05 cells=64 phi=4.1794 phi/N=0.0653 splits=62 merges=0 elapsed=0.17hr cost=$0.39
[STEP  1650] loss=1.5512 avg50=1.5830 lr=8.47e-05 cells=64 phi=4.1694 phi/N=0.0651 splits=62 merges=0 elapsed=0.18hr cost=$0.40
[STEP  1700] loss=1.6141 avg50=1.5681 lr=8.35e-05 cells=64 phi=4.1738 phi/N=0.0652 splits=62 merges=0 elapsed=0.18hr cost=$0.42
[STEP  1750] loss=1.4950 avg50=1.5530 lr=8.21e-05 cells=64 phi=4.1740 phi/N=0.0652 splits=62 merges=0 elapsed=0.19hr cost=$0.43
[STEP  1800] loss=1.5300 avg50=1.5644 lr=8.08e-05 cells=64 phi=4.1743 phi/N=0.0652 splits=62 merges=0 elapsed=0.19hr cost=$0.44
[STEP  1850] loss=1.5141 avg50=1.5393 lr=7.94e-05 cells=64 phi=4.1599 phi/N=0.0650 splits=62 merges=0 elapsed=0.20hr cost=$0.45
[STEP  1900] loss=1.4409 avg50=1.5164 lr=7.80e-05 cells=64 phi=4.1742 phi/N=0.0652 splits=62 merges=0 elapsed=0.20hr cost=$0.47
[STEP  1950] loss=1.5133 avg50=1.5076 lr=7.65e-05 cells=64 phi=4.1526 phi/N=0.0649 splits=62 merges=0 elapsed=0.21hr cost=$0.48
[CKPT] saved output/ckpt_step_2000.pt
[STEP  2000] loss=1.4994 avg50=1.5176 lr=7.50e-05 cells=64 phi=4.1413 phi/N=0.0647 splits=62 merges=0 elapsed=0.22hr cost=$0.49
[STEP  2050] loss=1.4998 avg50=1.5093 lr=7.35e-05 cells=64 phi=4.1793 phi/N=0.0653 splits=62 merges=0 elapsed=0.22hr cost=$0.51
[STEP  2100] loss=1.5335 avg50=1.4762 lr=7.19e-05 cells=64 phi=4.1619 phi/N=0.0650 splits=62 merges=0 elapsed=0.23hr cost=$0.52
[STEP  2150] loss=1.4720 avg50=1.4833 lr=7.03e-05 cells=64 phi=4.1585 phi/N=0.0650 splits=62 merges=0 elapsed=0.23hr cost=$0.53
[STEP  2200] loss=1.4179 avg50=1.4494 lr=6.87e-05 cells=64 phi=4.1755 phi/N=0.0652 splits=62 merges=0 elapsed=0.24hr cost=$0.54
[STEP  2250] loss=1.4814 avg50=1.4612 lr=6.71e-05 cells=64 phi=4.1692 phi/N=0.0651 splits=62 merges=0 elapsed=0.24hr cost=$0.56
[STEP  2300] loss=1.4528 avg50=1.4667 lr=6.55e-05 cells=64 phi=4.1720 phi/N=0.0652 splits=62 merges=0 elapsed=0.25hr cost=$0.57
[STEP  2350] loss=1.4192 avg50=1.4264 lr=6.38e-05 cells=64 phi=4.1706 phi/N=0.0652 splits=62 merges=0 elapsed=0.26hr cost=$0.58
[STEP  2400] loss=1.4139 avg50=1.4296 lr=6.21e-05 cells=64 phi=4.1726 phi/N=0.0652 splits=62 merges=0 elapsed=0.26hr cost=$0.60
[STEP  2450] loss=1.3833 avg50=1.4209 lr=6.04e-05 cells=64 phi=4.1647 phi/N=0.0651 splits=62 merges=0 elapsed=0.27hr cost=$0.61
[STEP  2500] loss=1.3576 avg50=1.4225 lr=5.87e-05 cells=64 phi=4.1252 phi/N=0.0645 splits=62 merges=0 elapsed=0.27hr cost=$0.62
[STEP  2550] loss=1.3735 avg50=1.4061 lr=5.70e-05 cells=64 phi=4.1760 phi/N=0.0652 splits=62 merges=0 elapsed=0.28hr cost=$0.63
[STEP  2600] loss=1.3806 avg50=1.3935 lr=5.52e-05 cells=64 phi=4.1732 phi/N=0.0652 splits=62 merges=0 elapsed=0.28hr cost=$0.65
[STEP  2650] loss=1.3772 avg50=1.3950 lr=5.35e-05 cells=64 phi=4.1709 phi/N=0.0652 splits=62 merges=0 elapsed=0.29hr cost=$0.66
[STEP  2700] loss=1.3653 avg50=1.3790 lr=5.17e-05 cells=64 phi=4.1731 phi/N=0.0652 splits=62 merges=0 elapsed=0.29hr cost=$0.67
[STEP  2750] loss=1.3910 avg50=1.3883 lr=5.00e-05 cells=64 phi=4.1594 phi/N=0.0650 splits=62 merges=0 elapsed=0.30hr cost=$0.68
[STEP  2800] loss=1.3459 avg50=1.3681 lr=4.83e-05 cells=64 phi=4.1664 phi/N=0.0651 splits=62 merges=0 elapsed=0.31hr cost=$0.70
[STEP  2850] loss=1.3888 avg50=1.3444 lr=4.65e-05 cells=64 phi=4.1394 phi/N=0.0647 splits=62 merges=0 elapsed=0.31hr cost=$0.71
[STEP  2900] loss=1.3364 avg50=1.3463 lr=4.48e-05 cells=64 phi=4.1594 phi/N=0.0650 splits=62 merges=0 elapsed=0.32hr cost=$0.72
[STEP  2950] loss=1.4714 avg50=1.3466 lr=4.30e-05 cells=64 phi=4.1723 phi/N=0.0652 splits=62 merges=0 elapsed=0.32hr cost=$0.74
[CKPT] saved output/ckpt_step_3000.pt
[STEP  3000] loss=1.3199 avg50=1.3277 lr=4.13e-05 cells=64 phi=4.1525 phi/N=0.0649 splits=62 merges=0 elapsed=0.33hr cost=$0.75
[STEP  3050] loss=1.2702 avg50=1.3234 lr=3.96e-05 cells=64 phi=4.1625 phi/N=0.0650 splits=62 merges=0 elapsed=0.33hr cost=$0.76
[STEP  3100] loss=1.2811 avg50=1.2987 lr=3.79e-05 cells=64 phi=4.1684 phi/N=0.0651 splits=62 merges=0 elapsed=0.34hr cost=$0.77
[STEP  3150] loss=1.3193 avg50=1.3039 lr=3.62e-05 cells=64 phi=4.1708 phi/N=0.0652 splits=62 merges=0 elapsed=0.35hr cost=$0.79
[STEP  3200] loss=1.2689 avg50=1.2968 lr=3.45e-05 cells=64 phi=4.1336 phi/N=0.0646 splits=62 merges=0 elapsed=0.35hr cost=$0.80
[STEP  3250] loss=1.2988 avg50=1.3023 lr=3.29e-05 cells=64 phi=4.1625 phi/N=0.0650 splits=62 merges=0 elapsed=0.36hr cost=$0.81
[STEP  3300] loss=1.2680 avg50=1.2795 lr=3.13e-05 cells=64 phi=4.1806 phi/N=0.0653 splits=62 merges=0 elapsed=0.36hr cost=$0.83
[STEP  3350] loss=1.2885 avg50=1.2817 lr=2.97e-05 cells=64 phi=4.1676 phi/N=0.0651 splits=62 merges=0 elapsed=0.37hr cost=$0.84
[STEP  3400] loss=1.3039 avg50=1.2584 lr=2.81e-05 cells=64 phi=4.1326 phi/N=0.0646 splits=62 merges=0 elapsed=0.37hr cost=$0.85
[STEP  3450] loss=1.2861 avg50=1.2633 lr=2.65e-05 cells=64 phi=4.1685 phi/N=0.0651 splits=62 merges=0 elapsed=0.38hr cost=$0.86
[STEP  3500] loss=1.2720 avg50=1.2659 lr=2.50e-05 cells=64 phi=4.1735 phi/N=0.0652 splits=62 merges=0 elapsed=0.38hr cost=$0.88
[STEP  3550] loss=1.1900 avg50=1.2505 lr=2.35e-05 cells=64 phi=4.1552 phi/N=0.0649 splits=62 merges=0 elapsed=0.39hr cost=$0.89
[STEP  3600] loss=1.2326 avg50=1.2392 lr=2.20e-05 cells=64 phi=4.1811 phi/N=0.0653 splits=62 merges=0 elapsed=0.40hr cost=$0.90
[STEP  3650] loss=1.2160 avg50=1.2310 lr=2.06e-05 cells=64 phi=4.1730 phi/N=0.0652 splits=62 merges=0 elapsed=0.40hr cost=$0.92
[STEP  3700] loss=1.1964 avg50=1.2282 lr=1.92e-05 cells=64 phi=4.1672 phi/N=0.0651 splits=62 merges=0 elapsed=0.41hr cost=$0.93
[STEP  3750] loss=1.1675 avg50=1.2290 lr=1.79e-05 cells=64 phi=4.1749 phi/N=0.0652 splits=62 merges=0 elapsed=0.41hr cost=$0.94
[STEP  3800] loss=1.1697 avg50=1.2285 lr=1.65e-05 cells=64 phi=4.1729 phi/N=0.0652 splits=62 merges=0 elapsed=0.42hr cost=$0.95
[STEP  3850] loss=1.2425 avg50=1.2129 lr=1.53e-05 cells=64 phi=4.1763 phi/N=0.0653 splits=62 merges=0 elapsed=0.42hr cost=$0.97
[STEP  3900] loss=1.1797 avg50=1.2123 lr=1.40e-05 cells=64 phi=4.1598 phi/N=0.0650 splits=62 merges=0 elapsed=0.43hr cost=$0.98
[STEP  3950] loss=1.1988 avg50=1.2125 lr=1.28e-05 cells=64 phi=4.1641 phi/N=0.0651 splits=62 merges=0 elapsed=0.44hr cost=$0.99
[CKPT] saved output/ckpt_step_4000.pt
[STEP  4000] loss=1.1254 avg50=1.2097 lr=1.17e-05 cells=64 phi=4.1749 phi/N=0.0652 splits=62 merges=0 elapsed=0.44hr cost=$1.01
[STEP  4050] loss=1.2409 avg50=1.2000 lr=1.06e-05 cells=64 phi=4.1406 phi/N=0.0647 splits=62 merges=0 elapsed=0.45hr cost=$1.02
[STEP  4100] loss=1.1686 avg50=1.1923 lr=9.55e-06 cells=64 phi=4.1766 phi/N=0.0653 splits=62 merges=0 elapsed=0.45hr cost=$1.03
[STEP  4150] loss=1.2154 avg50=1.1955 lr=8.55e-06 cells=64 phi=4.1771 phi/N=0.0653 splits=62 merges=0 elapsed=0.46hr cost=$1.04
[STEP  4200] loss=1.1367 avg50=1.1748 lr=7.60e-06 cells=64 phi=4.1739 phi/N=0.0652 splits=62 merges=0 elapsed=0.46hr cost=$1.06
[STEP  4250] loss=1.1981 avg50=1.1973 lr=6.70e-06 cells=64 phi=4.1637 phi/N=0.0651 splits=62 merges=0 elapsed=0.47hr cost=$1.07
[STEP  4300] loss=1.1452 avg50=1.1786 lr=5.85e-06 cells=64 phi=4.1660 phi/N=0.0651 splits=62 merges=0 elapsed=0.47hr cost=$1.08
[STEP  4350] loss=1.2060 avg50=1.1962 lr=5.06e-06 cells=64 phi=4.1700 phi/N=0.0652 splits=62 merges=0 elapsed=0.48hr cost=$1.10
[STEP  4400] loss=1.1616 avg50=1.1772 lr=4.32e-06 cells=64 phi=4.0699 phi/N=0.0636 splits=62 merges=0 elapsed=0.49hr cost=$1.11
[STEP  4450] loss=1.1419 avg50=1.1795 lr=3.64e-06 cells=64 phi=4.1738 phi/N=0.0652 splits=62 merges=0 elapsed=0.49hr cost=$1.12
[STEP  4500] loss=1.1741 avg50=1.1829 lr=3.02e-06 cells=64 phi=4.1731 phi/N=0.0652 splits=62 merges=0 elapsed=0.50hr cost=$1.13
[STEP  4550] loss=1.1373 avg50=1.1675 lr=2.45e-06 cells=64 phi=4.1718 phi/N=0.0652 splits=62 merges=0 elapsed=0.50hr cost=$1.15
[STEP  4600] loss=1.2114 avg50=1.1788 lr=1.94e-06 cells=64 phi=4.1722 phi/N=0.0652 splits=62 merges=0 elapsed=0.51hr cost=$1.16
[STEP  4650] loss=1.1754 avg50=1.1705 lr=1.49e-06 cells=64 phi=4.1698 phi/N=0.0652 splits=62 merges=0 elapsed=0.51hr cost=$1.17
[STEP  4700] loss=1.1203 avg50=1.1714 lr=1.09e-06 cells=64 phi=4.1744 phi/N=0.0652 splits=62 merges=0 elapsed=0.52hr cost=$1.19
[STEP  4750] loss=1.1443 avg50=1.1692 lr=7.60e-07 cells=64 phi=4.1584 phi/N=0.0650 splits=62 merges=0 elapsed=0.53hr cost=$1.20
[STEP  4800] loss=1.1367 avg50=1.1702 lr=4.87e-07 cells=64 phi=4.1470 phi/N=0.0648 splits=62 merges=0 elapsed=0.53hr cost=$1.21
[STEP  4850] loss=1.1537 avg50=1.1604 lr=2.74e-07 cells=64 phi=4.1738 phi/N=0.0652 splits=62 merges=0 elapsed=0.54hr cost=$1.22
[STEP  4900] loss=1.1636 avg50=1.1652 lr=1.22e-07 cells=64 phi=4.1682 phi/N=0.0651 splits=62 merges=0 elapsed=0.54hr cost=$1.24
[STEP  4950] loss=1.1428 avg50=1.1603 lr=3.05e-08 cells=64 phi=4.1316 phi/N=0.0646 splits=62 merges=0 elapsed=0.55hr cost=$1.25
[STEP  4999] loss=1.1737 avg50=1.1699 lr=1.22e-11 cells=64 phi=4.1636 phi/N=0.0651 splits=62 merges=0 elapsed=0.55hr cost=$1.26
[INFO] training done — wall=1990.6s (0.55hr) actual_cost=$1.26
[CKPT] final saved output/ckpt_final.pt (608,934,276 bytes)

=== falsifier verdicts ===
  F-V5MIT-1: {'test': 'F-V5MIT-1 SPLIT-NOGRAD', 'splits_total': 62, 'grad_fn_violations': 0, 'passed': True}
  F-V5MIT-2: {'max_abs_err': 0.0, 'n_checked': 14, 'passed': True, 'test': 'F-V5MIT-2 MERGE-WEIGHT'}
  F-V5MIT-3: {'test': 'F-V5MIT-3 PHI-CONSERVATION (per-cell)', 'phi_pre_per_cell': 0.06516757413193261, 'phi_post_per_cell': 0.06517010113764737, 'delta_ratio': 3.8777041318865225e-05, 'tolerance': 0.25, 'passed': True}
  F-V5MIT-4: {'test': 'F-V5MIT-4 COTRAIN-CONVERGE', 'initial_avg_loss': 256.5003157043457, 'final_avg_loss': 1.1652821862697602, 'delta': 255.33503351807596, 'passed': True}
[F-V5MIT-5] building 5 random-init comparison engines …
  F-V5MIT-5: passed_every_beat=True beats_passed=10/10

=== F-PERSONA-4 CATEGORY-DIVERSITY re-measurement ===
  F-PERSONA-4 (cotrained pool): {'verdict': 'FAIL', 'mean_kl': 0.0, 'threshold': 0.5, 'n_pairs': 10, 'categories': ['boundary', 'emotion', 'self_definition', 'self_knowledge', 'values'], 'kl_matrix': [[0.0, 0.0, 0.0, 0.0, 0.0], [0.0, 0.0, 0.0, 0.0, 0.0], [0.0, 0.0, 0.0, 0.0, 0.0], [0.0, 0.0, 0.0, 0.0, 0.0], [0.0, 0.0, 0.0, 0.0, 0.0]], 'n_probes_processed': 50}

[RESULT] saved output/cotrain_result.json
[VERDICT] falsifier pass 5/5, F-PERSONA-4 = FAIL
  train exit code = 0
[3/4] Downloading artifacts...
Warning: Permanently added '[ssh3.vast.ai]:14096' (ED25519) to the list of known hosts.
Welcome to vast.ai. If authentication fails, try again after a few seconds, and double check your ssh key.
Have fun!
Warning: Permanently added '[ssh3.vast.ai]:14096' (ED25519) to the list of known hosts.
Welcome to vast.ai. If authentication fails, try again after a few seconds, and double check your ssh key.
Have fun!
Warning: Permanently added '[ssh3.vast.ai]:14096' (ED25519) to the list of known hosts.
Welcome to vast.ai. If authentication fails, try again after a few seconds, and double check your ssh key.
Have fun!
[4/4] === v5mitosis_cotrain refire DONE ===
Tue May 12 12:32:55 UTC 2026
Result summary:
  wall: 0.55hr
  cost: $1.26
  cost_aborted: False
  steps actual: 5000
  n_cells_final: 64
  splits: 62 merges: 0
  loss initial->final: 256.500 -> 1.165
  phi_best: 4.192
  falsifier: 5/5 PASS_ALL
    F-V5MIT-1: passed=True
    F-V5MIT-2: passed=True
    F-V5MIT-3: passed=True
    F-V5MIT-4: passed=True
    F-V5MIT-5: passed=True
  F-PERSONA-4 cotrained pool: FAIL mean_kl=0.0000 (threshold=0.5)
DONE
[cleanup] Destroying instance 36614097 (exit=0)...
destroying instance 36614097.
