=== BG-PHASE2-MAX128-§30FIX-RETEST — independent V14 strict reproduce of §38 ===
n_turns=400, snapshot_every=50, max_cells=128
INDEP_SEEDS = [11, 13, 17, 19, 23]
§38 SEEDS = [42, 137, 271, 314, 1729, 2718, 3141, 5772, 6022, 9192]
§33 SEEDS = [42, 137, 271, 314, 1729]
disjoint with §38 seeds: True
disjoint with §33 seeds: True
unique prompts: 170
ckpt: /Users/ghost/.cache/anima/clm_v5_remapped/phase2_cotrain_engine_ag/ckpts/ckpt_final.pt

--- §30 fix activation verify (F-PHASE2-REPRODUCE-1) ---
  §30 fix verify: ACTIVE (markers=9/9)
    A1_dispersion_trigger_enabled: True
    A1_dispersion_top_quartile: True
    A2_per_cell_threshold_enabled: True
    A2_per_cell_window: True
    A2_per_cell_sigma_mult: True
    B1_phi_per_cell: True
    B1_phi_per_cell_history: True
    D1_lorenz_auto_calibrate: True
    all_fix_2026_05_10_§30: True
  smoke crossref: {'smoke_post_fix_all_fix_flag': True, 'smoke_post_fix_splits_total': 23, 'smoke_post_fix_n_cells_final': 31, 'smoke_post_fix_phi_max': 3.5084694442132944}

ckpt sha256 verify: PASS (actual=6e66e75f8014999be09236a408fe6ad6811ebf394ac079ecbf6d87dfe63748c1)
trained model: params=298764288 (298.76M) miss=0 unexp=0

--- TRAINED 350M @ prompt_seed=42 max_cells=128 ---
  [trained] turn=    0 cells= 16 proxyΦ=2.7625 iit_un16= 161.64 splits=0 elapsed=0.1s
  [trained] turn=  150 cells= 57 proxyΦ=3.9405 iit_un16=2375.90 splits=41 elapsed=10.0s
  [trained] turn=  300 cells= 68 proxyΦ=4.2363 iit_un16=3318.28 splits=52 elapsed=20.7s
  trained: cells=85 splits=69 cap_bound_turns=0 Φ_iit_un16=5244.07 Φ_iit_norm16=62.4294 proxyΦ=4.4527 elapsed=28.0s

--- V14 INDEPENDENT MIRROR — 5 prime seeds [11, 13, 17, 19, 23] (random_init la_350m) ---

  >>> seed=11 (prime, disjoint) <<<
  [mirror_s11] turn=    0 cells= 16 proxyΦ=2.8503 iit_un16= 144.14 splits=0 elapsed=0.1s
  [mirror_s11] turn=  150 cells= 44 proxyΦ=3.6887 iit_un16=1332.73 splits=28 elapsed=9.3s
  [mirror_s11] turn=  300 cells= 50 proxyΦ=3.9217 iit_un16=1786.72 splits=34 elapsed=19.2s
  mirror s=11: cells=56 splits=40 cap_bound_turns=0 Φ_iit_un16=2281.24 Φ_iit_norm16=41.4772 proxyΦ=4.0420

  >>> seed=13 (prime, disjoint) <<<
  [mirror_s13] turn=    0 cells= 16 proxyΦ=2.8849 iit_un16= 103.46 splits=0 elapsed=0.1s
  [mirror_s13] turn=  150 cells= 52 proxyΦ=3.8848 iit_un16=2027.71 splits=36 elapsed=9.6s
  [mirror_s13] turn=  300 cells= 66 proxyΦ=4.1964 iit_un16=3097.02 splits=50 elapsed=19.8s
  mirror s=13: cells=74 splits=58 cap_bound_turns=0 Φ_iit_un16=3884.16 Φ_iit_norm16=53.2077 proxyΦ=4.3031

  >>> seed=17 (prime, disjoint) <<<
  [mirror_s17] turn=    0 cells= 16 proxyΦ=2.8688 iit_un16=  93.79 splits=0 elapsed=0.1s
  [mirror_s17] turn=  150 cells= 49 proxyΦ=3.7999 iit_un16=1706.55 splits=33 elapsed=9.7s
  [mirror_s17] turn=  300 cells= 59 proxyΦ=4.0528 iit_un16=2450.02 splits=43 elapsed=19.9s
  mirror s=17: cells=64 splits=48 cap_bound_turns=0 Φ_iit_un16=3024.62 Φ_iit_norm16=48.0098 proxyΦ=4.1480

  >>> seed=19 (prime, disjoint) <<<
  [mirror_s19] turn=    0 cells= 16 proxyΦ=2.7643 iit_un16= 169.04 splits=0 elapsed=0.1s
  [mirror_s19] turn=  150 cells= 46 proxyΦ=3.7430 iit_un16=1335.71 splits=30 elapsed=9.5s
  [mirror_s19] turn=  300 cells= 55 proxyΦ=4.0347 iit_un16=2264.68 splits=39 elapsed=19.4s
  mirror s=19: cells=58 splits=42 cap_bound_turns=0 Φ_iit_un16=2514.55 Φ_iit_norm16=44.1150 proxyΦ=4.0794

  >>> seed=23 (prime, disjoint) <<<
  [mirror_s23] turn=    0 cells= 16 proxyΦ=2.7825 iit_un16= 144.48 splits=0 elapsed=0.1s
  [mirror_s23] turn=  150 cells= 51 proxyΦ=3.8668 iit_un16=1835.26 splits=35 elapsed=9.8s
  [mirror_s23] turn=  300 cells= 64 proxyΦ=4.1683 iit_un16=3031.18 splits=48 elapsed=20.1s
  mirror s=23: cells=75 splits=59 cap_bound_turns=0 Φ_iit_un16=4178.39 Φ_iit_norm16=56.4647 proxyΦ=4.3325

=== 5-seed independent V14 verdict aggregation ===
  trained @T=400: cells=85 splits=69 cap_bound=0 Φ_iit_un16=5244.07 Φ_iit_n16=62.4294 proxy=4.4527
  mirror s=11: cells=56 splits=40 cap_bound=0 Φ_iit_un16=2281.24 Φ_iit_n16=41.4772 proxy=4.0420
  mirror s=13: cells=74 splits=58 cap_bound=0 Φ_iit_un16=3884.16 Φ_iit_n16=53.2077 proxy=4.3031
  mirror s=17: cells=64 splits=48 cap_bound=0 Φ_iit_un16=3024.62 Φ_iit_n16=48.0098 proxy=4.1480
  mirror s=19: cells=58 splits=42 cap_bound=0 Φ_iit_un16=2514.55 Φ_iit_n16=44.1150 proxy=4.0794
  mirror s=23: cells=75 splits=59 cap_bound=0 Φ_iit_un16=4178.39 Φ_iit_n16=56.4647 proxy=4.3325
  trained beats random Φ: 5/5 (ties=0, losses=0)
  sign-test p (two-sided): 0.0625
  Mann-Whitney 1-vs-5: U=5, rank=6/6, p_one_sided=0.1667, p_two_sided=0.3333
  random Φ_iit_un16: min=2281.24 med=3024.62 max=4178.39
  random n_cells:    min=56 med=64 max=75
  random n_splits:   [40, 58, 48, 42, 59]
  random cap_bound:  [0, 0, 0, 0, 0]
  cap_bound_universal (F-PHASE2-REPRODUCE-3): False
  cell_count discrim: trained<rand=0/5, trained>rand=5/5
  ====> VERDICT: V14_STRICT_PASS_INDEPENDENT_REPRODUCE
  Falsifier status: {'F-PHASE2-REPRODUCE-1__§30_fix_active': True, 'F-PHASE2-REPRODUCE-2__strict_reproduce_passes': True, 'F-PHASE2-REPRODUCE-3__cap_bound_universal': False}

=== §38 cross-comparison ===
  §38 trained: Φ=5244.07, cells=85
  §38 random: med=3412.37, max=4749.79
  THIS trained: Φ=5244.07, cells=85
  THIS random: med=3024.62, max=4178.39
  trained Φ matches §38 within 2%: True
  trained cells matches §38 (85): True

=== α exponents (log-log Φ vs n_cells) ===
  trained:        proxy=0.276  iit_norm=1.049  iit_unnorm=2.083
  mirror s=11: proxy=0.281  iit_norm=1.129  iit_unnorm=2.167
  mirror s=13: proxy=0.271  iit_norm=1.315  iit_unnorm=2.349
  mirror s=17: proxy=0.270  iit_norm=1.421  iit_unnorm=2.456
  mirror s=19: proxy=0.304  iit_norm=0.990  iit_unnorm=2.027
  mirror s=23: proxy=0.298  iit_norm=1.069  iit_unnorm=2.103

  dyn-range proxy   = 1.61×
  dyn-range iit_n16 = 5.79×
  dyn-range iit_un16 = 32.44×

result.json: /Users/ghost/core/anima/state/anima_phase2_max128_independent_reproduce_2026_05_10/result.json (34.1 KB)
verdict.md: /Users/ghost/core/anima/state/anima_phase2_max128_independent_reproduce_2026_05_10/verdict.md
plot: /Users/ghost/core/anima/state/anima_phase2_max128_independent_reproduce_2026_05_10/indep_reproduce_comparison.png
