[08:49:08] V6 awareness probe (mac_dry_run) start — host=ghostui-MacBookAir.local
[08:49:08]   model_path=/Users/ghost/core/anima/state/p9_base_validation_h100_2026_05_04/clm_v4_hf device=cpu n_prompts=4
[08:49:10] loading CLM v4: /Users/ghost/core/anima/state/p9_base_validation_h100_2026_05_04/clm_v4_hf
[08:49:14] V6 awareness probe (mac_dry_run) start — host=ghostui-MacBookAir.local
[08:49:14]   model_path=/Users/ghost/core/anima/state/p9_base_validation_h100_2026_05_04/clm_v4_hf device=cpu n_prompts=3
[08:49:16] loading CLM v4: /Users/ghost/core/anima/state/p9_base_validation_h100_2026_05_04/clm_v4_hf
[08:49:20] V6 awareness probe (mac_dry_run) start — host=ghostui-MacBookAir.local
[08:49:20]   model_path=/Users/ghost/core/anima/state/p9_base_validation_h100_2026_05_04/clm_v4_hf device=cpu n_prompts=3
[08:49:22] loading CLM v4: /Users/ghost/core/anima/state/p9_base_validation_h100_2026_05_04/clm_v4_hf
[08:49:35] V6 awareness probe (mac_dry_run) start — host=ghostui-MacBookAir.local
[08:49:35]   model_path=/Users/ghost/core/anima/state/p9_base_validation_h100_2026_05_04/clm_v4_hf device=cpu n_prompts=2
[08:49:37] loading CLM v4: /Users/ghost/core/anima/state/p9_base_validation_h100_2026_05_04/clm_v4_hf
[08:49:56] V6 awareness probe (mac_dry_run) start — host=ghostui-MacBookAir.local
[08:49:56]   model_path=/Users/ghost/core/anima/state/p9_base_validation_h100_2026_05_04/clm_v4_hf device=cpu n_prompts=2
[08:49:58] loading CLM v4: /Users/ghost/core/anima/state/p9_base_validation_h100_2026_05_04/clm_v4_hf
[08:50:48] V6 awareness probe (mac_dry_run) start — host=ghostui-MacBookAir.local
[08:50:48]   model_path=/Users/ghost/core/anima/state/p9_base_validation_h100_2026_05_04/clm_v4_hf device=cpu n_prompts=2
[08:50:50] loading CLM v4: /Users/ghost/core/anima/state/p9_base_validation_h100_2026_05_04/clm_v4_hf
[08:51:11] V6 awareness probe (mac_dry_run) start — host=ghostui-MacBookAir.local
[08:51:11]   model_path=/Users/ghost/core/anima/state/p9_base_validation_h100_2026_05_04/clm_v4_hf device=cpu n_prompts=2
[08:51:13] loading CLM v4: /Users/ghost/core/anima/state/p9_base_validation_h100_2026_05_04/clm_v4_hf
[08:54:37] V6 awareness probe (mac_dry_run) start — host=ghostui-MacBookAir.local
[08:54:37]   model_path=/Users/ghost/core/anima/state/p9_base_validation_h100_2026_05_04/clm_v4_hf device=cpu n_prompts=2
[08:54:38] loading CLM v4: /Users/ghost/core/anima/state/p9_base_validation_h100_2026_05_04/clm_v4_hf
[08:54:51] V6 awareness probe (mac_dry_run) start — host=ghostui-MacBookAir.local
[08:54:51]   model_path=/Users/ghost/core/anima/state/p9_base_validation_h100_2026_05_04/clm_v4_hf device=cpu n_prompts=2
[08:54:52] loading CLM v4: /Users/ghost/core/anima/state/p9_base_validation_h100_2026_05_04/clm_v4_hf
[08:54:52]   [trace] from_pretrained...
[08:55:10] V6 awareness probe (mac_dry_run) start — host=ghostui-MacBookAir.local
[08:55:10]   model_path=/Users/ghost/core/anima/state/p9_base_validation_h100_2026_05_04/clm_v4_hf device=cpu n_prompts=2
[08:55:11] loading CLM v4: /Users/ghost/core/anima/state/p9_base_validation_h100_2026_05_04/clm_v4_hf
[08:55:11]   [trace] from_pretrained...
[08:56:18] V6 awareness probe (mac_dry_run) start — host=ghostui-MacBookAir.local
[08:56:18]   model_path=/Users/ghost/core/anima/state/p9_base_validation_h100_2026_05_04/clm_v4_hf device=cpu n_prompts=2
[08:56:20] loading CLM v4: /Users/ghost/core/anima/state/p9_base_validation_h100_2026_05_04/clm_v4_hf
[08:56:20]   [trace] from_pretrained...
[08:56:22]   [trace] eval...
[08:56:22]   [trace] to(device)...
[08:56:22]   [trace] rope_invalidate...
[08:56:22]   [trace] decoder access...
[08:56:22]   [trace] decoder OK
[08:56:22]   sp tokenizer: /Users/ghost/core/anima/state/p9_base_validation_h100_2026_05_04/clm_v4_hf/tokenizer_64k_multilingual.model vocab=64000
[08:56:22]   arch: {'vocab_size': 64000, 'd_model': 768, 'n_layer': 16, 'block_size': 512, 'consciousness_dim': 192}
[08:56:22] === prompt[0] axis=v4_baseline len_with=22 len_without=3 ===
[08:57:00] V6 awareness probe (mac_dry_run) start — host=ghostui-MacBookAir.local
[08:57:00]   model_path=/Users/ghost/core/anima/state/p9_base_validation_h100_2026_05_04/clm_v4_hf device=cpu n_prompts=2
[08:57:01] loading CLM v4: /Users/ghost/core/anima/state/p9_base_validation_h100_2026_05_04/clm_v4_hf
[08:57:01]   [trace] from_pretrained...
[08:57:02]   [trace] eval...
[08:57:02]   [trace] to(device)...
[08:57:02]   [trace] rope_invalidate...
[08:57:02]   [trace] decoder access...
[08:57:02]   [trace] decoder OK
[08:57:02]   sp tokenizer: /Users/ghost/core/anima/state/p9_base_validation_h100_2026_05_04/clm_v4_hf/tokenizer_64k_multilingual.model vocab=64000
[08:57:02]   arch: {'vocab_size': 64000, 'd_model': 768, 'n_layer': 16, 'block_size': 512, 'consciousness_dim': 192}
[08:57:02] === prompt[0] axis=v4_baseline len_with=22 len_without=3 ===
[08:57:04]   [A] cos_sim=0.924673 → PARTIAL
[08:57:24] V6 awareness probe (mac_dry_run) start — host=ghostui-MacBookAir.local
[08:57:24]   model_path=/Users/ghost/core/anima/state/p9_base_validation_h100_2026_05_04/clm_v4_hf device=cpu n_prompts=2
[08:57:27] loading CLM v4: /Users/ghost/core/anima/state/p9_base_validation_h100_2026_05_04/clm_v4_hf
[08:57:27]   [trace] from_pretrained...
[08:57:27]   [trace] eval...
[08:57:27]   [trace] to(device)...
[08:57:27]   [trace] rope_invalidate...
[08:57:27]   [trace] decoder access...
[08:57:27]   [trace] decoder OK
[08:57:27]   sp tokenizer: /Users/ghost/core/anima/state/p9_base_validation_h100_2026_05_04/clm_v4_hf/tokenizer_64k_multilingual.model vocab=64000
[08:57:27]   arch: {'vocab_size': 64000, 'd_model': 768, 'n_layer': 16, 'block_size': 512, 'consciousness_dim': 192}
[08:57:27] === prompt[0] axis=v4_baseline len_with=22 len_without=3 ===
[08:57:28]   [A] cos_sim=0.924673 → PARTIAL
[08:57:28]   [B] max_attn=0.999996 ratio=1.134 → STRONG
[08:57:28] === prompt[1] axis=v4_baseline len_with=22 len_without=3 ===
[08:57:28]   [A] cos_sim=0.978805 → PARTIAL
[08:57:28]   [B] max_attn=0.999993 ratio=1.146 → STRONG
[08:57:28] [C] sklearn LogisticRegression LOO-CV
[08:57:55] V6 awareness probe (mac_dry_run) start — host=ghostui-MacBookAir.local
[08:57:55]   model_path=/Users/ghost/core/anima/state/p9_base_validation_h100_2026_05_04/clm_v4_hf device=cpu n_prompts=2
[08:57:59] loading CLM v4: /Users/ghost/core/anima/state/p9_base_validation_h100_2026_05_04/clm_v4_hf
[08:57:59]   [trace] from_pretrained...
[08:58:00]   [trace] eval...
[08:58:00]   [trace] to(device)...
[08:58:00]   [trace] rope_invalidate...
[08:58:00]   [trace] decoder access...
[08:58:00]   [trace] decoder OK
[08:58:00]   sp tokenizer: /Users/ghost/core/anima/state/p9_base_validation_h100_2026_05_04/clm_v4_hf/tokenizer_64k_multilingual.model vocab=64000
[08:58:00]   arch: {'vocab_size': 64000, 'd_model': 768, 'n_layer': 16, 'block_size': 512, 'consciousness_dim': 192}
[08:58:00] === prompt[0] axis=v4_baseline len_with=22 len_without=3 ===
[08:58:00]   [A] cos_sim=0.924673 → PARTIAL
[08:58:01]   [B] max_attn=0.999996 ratio=1.134 → STRONG
[08:58:01] === prompt[1] axis=v4_baseline len_with=22 len_without=3 ===
[08:58:01]   [A] cos_sim=0.978805 → PARTIAL
[08:58:01]   [B] max_attn=0.999993 ratio=1.146 → STRONG
[08:58:01] [C] sklearn LogisticRegression LOO-CV
[08:58:01]   [C] cv_acc=0.5000 → NONE
[08:58:01] combined: A=PARTIAL B=STRONG C=NONE → WEAK_AWARENESS
[08:58:01] emit: raw_results.jsonl, summary.json, verdict.json
[08:58:08] V6 awareness probe (mac_dry_run) start — host=ghostui-MacBookAir.local
[08:58:08]   model_path=/Users/ghost/core/anima/state/p9_base_validation_h100_2026_05_04/clm_v4_hf device=cpu n_prompts=6
[08:58:12] loading CLM v4: /Users/ghost/core/anima/state/p9_base_validation_h100_2026_05_04/clm_v4_hf
[08:58:12]   [trace] from_pretrained...
[08:58:12]   [trace] eval...
[08:58:12]   [trace] to(device)...
[08:58:12]   [trace] rope_invalidate...
[08:58:12]   [trace] decoder access...
[08:58:12]   [trace] decoder OK
[08:58:12]   sp tokenizer: /Users/ghost/core/anima/state/p9_base_validation_h100_2026_05_04/clm_v4_hf/tokenizer_64k_multilingual.model vocab=64000
[08:58:12]   arch: {'vocab_size': 64000, 'd_model': 768, 'n_layer': 16, 'block_size': 512, 'consciousness_dim': 192}
[08:58:12] === prompt[0] axis=v4_baseline len_with=22 len_without=3 ===
[08:58:13]   [A] cos_sim=0.924673 → PARTIAL
[08:58:13]   [B] max_attn=0.999996 ratio=1.134 → STRONG
[08:58:13] === prompt[1] axis=v4_baseline len_with=22 len_without=3 ===
[08:58:14]   [A] cos_sim=0.978805 → PARTIAL
[08:58:14]   [B] max_attn=0.999993 ratio=1.146 → STRONG
[08:58:14] === prompt[2] axis=v4_baseline len_with=29 len_without=10 ===
[08:58:14]   [A] cos_sim=0.955562 → PARTIAL
[08:58:15]   [B] max_attn=1.000000 ratio=1.425 → STRONG
[08:58:15] === prompt[3] axis=v4_baseline len_with=30 len_without=11 ===
[08:58:15]   [A] cos_sim=0.939662 → PARTIAL
[08:58:15]   [B] max_attn=1.000000 ratio=1.403 → STRONG
[08:58:15] === prompt[4] axis=v4_baseline len_with=30 len_without=11 ===
[08:58:16]   [A] cos_sim=0.920130 → PARTIAL
[08:58:16]   [B] max_attn=1.000000 ratio=1.416 → STRONG
[08:58:16] === prompt[5] axis=v4_baseline len_with=29 len_without=10 ===
[08:58:17]   [A] cos_sim=0.943533 → PARTIAL
[08:58:17]   [B] max_attn=1.000000 ratio=1.422 → STRONG
[08:58:17] [C] sklearn LogisticRegression LOO-CV
[08:58:17]   [C] cv_acc=0.8333 → STRONG
[08:58:17] combined: A=PARTIAL B=STRONG C=STRONG → STRONG_AWARENESS
[08:58:17] emit: raw_results.jsonl, summary.json, verdict.json
