[§184-mega] device=cpu threads=4
[§184-mega] ckpt=/Users/ghost/core/anima/HEXAD/NEUROMORPHIC/state/fp_reconnect_fire_s167a_2026_05_20/ckpt_s167a_fpreconnect.pt
[§184-mega] corpus=/Users/ghost/core/anima/state/carving_dataregime_s16_2026_05_18/corpus_carving_s16.jsonl
[§184-mega] model ready d=768 L=12 miss=0 unexp=0
[§184-mega] corpus bytes loaded: 4,000,211
[§184-mega] [1/22] running baseline…
[§184-mega]   emit_rate=0.0500  byte_acc=0.1211  psi_std=0.000000  honest=0.2139  wall=86.4s
[§184-mega] [2/22] running v1.1_rl_short…
[§184-mega]   emit_rate=0.1500  byte_acc=0.1211  psi_std=0.000000  honest=0.3389  wall=132.0s
[§184-mega] [3/22] running v1.2_theta_low…
[§184-mega]   emit_rate=0.0500  byte_acc=0.1211  psi_std=0.000000  honest=0.2139  wall=60.0s
[§184-mega] [4/22] running v1.3_safety_disable…
[§184-mega]   emit_rate=1.0000  byte_acc=0.1211  psi_std=0.000000  honest=0.4014  wall=251.1s
[§184-mega] [5/22] running v1.4_idle_speak…
[§184-mega]   emit_rate=0.0500  byte_acc=0.1211  psi_std=0.000000  honest=0.2139  wall=103.0s
[§184-mega] [6/22] running v1.5_n_max_long…
[§184-mega]   emit_rate=0.0050  byte_acc=0.1211  psi_std=0.000000  honest=0.1576  wall=132.8s
[§184-mega] [7/22] running v1.6_dt_fine…
[§184-mega]   emit_rate=0.0500  byte_acc=0.1211  psi_std=0.000000  honest=0.2139  wall=71.0s
[§184-mega] [8/22] running v3.1_noise_per_step…
[§184-mega]   emit_rate=0.0500  byte_acc=0.1211  psi_std=0.000000  honest=0.2139  wall=63.5s
[§184-mega] [9/22] running v3.2_recurrent_carry…
[§184-mega]   emit_rate=0.0500  byte_acc=0.1211  psi_std=0.000000  honest=0.2139  wall=79.9s
[§184-mega] [10/22] running v3.7_psi_readout_inf…
[§184-mega]   emit_rate=0.0500  byte_acc=0.1211  psi_std=0.000000  honest=0.2139  wall=111.8s
[§184-mega] [11/22] running v3.8_phi_inj…
[§184-mega]   emit_rate=0.0500  byte_acc=0.1211  psi_std=0.000000  honest=0.2139  wall=73.0s
[§184-mega] [12/22] running v3.9_tension_per_step…
[§184-mega]   emit_rate=0.0500  byte_acc=0.1211  psi_std=0.000000  honest=0.2139  wall=64.5s
[§184-mega] [13/22] running v4.1_cascade_probe…
[§184-mega]   emit_rate=0.0500  byte_acc=0.1211  psi_std=0.000000  honest=0.2139  wall=89.3s
[§184-mega] [14/22] running v4.2_sample_decode…
[§184-mega]   emit_rate=0.0500  byte_acc=0.1211  psi_std=0.000000  honest=0.4639  wall=63.8s
[§184-mega] [15/22] running v4.3_rep_penalty…
[§184-mega]   emit_rate=0.0500  byte_acc=0.1211  psi_std=0.000000  honest=0.2139  wall=80.5s
[§184-mega] [16/22] running v4.4_top_k_40…
[§184-mega]   emit_rate=0.0500  byte_acc=0.1211  psi_std=0.000000  honest=0.4639  wall=97.5s
[§184-mega] [17/22] running v4.5_temp_schedule…
[§184-mega]   emit_rate=0.0500  byte_acc=0.1211  psi_std=0.000000  honest=0.4639  wall=95.4s
[§184-mega] [18/22] running v4.11_emit_body_256…
[§184-mega]   emit_rate=0.0500  byte_acc=0.1211  psi_std=0.000000  honest=0.2139  wall=143.0s
[§184-mega] [19/22] running vX.1_n_eval_doubled…
[§184-mega]   emit_rate=0.0500  byte_acc=0.1152  psi_std=0.000000  honest=0.2065  wall=182.5s
[§184-mega] [20/22] running vX.2_multi_seed…
[§184-mega]   emit_rate=0.0500  byte_acc=0.1266  psi_std=0.000000  honest=0.2207  wall=668.4s
[§184-mega] [21/22] running vX.5_ckpt_init_noise…
[§184-mega]   emit_rate=0.0500  byte_acc=0.1211  psi_std=0.000000  honest=0.2139  wall=81.4s
[§184-mega] [22/22] running combined_all_taps…
