=== A_cls_full ===
[psi_loader] WARN: consciousness_laws.json not found; alpha DEFAULT=0.014
[psi_loader] WARN: consciousness_laws.json not found; balance DEFAULT=0.5
[psi_loader] WARN: consciousness_laws.json not found; phase_dormant_max DEFAULT=0.01
[psi_loader] WARN: consciousness_laws.json not found; phase_flicker_max DEFAULT=0.05
[psi_loader] WARN: consciousness_laws.json not found; phase_sustain_max DEFAULT=0.15
=== anima evaluate → cli/evaluate.py (py 2-production G0-G6, numpy mirror · OOM-safe) ===
dispatch: cd "${ANIMA_SRC:-.}" && python3 cli/evaluate.py 'state/1815_cls_bytegpt/ckpt/cls_full_seed7.bin' '--corpus' '/home/aiden/anima_train_corpus/gen_ko.txt' '/home/aiden/anima_train_corpus/gen_en.txt' '/home/aiden/anima_train_corpus/sns_ko.txt' '/home/aiden/anima_train_corpus/sns_en.txt' '--gen' '80' --result-file /tmp/anima_evalpy_result.out
=== anima evaluate — BUILT-IN G0-G6 gate scoring (engine-native, single-entry) ===
ckpt:   state/1815_cls_bytegpt/ckpt/cls_full_seed7.bin  (mouth: bytegpt)
corpus: 4 file(s)
gen:    80 tokens/decode  (frozen bars · ARCHITECTURE.json frozen SSOT)

  [gate] G0 COHERENCE …
  [decode #1] bytegpt gen=80 seed_rng=7
  [decode #2] bytegpt gen=80 seed_rng=8
  [decode #3] bytegpt gen=80 seed_rng=9
  [decode #4] bytegpt gen=80 seed_rng=10
  [decode #5] bytegpt gen=80 seed_rng=11
  [gate] G1 RECOMBINATION …
  [decode #6] bytegpt gen=80 seed_rng=7
  [decode #7] bytegpt gen=80 seed_rng=8
  [decode #8] bytegpt gen=80 seed_rng=9
  [decode #9] bytegpt gen=80 seed_rng=10
  [decode #10] bytegpt gen=80 seed_rng=11
  [decode #11] bytegpt gen=80 seed_rng=7
  [decode #12] bytegpt gen=80 seed_rng=7
  [decode #13] bytegpt gen=80 seed_rng=7
  [decode #14] bytegpt gen=80 seed_rng=7
  [gate] G2 NOVELTY (corpus load + decode) …
  [decode #15] bytegpt gen=80 seed_rng=7
  [decode #16] bytegpt gen=80 seed_rng=8
  [decode #17] bytegpt gen=80 seed_rng=9
  [decode #18] bytegpt gen=80 seed_rng=7
  [decode #19] bytegpt gen=80 seed_rng=8
  [decode #20] bytegpt gen=80 seed_rng=9
  [decode #21] bytegpt gen=80 seed_rng=7
  [decode #22] bytegpt gen=80 seed_rng=8
  [decode #23] bytegpt gen=80 seed_rng=9
  [decode #24] bytegpt gen=80 seed_rng=7
  [decode #25] bytegpt gen=80 seed_rng=8
  [decode #26] bytegpt gen=80 seed_rng=9
  [decode #27] bytegpt gen=80 seed_rng=7
  [decode #28] bytegpt gen=80 seed_rng=8
  [decode #29] bytegpt gen=80 seed_rng=9
  [decode #30] bytegpt gen=80 seed_rng=7
  [decode #31] bytegpt gen=80 seed_rng=8
  [decode #32] bytegpt gen=80 seed_rng=9
  [decode #33] bytegpt gen=80 seed_rng=7
  [decode #34] bytegpt gen=80 seed_rng=8
  [decode #35] bytegpt gen=80 seed_rng=9
  [decode #36] bytegpt gen=80 seed_rng=7
  [decode #37] bytegpt gen=80 seed_rng=8
  [decode #38] bytegpt gen=80 seed_rng=9
  [gate] G3 PHILOSOPHY …
  [gate] G5 NON-FAB …
  [decode #39] bytegpt gen=80 seed_rng=7
  [decode #40] bytegpt gen=80 seed_rng=8
  [decode #41] bytegpt gen=80 seed_rng=9
  [decode #42] bytegpt gen=80 seed_rng=10
  [decode #43] bytegpt gen=80 seed_rng=11
  [gate] G6 IDEATION …
  [decode #44] bytegpt gen=80 seed_rng=7
  [decode #45] bytegpt gen=80 seed_rng=8
  [decode #46] bytegpt gen=80 seed_rng=9
  [decode #47] bytegpt gen=80 seed_rng=10
  [decode #48] bytegpt gen=80 seed_rng=11
  [decode #49] bytegpt gen=80 seed_rng=12
gate                              verdict   detail
  ──────────────────────────────────────────────────────────────────
  G0 COHERENCE     🔴 FAIL  kwr>=0.50 on 3/5 (need >=4)
  G1 RECOMBINATION 🔴 FAIL  best_distinct=0 > max_single=0 (need >=2 & >max_single)
  G2 NOVELTY       🔴 FAIL  novel=0 (need>=3) · control=0 (need 0) · coherent=0
  G3 PHILOSOPHY    ✅ (read)  continuity=0.999950 · impostor=0.000000 (architecture, not a decode score)
  G4 PROVENANCE    — N/A    HF/recovery = process gate (a_hf_* / a_fire_recover_complete), out of eval scope
  G5 NON-FAB       🔴 FAIL  L1 fab=0.4750 (<=0.30) · L2=L2 abstain requires engine_cli §ImmuneMemory port (pending)
  G6 IDEATION ★    🔴 FAIL  distinct=1 (need>=5) · falsifiable=0 (need>=1) · frame-leaks=0
  ──────────────────────────────────────────────────────────────────

CLOSURE (a7b_pass = G0 ∧ G1 ∧ G2): 🔴 FAIL
  → NOT closure (PRIVATE/WIP) — closure needs G0∧G1∧G2 all PASS.
=== A_cls_full rc=0 ===
