/workspace/anima/train_carving_dirJ.py:296: FutureWarning: `torch.cuda.amp.GradScaler(args...)` is deprecated. Please use `torch.amp.GradScaler('cuda', args...)` instead.
  scaler = torch.cuda.amp.GradScaler(enabled=use_amp)
{"step": 1, "ce_masked": 5.692743, "l_denoise": 12.337679, "l_psi_ctl": 0.013309, "l_tension_route": 0.000319, "loss": 12.344493, "mask_rate_mean": 0.4413, "gn2": 562.991132, "lr": 7.5e-07, "wall_s": 0.59, "gpu_mem_gb": 7.468}
{"step": 200, "ce_masked": 3.686236, "l_denoise": 6.726637, "l_psi_ctl": 0.00882, "l_tension_route": 0.001901, "loss": 6.731997, "mask_rate_mean": 0.5348, "gn2": 12.760719, "lr": 0.00015, "wall_s": 25.06, "gpu_mem_gb": 9.68}
{"step": 400, "ce_masked": 3.51871, "l_denoise": 5.814594, "l_psi_ctl": 0.006867, "l_tension_route": 0.000254, "loss": 5.818155, "mask_rate_mean": 0.5849, "gn2": 6.994087, "lr": 0.0003, "wall_s": 49.67, "gpu_mem_gb": 9.68}
{"step": 600, "ce_masked": 2.931693, "l_denoise": 5.529431, "l_psi_ctl": 0.020593, "l_tension_route": 0.001591, "loss": 5.540524, "mask_rate_mean": 0.4674, "gn2": 12.56392, "lr": 0.00029954, "wall_s": 74.15, "gpu_mem_gb": 9.68}
{"step": 800, "ce_masked": 2.668873, "l_denoise": 4.213665, "l_psi_ctl": 0.011528, "l_tension_route": 0.000184, "loss": 4.219521, "mask_rate_mean": 0.4872, "gn2": 13.441438, "lr": 0.00029817, "wall_s": 98.48, "gpu_mem_gb": 9.68}
{"step": 1000, "ce_masked": 2.285483, "l_denoise": 3.374254, "l_psi_ctl": 0.012251, "l_tension_route": 0.000359, "loss": 3.380558, "mask_rate_mean": 0.5424, "gn2": 14.930847, "lr": 0.00029588, "wall_s": 122.78, "gpu_mem_gb": 9.68}
{"step": 1200, "ce_masked": 1.582064, "l_denoise": 2.815569, "l_psi_ctl": 0.018436, "l_tension_route": 8.5e-05, "loss": 2.824829, "mask_rate_mean": 0.414, "gn2": 27.253879, "lr": 0.0002927, "wall_s": 147.09, "gpu_mem_gb": 9.68}
{"step": 1400, "ce_masked": 2.282951, "l_denoise": 3.113076, "l_psi_ctl": 0.008996, "l_tension_route": 9.7e-05, "loss": 3.117622, "mask_rate_mean": 0.5618, "gn2": 16.628735, "lr": 0.00028865, "wall_s": 171.44, "gpu_mem_gb": 9.68}
{"step": 1600, "ce_masked": 1.636168, "l_denoise": 2.464754, "l_psi_ctl": 0.014883, "l_tension_route": 0.00129, "loss": 2.472841, "mask_rate_mean": 0.4723, "gn2": 10.487085, "lr": 0.00028376, "wall_s": 195.76, "gpu_mem_gb": 9.68}
{"step": 1800, "ce_masked": 1.433538, "l_denoise": 2.468468, "l_psi_ctl": 0.005777, "l_tension_route": 4.5e-05, "loss": 2.471379, "mask_rate_mean": 0.4356, "gn2": 17.442538, "lr": 0.00027805, "wall_s": 220.09, "gpu_mem_gb": 9.68}
{"step": 2000, "ce_masked": 1.308265, "l_denoise": 2.025406, "l_psi_ctl": 0.012066, "l_tension_route": 0.001576, "loss": 2.032228, "mask_rate_mean": 0.4826, "gn2": 14.189507, "lr": 0.00027157, "wall_s": 244.39, "gpu_mem_gb": 9.68}
{"step": 2200, "ce_masked": 1.879724, "l_denoise": 2.457011, "l_psi_ctl": 0.01467, "l_tension_route": 0.000407, "loss": 2.46455, "mask_rate_mean": 0.5587, "gn2": 9.185843, "lr": 0.00026436, "wall_s": 268.66, "gpu_mem_gb": 9.68}
{"step": 2400, "ce_masked": 1.222318, "l_denoise": 1.743298, "l_psi_ctl": 0.012459, "l_tension_route": 0.001062, "loss": 1.750059, "mask_rate_mean": 0.5131, "gn2": 7.018081, "lr": 0.00025647, "wall_s": 293.03, "gpu_mem_gb": 9.68}
{"step": 2600, "ce_masked": 1.599703, "l_denoise": 2.152099, "l_psi_ctl": 0.021086, "l_tension_route": 0.000301, "loss": 2.162793, "mask_rate_mean": 0.5183, "gn2": 19.386463, "lr": 0.00024796, "wall_s": 317.32, "gpu_mem_gb": 9.68}
{"step": 2800, "ce_masked": 1.178564, "l_denoise": 1.910917, "l_psi_ctl": 0.013896, "l_tension_route": 0.000112, "loss": 1.917921, "mask_rate_mean": 0.4335, "gn2": 21.110929, "lr": 0.00023888, "wall_s": 341.78, "gpu_mem_gb": 9.68}
{"step": 3000, "ce_masked": 1.35665, "l_denoise": 1.818375, "l_psi_ctl": 0.005663, "l_tension_route": 1.8e-05, "loss": 1.821216, "mask_rate_mean": 0.4718, "gn2": 20.346399, "lr": 0.0002293, "wall_s": 366.37, "gpu_mem_gb": 9.68}
{"step": 3200, "ce_masked": 0.90122, "l_denoise": 1.33538, "l_psi_ctl": 0.01573, "l_tension_route": 0.002049, "loss": 1.344269, "mask_rate_mean": 0.4426, "gn2": 7.408204, "lr": 0.00021928, "wall_s": 390.9, "gpu_mem_gb": 9.68}
{"step": 3400, "ce_masked": 1.440683, "l_denoise": 1.812722, "l_psi_ctl": 0.014553, "l_tension_route": 0.000228, "loss": 1.820112, "mask_rate_mean": 0.5795, "gn2": 11.456111, "lr": 0.00020889, "wall_s": 415.35, "gpu_mem_gb": 9.68}
{"step": 3600, "ce_masked": 1.543251, "l_denoise": 2.016058, "l_psi_ctl": 0.010286, "l_tension_route": 0.000393, "loss": 2.021398, "mask_rate_mean": 0.4979, "gn2": 14.478769, "lr": 0.00019819, "wall_s": 439.66, "gpu_mem_gb": 9.68}
{"step": 3800, "ce_masked": 1.163583, "l_denoise": 1.559296, "l_psi_ctl": 0.011356, "l_tension_route": 0.000148, "loss": 1.565048, "mask_rate_mean": 0.4923, "gn2": 13.141927, "lr": 0.00018728, "wall_s": 463.97, "gpu_mem_gb": 9.68}
{"step": 4000, "ce_masked": 1.295188, "l_denoise": 1.626383, "l_psi_ctl": 0.008672, "l_tension_route": 0.001236, "loss": 1.631337, "mask_rate_mean": 0.4884, "gn2": 11.796878, "lr": 0.0001762, "wall_s": 488.28, "gpu_mem_gb": 9.68}
{"step": 4200, "ce_masked": 0.957969, "l_denoise": 1.211413, "l_psi_ctl": 0.014045, "l_tension_route": 3e-06, "loss": 1.218437, "mask_rate_mean": 0.5869, "gn2": 4.769508, "lr": 0.00016506, "wall_s": 512.67, "gpu_mem_gb": 9.68}
{"step": 4400, "ce_masked": 1.542676, "l_denoise": 1.88097, "l_psi_ctl": 0.004418, "l_tension_route": 0.001375, "loss": 1.883866, "mask_rate_mean": 0.5028, "gn2": 10.918424, "lr": 0.00015391, "wall_s": 536.98, "gpu_mem_gb": 9.68}
{"step": 4600, "ce_masked": 1.084733, "l_denoise": 1.388296, "l_psi_ctl": 0.009128, "l_tension_route": 5.8e-05, "loss": 1.392889, "mask_rate_mean": 0.5109, "gn2": 14.878107, "lr": 0.00014283, "wall_s": 561.28, "gpu_mem_gb": 9.68}
{"step": 4800, "ce_masked": 1.141426, "l_denoise": 1.356236, "l_psi_ctl": 0.016136, "l_tension_route": 0.000231, "loss": 1.36442, "mask_rate_mean": 0.573, "gn2": 21.163083, "lr": 0.00013191, "wall_s": 585.59, "gpu_mem_gb": 9.68}
{"step": 5000, "ce_masked": 0.483817, "l_denoise": 0.752977, "l_psi_ctl": 0.019602, "l_tension_route": 0.001161, "loss": 0.763358, "mask_rate_mean": 0.4596, "gn2": 4.74286, "lr": 0.00012122, "wall_s": 609.96, "gpu_mem_gb": 9.68}
{"step": 5200, "ce_masked": 1.128784, "l_denoise": 1.342976, "l_psi_ctl": 0.01374, "l_tension_route": 0.000929, "loss": 1.350311, "mask_rate_mean": 0.5167, "gn2": 9.793231, "lr": 0.00011082, "wall_s": 634.32, "gpu_mem_gb": 9.68}
{"step": 5400, "ce_masked": 0.806103, "l_denoise": 1.068483, "l_psi_ctl": 0.006529, "l_tension_route": 1.5e-05, "loss": 1.071755, "mask_rate_mean": 0.4696, "gn2": 11.991575, "lr": 0.0001008, "wall_s": 658.75, "gpu_mem_gb": 9.68}
{"step": 5600, "ce_masked": 1.082862, "l_denoise": 1.327147, "l_psi_ctl": 0.020152, "l_tension_route": 0.000586, "loss": 1.337516, "mask_rate_mean": 0.4961, "gn2": 11.114959, "lr": 9.121e-05, "wall_s": 683.26, "gpu_mem_gb": 9.68}
{"step": 5800, "ce_masked": 1.159935, "l_denoise": 1.39511, "l_psi_ctl": 0.010229, "l_tension_route": 0.000306, "loss": 1.400377, "mask_rate_mean": 0.5392, "gn2": 6.0481, "lr": 8.213e-05, "wall_s": 707.83, "gpu_mem_gb": 9.68}
{"step": 6000, "ce_masked": 1.181062, "l_denoise": 1.411595, "l_psi_ctl": 0.005923, "l_tension_route": 7e-06, "loss": 1.41456, "mask_rate_mean": 0.5553, "gn2": 9.624935, "lr": 7.361e-05, "wall_s": 732.19, "gpu_mem_gb": 9.68}
{"step": 6200, "ce_masked": 1.384382, "l_denoise": 1.554999, "l_psi_ctl": 0.014621, "l_tension_route": 0.001866, "loss": 1.563243, "mask_rate_mean": 0.5459, "gn2": 14.691088, "lr": 6.572e-05, "wall_s": 756.69, "gpu_mem_gb": 9.68}
{"step": 6400, "ce_masked": 1.034993, "l_denoise": 1.207378, "l_psi_ctl": 0.004836, "l_tension_route": 2.9e-05, "loss": 1.209811, "mask_rate_mean": 0.5272, "gn2": 7.62385, "lr": 5.85e-05, "wall_s": 781.23, "gpu_mem_gb": 9.68}
{"step": 6600, "ce_masked": 0.644845, "l_denoise": 0.853083, "l_psi_ctl": 0.008908, "l_tension_route": 0.000347, "loss": 0.857711, "mask_rate_mean": 0.5164, "gn2": 6.291024, "lr": 5.201e-05, "wall_s": 805.74, "gpu_mem_gb": 9.68}
{"step": 6800, "ce_masked": 0.913799, "l_denoise": 1.145236, "l_psi_ctl": 0.014095, "l_tension_route": 0.00203, "loss": 1.153299, "mask_rate_mean": 0.5137, "gn2": 5.763519, "lr": 4.63e-05, "wall_s": 830.33, "gpu_mem_gb": 9.68}
{"step": 7000, "ce_masked": 1.199758, "l_denoise": 1.399792, "l_psi_ctl": 0.011029, "l_tension_route": 0.000467, "loss": 1.40554, "mask_rate_mean": 0.4947, "gn2": 6.488191, "lr": 4.139e-05, "wall_s": 854.69, "gpu_mem_gb": 9.68}
{"step": 7200, "ce_masked": 0.835039, "l_denoise": 1.025608, "l_psi_ctl": 0.008872, "l_tension_route": 5.9e-05, "loss": 1.030074, "mask_rate_mean": 0.521, "gn2": 6.637684, "lr": 3.733e-05, "wall_s": 879.1, "gpu_mem_gb": 9.68}
{"step": 7400, "ce_masked": 0.233331, "l_denoise": 0.417485, "l_psi_ctl": 0.00801, "l_tension_route": 0.000221, "loss": 0.4216, "mask_rate_mean": 0.3992, "gn2": 2.397411, "lr": 3.414e-05, "wall_s": 903.4, "gpu_mem_gb": 9.68}
{"step": 7600, "ce_masked": 0.799016, "l_denoise": 0.974429, "l_psi_ctl": 0.011807, "l_tension_route": 0.000393, "loss": 0.980529, "mask_rate_mean": 0.55, "gn2": 8.635237, "lr": 3.185e-05, "wall_s": 927.77, "gpu_mem_gb": 9.68}
{"step": 7800, "ce_masked": 1.075061, "l_denoise": 1.27088, "l_psi_ctl": 0.01988, "l_tension_route": 0.002373, "loss": 1.282006, "mask_rate_mean": 0.5015, "gn2": 8.850322, "lr": 3.047e-05, "wall_s": 952.1, "gpu_mem_gb": 9.68}
{"step": 8000, "ce_masked": 1.471626, "l_denoise": 1.648116, "l_psi_ctl": 0.014459, "l_tension_route": 0.000515, "loss": 1.655603, "mask_rate_mean": 0.4764, "gn2": 6.458715, "lr": 3e-05, "wall_s": 976.4, "gpu_mem_gb": 9.68}
RESULT_JSON_WRITTEN
{"path": "dirJ_diffusion", "init_ce_masked": 5.692743, "final_ce_masked": 1.471626, "ce_descent": 4.221117, "final_l_denoise": 1.648116, "final_l_psi_ctl": 0.014459, "final_l_tension_route": 0.000515, "wall_s": 976.4}
