[gamma 1/9] selecting A100 offer...
A100 SXM4 $0.734/hr
[gamma] offer=31632904
[gamma 2/9] renting...
[gamma] instance=36928482
[gamma 3/9] waiting SSH...
[gamma] SSH ready ssh5.vast.ai:18482
[gamma 4/9] upload arch + trainer + carving corpus...
Warning: Permanently added '[ssh5.vast.ai]:18482' (ED25519) to the list of known hosts.
Welcome to vast.ai. If authentication fails, try again after a few seconds, and double check your ssh key.
Have fun!
Warning: Permanently added '[ssh5.vast.ai]:18482' (ED25519) to the list of known hosts.
Welcome to vast.ai. If authentication fails, try again after a few seconds, and double check your ssh key.
Have fun!
Warning: Permanently added '[ssh5.vast.ai]:18482' (ED25519) to the list of known hosts.
Welcome to vast.ai. If authentication fails, try again after a few seconds, and double check your ssh key.
Have fun!
Warning: Permanently added '[ssh5.vast.ai]:18482' (ED25519) to the list of known hosts.
Welcome to vast.ai. If authentication fails, try again after a few seconds, and double check your ssh key.
Have fun!
[gamma 5/9] GPU + torch verify...
Warning: Permanently added '[ssh5.vast.ai]:18482' (ED25519) to the list of known hosts.
Welcome to vast.ai. If authentication fails, try again after a few seconds, and double check your ssh key.
Have fun!
2.5.1+cu121 True NVIDIA A100-SXM4-40GB
6600 corpus_carving.jsonl
ee3909b336f35a6df91344357bb98ed6d1c9ea9449c15ca24f14e7409bf024ee  corpus_carving.jsonl
[gamma 6/9] sanity (d=32x3L, 60 step)...
Warning: Permanently added '[ssh5.vast.ai]:18482' (ED25519) to the list of known hosts.
Welcome to vast.ai. If authentication fails, try again after a few seconds, and double check your ssh key.
Have fun!
Warning: Permanently added '[ssh5.vast.ai]:18482' (ED25519) to the list of known hosts.
Welcome to vast.ai. If authentication fails, try again after a few seconds, and double check your ssh key.
Have fun!
/workspace/anima/train_carving_4path.py:207: FutureWarning: `torch.cuda.amp.GradScaler(args...)` is deprecated. Please use `torch.amp.GradScaler('cuda', args...)` instead.
  scaler = torch.cuda.amp.GradScaler(enabled=use_amp)
{"step": 1, "ce": 5.544464, "loss": 5.546672, "vac_term": 0.0, "gn2": 1.020519, "lr": 0.0002, "wall_s": 0.46, "gpu_mem_gb": 0.038}
{"step": 3, "ce": 5.539368, "loss": 5.538228, "vac_term": 0.0, "gn2": 0.545794, "lr": 0.0006, "wall_s": 0.52, "gpu_mem_gb": 0.041}
{"step": 6, "ce": 5.505981, "loss": 0.0, "vac_term": 0.0, "gn2": 0.0, "lr": 0.001, "wall_s": 0.65, "gpu_mem_gb": 0.041}
{"step": 9, "ce": 5.431763, "loss": 5.400368, "vac_term": 0.0, "gn2": 1.644693, "lr": 0.00099341, "wall_s": 0.8, "gpu_mem_gb": 0.041}
{"step": 12, "ce": 5.33963, "loss": 0.0, "vac_term": 0.0, "gn2": 0.0, "lr": 0.00097383, "wall_s": 0.96, "gpu_mem_gb": 0.041}
{"step": 15, "ce": 5.245331, "loss": 5.200934, "vac_term": 0.0, "gn2": 2.052767, "lr": 0.00094184, "wall_s": 1.11, "gpu_mem_gb": 0.041}
{"step": 18, "ce": 5.166351, "loss": 5.036932, "vac_term": 0.0, "gn2": 3.370185, "lr": 0.00089836, "wall_s": 1.26, "gpu_mem_gb": 0.041}
{"step": 21, "ce": 5.106659, "loss": 5.01123, "vac_term": 0.0, "gn2": 2.412122, "lr": 0.00084469, "wall_s": 1.41, "gpu_mem_gb": 0.041}
{"step": 24, "ce": 5.071381, "loss": 4.897321, "vac_term": 0.0, "gn2": 7.172659, "lr": 0.00078238, "wall_s": 1.56, "gpu_mem_gb": 0.041}
{"step": 27, "ce": 4.991089, "loss": 4.939419, "vac_term": 0.0, "gn2": 1.402083, "lr": 0.00071326, "wall_s": 1.71, "gpu_mem_gb": 0.041}
{"step": 30, "ce": 4.974915, "loss": 4.84704, "vac_term": 0.0, "gn2": 1.333672, "lr": 0.00063937, "wall_s": 1.85, "gpu_mem_gb": 0.041}
{"step": 33, "ce": 4.887329, "loss": 4.816157, "vac_term": 0.0, "gn2": 1.013009, "lr": 0.00056285, "wall_s": 2.0, "gpu_mem_gb": 0.041}
{"step": 36, "ce": 4.846466, "loss": 4.752671, "vac_term": 0.0, "gn2": 0.995077, "lr": 0.00048596, "wall_s": 2.15, "gpu_mem_gb": 0.041}
{"step": 39, "ce": 4.811859, "loss": 4.722168, "vac_term": 0.0, "gn2": 1.133911, "lr": 0.00041094, "wall_s": 2.3, "gpu_mem_gb": 0.041}
{"step": 42, "ce": 4.811066, "loss": 4.756945, "vac_term": 0.0, "gn2": 0.83307, "lr": 0.00034, "wall_s": 2.45, "gpu_mem_gb": 0.041}
{"step": 45, "ce": 4.766235, "loss": 0.0, "vac_term": 0.0, "gn2": 0.0, "lr": 0.00027521, "wall_s": 2.6, "gpu_mem_gb": 0.041}
{"step": 48, "ce": 4.751678, "loss": 4.844606, "vac_term": 0.0, "gn2": 0.882385, "lr": 0.00021847, "wall_s": 2.75, "gpu_mem_gb": 0.041}
{"step": 51, "ce": 4.753601, "loss": 4.641595, "vac_term": 0.0, "gn2": 1.060861, "lr": 0.00017144, "wall_s": 2.89, "gpu_mem_gb": 0.041}
{"step": 54, "ce": 4.807068, "loss": 4.912006, "vac_term": 0.0, "gn2": 2.052231, "lr": 0.00013549, "wall_s": 3.04, "gpu_mem_gb": 0.041}
{"step": 57, "ce": 4.726501, "loss": 4.592014, "vac_term": 0.0, "gn2": 1.187139, "lr": 0.00011169, "wall_s": 3.19, "gpu_mem_gb": 0.041}
{"step": 60, "ce": 4.715302, "loss": 4.624594, "vac_term": 0.0, "gn2": 0.873086, "lr": 0.00010073, "wall_s": 3.34, "gpu_mem_gb": 0.041}
RESULT_JSON_WRITTEN
{"path": "gamma", "init_ce": 5.544464, "final_ce": 4.715302, "ce_descent": 0.829162, "wall_s": 3.34, "eternal_delta_max": null, "final_vac_term": 0.0}
[gamma 7/9] MAIN fire d=512 8L from-scratch, 2000 steps...
Warning: Permanently added '[ssh5.vast.ai]:18482' (ED25519) to the list of known hosts.
Welcome to vast.ai. If authentication fails, try again after a few seconds, and double check your ssh key.
Have fun!
Warning: Permanently added '[ssh5.vast.ai]:18482' (ED25519) to the list of known hosts.
Welcome to vast.ai. If authentication fails, try again after a few seconds, and double check your ssh key.
Have fun!
/workspace/anima/train_carving_4path.py:207: FutureWarning: `torch.cuda.amp.GradScaler(args...)` is deprecated. Please use `torch.amp.GradScaler('cuda', args...)` instead.
  scaler = torch.cuda.amp.GradScaler(enabled=use_amp)
{"step": 1, "ce": 5.83246, "loss": 5.898438, "vac_term": 0.0, "gn2": 45.53548, "lr": 3e-06, "wall_s": 0.64, "gpu_mem_gb": 3.133}
{"step": 50, "ce": 3.520255, "loss": 1.665948, "vac_term": 0.0, "gn2": 7.389845, "lr": 0.00015, "wall_s": 6.52, "gpu_mem_gb": 3.808}
{"step": 100, "ce": 3.509238, "loss": 0.976898, "vac_term": 0.0, "gn2": 23.744021, "lr": 0.0003, "wall_s": 13.13, "gpu_mem_gb": 3.808}
{"step": 150, "ce": 3.081454, "loss": 0.941671, "vac_term": 0.0, "gn2": 12.263584, "lr": 0.00029956, "wall_s": 19.48, "gpu_mem_gb": 3.808}
{"step": 200, "ce": 2.793478, "loss": 0.287315, "vac_term": 0.0, "gn2": 3.476682, "lr": 0.0002982, "wall_s": 25.75, "gpu_mem_gb": 3.808}
{"step": 250, "ce": 2.505941, "loss": 0.324998, "vac_term": 0.0, "gn2": 3.741785, "lr": 0.00029592, "wall_s": 32.23, "gpu_mem_gb": 3.808}
{"step": 300, "ce": 2.254197, "loss": 0.451912, "vac_term": 0.0, "gn2": 9.669736, "lr": 0.00029276, "wall_s": 38.19, "gpu_mem_gb": 3.808}
{"step": 350, "ce": 2.131108, "loss": 0.189303, "vac_term": 0.0, "gn2": 3.038738, "lr": 0.00028872, "wall_s": 43.6, "gpu_mem_gb": 3.808}
{"step": 400, "ce": 1.929305, "loss": 0.139773, "vac_term": 0.0, "gn2": 2.052727, "lr": 0.00028384, "wall_s": 49.78, "gpu_mem_gb": 3.808}
{"step": 450, "ce": 1.85389, "loss": 0.088666, "vac_term": 0.0, "gn2": 1.156183, "lr": 0.00027814, "wall_s": 55.94, "gpu_mem_gb": 3.808}
{"step": 500, "ce": 1.808644, "loss": 0.275903, "vac_term": 0.0, "gn2": 3.830408, "lr": 0.00027167, "wall_s": 62.21, "gpu_mem_gb": 3.808}
{"step": 550, "ce": 1.556909, "loss": 0.110642, "vac_term": 0.0, "gn2": 1.352033, "lr": 0.00026447, "wall_s": 68.76, "gpu_mem_gb": 3.808}
{"step": 600, "ce": 1.632469, "loss": 0.147385, "vac_term": 0.0, "gn2": 10.572929, "lr": 0.0002566, "wall_s": 75.1, "gpu_mem_gb": 3.808}
{"step": 650, "ce": 1.732921, "loss": 0.104254, "vac_term": 0.0, "gn2": 2.456818, "lr": 0.00024809, "wall_s": 81.68, "gpu_mem_gb": 3.808}
{"step": 700, "ce": 1.63155, "loss": 0.061521, "vac_term": 0.0, "gn2": 1.404052, "lr": 0.00023902, "wall_s": 87.61, "gpu_mem_gb": 3.808}
{"step": 750, "ce": 1.561418, "loss": 0.050971, "vac_term": 0.0, "gn2": 0.763466, "lr": 0.00022945, "wall_s": 93.43, "gpu_mem_gb": 3.808}
{"step": 800, "ce": 1.584557, "loss": 0.024118, "vac_term": 0.0, "gn2": 0.330507, "lr": 0.00021943, "wall_s": 99.75, "gpu_mem_gb": 3.808}
{"step": 850, "ce": 1.518034, "loss": 0.014865, "vac_term": 0.0, "gn2": 0.228487, "lr": 0.00020905, "wall_s": 106.03, "gpu_mem_gb": 3.808}
{"step": 900, "ce": 1.411301, "loss": 0.046706, "vac_term": 0.0, "gn2": 0.569805, "lr": 0.00019836, "wall_s": 112.15, "gpu_mem_gb": 3.808}
{"step": 950, "ce": 1.416269, "loss": 0.039909, "vac_term": 0.0, "gn2": 0.713867, "lr": 0.00018744, "wall_s": 118.48, "gpu_mem_gb": 3.808}
{"step": 1000, "ce": 1.749094, "loss": 0.034095, "vac_term": 0.0, "gn2": 1.047621, "lr": 0.00017637, "wall_s": 124.82, "gpu_mem_gb": 3.808}
{"step": 1050, "ce": 1.382813, "loss": 0.007665, "vac_term": 0.0, "gn2": 0.098826, "lr": 0.00016522, "wall_s": 131.14, "gpu_mem_gb": 3.808}
{"step": 1100, "ce": 1.59312, "loss": 0.058211, "vac_term": 0.0, "gn2": 0.559246, "lr": 0.00015407, "wall_s": 137.49, "gpu_mem_gb": 3.808}
{"step": 1150, "ce": 1.555924, "loss": 0.04326, "vac_term": 0.0, "gn2": 0.500902, "lr": 0.000143, "wall_s": 143.83, "gpu_mem_gb": 3.808}
{"step": 1200, "ce": 1.455514, "loss": 0.018806, "vac_term": 0.0, "gn2": 0.168392, "lr": 0.00013208, "wall_s": 149.59, "gpu_mem_gb": 3.808}
{"step": 1250, "ce": 1.456888, "loss": 0.034682, "vac_term": 0.0, "gn2": 0.17127, "lr": 0.00012138, "wall_s": 155.35, "gpu_mem_gb": 3.808}
{"step": 1300, "ce": 1.34947, "loss": 0.003196, "vac_term": 0.0, "gn2": 0.01254, "lr": 0.00011098, "wall_s": 161.03, "gpu_mem_gb": 3.808}
{"step": 1350, "ce": 1.346241, "loss": 0.014118, "vac_term": 0.0, "gn2": 0.01824, "lr": 0.00010094, "wall_s": 167.05, "gpu_mem_gb": 3.808}
{"step": 1400, "ce": 1.509013, "loss": 0.008311, "vac_term": 0.0, "gn2": 0.192058, "lr": 9.135e-05, "wall_s": 172.68, "gpu_mem_gb": 3.808}
{"step": 1450, "ce": 1.547557, "loss": 0.034177, "vac_term": 0.0, "gn2": 0.394843, "lr": 8.226e-05, "wall_s": 178.7, "gpu_mem_gb": 3.808}
{"step": 1500, "ce": 1.319849, "loss": 0.077378, "vac_term": 0.0, "gn2": 0.910415, "lr": 7.373e-05, "wall_s": 184.73, "gpu_mem_gb": 3.808}
{"step": 1550, "ce": 1.296931, "loss": 0.015901, "vac_term": 0.0, "gn2": 0.134991, "lr": 6.583e-05, "wall_s": 190.57, "gpu_mem_gb": 3.808}
{"step": 1600, "ce": 1.34674, "loss": 0.012486, "vac_term": 0.0, "gn2": 0.106137, "lr": 5.86e-05, "wall_s": 196.38, "gpu_mem_gb": 3.808}
{"step": 1650, "ce": 1.520374, "loss": 0.012711, "vac_term": 0.0, "gn2": 0.089833, "lr": 5.21e-05, "wall_s": 202.26, "gpu_mem_gb": 3.808}
{"step": 1700, "ce": 1.438448, "loss": 0.031675, "vac_term": 0.0, "gn2": 0.58252, "lr": 4.638e-05, "wall_s": 208.26, "gpu_mem_gb": 3.808}
{"step": 1750, "ce": 1.464015, "loss": 0.005841, "vac_term": 0.0, "gn2": 0.039358, "lr": 4.146e-05, "wall_s": 214.14, "gpu_mem_gb": 3.808}
{"step": 1800, "ce": 1.606949, "loss": 0.004604, "vac_term": 0.0, "gn2": 0.005514, "lr": 3.739e-05, "wall_s": 219.91, "gpu_mem_gb": 3.808}
{"step": 1850, "ce": 1.453388, "loss": 0.015292, "vac_term": 0.0, "gn2": 0.170729, "lr": 3.419e-05, "wall_s": 225.56, "gpu_mem_gb": 3.808}
{"step": 1900, "ce": 1.631366, "loss": 0.013382, "vac_term": 0.0, "gn2": 0.33467, "lr": 3.188e-05, "wall_s": 231.09, "gpu_mem_gb": 3.808}
{"step": 1950, "ce": 1.629516, "loss": 0.001084, "vac_term": 0.0, "gn2": 0.004024, "lr": 3.048e-05, "wall_s": 236.96, "gpu_mem_gb": 3.808}
{"step": 2000, "ce": 1.40094, "loss": 0.000297, "vac_term": 0.0, "gn2": 5e-06, "lr": 3e-05, "wall_s": 242.57, "gpu_mem_gb": 3.808}
RESULT_JSON_WRITTEN
{"path": "gamma", "init_ce": 5.83246, "final_ce": 1.40094, "ce_descent": 4.43152, "wall_s": 242.57, "eternal_delta_max": null, "final_vac_term": 0.0}
DONE_MARKER rc=0
[gamma 8/9] verify result.json + SAVE_POD auto-promote + pull retry >=5...
[gamma] result.json present -> SAVE_POD=1 auto-promote
[gamma] pull attempt 1/5...
Welcome to vast.ai. If authentication fails, try again after a few seconds, and double check your ssh key.
Have fun!
Welcome to vast.ai. If authentication fails, try again after a few seconds, and double check your ssh key.
Have fun!
Welcome to vast.ai. If authentication fails, try again after a few seconds, and double check your ssh key.
Have fun!
[gamma] ckpt pull OK (try 1)
[gamma] ckpt sha256: 25af54048beaff8a276973c31ba9d651c6f8ff1bf6932428de497d24863b5453
[gamma] ckpt size: 343903970 bytes
[gamma] PULL SUCCESS -> safe to destroy
[gamma 9/9] teardown (SAVE_POD=0).
[gamma cleanup] destroying 36928482
destroying instance 36928482.
dispatch.sh: line 65: 77169 Terminated: 15          ( local PARENT_PID=$$; for _ in $(seq 1 $WATCHDOG_MIN);
do
    sleep 60; if ! kill -0 $PARENT_PID 2> /dev/null; then
        $VASTAI destroy instance "$IID" >> "$PDIR/watchdog.log" 2>&1; exit 0;
    fi;
done; echo "[watchdog] cap hit, destroying $IID" >> "$PDIR/watchdog.log"; $VASTAI destroy instance "$IID" >> "$PDIR/watchdog.log" 2>&1 )
Sun May 17 09:21:19 UTC 2026
