Warning: Permanently added '[ssh5.vast.ai]:18482' (ED25519) to the list of known hosts.
Welcome to vast.ai. If authentication fails, try again after a few seconds, and double check your ssh key.
Have fun!
/workspace/anima/train_carving_4path.py:207: FutureWarning: `torch.cuda.amp.GradScaler(args...)` is deprecated. Please use `torch.amp.GradScaler('cuda', args...)` instead.
  scaler = torch.cuda.amp.GradScaler(enabled=use_amp)
{"step": 1, "ce": 5.544464, "loss": 5.546672, "vac_term": 0.0, "gn2": 1.020519, "lr": 0.0002, "wall_s": 0.46, "gpu_mem_gb": 0.038}
{"step": 3, "ce": 5.539368, "loss": 5.538228, "vac_term": 0.0, "gn2": 0.545794, "lr": 0.0006, "wall_s": 0.52, "gpu_mem_gb": 0.041}
{"step": 6, "ce": 5.505981, "loss": 0.0, "vac_term": 0.0, "gn2": 0.0, "lr": 0.001, "wall_s": 0.65, "gpu_mem_gb": 0.041}
{"step": 9, "ce": 5.431763, "loss": 5.400368, "vac_term": 0.0, "gn2": 1.644693, "lr": 0.00099341, "wall_s": 0.8, "gpu_mem_gb": 0.041}
{"step": 12, "ce": 5.33963, "loss": 0.0, "vac_term": 0.0, "gn2": 0.0, "lr": 0.00097383, "wall_s": 0.96, "gpu_mem_gb": 0.041}
{"step": 15, "ce": 5.245331, "loss": 5.200934, "vac_term": 0.0, "gn2": 2.052767, "lr": 0.00094184, "wall_s": 1.11, "gpu_mem_gb": 0.041}
{"step": 18, "ce": 5.166351, "loss": 5.036932, "vac_term": 0.0, "gn2": 3.370185, "lr": 0.00089836, "wall_s": 1.26, "gpu_mem_gb": 0.041}
{"step": 21, "ce": 5.106659, "loss": 5.01123, "vac_term": 0.0, "gn2": 2.412122, "lr": 0.00084469, "wall_s": 1.41, "gpu_mem_gb": 0.041}
{"step": 24, "ce": 5.071381, "loss": 4.897321, "vac_term": 0.0, "gn2": 7.172659, "lr": 0.00078238, "wall_s": 1.56, "gpu_mem_gb": 0.041}
{"step": 27, "ce": 4.991089, "loss": 4.939419, "vac_term": 0.0, "gn2": 1.402083, "lr": 0.00071326, "wall_s": 1.71, "gpu_mem_gb": 0.041}
{"step": 30, "ce": 4.974915, "loss": 4.84704, "vac_term": 0.0, "gn2": 1.333672, "lr": 0.00063937, "wall_s": 1.85, "gpu_mem_gb": 0.041}
{"step": 33, "ce": 4.887329, "loss": 4.816157, "vac_term": 0.0, "gn2": 1.013009, "lr": 0.00056285, "wall_s": 2.0, "gpu_mem_gb": 0.041}
{"step": 36, "ce": 4.846466, "loss": 4.752671, "vac_term": 0.0, "gn2": 0.995077, "lr": 0.00048596, "wall_s": 2.15, "gpu_mem_gb": 0.041}
{"step": 39, "ce": 4.811859, "loss": 4.722168, "vac_term": 0.0, "gn2": 1.133911, "lr": 0.00041094, "wall_s": 2.3, "gpu_mem_gb": 0.041}
{"step": 42, "ce": 4.811066, "loss": 4.756945, "vac_term": 0.0, "gn2": 0.83307, "lr": 0.00034, "wall_s": 2.45, "gpu_mem_gb": 0.041}
{"step": 45, "ce": 4.766235, "loss": 0.0, "vac_term": 0.0, "gn2": 0.0, "lr": 0.00027521, "wall_s": 2.6, "gpu_mem_gb": 0.041}
{"step": 48, "ce": 4.751678, "loss": 4.844606, "vac_term": 0.0, "gn2": 0.882385, "lr": 0.00021847, "wall_s": 2.75, "gpu_mem_gb": 0.041}
{"step": 51, "ce": 4.753601, "loss": 4.641595, "vac_term": 0.0, "gn2": 1.060861, "lr": 0.00017144, "wall_s": 2.89, "gpu_mem_gb": 0.041}
{"step": 54, "ce": 4.807068, "loss": 4.912006, "vac_term": 0.0, "gn2": 2.052231, "lr": 0.00013549, "wall_s": 3.04, "gpu_mem_gb": 0.041}
{"step": 57, "ce": 4.726501, "loss": 4.592014, "vac_term": 0.0, "gn2": 1.187139, "lr": 0.00011169, "wall_s": 3.19, "gpu_mem_gb": 0.041}
{"step": 60, "ce": 4.715302, "loss": 4.624594, "vac_term": 0.0, "gn2": 0.873086, "lr": 0.00010073, "wall_s": 3.34, "gpu_mem_gb": 0.041}
RESULT_JSON_WRITTEN
{"path": "gamma", "init_ce": 5.544464, "final_ce": 4.715302, "ce_descent": 0.829162, "wall_s": 3.34, "eternal_delta_max": null, "final_vac_term": 0.0}
