H_321 — C1 axis · H_278 faithful Φ recheck under IIT 4.0 Φ-structure
  engine = stdlib iit4_relation.phi_structure (REUSED, NOT reinvented)
  panel  = 6 ECA rules × n∈{4,5} = 12 measurements
  FALSIFIER: nesting-ratio CV ≤ 0.15 ⇒ structure-invariant 🔴
             nesting-ratio CV  > 0.15 ⇒ scale-variant HOLD 🟢

PANEL cosmic_web rule=30 couple=0.0
  n=4 sys=11  nd=13 sum_d=4.19798 nr=51 sum_r=12.2217 total=16.4197
  n=5 sys=21  nd=21 sum_d=6.21696 nr=159 sum_r=36.9733 total=43.1903
  ratio total(n=5)/total(n=4)=2.6304 delta=26.7706

PANEL galaxy_cluster rule=110 couple=0.1
  n=4 sys=11  nd=13 sum_d=2.83416 nr=48 sum_r=8.15193 total=10.9861
  n=5 sys=21  nd=18 sum_d=4.83585 nr=109 sum_r=21.3531 total=26.1889
  ratio total(n=5)/total(n=4)=2.38383 delta=15.2029

PANEL stellar rule=90 couple=0.2
  n=4 sys=11  nd=0 sum_d=0.0 nr=0 sum_r=0.0 total=0.0
  n=5 sys=21  nd=15 sum_d=7.5 nr=74 sum_r=37 total=44.5
  ratio total(n=5)/total(n=4)=0.0 delta=44.5

PANEL planetary rule=54 couple=0.3
  n=4 sys=11  nd=11 sum_d=3.82247 nr=34 sum_r=9.25023 total=13.0727
  n=5 sys=21  nd=13 sum_d=5.20669 nr=36 sum_r=13.3236 total=18.5303
  ratio total(n=5)/total(n=4)=1.41748 delta=5.45756

PANEL biological rule=110 couple=0.45
  n=4 sys=11  nd=13 sum_d=2.83416 nr=48 sum_r=8.15193 total=10.9861
  n=5 sys=21  nd=18 sum_d=4.83585 nr=109 sum_r=21.3531 total=26.1889
  ratio total(n=5)/total(n=4)=2.38383 delta=15.2029

PANEL neural rule=110 couple=0.6
  n=4 sys=11  nd=13 sum_d=2.83416 nr=48 sum_r=8.15193 total=10.9861
  n=5 sys=21  nd=18 sum_d=4.83585 nr=109 sum_r=21.3531 total=26.1889
  ratio total(n=5)/total(n=4)=2.38383 delta=15.2029

RATIOS total(n=5)/total(n=4) per rule:
  cosmic_web ratio=2.6304
  galaxy_cluster ratio=2.38383
  stellar ratio=0.0
  planetary ratio=1.41748
  biological ratio=2.38383
  neural ratio=2.38383

STATS  mean=1.86656 stddev=0.919408 CV=0.492568

FALSIFIERS
  F-H321-1 TRACTABLE         : true
  F-H321-2 STRUCT-NORM-CV    : CV=0.492568 thr=0.15 scale_variant=true
  F-H321-3 DETERMINISM       : closed-form (re-run identical)
  F-H321-4 NONTRIVIAL-STRUCT : true
  F-H321-5 INDEP-MEASURE     : phi_structure ⊥ MIP-EI cross-cut MI (different primitives)

VERDICT 🟢 SUPPORTED-NUMERICAL (scale-variant HOLD at IIT 4.0 Φ-structure level — H_278 finding survives structural deepening)
DONE
