[§75-FIRE] orphan pre-flight check
[§75-FIRE] pre-flight runpod.get_pods()=0
[§75-FIRE] requesting pod name=s75fire-ladder-124336 image=runpod/pytorch:2.4.0-py3.11-cuda12.4.1-devel-ubuntu22.04 disk=80GB gpu='NVIDIA H100 NVL'
[§75-FIRE] pod_create: {"id": "k3w0i0r9ku2m2k", "imageName": "runpod/pytorch:2.4.0-py3.11-cuda12.4.1-devel-ubuntu22.04", "env": ["PUBLIC_KEY=ssh-ed25519 AAAAC3NzaC1lZDI1NTE5AAAAIKOEWe0SBseZceuCgcVnlNDhEwbU/TIqGeK9FdrpIy9V ghost@ghostui-MacBookAir.local\n\nssh-rsa AAAAB3NzaC1yc2EAAAADAQABAAABAQCf5vOKHhrik9f3yA4IWXXGKPVvDQ8nFP5b1PF7a7YHuXMmZVSOvISYwph7yuCCYyZP8GTDm9MWHZVSR6ArijPxRfAbGDUtENFrHtyA5IGI9GycJkrYokI20neQXR4AGTwk/kVXOdaMaxEREFKhyffzZyrPKUEpZ7ikGXVM9MqWYNFvvy1ioQ7uuqyFq+65phVjojKgg4LWdnTjcxNzNrOgwlZqANx450Nhv3KAGhWSiLZgU6iA4JJ6gsq6t5S9p5n7T6EeypUyuKT4iOH0U5d4jIrssz0QwBncytLvQCvv7IpsapPqhgQzBXcGMZKkLS62UWYDRTeL7PPz3+N2hM4N RunPod-Key-Go"], "machineId": "4ohjw7upsz2f", "machine": {"podHostId": "k3w0i0r9ku2m2k-64410a71"}, "_gpu": "NVIDIA H100 NVL"}
[§75-FIRE] pod_id=k3w0i0r9ku2m2k  waiting for SSH...
[§75-FIRE] SSH 216.81.245.29:19653 (try 4)
torchaudio 2.4.1+cu124 requires torch==2.4.1, but you have torch 2.4.0 which is incompatible.
torchvision 0.19.1+cu124 requires torch==2.4.1, but you have torch 2.4.0 which is incompatible.
WARNING: Running pip as the 'root' user can result in broken permissions and conflicting behaviour with the system package manager, possibly rendering your system unusable. It is recommended to use a virtual environment instead: https://pip.pypa.io/warnings/venv. Use the --root-user-action option if you know what you are doing and want to suppress this warning.
Warning: Permanently added '[216.81.245.29]:19653' (ED25519) to the list of known hosts.
[§75-FIRE] generating §16-class corpus (seed=1337, --n 90000) — sha target ca1018090b...
Warning: Permanently added '[216.81.245.29]:19653' (ED25519) to the list of known hosts.
[§75-FIRE] corpus poll 1/30
[§75-FIRE] corpus poll 2/30
[§75-FIRE] corpus poll 3/30
[§75-FIRE] corpus poll 4/30
[§75-FIRE] corpus poll 5/30
[§75-FIRE] corpus poll 6/30
[§75-FIRE] corpus poll 7/30
[§75-FIRE] corpus poll 8/30
[§75-FIRE] corpus poll 9/30
[§75-FIRE] corpus poll 10/30
[§75-FIRE] corpus poll 11/30
[§75-FIRE] corpus poll 12/30
[§75-FIRE] corpus poll 13/30
[§75-FIRE] corpus poll 14/30
[§75-FIRE] corpus poll 15/30
[§75-FIRE] corpus poll 16/30
[§75-FIRE] corpus poll 17/30
[§75-FIRE] corpus poll 18/30
[§75-FIRE] corpus poll 19/30
[§75-FIRE] corpus poll 20/30
[§75-FIRE] corpus poll 21/30
[§75-FIRE] corpus poll 22/30
[§75-FIRE] corpus poll 23/30
[§75-FIRE] corpus poll 24/30
[§75-FIRE] corpus poll 25/30
[§75-FIRE] corpus poll 26/30
[§75-FIRE] corpus poll 27/30
[§75-FIRE] corpus poll 28/30
[§75-FIRE] corpus poll 29/30
[§75-FIRE] corpus poll 30/30
[§75-FIRE] corpus sha256=ca1018090b28a4b993ea00ee97a08941a6ab3078a5ee66a3d8f2a18a05b24585
[§75-FIRE] === train + 4-cell ladder on real forward (detached) ===
Warning: Permanently added '[216.81.245.29]:19653' (ED25519) to the list of known hosts.
[§75-FIRE] poll 1/150 DONE
[§75-FIRE] verifying B-S75-FIRE-1..7 pod-side
Warning: Permanently added '[216.81.245.29]:19653' (ED25519) to the list of known hosts.
      "fire_torch_imported": true,
      "fire_model_forward_via_real_byte_batch": true,
      "fire_extract_w_state": true,
      "fire_ByteSampler_class": true,
      "fire_imports_conscious_decoder": true,
      "stub_torch_imported": false,
      "stub_model_forward_call": false,
      "stub_extract_w_state": false,
      "stub_ByteSampler_class": false,
      "stub_imports_conscious_decoder": false
    },
    {
      "id": "B-S75-FIRE-5",
      "name": "WARMUP-MOMENTS-ARE-REAL-FORWARD-DERIVED",
      "ok": true,
      "warmup_capture_real_forward_defined": true,
      "warmup_body_calls_extract_w_state": true,
      "warmup_body_calls_real_forward_batch": true
    },
    {
      "id": "B-S75-FIRE-6",
      "name": "CORPUS-SHA256+NO-HELPER-TOKEN",
      "ok": false,
      "reason": "result.json missing or corpus path not resolvable — pod-side; final battery run is pod-side."
    },
    {
      "id": "B-S75-FIRE-7",
      "name": "SATURATION-GATE",
      "ok": false,
      "reason": "result.json not found at /workspace/s75/result.json"
    }
  ],
  "n_ok": 5,
  "n_total": 7,
  "all_blue": false,
  "central_blue_falsifier_diff_lines": 0,
  "note_empirical_carveouts": [
    "B-S75-FIRE-NOTE: WHICH sub-axis class survives AT TRAINED SCALE = SGD/measurement OUTCOME (B-D-NOTE/B-S73-FIRE-NOTE/B-S75-NOTE/B-CARVE-E6-NOTE family); battery proves CONTROLLER-CLASS DECOMPOSITION INVARIANTS, NOT capability emergence. north-star + §15/§51/§72 milestone UNCHANGED, GOAL 미도달. Necessary-not-sufficient (B-EMERGE-7)."
  ]
}
[§75-FIRE] complete — SAVE_POD=1, pulling (5-retry)
Warning: Permanently added '[216.81.245.29]:19653' (ED25519) to the list of known hosts.
Warning: Permanently added '[216.81.245.29]:19653' (ED25519) to the list of known hosts.
[§75-FIRE] pull retry 1/5 — sleep 30
