[§75-FIRE] orphan pre-flight check
[§75-FIRE] pre-flight runpod.get_pods()=0
[§75-FIRE] requesting pod name=s75fire-ladder-123990 image=runpod/pytorch:2.4.0-py3.11-cuda12.4.1-devel-ubuntu22.04 disk=80GB gpu='NVIDIA H100 NVL'
[§75-FIRE] pod_create: {"id": "bjsdcf7iuklvkz", "imageName": "runpod/pytorch:2.4.0-py3.11-cuda12.4.1-devel-ubuntu22.04", "env": ["PUBLIC_KEY=ssh-ed25519 AAAAC3NzaC1lZDI1NTE5AAAAIKOEWe0SBseZceuCgcVnlNDhEwbU/TIqGeK9FdrpIy9V ghost@ghostui-MacBookAir.local\n\nssh-rsa AAAAB3NzaC1yc2EAAAADAQABAAABAQCf5vOKHhrik9f3yA4IWXXGKPVvDQ8nFP5b1PF7a7YHuXMmZVSOvISYwph7yuCCYyZP8GTDm9MWHZVSR6ArijPxRfAbGDUtENFrHtyA5IGI9GycJkrYokI20neQXR4AGTwk/kVXOdaMaxEREFKhyffzZyrPKUEpZ7ikGXVM9MqWYNFvvy1ioQ7uuqyFq+65phVjojKgg4LWdnTjcxNzNrOgwlZqANx450Nhv3KAGhWSiLZgU6iA4JJ6gsq6t5S9p5n7T6EeypUyuKT4iOH0U5d4jIrssz0QwBncytLvQCvv7IpsapPqhgQzBXcGMZKkLS62UWYDRTeL7PPz3+N2hM4N RunPod-Key-Go"], "machineId": "l79iiz1t29sk", "machine": {"podHostId": "bjsdcf7iuklvkz-64412099"}, "_gpu": "NVIDIA A100-SXM4-80GB"}
[§75-FIRE] pod_id=bjsdcf7iuklvkz  waiting for SSH...
[§75-FIRE] SSH 154.54.102.53:17095 (try 2)
torchaudio 2.4.1+cu124 requires torch==2.4.1, but you have torch 2.4.0 which is incompatible.
torchvision 0.19.1+cu124 requires torch==2.4.1, but you have torch 2.4.0 which is incompatible.
WARNING: Running pip as the 'root' user can result in broken permissions and conflicting behaviour with the system package manager, possibly rendering your system unusable. It is recommended to use a virtual environment instead: https://pip.pypa.io/warnings/venv. Use the --root-user-action option if you know what you are doing and want to suppress this warning.
Warning: Permanently added '[154.54.102.53]:17095' (ED25519) to the list of known hosts.
[§75-FIRE] generating §16-class corpus (seed=1337, --n 90000) — sha target ca1018090b...
Warning: Permanently added '[154.54.102.53]:17095' (ED25519) to the list of known hosts.
[§75-FIRE] corpus poll 1/30
[§75-FIRE] corpus poll 2/30
[§75-FIRE] corpus poll 3/30
[§75-FIRE] corpus poll 4/30
[§75-FIRE] corpus poll 5/30
[§75-FIRE] corpus poll 6/30
[§75-FIRE] corpus poll 7/30
[§75-FIRE] corpus poll 8/30
[§75-FIRE] corpus poll 9/30
[§75-FIRE] corpus poll 10/30
[§75-FIRE] corpus poll 11/30
[§75-FIRE] corpus poll 12/30
[§75-FIRE] corpus poll 13/30
[§75-FIRE] corpus poll 14/30
[§75-FIRE] corpus poll 15/30
[§75-FIRE] corpus poll 16/30
[§75-FIRE] corpus poll 17/30
[§75-FIRE] corpus poll 18/30
[§75-FIRE] corpus poll 19/30
[§75-FIRE] corpus poll 20/30
[§75-FIRE] corpus poll 21/30
[§75-FIRE] corpus poll 22/30
[§75-FIRE] corpus poll 23/30
[§75-FIRE] trap: terminating pod bjsdcf7iuklvkz
