═══════════════════════════════════════════════════════════
  AXIS-BENCH D  INTENT — long-term goal trajectory
  100-tick × 4-D × 3 scenario  ·  LCG-deterministic
═══════════════════════════════════════════════════════════

[A] final cumulative magnitude  ∥cumulative_intent[N]∥
    CONVERGENT   = 0.712538
    RANDOM       = 0.0393586
    OSCILLATING  = 0.0

[B] stability_std  (consecutive 10-tick window cos-sim std)
    CONVERGENT   = 0.47432
    RANDOM       = 0.538697
    OSCILLATING  = 0.0

[C] monotone_ratio  (∥cum[t]∥ ≥ ∥cum[t-1]∥ fraction)
    CONVERGENT   = 0.838384
    RANDOM       = 0.444444
    OSCILLATING  = 0.424242

─── pre-registered falsifier matrix ───
  [PASS] F1 CONV_MAGNITUDE_HIGH       (conv_mag  > 0.7)
  [PASS] F2 RAND_MAGNITUDE_LOW        (rand_mag  < 0.3)
  [FAIL] F3 OSC_STABILITY_LOW         (osc_stab > 0.4)
  [PASS] F4 CONV_MONOTONE_DOMINANT    (conv_mono > 0.6)
  [PASS] F5 RAND_MONOTONE_BALANCED    (rand_mono ∈ [0.3, 0.7])

═══════════════════════════════════════════════════════════
  PASS = 4  /  FAIL = 1
  VERDICT  =  🔴 FAIL — INTENT layer not metric-discriminable
═══════════════════════════════════════════════════════════

JSON_BEGIN
{
  "bench": "AXIS-BENCH D INTENT",
  "hypothesis": "cumulative direction vector discriminates 3 INTENT regimes",
  "n_ticks": 100,
  "dim": 4,
  "scenarios": {
    "CONVERGENT": {
      "final_magnitude":  0.712538,
      "stability_std":    0.47432,
      "monotone_ratio":   0.838384,
      "trajectory":    [1.0, 0.905441, 0.369263, 0.504718, 0.598054, 0.410755, 0.341752, 0.409922, 0.357319, 0.394641, 0.316381, 0.321656, 0.274442, 0.254469, 0.249287, 0.245299, 0.231794, 0.23353, 0.209489, 0.202369, 0.225545, 0.219671, 0.202668, 0.219232, 0.23248, 0.258446, 0.269509, 0.287975, 0.300451, 0.309112, 0.323058, 0.336741, 0.353818, 0.362278, 0.370967, 0.35567, 0.361945, 0.367639, 0.375268, 0.38452, 0.398831, 0.402679, 0.404234, 0.410989, 0.422872, 0.433187, 0.436474, 0.443018, 0.452701, 0.458478, 0.468571, 0.476445, 0.485016, 0.491332, 0.49974, 0.506729, 0.513994, 0.520293, 0.525743, 0.533383, 0.539743, 0.546968, 0.552926, 0.557864, 0.564338, 0.570497, 0.575788, 0.581693, 0.587076, 0.592823, 0.598514, 0.604027, 0.609389, 0.61429, 0.619321, 0.624289, 0.629022, 0.633581, 0.637724, 0.64205, 0.646204, 0.650457, 0.654633, 0.658679, 0.662556, 0.66638, 0.670147, 0.673871, 0.677502, 0.681056, 0.684472, 0.687818, 0.69112, 0.694384, 0.697573, 0.700698, 0.703747, 0.706731, 0.709662, 0.712538]
    },
    "RANDOM": {
      "final_magnitude":  0.0393586,
      "stability_std":    0.538697,
      "monotone_ratio":   0.444444,
      "trajectory":    [1, 0.578975, 0.50162, 0.4059, 0.457105, 0.277409, 0.301914, 0.346764, 0.39882, 0.44519, 0.480619, 0.416256, 0.367437, 0.384125, 0.364285, 0.389044, 0.352656, 0.350252, 0.342885, 0.333811, 0.333858, 0.310083, 0.288151, 0.26113, 0.262209, 0.289665, 0.265018, 0.238601, 0.215218, 0.212513, 0.213803, 0.210121, 0.212574, 0.232269, 0.230649, 0.207237, 0.186787, 0.17679, 0.153417, 0.150719, 0.12741, 0.141691, 0.139498, 0.156843, 0.160865, 0.163887, 0.163345, 0.147909, 0.129367, 0.130712, 0.112304, 0.0947483, 0.0759955, 0.0810121, 0.0649405, 0.0808556, 0.081475, 0.0791061, 0.0790695, 0.0686167, 0.0589336, 0.0600671, 0.0718369, 0.0672061, 0.0625814, 0.0635519, 0.0499848, 0.0547106, 0.044335, 0.0496679, 0.0548483, 0.0629986, 0.067882, 0.0588322, 0.0525701, 0.0551997, 0.0514495, 0.0480627, 0.0391472, 0.0411415, 0.0374109, 0.0424132, 0.0371755, 0.0308859, 0.0339247, 0.0417499, 0.0360578, 0.0283808, 0.021516, 0.02875, 0.0322945, 0.0253821, 0.0266184, 0.020292, 0.027672, 0.0296323, 0.0303061, 0.0332347, 0.0346471, 0.0393586]
    },
    "OSCILLATING": {
      "final_magnitude":  0.0,
      "stability_std":    0.0,
      "monotone_ratio":   0.424242,
      "trajectory":    [1.0, 1.0, 1.0, 1.0, 1.0, 0.849837, 0.769309, 0.728869, 0.711458, 0.707107, 0.582102, 0.485913, 0.414243, 0.364216, 0.333333, 0.25, 0.176471, 0.111111, 0.0526316, 0.0, 0.047619, 0.0909091, 0.130435, 0.166667, 0.2, 0.196116, 0.199451, 0.208248, 0.220797, 0.235702, 0.206552, 0.182217, 0.163187, 0.149971, 0.142857, 0.111111, 0.0810811, 0.0526316, 0.025641, 0.0, 0.0243902, 0.047619, 0.0697674, 0.0909091, 0.111111, 0.110848, 0.114578, 0.121478, 0.130676, 0.141421, 0.125551, 0.112134, 0.101607, 0.0944263, 0.0909091, 0.0714286, 0.0526316, 0.0344828, 0.0169492, 0.0, 0.0163934, 0.0322581, 0.047619, 0.0625, 0.0769231, 0.0772579, 0.0803756, 0.0857493, 0.0927989, 0.101015, 0.0901848, 0.0809854, 0.0737694, 0.0689057, 0.0666667, 0.0526316, 0.038961, 0.025641, 0.0126582, 0.0, 0.0123457, 0.0243902, 0.0361446, 0.047619, 0.0588235, 0.0592909, 0.0618984, 0.0662608, 0.0719452, 0.0785674, 0.070364, 0.0633799, 0.057905, 0.0542449, 0.0526316, 0.0416667, 0.0309278, 0.0204082, 0.010101, 0.0]
    }
  },
  "falsifiers": {
    "PASS": 4,
    "FAIL": 1
  },
  "verdict": "🔴 FAIL — INTENT layer not metric-discriminable"
}
JSON_END
