[S167A-FPReconnect] device=cuda d_model=768 n_layer=12 steps=3000 lambda_psi=1.0 lambda_ce=0.1
[S167A-FPReconnect] corpus bytes: 298,994,326
[S167A-FPReconnect] step=     1  L_tot=+1.153654  L_psi=0.587567  L_ce=5.660874  Psi_dir(mu=0.4990, sigma=0.031215)  ||grad_head_g||=0.127697  t=0.7s
[S167A-FPReconnect] step=    75  L_tot=+0.400736  L_psi=0.000028  L_ce=4.007072  Psi_dir(mu=0.0359, sigma=0.000454)  ||grad_head_g||=0.013483  t=15.8s
[S167A-FPReconnect] step=   150  L_tot=+0.402883  L_psi=0.000015  L_ce=4.028678  Psi_dir(mu=0.0464, sigma=0.000431)  ||grad_head_g||=0.002803  t=31.1s
[S167A-FPReconnect] step=   225  L_tot=+0.399199  L_psi=0.000012  L_ce=3.991877  Psi_dir(mu=0.0400, sigma=0.000350)  ||grad_head_g||=0.006194  t=46.4s
[S167A-FPReconnect] step=   300  L_tot=+0.397915  L_psi=0.000233  L_ce=3.976817  Psi_dir(mu=0.0332, sigma=0.000571)  ||grad_head_g||=0.033011  t=61.6s
[S167A-FPReconnect] step=   375  L_tot=+0.389033  L_psi=0.000172  L_ce=3.888608  Psi_dir(mu=0.0246, sigma=0.000737)  ||grad_head_g||=0.030593  t=76.9s
[S167A-FPReconnect] step=   450  L_tot=+0.350916  L_psi=0.000764  L_ce=3.501515  Psi_dir(mu=0.0259, sigma=0.004599)  ||grad_head_g||=0.016876  t=92.1s
[S167A-FPReconnect] step=   525  L_tot=+0.333606  L_psi=0.001197  L_ce=3.324089  Psi_dir(mu=0.0268, sigma=0.002902)  ||grad_head_g||=0.020929  t=107.4s
[S167A-FPReconnect] step=   600  L_tot=+0.327813  L_psi=0.001291  L_ce=3.265220  Psi_dir(mu=0.0301, sigma=0.002898)  ||grad_head_g||=0.049207  t=122.7s
[S167A-FPReconnect] step=   675  L_tot=+0.313730  L_psi=0.001156  L_ce=3.125738  Psi_dir(mu=0.0287, sigma=0.004157)  ||grad_head_g||=0.032660  t=138.0s
[S167A-FPReconnect] step=   750  L_tot=+0.337787  L_psi=0.000736  L_ce=3.370507  Psi_dir(mu=0.0296, sigma=0.002884)  ||grad_head_g||=0.055179  t=153.3s
[S167A-FPReconnect] step=   825  L_tot=+0.329400  L_psi=0.000818  L_ce=3.285822  Psi_dir(mu=0.0263, sigma=0.003526)  ||grad_head_g||=0.056999  t=168.5s
[S167A-FPReconnect] step=   900  L_tot=+0.305919  L_psi=0.001144  L_ce=3.047752  Psi_dir(mu=0.0325, sigma=0.006100)  ||grad_head_g||=0.047699  t=183.9s
[S167A-FPReconnect] step=   975  L_tot=+0.423900  L_psi=0.001636  L_ce=4.222643  Psi_dir(mu=0.0304, sigma=0.002046)  ||grad_head_g||=0.329088  t=199.1s
[S167A-FPReconnect] step=  1050  L_tot=+0.397940  L_psi=0.000019  L_ce=3.979211  Psi_dir(mu=0.0211, sigma=0.000643)  ||grad_head_g||=0.003754  t=214.4s
[S167A-FPReconnect] step=  1125  L_tot=+0.398134  L_psi=0.000024  L_ce=3.981102  Psi_dir(mu=0.0213, sigma=0.000570)  ||grad_head_g||=0.022334  t=229.7s
[S167A-FPReconnect] step=  1200  L_tot=+0.398151  L_psi=0.000013  L_ce=3.981377  Psi_dir(mu=0.0194, sigma=0.000488)  ||grad_head_g||=0.017959  t=245.0s
[S167A-FPReconnect] step=  1275  L_tot=+0.402362  L_psi=0.000006  L_ce=4.023556  Psi_dir(mu=0.0195, sigma=0.000246)  ||grad_head_g||=0.003370  t=260.2s
[S167A-FPReconnect] step=  1350  L_tot=+0.397881  L_psi=0.000013  L_ce=3.978678  Psi_dir(mu=0.0209, sigma=0.000333)  ||grad_head_g||=0.012476  t=275.5s
[S167A-FPReconnect] step=  1425  L_tot=+0.399964  L_psi=0.000016  L_ce=3.999480  Psi_dir(mu=0.0209, sigma=0.000358)  ||grad_head_g||=0.018979  t=290.8s
[S167A-FPReconnect] step=  1500  L_tot=+0.399682  L_psi=0.000006  L_ce=3.996753  Psi_dir(mu=0.0223, sigma=0.000677)  ||grad_head_g||=0.003331  t=306.0s
[S167A-FPReconnect] step=  1575  L_tot=+0.401600  L_psi=0.000004  L_ce=4.015962  Psi_dir(mu=0.0238, sigma=0.000619)  ||grad_head_g||=0.001040  t=321.3s
[S167A-FPReconnect] step=  1650  L_tot=+0.401890  L_psi=0.000010  L_ce=4.018801  Psi_dir(mu=0.0262, sigma=0.000566)  ||grad_head_g||=0.001103  t=336.6s
[S167A-FPReconnect] step=  1725  L_tot=+0.400355  L_psi=0.000003  L_ce=4.003521  Psi_dir(mu=0.0264, sigma=0.000344)  ||grad_head_g||=0.004846  t=351.8s
[S167A-FPReconnect] step=  1800  L_tot=+0.403410  L_psi=0.000002  L_ce=4.034083  Psi_dir(mu=0.0285, sigma=0.000369)  ||grad_head_g||=0.002460  t=367.1s
[S167A-FPReconnect] step=  1875  L_tot=+0.404610  L_psi=0.000023  L_ce=4.045871  Psi_dir(mu=0.0275, sigma=0.000357)  ||grad_head_g||=0.035812  t=382.4s
[S167A-FPReconnect] step=  1950  L_tot=+0.400621  L_psi=0.000002  L_ce=4.006195  Psi_dir(mu=0.0305, sigma=0.000398)  ||grad_head_g||=0.005323  t=397.7s
[S167A-FPReconnect] step=  2025  L_tot=+0.398221  L_psi=0.000003  L_ce=3.982181  Psi_dir(mu=0.0298, sigma=0.000369)  ||grad_head_g||=0.010568  t=413.0s
[S167A-FPReconnect] step=  2100  L_tot=+0.401292  L_psi=0.000002  L_ce=4.012907  Psi_dir(mu=0.0306, sigma=0.000380)  ||grad_head_g||=0.004425  t=428.3s
[S167A-FPReconnect] step=  2175  L_tot=+0.402495  L_psi=0.000003  L_ce=4.024916  Psi_dir(mu=0.0304, sigma=0.000352)  ||grad_head_g||=0.010839  t=443.6s
[S167A-FPReconnect] step=  2250  L_tot=+0.398540  L_psi=0.000006  L_ce=3.985336  Psi_dir(mu=0.0309, sigma=0.000357)  ||grad_head_g||=0.016522  t=458.8s
[S167A-FPReconnect] step=  2325  L_tot=+0.403342  L_psi=0.000002  L_ce=4.033395  Psi_dir(mu=0.0320, sigma=0.000362)  ||grad_head_g||=0.004294  t=474.1s
[S167A-FPReconnect] step=  2400  L_tot=+0.401945  L_psi=0.000001  L_ce=4.019439  Psi_dir(mu=0.0309, sigma=0.000331)  ||grad_head_g||=0.002950  t=489.4s
[S167A-FPReconnect] step=  2475  L_tot=+0.396351  L_psi=0.000002  L_ce=3.963490  Psi_dir(mu=0.0305, sigma=0.000329)  ||grad_head_g||=0.004615  t=504.6s
[S167A-FPReconnect] step=  2550  L_tot=+0.398747  L_psi=0.000005  L_ce=3.987419  Psi_dir(mu=0.0298, sigma=0.000326)  ||grad_head_g||=0.013791  t=519.9s
[S167A-FPReconnect] step=  2625  L_tot=+0.401657  L_psi=0.000006  L_ce=4.016517  Psi_dir(mu=0.0322, sigma=0.000374)  ||grad_head_g||=0.015232  t=535.2s
[S167A-FPReconnect] step=  2700  L_tot=+0.396405  L_psi=0.000003  L_ce=3.964014  Psi_dir(mu=0.0332, sigma=0.000379)  ||grad_head_g||=0.007306  t=550.5s
[S167A-FPReconnect] step=  2775  L_tot=+0.397434  L_psi=0.000002  L_ce=3.974319  Psi_dir(mu=0.0312, sigma=0.000362)  ||grad_head_g||=0.006544  t=565.8s
[S167A-FPReconnect] step=  2850  L_tot=+0.401969  L_psi=0.000002  L_ce=4.019670  Psi_dir(mu=0.0307, sigma=0.000337)  ||grad_head_g||=0.001088  t=581.1s
[S167A-FPReconnect] step=  2925  L_tot=+0.398917  L_psi=0.000002  L_ce=3.989146  Psi_dir(mu=0.0315, sigma=0.000359)  ||grad_head_g||=0.009425  t=596.3s
[S167A-FPReconnect] step=  3000  L_tot=+0.396731  L_psi=0.000002  L_ce=3.967291  Psi_dir(mu=0.0296, sigma=0.000315)  ||grad_head_g||=0.004289  t=611.6s
[S167A-FPReconnect] DONE wall=612.3s ckpt=/workspace/s167ar/out_main/ckpt_s167a_fpreconnect.pt  ||grad_head_g||=[0.001040, 0.329088]
