=== E_convo5k_ft n=10 extra random seeds === ts: 2026-05-11T10:00:34.478684+00:00
extra_seeds=[13, 7, 11, 1717, 31337]

--- mirror seed=13 ---
  [E_convo5k_ft_extra_s13] turn    0 n_cells=8 phi=0.560 (0.0s)
  [E_convo5k_ft_extra_s13] turn   75 n_cells=256 phi=11360.519 (44.8s)
  [E_convo5k_ft_extra_s13] turn  100 n_cells=256 phi=10832.480 (130.9s)
  [E_convo5k_ft_extra_s13] turn  125 n_cells=256 phi=11238.688 (234.2s)
  [E_convo5k_ft_extra_s13] turn  150 n_cells=256 phi=11484.238 (318.1s)
  [E_convo5k_ft_extra_s13] turn  175 n_cells=256 phi=11295.381 (412.1s)
  [E_convo5k_ft_extra_s13] turn  199 n_cells=256 phi=10982.175 (502.2s)
  s=13: cells=256 splits=248 phi=10982.175

--- mirror seed=7 ---
  [E_convo5k_ft_extra_s7] turn    0 n_cells=8 phi=0.569 (0.0s)
  [E_convo5k_ft_extra_s7] turn   75 n_cells=256 phi=10762.044 (59.7s)
  [E_convo5k_ft_extra_s7] turn  100 n_cells=256 phi=11259.791 (166.3s)
  [E_convo5k_ft_extra_s7] turn  125 n_cells=256 phi=10093.484 (243.1s)
  [E_convo5k_ft_extra_s7] turn  150 n_cells=256 phi=5639.523 (325.0s)
  [E_convo5k_ft_extra_s7] turn  175 n_cells=256 phi=9177.538 (412.9s)
  [E_convo5k_ft_extra_s7] turn  199 n_cells=256 phi=10570.495 (519.3s)
  s=7: cells=256 splits=248 phi=10570.495

--- mirror seed=11 ---
  [E_convo5k_ft_extra_s11] turn    0 n_cells=8 phi=0.565 (0.0s)
  [E_convo5k_ft_extra_s11] turn   50 n_cells=94 phi=1289.467 (13.6s)
  [E_convo5k_ft_extra_s11] turn   75 n_cells=256 phi=11196.040 (117.9s)
  [E_convo5k_ft_extra_s11] turn  100 n_cells=256 phi=10837.169 (221.1s)
  [E_convo5k_ft_extra_s11] turn  125 n_cells=256 phi=10476.076 (325.4s)
  [E_convo5k_ft_extra_s11] turn  150 n_cells=256 phi=11276.003 (440.0s)
  [E_convo5k_ft_extra_s11] turn  175 n_cells=256 phi=6011.628 (563.6s)
  [E_convo5k_ft_extra_s11] turn  199 n_cells=256 phi=11048.366 (683.7s)
  s=11: cells=256 splits=248 phi=11048.366

--- mirror seed=1717 ---
  [E_convo5k_ft_extra_s1717] turn    0 n_cells=8 phi=0.560 (0.0s)
  [E_convo5k_ft_extra_s1717] turn   75 n_cells=256 phi=11421.268 (71.8s)
  [E_convo5k_ft_extra_s1717] turn  100 n_cells=256 phi=11132.893 (188.0s)
  [E_convo5k_ft_extra_s1717] turn  125 n_cells=256 phi=11389.676 (275.3s)
  [E_convo5k_ft_extra_s1717] turn  150 n_cells=256 phi=11303.914 (373.7s)
  [E_convo5k_ft_extra_s1717] turn  175 n_cells=256 phi=10841.995 (477.3s)
  [E_convo5k_ft_extra_s1717] turn  199 n_cells=256 phi=9579.743 (592.7s)
  s=1717: cells=256 splits=248 phi=9579.743

--- mirror seed=31337 ---
  [E_convo5k_ft_extra_s31337] turn    0 n_cells=8 phi=0.587 (0.0s)
  [E_convo5k_ft_extra_s31337] turn   50 n_cells=114 phi=1709.916 (13.5s)
  [E_convo5k_ft_extra_s31337] turn   75 n_cells=256 phi=11091.817 (107.4s)
  [E_convo5k_ft_extra_s31337] turn  100 n_cells=256 phi=11047.260 (207.4s)
  [E_convo5k_ft_extra_s31337] turn  125 n_cells=256 phi=11070.525 (334.7s)
  [E_convo5k_ft_extra_s31337] turn  150 n_cells=256 phi=10553.446 (506.3s)
  [E_convo5k_ft_extra_s31337] turn  175 n_cells=256 phi=10374.446 (759.8s)
  [E_convo5k_ft_extra_s31337] turn  199 n_cells=256 phi=10511.255 (1042.2s)
  s=31337: cells=256 splits=248 phi=10511.255

=== E_convo5k_ft (n=10) VERDICT: V14_PASS ===
trained_phi: 11096.66
n_random_beats: 9/10
sign_test_p: 0.0215
random_phi: [11182.414, 9628.003, 10479.862, 10997.712, 7727.634, 10982.174567023798, 10570.494726270252, 11048.366041447214, 9579.743225433147, 10511.255262070852]
total elapsed: 3340.9s
[saved] /Users/ghost/core/anima/state/anima_substrate_e_n10_extra_2026_05_11/result.json
