=== loading fp32 .pt -> Wf (basis F) ===
=== quantizing Wf -> Wq (int4-sym per-out-channel) ===
    CE(math.log) fp32=1.4834 int4=1.5297  (uniform=5.5452)

=== A: fp32_eng (full precision, engine dt_* math) ===
[A_fp32_eng] G0 n_coh=5/5 pass=True | G1 max_single=1 best_distinct=0 pass=False | G6 dist=6 fals=0 coh=6 pass=False  (82s)
    G1 ladder: k2:d0/kwr0.89/no k3:d0/kwr1.00/no k4:d0/kwr1.00/no k5:d0/kwr1.00/no

=== B: int4_eng (OUR int4 quant, engine dt_* math) — quant ablation vs A ===
[B_int4_eng] G0 n_coh=5/5 pass=True | G1 max_single=1 best_distinct=0 pass=False | G6 dist=6 fals=0 coh=6 pass=False  (82s)
    G1 ladder: k2:d0/kwr0.78/no k3:d0/kwr0.89/no k4:d0/kwr0.89/no k5:d0/kwr1.00/no

=== C: fp32_corr (full precision, CORRECT math) — dt-math ablation vs A ===
[C_fp32_corr] G0 n_coh=5/5 pass=True | G1 max_single=1 best_distinct=0 pass=False | G6 dist=6 fals=0 coh=6 pass=False  (90s)
    G1 ladder: k2:d0/kwr0.89/no k3:d0/kwr1.00/no k4:d0/kwr1.00/no k5:d0/kwr1.00/no
[D_int4_corr] G0 n_coh=5/5 pass=True | G1 max_single=1 best_distinct=0 pass=False | G6 dist=6 fals=0 coh=6 pass=False  (90s)
    G1 ladder: k2:d0/kwr0.78/no k3:d0/kwr0.89/no k4:d0/kwr0.89/no k5:d0/kwr1.00/no

=== E: REAL .clm via production clm_decode (separate basis, cross-check) ===
[E_realclm_eng] G0 n_coh=5/5 pass=True | G1 max_single=0 best_distinct=0 pass=False | G6 dist=5 fals=0 coh=5 pass=False  (83s)
    G1 ladder: k2:d0/kwr0.75/no k3:d0/kwr0.86/no k4:d0/kwr0.86/no k5:d0/kwr0.89/no

================ SUMMARY (G1 best_distinct / G6 fals) ================
  A_fp32_eng     G1.best_distinct=0 G1.pass=False | G6.dist=6 G6.fals=0 G6.pass=False
  B_int4_eng     G1.best_distinct=0 G1.pass=False | G6.dist=6 G6.fals=0 G6.pass=False
  C_fp32_corr    G1.best_distinct=0 G1.pass=False | G6.dist=6 G6.fals=0 G6.pass=False
  D_int4_corr    G1.best_distinct=0 G1.pass=False | G6.dist=6 G6.fals=0 G6.pass=False
  E_realclm_eng  G1.best_distinct=0 G1.pass=False | G6.dist=5 G6.fals=0 G6.pass=False
