================================================================
  H_634 — ultradian-emit-phi-envelope
  90-min ultradian × N=36 points × sinusoidal envelope fit
  anchors: H_308 / H_310 / H_213 · COFFESHOP · DREAM dr_stage
================================================================
  per-stage Φ (within 1 sleep ultradian sweep):
    WAKE : (0 pts in sleep ultradian — WAKE = sleep-window 밖)
    N1 : Φ=0.7 (n_pts=2)
    N2 : Φ=0.4 (n_pts=20)
    N3 : Φ=0.15 (n_pts=12)
    REM : Φ=0.95 (n_pts=2)
  ─────────────────────────────────────
  N points          : 36
  Φ trajectory std  : 0.20331
  best t_peak (sec) : 0.0
  r(Φ, sinusoid)    : 0.802241
  r(emit_proxy, sin): 0.662713
  Φ max / Φ N3      : 0.95 / 0.15
  ────────────── verdict ──────────────
  [PASS] F634.1 PHI-PHASE-COUPLED: r(Φ,sinusoid) > 0.5
  [PASS] F634.2 PHI-NOT-FLAT: Φ trajectory std > 0
  [PASS] F634.3 WAKE-HIGH-N3-LOW: Φ_max > Φ_N3
  [PASS] F634.4 EMIT-PROXY-COUPLED: r(emit_proxy,sinusoid) > 0.5
  [PASS] F634.5 PERIOD-DISCRETE-OK: 36 pts monotone within 1 CYCLE_SEC
  [PASS] F634.6 BOUND: Φ∈[0,1], r∈[-1,1]
  ──────────────────────────────────────
  F634.1-6 6/6 PASS
  verdict: 🟢 SUPPORTED-NUMERICAL
