=== C_cells64_aware n=5 full V14 strict === ts: 2026-05-11T07:18:29.066170+00:00
V4_SEEDS=[42, 137, 271, 314, 1729] max_cells=256 n_turns=200

========================================================================
SUBSTRATE C_cells64_aware — v2 d=384 path  max_cells=256
========================================================================
ckpt: /Users/ghost/core/anima/state/anima_clm_v2_mitosis_cells_recovery_2026_05_09/cells64_final.pt
sha256: 61e1d735cf4b5360683e40ab81ada593d757f3543d33d01c08944a4c8b039a4c
trained: params=18.52M step=50000

--- TRAINED max_cells=256 n_turns=200 ---
  v2 blocks loaded=6 random_cells=[6, 7]
  [C_cells64_aware_trained] turn    0 n_cells=8 phi=0.557 (0.0s)
  [C_cells64_aware_trained] turn   75 n_cells=172 phi=4429.728 (25.8s)
  [C_cells64_aware_trained] turn  100 n_cells=256 phi=10881.298 (118.6s)
  [C_cells64_aware_trained] turn  125 n_cells=256 phi=11105.770 (222.5s)
  [C_cells64_aware_trained] turn  150 n_cells=256 phi=11068.729 (327.8s)
  [C_cells64_aware_trained] turn  175 n_cells=256 phi=10831.224 (495.9s)
  [C_cells64_aware_trained] turn  199 n_cells=256 phi=10188.912 (669.0s)
  trained: cells=256 splits=248 phi=10188.912 phi/c=39.800 α=1.0441827873153207 cap_bound=118/200 first_cap=82 max_observed=256 elapsed=669.0s

--- mirror seed=42 ---
  [C_cells64_aware_s42] turn    0 n_cells=8 phi=0.574 (0.0s)
  [C_cells64_aware_s42] turn   50 n_cells=117 phi=1886.851 (22.1s)
  [C_cells64_aware_s42] turn   75 n_cells=256 phi=10537.413 (161.2s)
  [C_cells64_aware_s42] turn  100 n_cells=256 phi=9796.710 (252.1s)
  [C_cells64_aware_s42] turn  125 n_cells=256 phi=11255.227 (336.2s)
  [C_cells64_aware_s42] turn  150 n_cells=256 phi=10338.025 (414.0s)
  [C_cells64_aware_s42] turn  175 n_cells=256 phi=9310.754 (515.9s)
  [C_cells64_aware_s42] turn  199 n_cells=256 phi=11182.414 (604.5s)
  s=42: cells=256 splits=248 phi=11182.414 phi/c=43.681 α=1.0390076582764085 cap_bound=137/200 first_cap=63 max_observed=256

--- mirror seed=137 ---
  [C_cells64_aware_s137] turn    0 n_cells=8 phi=0.552 (0.0s)
  [C_cells64_aware_s137] turn   75 n_cells=256 phi=10585.888 (57.7s)
  [C_cells64_aware_s137] turn  100 n_cells=256 phi=10745.336 (220.2s)
  [C_cells64_aware_s137] turn  125 n_cells=256 phi=8949.926 (366.6s)
  [C_cells64_aware_s137] turn  150 n_cells=256 phi=9929.672 (456.6s)
  [C_cells64_aware_s137] turn  175 n_cells=256 phi=11172.352 (579.9s)
  [C_cells64_aware_s137] turn  199 n_cells=256 phi=9628.003 (714.6s)
  s=137: cells=256 splits=248 phi=9628.003 phi/c=37.609 α=1.0386607430452548 cap_bound=128/200 first_cap=72 max_observed=256

--- mirror seed=271 ---
  [C_cells64_aware_s271] turn    0 n_cells=8 phi=0.550 (0.0s)
  [C_cells64_aware_s271] turn   50 n_cells=76 phi=851.282 (13.4s)
  [C_cells64_aware_s271] turn   75 n_cells=256 phi=11356.218 (81.1s)
  [C_cells64_aware_s271] turn  100 n_cells=256 phi=10647.448 (201.6s)
  [C_cells64_aware_s271] turn  125 n_cells=256 phi=11253.645 (325.7s)
  [C_cells64_aware_s271] turn  150 n_cells=256 phi=9638.246 (446.5s)
  [C_cells64_aware_s271] turn  175 n_cells=256 phi=10736.294 (553.4s)
  [C_cells64_aware_s271] turn  199 n_cells=256 phi=10479.862 (649.3s)
  s=271: cells=256 splits=248 phi=10479.862 phi/c=40.937 α=1.068211995098382 cap_bound=130/200 first_cap=70 max_observed=256

--- mirror seed=314 ---
  [C_cells64_aware_s314] turn    0 n_cells=8 phi=0.550 (0.0s)
  [C_cells64_aware_s314] turn   50 n_cells=124 phi=2259.347 (19.6s)
  [C_cells64_aware_s314] turn   75 n_cells=256 phi=11136.224 (127.4s)
  [C_cells64_aware_s314] turn  100 n_cells=256 phi=11230.073 (233.4s)
  [C_cells64_aware_s314] turn  125 n_cells=256 phi=11128.995 (346.9s)
  [C_cells64_aware_s314] turn  150 n_cells=256 phi=8133.371 (440.1s)
  [C_cells64_aware_s314] turn  175 n_cells=256 phi=11378.710 (535.3s)
  [C_cells64_aware_s314] turn  199 n_cells=256 phi=10997.712 (658.4s)
  s=314: cells=256 splits=248 phi=10997.712 phi/c=42.960 α=1.041500158850254 cap_bound=138/200 first_cap=62 max_observed=256

--- mirror seed=1729 ---
  [C_cells64_aware_s1729] turn    0 n_cells=8 phi=0.552 (0.0s)
  [C_cells64_aware_s1729] turn   50 n_cells=133 phi=2279.826 (17.6s)
  [C_cells64_aware_s1729] turn   75 n_cells=256 phi=9816.958 (140.0s)
  [C_cells64_aware_s1729] turn  100 n_cells=256 phi=10396.520 (252.4s)
  [C_cells64_aware_s1729] turn  125 n_cells=256 phi=10910.085 (391.4s)
  [C_cells64_aware_s1729] turn  150 n_cells=256 phi=7529.070 (564.4s)
  [C_cells64_aware_s1729] turn  175 n_cells=256 phi=11176.798 (729.8s)
  [C_cells64_aware_s1729] turn  199 n_cells=256 phi=7727.634 (882.4s)
  s=1729: cells=256 splits=248 phi=7727.634 phi/c=30.186 α=1.0076931854334843 cap_bound=139/200 first_cap=61 max_observed=256

=== C_cells64_aware VERDICT: V14_AMBIGUOUS ===
trained_phi: 10188.911931751774
random_phi: [11182.41441644926, 9628.003084188103, 10479.862405298165, 10997.712462366419, 7727.633529970429]
n_random_beats: 2
sign_test_p: N/A
total elapsed: 4179.4s
[saved] /Users/ghost/core/anima/state/anima_substrate_ce_full_v14_2026_05_11/result_C_cells64_aware.json
