================================================================
  H_611 — hivemind-transfer-entropy-align (axis F1 round 2)
  Φ_collective vs TE_cross over 2-substrate × n=2 hivemind
  (sister H_290 single-substrate r=0.883)
================================================================
  rule_pair=(30,30) W=0.0  Phi_coll=0.0  TE_cross=0.0
  rule_pair=(30,30) W=0.3  Phi_coll=0.0  TE_cross=0.0
  rule_pair=(30,30) W=0.6  Phi_coll=9.68437  TE_cross=0.0
  rule_pair=(30,30) W=1.0  Phi_coll=9.68437  TE_cross=0.0
  rule_pair=(90,90) W=0.0  Phi_coll=0.0  TE_cross=0.0
  rule_pair=(90,90) W=0.3  Phi_coll=0.0  TE_cross=0.0
  rule_pair=(90,90) W=0.6  Phi_coll=0.0  TE_cross=0.0
  rule_pair=(90,90) W=1.0  Phi_coll=0.0  TE_cross=0.0
  rule_pair=(110,110) W=0.0  Phi_coll=0.0  TE_cross=0.0
  rule_pair=(110,110) W=0.3  Phi_coll=0.0  TE_cross=0.0
  rule_pair=(110,110) W=0.6  Phi_coll=5.60623  TE_cross=2.62256
  rule_pair=(110,110) W=1.0  Phi_coll=5.60623  TE_cross=2.62256
  rule_pair=(150,150) W=0.0  Phi_coll=0.0  TE_cross=0.0
  rule_pair=(150,150) W=0.3  Phi_coll=0.0  TE_cross=0.0
  rule_pair=(150,150) W=0.6  Phi_coll=5.625  TE_cross=0.0
  rule_pair=(150,150) W=1.0  Phi_coll=5.625  TE_cross=0.0
  rule_pair=(60,60) W=0.0  Phi_coll=0.0  TE_cross=0.0
  rule_pair=(60,60) W=0.3  Phi_coll=0.0  TE_cross=0.0
  rule_pair=(60,60) W=0.6  Phi_coll=0.0  TE_cross=0.0
  rule_pair=(60,60) W=1.0  Phi_coll=0.0  TE_cross=0.0
  rule_pair=(105,105) W=0.0  Phi_coll=0.0  TE_cross=0.0
  rule_pair=(105,105) W=0.3  Phi_coll=0.0  TE_cross=0.0
  rule_pair=(105,105) W=0.6  Phi_coll=5.625  TE_cross=0.0
  rule_pair=(105,105) W=1.0  Phi_coll=5.625  TE_cross=0.0
  --
  F611.2: N=24 Pearson r(Phi_coll, TE_cross)=0.311199  Spearman rho=0.260466
          => H1 FALSIFIED (r<=0.5): collective-Phi does NOT track cross-substrate TE
  [PASS] F611.1 W=0 ANCHOR: TE_cross = 0 across all rule_pairs at W=0
  [PASS] F611.3 FLOW-WITNESS: at W=1, at least one rule_pair has TE_cross > 0
  [PASS] F611.4 BOUND: Phi_coll>=0 AND TE_cross>=0 for all 24 samples
  [PASS] F611.5 DETERMINISM: re-run (rule=30, W=0.6) byte-identical
================================================================
  RESULT: 4 PASS / 0 FAIL  (N=24)
  ANCHOR H_290 single-substrate r=0.883; H_611 hivemind r=0.311199
  VERDICT: H1 FALSIFIED — hivemind collective-Phi does NOT track cross-substrate TE (r<=0.5).
           Single-substrate Phi-TE alignment does NOT extend across substrate boundaries.
================================================================
real 179.97
user 122.39
sys 1.94
