=== §88-F1 — frog-eye salience gate (trained scale) ===
device=cuda corpus_sha=f2ba98f9a8fc5a78…
/workspace/s88f1/frog_eye_salience_train_s88f1.py:270: FutureWarning: `torch.cuda.amp.GradScaler(args...)` is deprecated. Please use `torch.amp.GradScaler('cuda', args...)` instead.
  scaler = torch.cuda.amp.GradScaler(enabled=use_amp)
[step 0/6000] ce=5.639149 lr=1.500000e-06
[step 100/6000] ce=1.333391 lr=1.515000e-04
[step 200/6000] ce=0.294832 lr=3.000000e-04
[step 300/6000] ce=0.082603 lr=2.998020e-04
[step 400/6000] ce=0.070764 lr=2.992086e-04
[step 500/6000] ce=0.036075 lr=2.982216e-04
[step 600/6000] ce=0.034172 lr=2.968438e-04
[step 700/6000] ce=0.090342 lr=2.950792e-04
[step 800/6000] ce=0.034257 lr=2.929332e-04
[step 900/6000] ce=0.020366 lr=2.904119e-04
[step 1000/6000] ce=0.025908 lr=2.875227e-04
[step 1100/6000] ce=0.017662 lr=2.842741e-04
[step 1200/6000] ce=0.022075 lr=2.806757e-04
[step 1300/6000] ce=0.016182 lr=2.767380e-04
[step 1400/6000] ce=0.017440 lr=2.724726e-04
[step 1500/6000] ce=0.022599 lr=2.678919e-04
[step 1600/6000] ce=0.038108 lr=2.630094e-04
[step 1700/6000] ce=0.012899 lr=2.578394e-04
[step 1800/6000] ce=0.007845 lr=2.523971e-04
[step 1900/6000] ce=0.007750 lr=2.466985e-04
[step 2000/6000] ce=0.012634 lr=2.407603e-04
[step 2100/6000] ce=0.014430 lr=2.345998e-04
[step 2200/6000] ce=0.014176 lr=2.282351e-04
[step 2300/6000] ce=0.009999 lr=2.216850e-04
[step 2400/6000] ce=0.005064 lr=2.149687e-04
[step 2500/6000] ce=0.006587 lr=2.081057e-04
[step 2600/6000] ce=0.008317 lr=2.011163e-04
[step 2700/6000] ce=0.012932 lr=1.940210e-04
[step 2800/6000] ce=0.012452 lr=1.868406e-04
[step 2900/6000] ce=0.006478 lr=1.795961e-04
[step 3000/6000] ce=0.006015 lr=1.723088e-04
[step 3100/6000] ce=0.006120 lr=1.650000e-04
[step 3200/6000] ce=0.008397 lr=1.576912e-04
[step 3300/6000] ce=0.006274 lr=1.504039e-04
[step 3400/6000] ce=0.007945 lr=1.431594e-04
[step 3500/6000] ce=0.005997 lr=1.359790e-04
[step 3600/6000] ce=0.003776 lr=1.288837e-04
[step 3700/6000] ce=0.004206 lr=1.218943e-04
[step 3800/6000] ce=0.004131 lr=1.150313e-04
[step 3900/6000] ce=0.007562 lr=1.083150e-04
[step 4000/6000] ce=0.005010 lr=1.017649e-04
[step 4100/6000] ce=0.003762 lr=9.540023e-05
[step 4200/6000] ce=0.007424 lr=8.923975e-05
[step 4300/6000] ce=0.005509 lr=8.330148e-05
[step 4400/6000] ce=0.004216 lr=7.760285e-05
[step 4500/6000] ce=0.003697 lr=7.216057e-05
[step 4600/6000] ce=0.005718 lr=6.699061e-05
[step 4700/6000] ce=0.002787 lr=6.210812e-05
[step 4800/6000] ce=0.005896 lr=5.752744e-05
[step 4900/6000] ce=0.004520 lr=5.326199e-05
[step 5000/6000] ce=0.001725 lr=4.932428e-05
[step 5100/6000] ce=0.002518 lr=4.572587e-05
[step 5200/6000] ce=0.005935 lr=4.247732e-05
[step 5300/6000] ce=0.003286 lr=3.958814e-05
[step 5400/6000] ce=0.008793 lr=3.706682e-05
[step 5500/6000] ce=0.003003 lr=3.492075e-05
[step 5600/6000] ce=0.003418 lr=3.315622e-05
[step 5700/6000] ce=0.004386 lr=3.177842e-05
[step 5800/6000] ce=0.002790 lr=3.079138e-05
[step 5900/6000] ce=0.008033 lr=3.019799e-05
[step 5999/6000] ce=0.004546 lr=3.000002e-05
[§88-F1] running cell0_s24_baseline
[§88-F1] running cell1_sd12_only
[§88-F1] running cell2_sd34_only
[§88-F1] running cell3_full_frogeye
[§88-F1] running cell4_frogeye_plus_motiv

[§88-F1] verdict: (mixed) PARTIAL
[§88-F1] result.json written → out_main/result.json
RESULT_JSON_WRITTEN
