DEVICE cuda name=NVIDIA GeForce RTX 5070 cap=12.0 torch=2.12.0.dev20260408+cu128
PARAMS n_params=7479042 (7.479M) d=768 E=2 L=1 K=3 V=256
CORPUS path=CORE/testdata/flores5_dev_devtest.txt bytes=1654010 sha256=970cd3796c3b5590a0618e30e5d8a30640b0f91b16d1c9180ff3c66cc8f20c43
SPLIT train_bytes=1323136 (80.0%) contig_val_bytes=165401 (10.0%) rand_val_bytes=164864 (10.0%) train_segs=160 rand_blocks=161
LEAK_CHECK pass (held-out segments disjoint from train segments)
/home/aiden/lanep_gen/CLM/train/train_lane_p_split.py:232: UserWarning: Converting a tensor with requires_grad=True to a scalar may lead to unexpected behavior.
Consider using tensor.detach() first. (Triggered internally at /pytorch/torch/csrc/autograd/generated/python_variable_methods.cpp:838.)
  ce = float(out["ce_loss"])
STEP      0 ce=5.73752 loss=5.74167 lr=3.00e-06
STEP    200 ce=1.72606 loss=1.72918 lr=2.99e-04
STEP    400 ce=1.55069 loss=1.55378 lr=2.97e-04
STEP    600 ce=1.39153 loss=1.39461 lr=2.93e-04
STEP    800 ce=1.28166 loss=1.28474 lr=2.87e-04
STEP   1000 ce=1.18957 loss=1.19265 lr=2.80e-04
STEP   1200 ce=1.16419 loss=1.16728 lr=2.71e-04
STEP   1400 ce=1.06070 loss=1.06377 lr=2.61e-04
STEP   1600 ce=1.02070 loss=1.02377 lr=2.50e-04
STEP   1800 ce=1.02259 loss=1.02566 lr=2.38e-04
STEP   2000 ce=0.98207 loss=0.98514 lr=2.25e-04
STEP   2200 ce=0.94491 loss=0.94798 lr=2.11e-04
STEP   2400 ce=0.92426 loss=0.92734 lr=1.96e-04
STEP   2600 ce=0.90293 loss=0.90600 lr=1.81e-04
STEP   2800 ce=0.82850 loss=0.83157 lr=1.66e-04
STEP   3000 ce=0.81614 loss=0.81921 lr=1.50e-04
STEP   3200 ce=0.80297 loss=0.80604 lr=1.34e-04
STEP   3400 ce=0.76830 loss=0.77137 lr=1.19e-04
STEP   3600 ce=0.76765 loss=0.77072 lr=1.04e-04
STEP   3800 ce=0.73016 loss=0.73322 lr=8.89e-05
STEP   4000 ce=0.72765 loss=0.73072 lr=7.49e-05
STEP   4200 ce=0.70010 loss=0.70317 lr=6.18e-05
STEP   4400 ce=0.65140 loss=0.65447 lr=4.96e-05
STEP   4600 ce=0.65608 loss=0.65915 lr=3.85e-05
STEP   4800 ce=0.65332 loss=0.65639 lr=2.86e-05
STEP   5000 ce=0.61054 loss=0.61361 lr=2.01e-05
STEP   5200 ce=0.60327 loss=0.60634 lr=1.29e-05
STEP   5400 ce=0.60196 loss=0.60503 lr=7.32e-06
STEP   5600 ce=0.61010 loss=0.61317 lr=3.26e-06
STEP   5800 ce=0.60643 loss=0.60949 lr=8.14e-07
STEP   5999 ce=0.61452 loss=0.61759 lr=0.00e+00
TRAIN_CE 0.61436
VAL_CE_CONTIG 1.11929  GAP_CONTIG +0.50493
VAL_CE_RAND 1.81846  GAP_RAND +1.20410
VAL_CE(worst) 1.81846  GAP +1.20410  REL_GAP 1.9599
BASELINE uniform_ce=5.54518 shuffle_ce=9.58354
F-CLM-LANEP-GEN 0  (MEMORIZATION)
CKPT saved state/clm_d768_gen.pt (29922211 bytes)
CLM serialized state/clm_d768_gen.clm (4463478 bytes)
RESULT {"substrate": "GPU-torch", "test": "train_val_split_generalization", "device": "NVIDIA GeForce RTX 5070", "compute_cap": "12.0", "torch": "2.12.0.dev20260408+cu128", "d_model": 768, "n_experts": 2, "n_trunk_layers": 1, "kernel_size": 3, "vocab": 256, "n_params": 7479042, "steps": 6000, "seq_len": 256, "batch_size": 64, "lr": 0.0003, "bf16": true, "wall_s": 256.36, "corpus": "CORE/testdata/flores5_dev_devtest.txt", "corpus_bytes": 1654010, "corpus_sha256": "970cd3796c3b5590a0618e30e5d8a30640b0f91b16d1c9180ff3c66cc8f20c43", "val_frac": 0.1, "train_bytes": 1323136, "contig_val_bytes": 165401, "rand_val_bytes": 164864, "first_ce": 5.73752, "train_ce": 0.61436, "val_ce_contig": 1.11929, "val_ce_rand": 1.81846, "val_ce_worst": 1.81846, "gap_contig": 0.50493, "gap_rand": 1.2041, "gap": 1.2041, "rel_gap": 1.95993, "uniform_ce": 5.54518, "shuffle_ce": 9.58354, "F_CLM_LANEP_GEN": 0, "verdict_str": "MEMORIZATION", "descent": [[0, 5.73752], [200, 1.72606], [400, 1.55069], [600, 1.39153], [800, 1.28166], [1000, 1.18957], [1200, 1.16419], [1400, 1.0607], [1600, 1.0207], [1800, 1.02259], [2000, 0.98207], [2200, 0.94491], [2400, 0.92426], [2600, 0.90293], [2800, 0.8285], [3000, 0.81614], [3200, 0.80297], [3400, 0.7683], [3600, 0.76765], [3800, 0.73016], [4000, 0.72765], [4200, 0.7001], [4400, 0.6514], [4600, 0.65608], [4800, 0.65332], [5000, 0.61054], [5200, 0.60327], [5400, 0.60196], [5600, 0.6101], [5800, 0.60643], [5999, 0.61452]]}
