[launch] PYTORCH_CUDA_ALLOC_CONF=expandable_segments:True
[launch] pip install bitsandbytes==0.43.1
WARNING: Running pip as the 'root' user can result in broken permissions and conflicting behaviour with the system package manager, possibly rendering your system unusable.It is recommended to use a virtual environment instead: https://pip.pypa.io/warnings/venv. Use the --root-user-action option if you know what you are doing and want to suppress this warning.

[notice] A new release of pip is available: 24.2 -> 26.1.1
[notice] To update, run: python -m pip install --upgrade pip
[launch] bitsandbytes=0.43.1
[launch] python3 -u /workspace/s187r/train_s187_3b.py --mode main --corpus /workspace/s187r/state/corpus_s101_build_s102_2026_05_19/corpus_s101.jsonl --out-dir /workspace/s187r/out_main --steps 2000 --seed 1337 --lr 3e-4 --bsz 2 --block 128 --warmup-steps 200 --rope-base 50000.0 --lambda-psi 0.30 --lambda-route 0.20 --lambda-phi 0.30 --lambda-cycle 0.15 --lambda-curious 0.10 --lambda-replay -0.05 --noise-sigma 0.1 --n-aug 5 --replay-capacity 1024 --d-model 3072 --n-layer 28 --n-head 24 --n-kv-head 8 --dtype bfloat16 --n-ca-rules 2
[S184-Phase2] device=cuda d_model=3072 n_layer=28 block_size=128 bsz=2 steps=2000 peak_lr=0.0003 rope_base=50000.0
[S184-Phase2] dtype=bfloat16
[S184-Phase2] patched RoPE base on 28 blocks -> 50000.0
[S184-Phase2] n_params=8,921,180,216
[S184-Phase2] optimizer=PagedAdamW8bit (bnb 0.43.1)
[S184-Phase2] corpus bytes: 298,994,326
[S184-Phase2] step=     1 lr=1.50e-06 L_tot=+19.3079 CE=6.1562 psi=0.1511 route=62.0000 phi=0.0192 cyc=0.2393 cur=6.8972 rep=+0.0000 Psi_dir(mu=0.489,sd=0.0308) |g_head_g|=0.0087 t=3s
[S184-Phase2] step=    40 lr=6.00e-05 L_tot=+14.1972 CE=4.1250 psi=0.0031 route=50.0000 phi=0.0379 cyc=0.2576 cur=0.4327 rep=+0.4404 Psi_dir(mu=0.509,sd=0.0295) |g_head_g|=0.0090 t=17s
[S184-Phase2] step=    80 lr=1.20e-04 L_tot=+4.9592 CE=4.5625 psi=0.0222 route=1.8047 phi=0.0105 cyc=0.0172 cur=0.7837 rep=+1.1070 Psi_dir(mu=0.479,sd=0.0085) |g_head_g|=0.4688 t=31s
[S184-Phase2] step=   120 lr=1.80e-04 L_tot=+4.3303 CE=4.3125 psi=0.0088 route=0.0879 phi=0.0243 cyc=0.0008 cur=0.3040 rep=+0.8048 Psi_dir(mu=0.500,sd=0.0046) |g_head_g|=0.1079 t=45s
[S184-Phase2] step=   160 lr=2.40e-04 L_tot=+4.6082 CE=4.5938 psi=0.0113 route=0.0166 phi=0.0208 cyc=0.0236 cur=0.3866 rep=+0.8140 Psi_dir(mu=0.511,sd=0.0039) |g_head_g|=0.5547 t=59s
[S184-Phase2] step=   200 lr=3.00e-04 L_tot=+4.1851 CE=4.1250 psi=0.0235 route=0.0022 phi=0.0094 cyc=0.0033 cur=0.7950 rep=+0.6031 Psi_dir(mu=0.499,sd=0.0029) |g_head_g|=0.0601 t=73s
[S184-Phase2] step=   240 lr=3.00e-04 L_tot=+4.1473 CE=4.0938 psi=0.0214 route=0.0015 phi=0.0107 cyc=0.0020 cur=0.7322 rep=+0.5979 Psi_dir(mu=0.496,sd=0.0025) |g_head_g|=0.0723 t=86s
[S184-Phase2] step=   280 lr=2.99e-04 L_tot=+4.6742 CE=4.6250 psi=0.0177 route=0.0137 phi=0.0138 cyc=0.0020 cur=0.6055 rep=+0.4772 Psi_dir(mu=0.491,sd=0.0022) |g_head_g|=0.0520 t=100s
[S184-Phase2] step=   320 lr=2.97e-04 L_tot=+4.2798 CE=4.2188 psi=0.0178 route=0.0128 phi=0.0136 cyc=0.0023 cur=0.6088 rep=+0.2428 Psi_dir(mu=0.509,sd=0.0024) |g_head_g|=0.1123 t=114s
[S184-Phase2] step=   360 lr=2.95e-04 L_tot=+4.2902 CE=4.2188 psi=0.0224 route=0.0001 phi=0.0101 cyc=0.0338 cur=0.7531 rep=+0.3747 Psi_dir(mu=0.510,sd=0.0022) |g_head_g|=0.6250 t=128s
[S184-Phase2] step=   400 lr=2.92e-04 L_tot=+3.9224 CE=3.8594 psi=0.0210 route=0.0000 phi=0.0111 cyc=0.0064 cur=0.7047 rep=+0.3614 Psi_dir(mu=0.509,sd=0.0020) |g_head_g|=0.1621 t=142s
[S184-Phase2] step=   440 lr=2.88e-04 L_tot=+4.1807 CE=4.0938 psi=0.0238 route=0.0256 phi=0.0092 cyc=0.0003 cur=0.7942 rep=+0.1516 Psi_dir(mu=0.506,sd=0.0020) |g_head_g|=0.0640 t=156s
[S184-Phase2] step=   480 lr=2.84e-04 L_tot=+4.1335 CE=4.0625 psi=0.0215 route=0.0156 phi=0.0107 cyc=0.0059 cur=0.7207 rep=+0.2940 Psi_dir(mu=0.499,sd=0.0019) |g_head_g|=0.3066 t=170s
[S184-Phase2] step=   520 lr=2.80e-04 L_tot=+4.2489 CE=4.1875 psi=0.0175 route=0.0000 phi=0.0139 cyc=0.0084 cur=0.5883 rep=+0.1620 Psi_dir(mu=0.506,sd=0.0021) |g_head_g|=0.2129 t=184s
[S184-Phase2] step=   560 lr=2.74e-04 L_tot=+4.2543 CE=4.1562 psi=0.0311 route=0.0001 phi=0.0054 cyc=0.0088 cur=1.0298 rep=+0.3442 Psi_dir(mu=0.496,sd=0.0019) |g_head_g|=0.3633 t=198s
[S184-Phase2] step=   600 lr=2.69e-04 L_tot=+4.1191 CE=4.0625 psi=0.0191 route=0.0000 phi=0.0125 cyc=0.0067 cur=0.6376 rep=+0.3520 Psi_dir(mu=0.500,sd=0.0020) |g_head_g|=0.3184 t=213s
[S184-Phase2] step=   640 lr=2.62e-04 L_tot=+4.3600 CE=4.2812 psi=0.0254 route=0.0010 phi=0.0082 cyc=0.0021 cur=0.8415 rep=+0.3204 Psi_dir(mu=0.499,sd=0.0020) |g_head_g|=0.0674 t=227s
[S184-Phase2] step=   680 lr=2.56e-04 L_tot=+3.8529 CE=3.8125 psi=0.0139 route=0.0034 phi=0.0175 cyc=0.0143 cur=0.4684 rep=+0.3742 Psi_dir(mu=0.505,sd=0.0021) |g_head_g|=0.4180 t=241s
[S184-Phase2] step=   720 lr=2.48e-04 L_tot=+4.1949 CE=4.1250 psi=0.0230 route=0.0011 phi=0.0096 cyc=0.0021 cur=0.7633 rep=+0.3358 Psi_dir(mu=0.500,sd=0.0021) |g_head_g|=0.1855 t=255s
[S184-Phase2] step=   760 lr=2.41e-04 L_tot=+4.4795 CE=4.4062 psi=0.0208 route=0.0000 phi=0.0112 cyc=0.0046 cur=0.6926 rep=+0.1256 Psi_dir(mu=0.501,sd=0.0022) |g_head_g|=0.2480 t=269s
[S184-Phase2] step=   800 lr=2.33e-04 L_tot=+4.3607 CE=4.2812 psi=0.0231 route=0.0001 phi=0.0096 cyc=0.0037 cur=0.7658 rep=+0.1501 Psi_dir(mu=0.503,sd=0.0020) |g_head_g|=0.0723 t=283s
[S184-Phase2] step=   840 lr=2.24e-04 L_tot=+4.5969 CE=4.5312 psi=0.0176 route=0.0001 phi=0.0137 cyc=0.0031 cur=0.5877 rep=+0.0595 Psi_dir(mu=0.501,sd=0.0021) |g_head_g|=0.1592 t=297s
[S184-Phase2] step=   880 lr=2.16e-04 L_tot=+4.1861 CE=4.0938 psi=0.0254 route=0.0000 phi=0.0082 cyc=0.0115 cur=0.8395 rep=+0.0677 Psi_dir(mu=0.501,sd=0.0023) |g_head_g|=0.3945 t=311s
[S184-Phase2] step=   920 lr=2.07e-04 L_tot=+3.9552 CE=3.8750 psi=0.0212 route=0.0000 phi=0.0109 cyc=0.0226 cur=0.6988 rep=+0.0536 Psi_dir(mu=0.503,sd=0.0022) |g_head_g|=0.1494 t=325s
[S184-Phase2] step=   960 lr=1.98e-04 L_tot=+4.2664 CE=4.2188 psi=0.0148 route=0.0000 phi=0.0165 cyc=0.0014 cur=0.4924 rep=+0.2235 Psi_dir(mu=0.499,sd=0.0019) |g_head_g|=0.0884 t=339s
[S184-Phase2] step=  1000 lr=1.89e-04 L_tot=+4.0235 CE=3.9375 psi=0.0269 route=0.0001 phi=0.0074 cyc=0.0018 cur=0.8860 rep=+0.2626 Psi_dir(mu=0.504,sd=0.0023) |g_head_g|=0.1216 t=353s
[S184-Phase2] step=  1040 lr=1.79e-04 L_tot=+4.3278 CE=4.2500 psi=0.0213 route=0.0001 phi=0.0109 cyc=0.0004 cur=0.7029 rep=+0.0445 Psi_dir(mu=0.503,sd=0.0022) |g_head_g|=0.0457 t=367s
[S184-Phase2] step=  1080 lr=1.70e-04 L_tot=+4.1924 CE=4.0938 psi=0.0274 route=0.0001 phi=0.0071 cyc=0.0040 cur=0.8973 rep=+0.0422 Psi_dir(mu=0.501,sd=0.0021) |g_head_g|=0.2031 t=381s
[S184-Phase2] step=  1120 lr=1.61e-04 L_tot=+4.4377 CE=4.3438 psi=0.0260 route=0.0000 phi=0.0079 cyc=0.0009 cur=0.8513 rep=+0.0288 Psi_dir(mu=0.500,sd=0.0021) |g_head_g|=0.1182 t=395s
[S184-Phase2] step=  1160 lr=1.51e-04 L_tot=+4.0662 CE=4.0000 psi=0.0177 route=0.0001 phi=0.0137 cyc=0.0009 cur=0.5847 rep=+0.0363 Psi_dir(mu=0.502,sd=0.0023) |g_head_g|=0.0574 t=409s
[S184-Phase2] step=  1200 lr=1.42e-04 L_tot=+4.3714 CE=4.2812 psi=0.0245 route=0.0000 phi=0.0087 cyc=0.0110 cur=0.8049 rep=+0.0400 Psi_dir(mu=0.502,sd=0.0024) |g_head_g|=0.2598 t=423s
[S184-Phase2] step=  1240 lr=1.33e-04 L_tot=+4.2548 CE=4.1562 psi=0.0272 route=0.0000 phi=0.0072 cyc=0.0027 cur=0.8905 rep=+0.0253 Psi_dir(mu=0.501,sd=0.0023) |g_head_g|=0.1699 t=438s
[S184-Phase2] step=  1280 lr=1.24e-04 L_tot=+4.2435 CE=4.1562 psi=0.0235 route=0.0000 phi=0.0093 cyc=0.0115 cur=0.7711 rep=+0.0287 Psi_dir(mu=0.500,sd=0.0024) |g_head_g|=0.3828 t=452s
[S184-Phase2] step=  1320 lr=1.15e-04 L_tot=+4.1140 CE=4.0312 psi=0.0224 route=0.0001 phi=0.0101 cyc=0.0037 cur=0.7347 rep=+0.0202 Psi_dir(mu=0.501,sd=0.0022) |g_head_g|=0.1924 t=466s
[S184-Phase2] step=  1360 lr=1.06e-04 L_tot=+4.0490 CE=3.9688 psi=0.0217 route=0.0001 phi=0.0106 cyc=0.0023 cur=0.7158 rep=+0.0276 Psi_dir(mu=0.503,sd=0.0023) |g_head_g|=0.1030 t=480s
[S184-Phase2] step=  1400 lr=9.77e-05 L_tot=+4.2077 CE=4.1250 psi=0.0226 route=0.0000 phi=0.0099 cyc=0.0000 cur=0.7429 rep=+0.0275 Psi_dir(mu=0.503,sd=0.0024) |g_head_g|=0.0089 t=494s
[S184-Phase2] step=  1440 lr=8.97e-05 L_tot=+4.1088 CE=4.0312 psi=0.0210 route=0.0000 phi=0.0110 cyc=0.0009 cur=0.6920 rep=+0.0279 Psi_dir(mu=0.503,sd=0.0026) |g_head_g|=0.0820 t=508s
[S184-Phase2] step=  1480 lr=8.21e-05 L_tot=+4.1189 CE=4.0312 psi=0.0238 route=0.0000 phi=0.0092 cyc=0.0048 cur=0.7788 rep=+0.0165 Psi_dir(mu=0.503,sd=0.0025) |g_head_g|=0.1689 t=522s
[S184-Phase2] step=  1520 lr=7.48e-05 L_tot=+4.1230 CE=4.0312 psi=0.0251 route=0.0000 phi=0.0084 cyc=0.0009 cur=0.8246 rep=+0.0171 Psi_dir(mu=0.503,sd=0.0023) |g_head_g|=0.1177 t=536s
[S184-Phase2] step=  1560 lr=6.81e-05 L_tot=+4.1484 CE=4.0625 psi=0.0234 route=0.0000 phi=0.0094 cyc=0.0012 cur=0.7667 rep=+0.0160 Psi_dir(mu=0.502,sd=0.0027) |g_head_g|=0.0811 t=550s
[S184-Phase2] step=  1600 lr=6.17e-05 L_tot=+4.2433 CE=4.1562 psi=0.0236 route=0.0000 phi=0.0093 cyc=0.0042 cur=0.7735 rep=+0.0164 Psi_dir(mu=0.502,sd=0.0023) |g_head_g|=0.0608 t=564s
[S184-Phase2] step=  1640 lr=5.59e-05 L_tot=+4.2063 CE=4.1250 psi=0.0219 route=0.0001 phi=0.0104 cyc=0.0023 cur=0.7179 rep=+0.0111 Psi_dir(mu=0.502,sd=0.0025) |g_head_g|=0.1406 t=578s
[S184-Phase2] step=  1680 lr=5.06e-05 L_tot=+4.3392 CE=4.2500 psi=0.0243 route=0.0000 phi=0.0089 cyc=0.0006 cur=0.7952 rep=+0.0065 Psi_dir(mu=0.502,sd=0.0027) |g_head_g|=0.0383 t=592s
[S184-Phase2] step=  1720 lr=4.59e-05 L_tot=+4.3402 CE=4.2500 psi=0.0245 route=0.0000 phi=0.0087 cyc=0.0022 cur=0.8015 rep=+0.0047 Psi_dir(mu=0.502,sd=0.0025) |g_head_g|=0.1904 t=606s
[S184-Phase2] step=  1760 lr=4.18e-05 L_tot=+4.2629 CE=4.1875 psi=0.0200 route=0.0000 phi=0.0118 cyc=0.0036 cur=0.6572 rep=+0.0079 Psi_dir(mu=0.502,sd=0.0025) |g_head_g|=0.0522 t=620s
[S184-Phase2] step=  1800 lr=3.82e-05 L_tot=+4.3378 CE=4.2500 psi=0.0238 route=0.0001 phi=0.0092 cyc=0.0017 cur=0.7790 rep=+0.0052 Psi_dir(mu=0.503,sd=0.0025) |g_head_g|=0.1699 t=634s
[S184-Phase2] step=  1840 lr=3.53e-05 L_tot=+4.4893 CE=4.4062 psi=0.0225 route=0.0000 phi=0.0100 cyc=0.0001 cur=0.7355 rep=+0.0059 Psi_dir(mu=0.502,sd=0.0026) |g_head_g|=0.0311 t=648s
[S184-Phase2] step=  1880 lr=3.30e-05 L_tot=+4.0618 CE=3.9688 psi=0.0252 route=0.0001 phi=0.0083 cyc=0.0045 cur=0.8248 rep=+0.0040 Psi_dir(mu=0.503,sd=0.0027) |g_head_g|=0.1436 t=662s
[S184-Phase2] step=  1920 lr=3.13e-05 L_tot=+4.1774 CE=4.0938 psi=0.0224 route=0.0000 phi=0.0100 cyc=0.0028 cur=0.7366 rep=+0.0041 Psi_dir(mu=0.502,sd=0.0026) |g_head_g|=0.1445 t=677s
[S184-Phase2] step=  1960 lr=3.03e-05 L_tot=+4.3410 CE=4.2500 psi=0.0247 route=0.0000 phi=0.0087 cyc=0.0027 cur=0.8078 rep=+0.0037 Psi_dir(mu=0.503,sd=0.0024) |g_head_g|=0.1826 t=691s
[S184-Phase2] step=  2000 lr=3.00e-05 L_tot=+3.9243 CE=3.8438 psi=0.0214 route=0.0001 phi=0.0107 cyc=0.0052 cur=0.7044 rep=+0.0065 Psi_dir(mu=0.503,sd=0.0025) |g_head_g|=0.2090 t=705s
[S184-Phase2] DONE wall=725.1s ckpt=/workspace/s187r/out_main/ckpt_s184_combined.pt  |g_head_g|=[0.0087, 0.6250]
