================================================================
  H_319 — CLONAL-SELECTION x diversity-pool + fitness-gated
  N=8 variants, top-k=2, mu=0.3, T=200 epochs, K_SHIFT=50
  SINGLE-best-locked  vs  CLONAL-mutate-cull
================================================================
  --- COND-A SHIFTING ---
    SINGLE cum_loss = 4026
    CLONAL cum_loss = 290.165
    delta = 3735.84  (clonal reduces loss by 92.7927 %)
    ratio single/clonal = 13.8749 x
  --- COND-B STATIONARY ---
    SINGLE cum_loss = 785.004
    CLONAL cum_loss = 34.878
    delta = 750.126  (clonal reduces loss by 95.557 %)
----------------------------------------------------------------
  FALSIFIER EVALUATION (from MEASURED cumulative eval losses):
  [PASS] F319.1 CLONAL-WINS-UNDER-SHIFT: clonal cum_loss < single cum_loss under SHIFTING
  [PASS] F319.2 NON-TRIVIAL-MARGIN-UNDER-SHIFT: single cum_loss >= 2 x clonal cum_loss under SHIFTING
  [FAIL] F319.3 SINGLE-COMPETITIVE-UNDER-STATIONARY: single cum_loss <= 1.1 x clonal cum_loss under STATIONARY
  [FAIL] F319.4 CONDITIONAL-BENEFIT-REAL: shift-benefit pct > stationary-benefit pct
  [PASS] F319.5 SHIFT-IS-NON-TRIVIAL: single cum_loss(shift) > 1.5 x single cum_loss(stationary)
================================================================
  RESULT: 3 PASS / 2 FAIL
  HEADLINE: CLONAL conditionally helps under shift; some falsifier failed —
    honest disaggregation needed.
================================================================
RESULT_JSON_BEGIN
{
  "shift": {
    "single_loss": 4026,
    "clonal_loss": 290.165,
    "delta":       3735.84,
    "pct_reduction": 92.7927,
    "ratio_single_over_clonal": 13.8749
  },
  "stationary": {
    "single_loss": 785.004,
    "clonal_loss": 34.878,
    "delta":       750.126,
    "pct_reduction": 95.557
  },
  "falsifiers": { "pass": 3, "fail": 2 }
}
RESULT_JSON_END
NOTE: some falsifiers failed — honest disaggregation in doc section results.
