error: `hexa build /Users/ghost/core/anima/tool/anima_spontaneous.hexa` failed (compile error).
=== Building /Users/ghost/core/anima/tool/anima_spontaneous.hexa -> /Users/ghost/.hexa-cache/hexa_run.448092734184000 ===
  [1/2] HEXA_MEM_CAP_MB=4096 /Users/ghost/core/hexa-lang/self/native/hexa_v2 /Users/ghost/core/anima/tool/anima_spontaneous.hexa build/artifacts/hexa_run.448092734184000.c 2>&1
    OK: build/artifacts/hexa_run.448092734184000.c

  [2/2] clang -O2 -DHEXA_HAS_LIBSODIUM -I/opt/homebrew/Cellar/libsodium/1.0.22/include -DHEXA_HAS_OPENSSL -I/opt/homebrew/Cellar/openssl@3/3.6.2/include -Wno-trigraphs -fbracket-depth=4096 -I '/Users/ghost/core/hexa-lang/self' build/artifacts/hexa_run.448092734184000.c '/Users/ghost/core/hexa-lang/self/runtime.c' -o '/Users/ghost/.hexa-cache/hexa_run.448092734184000.tmp.32499' -lpthread -L/opt/homebrew/Cellar/libsodium/1.0.22/lib -lsodium -L/opt/homebrew/Cellar/openssl@3/3.6.2/lib -lssl -lcrypto 2>&1
    In file included from build/artifacts/hexa_run.448092734184000.c:2:
/Users/ghost/core/hexa-lang/self/runtime.h:349:28: warning: '/*' within block comment [-Wcomment]
  349 | /* ── Additional native/*.c forward-decls (auto-generated 2026-05-15) ──
      |                        ^
/Users/ghost/core/hexa-lang/self/runtime.h:350:36: warning: '/*' within block comment [-Wcomment]
  350 |  * Sourced from grep of self/native/*.c hexa_* definitions; ensures user.c
      |                                    ^
build/artifacts/hexa_run.448092734184000.c:289:22: error: call to undeclared function 'hexa_real_args'; ISO C99 and later do not support implicit function declarations [-Wimplicit-function-declaration]
  289 |     HexaVal u_argv = hexa_real_args();
      |                      ^
build/artifacts/hexa_run.448092734184000.c:289:22: note: did you mean 'hexa_set_args'?
/Users/ghost/core/hexa-lang/self/runtime.h:157:9: note: 'hexa_set_args' declared here
  157 | void    hexa_set_args(int argc, char** argv);         /* runtime.c:5088 */
      |         ^
build/artifacts/hexa_run.448092734184000.c:289:13: error: initializing 'HexaVal' (aka 'struct HexaVal_') with an expression of incompatible type 'int'
  289 |     HexaVal u_argv = hexa_real_args();
      |             ^        ~~~~~~~~~~~~~~~~
2 warnings and 2 errors generated.
/Users/ghost/core/hexa-lang/self/runtime.c:922:9: warning: 'strcat' macro redefined [-Wmacro-redefined]
  922 | #define strcat(d,s)    hxlcl_strcat((char *)(d), (const char *)(s))
      |         ^
/Library/Developer/CommandLineTools/SDKs/MacOSX.sdk/usr/include/secure/_string.h:254:9: note: previous definition is here
  254 | #define strcat(...) __strcat_chk_func (__VA_ARGS__)
      |         ^
/Users/ghost/core/hexa-lang/self/runtime.c:934:9: warning: 'bzero' macro redefined [-Wmacro-redefined]
  934 | #define bzero(p,n)     hxlcl_bzero((void *)(p), (size_t)(n))
      |         ^
/Library/Developer/CommandLineTools/SDKs/MacOSX.sdk/usr/include/secure/_strings.h:90:9: note: previous definition is here
   90 | #define bzero(...) __bzero_chk_func (__VA_ARGS__)
      |         ^
/Users/ghost/core/hexa-lang/self/runtime.c:935:9: warning: 'memcpy' macro redefined [-Wmacro-redefined]
  935 | #define memcpy(d,s,n)  hxlcl_memcpy((void *)(d), (const void *)(s), (size_t)(n))
      |         ^
/Library/Developer/CommandLineTools/SDKs/MacOSX.sdk/usr/include/secure/_string.h:234:9: note: previous definition is here
  234 | #define memcpy(...) __memcpy_chk_func (__VA_ARGS__)
      |         ^
/Users/ghost/core/hexa-lang/self/runtime.c:936:9: warning: 'memset' macro redefined [-Wmacro-redefined]
  936 | #define memset(p,c,n)  hxlcl_memset((void *)(p), (int)(c), (size_t)(n))
      |         ^
/Library/Developer/CommandLineTools/SDKs/MacOSX.sdk/usr/include/secure/_string.h:244:9: note: previous definition is here
  244 | #define memset(...) __memset_chk_func (__VA_ARGS__)
      |         ^
/Users/ghost/core/hexa-lang/self/runtime.c:937:9: warning: 'memmove' macro redefined [-Wmacro-redefined]
  937 | #define memmove(d,s,n) hxlcl_memmove((void *)(d), (const void *)(s), (size_t)(n))
      |         ^
/Library/Developer/CommandLineTools/SDKs/MacOSX.sdk/usr/include/secure/_string.h:239:9: note: previous definition is here
  239 | #define memmove(...) __memmove_chk_func (__VA_ARGS__)
      |         ^
/Users/ghost/core/hexa-lang/self/runtime.c:938:9: warning: 'strncpy' macro redefined [-Wmacro-redefined]
  938 | #define strncpy(d,s,n) hxlcl_strncpy((char *)(d), (const char *)(s), (size_t)(n))
      |         ^
/Library/Developer/CommandLineTools/SDKs/MacOSX.sdk/usr/include/secure/_string.h:259:9: note: previous definition is here
  259 | #define strncpy(...) __strncpy_chk_func (__VA_ARGS__)
      |         ^
/Users/ghost/core/hexa-lang/self/runtime.c:939:9: warning: 'strcpy' macro redefined [-Wmacro-redefined]
  939 | #define strcpy(d,s)    hxlcl_strcpy((char *)(d), (const char *)(s))
      |         ^
/Library/Developer/CommandLineTools/SDKs/MacOSX.sdk/usr/include/secure/_string.h:249:9: note: previous definition is here
  249 | #define strcpy(...) __strcpy_chk_func (__VA_ARGS__)
      |         ^
/Users/ghost/core/hexa-lang/self/runtime.c:942:9: warning: 'snprintf' macro redefined [-Wmacro-redefined]
  942 | #define snprintf(b,c,...)  hxlcl_snprintf((char *)(b), (size_t)(c), __VA_ARGS__)
      |         ^
/Library/Developer/CommandLineTools/SDKs/MacOSX.sdk/usr/include/secure/_stdio.h:119:9: note: previous definition is here
  119 | #define snprintf(str, len, ...) __snprintf_chk_func (str, len, 0, __VA_ARGS__)
      |         ^
/Users/ghost/core/hexa-lang/self/runtime.c:943:9: warning: 'sprintf' macro redefined [-Wmacro-redefined]
  943 | #define sprintf(b,...)     hxlcl_sprintf((char *)(b), __VA_ARGS__)
      |         ^
/Library/Developer/CommandLineTools/SDKs/MacOSX.sdk/usr/include/secure/_stdio.h:107:9: note: previous definition is here
  107 | #define sprintf(str, ...) __sprintf_chk_func (str, 0, __VA_ARGS__)
      |         ^
In file included from /Users/ghost/core/hexa-lang/self/runtime.c:988:
/Users/ghost/core/hexa-lang/self/runtime_core.c:4139:11: warning: initializing 'char *' with an expression of type 'const char *' discards qualifiers [-Wincompatible-pointer-types-discards-qualifiers]
 4139 |     char* p = hxlcl_strstr(HX_STR(s), HX_STR(sub));
      |           ^   ~~~~~~~~~~~~~~~~~~~~~~~~~~~~~~~~~~~~
/Users/ghost/core/hexa-lang/self/runtime_core.c:5794:11: warning: initializing 'char *' with an expression of type 'const char *' discards qualifiers [-Wincompatible-pointer-types-discards-qualifiers]
 5794 |     char* pos = hxlcl_strstr(HX_STR(fmt), "{}");
      |           ^     ~~~~~~~~~~~~~~~~~~~~~~~~~~~~~~~
/Users/ghost/core/hexa-lang/self/runtime_core.c:5819:19: warning: initializing 'char *' with an expression of type 'const char *' discards qualifiers [-Wincompatible-pointer-types-discards-qualifiers]
 5819 |             char* close = hxlcl_strchr(src, '}');
      |                   ^       ~~~~~~~~~~~~~~~~~~~~~~
/Users/ghost/core/hexa-lang/self/runtime_core.c:5904:15: warning: initializing 'char *' with an expression of type 'const char *' discards qualifiers [-Wincompatible-pointer-types-discards-qualifiers]
 5904 |         char* found = hxlcl_strstr(pos, d);
      |               ^       ~~~~~~~~~~~~~~~~~~~~
/Users/ghost/core/hexa-lang/self/runtime_core.c:5943:15: warning: initializing 'char *' with an expression of type 'const char *' discards qualifiers [-Wincompatible-pointer-types-discards-qualifiers]
 5943 |         char* found = hxlcl_strstr(pos, HX_STR(old));
      |               ^       ~~~~~~~~~~~~~~~~~~~~~~~~~~~~~~
14 warnings generated.

error: clang compile failed — binary not produced: /Users/ghost/.hexa-cache/hexa_run.448092734184000.tmp.32499
__HEXA_BRC__=1

