error: `hexa build /Users/ghost/core/anima/anima-physics/consciousness-loop/src/snn_main.hexa` failed (compile error).
=== Building /Users/ghost/core/anima/anima-physics/consciousness-loop/src/snn_main.hexa -> /Users/ghost/.hexa-cache/hexa_run.448198246746000 ===
  [1/2] HEXA_MEM_CAP_MB=4096 /Users/ghost/core/hexa-lang/self/native/hexa_v2 /Users/ghost/core/anima/anima-physics/consciousness-loop/src/snn_main.hexa build/artifacts/hexa_run.448198246746000.c 2>&1
    Parse error at 34:30: expected identifier, got LBrace ('{')
Parse error at 34:30: expected Colon, got LBrace ('{')
Parse error at 79:55: unexpected token BitAnd ('&')
Parse error at 79:56: expected RParen, got Ident ('neuron')
Parse error at 79:62: unexpected token Comma (',')
Parse error at 79:69: unexpected token RParen (')')
Parse error at 79:70: unexpected token RParen (')')
Parse error at 86:62: unexpected token BitAnd ('&')
Parse error at 86:63: expected RParen, got Ident ('neuron')
Parse error at 86:69: unexpected token RParen (')')
Parse error at 93:84: unexpected token BitAnd ('&')
Parse error at 93:85: expected RParen, got Ident ('self')
Parse error at 93:100: unexpected token RParen (')')
Parse error at 115:42: unexpected token BitAnd ('&')
Parse error at 115:43: expected RParen, got Ident ('f')
Parse error at 115:44: unexpected token Comma (',')
Parse error at 115:51: unexpected token RParen (')')
Parse error at 123:28: unexpected token BitAnd ('&')
Parse error at 123:29: expected RParen, got Ident ('f')
Parse error at 123:30: unexpected token RParen (')')
Parse error at 131:54: unexpected token BitAnd ('&')
Parse error at 131:55: expected RParen, got Ident ('f')
Parse error at 131:56: unexpected token RParen (')')
Parse error at 131:57: unexpected token RParen (')')
Parse error at 160:40: unexpected token BitAnd ('&')
Parse error at 160:41: expected RParen, got Ident ('engine')
Parse error at 160:47: unexpected token RParen (')')
Parse error at 167:17: unexpected token BitAnd ('&')
Parse error at 167:18: expected RParen, got Ident ('engine')
Parse error at 167:24: unexpected token Comma (',')
Parse error at 167:32: unexpected token RParen (')')
Parse error at 168:29: unexpected token BitAnd ('&')
Parse error at 168:30: expected RParen, got Ident ('engine')
Parse error at 168:36: unexpected token RParen (')')
Parse error at 170:32: unexpected token BitAnd ('&')
Parse error at 170:33: expected RParen, got Ident ('engine')
Parse error at 170:39: unexpected token RParen (')')
Parse error at 172:28: expected LBrace, got Ident ('or')
Parse error at 172:49: unexpected token LBrace ('{')
Parse error at 174:79: unexpected token BitAnd ('&')
Parse error at 174:80: expected RParen, got Ident ('f')
Parse error at 174:81: unexpected token RParen (')')
Parse error at 194:17: unexpected token BitAnd ('&')
Parse error at 194:18: expected RParen, got Ident ('engine2')
Parse error at 194:25: unexpected token Comma (',')
Parse error at 194:31: unexpected token RParen (')')
Parse error at 196:64: unexpected token BitAnd ('&')
Parse error at 196:65: expected RParen, got Ident ('f')
Parse error at 196:66: unexpected token RParen (')')
OK: build/artifacts/hexa_run.448198246746000.c

sh: line 0: printf: write error: Broken pipe
error: transpile failed (parse error) — /Users/ghost/core/anima/anima-physics/consciousness-loop/src/snn_main.hexa
__HEXA_BRC__=1

