error: `hexa build /Users/ghost/core/anima/anima-physics/consciousness-loop/src/main_longrun.hexa` failed (compile error).
=== Building /Users/ghost/core/anima/anima-physics/consciousness-loop/src/main_longrun.hexa -> /Users/ghost/.hexa-cache/hexa_run.448198226225000 ===
  [1/2] HEXA_MEM_CAP_MB=4096 /Users/ghost/core/hexa-lang/self/native/hexa_v2 /Users/ghost/core/anima/anima-physics/consciousness-loop/src/main_longrun.hexa build/artifacts/hexa_run.448198226225000.c 2>&1
    Parse error at 34:38: unexpected token BitAnd ('&')
Parse error at 34:39: expected RParen, got Ident ('engine')
Parse error at 34:45: unexpected token RParen (')')
Parse error at 37:34: unexpected token BitAnd ('&')
Parse error at 37:35: expected RParen, got Ident ('f')
Parse error at 37:36: unexpected token Comma (',')
Parse error at 37:41: unexpected token RParen (')')
Parse error at 45:28: unexpected token BitAnd ('&')
Parse error at 45:29: expected RParen, got Ident ('engine')
Parse error at 45:35: unexpected token Comma (',')
Parse error at 45:38: unexpected token RParen (')')
Parse error at 48:28: unexpected token BitAnd ('&')
Parse error at 48:29: expected RParen, got Ident ('engine')
Parse error at 48:35: unexpected token Comma (',')
Parse error at 48:38: unexpected token RParen (')')
Parse error at 49:41: unexpected token BitAnd ('&')
Parse error at 49:42: expected RParen, got Ident ('engine')
Parse error at 49:48: unexpected token Comma (',')
Parse error at 49:54: unexpected token RParen (')')
Parse error at 51:35: unexpected token BitAnd ('&')
Parse error at 51:36: expected RParen, got Ident ('engine')
Parse error at 51:42: unexpected token Comma (',')
Parse error at 51:48: unexpected token RParen (')')
Parse error at 52:34: unexpected token BitAnd ('&')
Parse error at 52:35: expected RParen, got Ident ('engine')
Parse error at 52:41: unexpected token RParen (')')
Parse error at 70:33: unexpected token BitAnd ('&')
Parse error at 70:34: expected RParen, got Ident ('engine')
Parse error at 70:40: unexpected token RParen (')')
Parse error at 72:36: unexpected token BitAnd ('&')
Parse error at 72:37: expected RParen, got Ident ('engine')
Parse error at 72:43: unexpected token RParen (')')
Parse error at 87:29: expected LBrace, got Ident ('or')
Parse error at 87:50: unexpected token LBrace ('{')
OK: build/artifacts/hexa_run.448198226225000.c

sh: line 0: printf: write error: Broken pipe
error: transpile failed (parse error) — /Users/ghost/core/anima/anima-physics/consciousness-loop/src/main_longrun.hexa
__HEXA_BRC__=1

