error: `hexa build /Users/ghost/core/anima/anima-physics/consciousness-loop/src/main.hexa` failed (compile error).
=== Building /Users/ghost/core/anima/anima-physics/consciousness-loop/src/main.hexa -> /Users/ghost/.hexa-cache/hexa_run.448198216127000 ===
  [1/2] HEXA_MEM_CAP_MB=4096 /Users/ghost/core/hexa-lang/self/native/hexa_v2 /Users/ghost/core/anima/anima-physics/consciousness-loop/src/main.hexa build/artifacts/hexa_run.448198216127000.c 2>&1
    Parse error at 75:27: unexpected token Plus ('+')
Parse error at 80:29: unexpected token Plus ('+')
Parse error at 118:43: unexpected token BitAnd ('&')
Parse error at 118:44: expected RParen, got Ident ('cell')
Parse error at 118:48: unexpected token Comma (',')
Parse error at 118:55: unexpected token RParen (')')
Parse error at 160:56: unexpected token BitAnd ('&')
Parse error at 160:57: expected RParen, got Ident ('faction')
Parse error at 160:64: unexpected token Comma (',')
Parse error at 160:71: unexpected token RParen (')')
Parse error at 164:58: unexpected token BitAnd ('&')
Parse error at 164:59: expected RParen, got Ident ('faction')
Parse error at 164:66: unexpected token Comma (',')
Parse error at 164:76: unexpected token RParen (')')
Parse error at 169:64: unexpected token BitAnd ('&')
Parse error at 169:65: expected RParen, got Ident ('f')
Parse error at 169:66: unexpected token RParen (')')
Parse error at 169:67: unexpected token RParen (')')
Parse error at 191:64: unexpected token BitAnd ('&')
Parse error at 191:65: expected RParen, got Ident ('f')
Parse error at 191:66: unexpected token RParen (')')
Parse error at 191:67: unexpected token RParen (')')
Parse error at 232:45: unexpected token BitAnd ('&')
Parse error at 232:46: expected RParen, got Ident ('c')
Parse error at 232:54: unexpected token RParen (')')
Parse error at 254:41: unexpected token BitAnd ('&')
Parse error at 254:42: expected RParen, got Ident ('faction')
Parse error at 254:49: unexpected token RParen (')')
Parse error at 269:64: unexpected token BitAnd ('&')
Parse error at 269:65: expected RParen, got Ident ('f')
Parse error at 269:66: unexpected token RParen (')')
Parse error at 269:67: unexpected token RParen (')')
Parse error at 308:42: unexpected token BitAnd ('&')
Parse error at 308:43: expected RParen, got Ident ('engine')
Parse error at 308:49: unexpected token RParen (')')
Parse error at 311:34: unexpected token BitAnd ('&')
Parse error at 311:35: expected RParen, got Ident ('faction')
Parse error at 311:42: unexpected token Comma (',')
Parse error at 311:51: unexpected token RParen (')')
Parse error at 317:28: unexpected token BitAnd ('&')
Parse error at 317:29: expected RParen, got Ident ('engine')
Parse error at 317:35: unexpected token Comma (',')
Parse error at 317:48: unexpected token RParen (')')
Parse error at 318:39: unexpected token BitAnd ('&')
Parse error at 318:40: expected RParen, got Ident ('engine')
Parse error at 318:46: unexpected token Comma (',')
Parse error at 318:52: unexpected token RParen (')')
Parse error at 319:38: unexpected token BitAnd ('&')
OK: build/artifacts/hexa_run.448198216127000.c

sh: line 0: printf: write error: Broken pipe
error: transpile failed (parse error) — /Users/ghost/core/anima/anima-physics/consciousness-loop/src/main.hexa
__HEXA_BRC__=1

