=== hexad_integ_fire vast.ai dispatch (R3, 2026-05-16) ===
Sat May 16 01:51:37 UTC 2026
  steps=400 d_model=512 n_layer=8 max_cells=64 seq_len=256 seed=0
  cost_cap=$8.0 absolute_max=$8.8 per_hr_max=$3.0
  estimated wall 1.0hr
[1/9] Searching H100/A100 offers under $3.0/hr ...
  Selected: id=34117341 dph=$0.5609 gpu=A100
[2/9] cost gate: est=$0.56  absolute_max=$8.8
  ✓ within budget
[3/9] Renting instance...
  Instance ID: 36852855
[4/9] Waiting for SSH (max 13 min)...
  ... attempt 1/160 status=None
  ... attempt 2/160 status=loading
  ... attempt 3/160 status=loading
  ... attempt 4/160 status=loading
  ... attempt 5/160 status=loading
  ... attempt 6/160 status=loading
  SSH ready: ssh9.vast.ai:12854 (after 7x5s)
[5/9] Uploading sources...
Warning: Permanently added '[ssh9.vast.ai]:12854' (ED25519) to the list of known hosts.
Welcome to vast.ai. If authentication fails, try again after a few seconds, and double check your ssh key.
Have fun!
Warning: Permanently added '[ssh9.vast.ai]:12854' (ED25519) to the list of known hosts.
Welcome to vast.ai. If authentication fails, try again after a few seconds, and double check your ssh key.
Have fun!
Warning: Permanently added '[ssh9.vast.ai]:12854' (ED25519) to the list of known hosts.
Welcome to vast.ai. If authentication fails, try again after a few seconds, and double check your ssh key.
Have fun!
Warning: Permanently added '[ssh9.vast.ai]:12854' (ED25519) to the list of known hosts.
Welcome to vast.ai. If authentication fails, try again after a few seconds, and double check your ssh key.
Have fun!
[5/9] Uploading ready/ subset (-h deref: core+models+hexad+src ≈19MB; NOT 33GB tree)...
Warning: Permanently added '[ssh9.vast.ai]:12854' (ED25519) to the list of known hosts.
Welcome to vast.ai. If authentication fails, try again after a few seconds, and double check your ssh key.
Have fun!
Warning: Permanently added '[ssh9.vast.ai]:12854' (ED25519) to the list of known hosts.
Welcome to vast.ai. If authentication fails, try again after a few seconds, and double check your ssh key.
Have fun!
Warning: Permanently added '[ssh9.vast.ai]:12854' (ED25519) to the list of known hosts.
Welcome to vast.ai. If authentication fails, try again after a few seconds, and double check your ssh key.
Have fun!
Warning: Permanently added '[ssh9.vast.ai]:12854' (ED25519) to the list of known hosts.
Welcome to vast.ai. If authentication fails, try again after a few seconds, and double check your ssh key.
Have fun!
  ready/ uploaded:
1.2M	/workspace/anima/ready/core
16M	/workspace/anima/ready/models
252K	/workspace/anima/ready/anima/hexad
3.5M	/workspace/anima/ready/anima/src
[6/9] GPU + torch + import sanity...
Warning: Permanently added '[ssh9.vast.ai]:12854' (ED25519) to the list of known hosts.
Welcome to vast.ai. If authentication fails, try again after a few seconds, and double check your ssh key.
Have fun!
2.5.1+cu121 True NVIDIA A100-PCIE-40GB
Warning: Permanently added '[ssh9.vast.ai]:12854' (ED25519) to the list of known hosts.
Welcome to vast.ai. If authentication fails, try again after a few seconds, and double check your ssh key.
Have fun!
  installing numpy on remote (--break-system-packages, verified)...
Warning: Permanently added '[ssh9.vast.ai]:12854' (ED25519) to the list of known hosts.
Welcome to vast.ai. If authentication fails, try again after a few seconds, and double check your ssh key.
Have fun!
WARNING: Running pip as the 'root' user can result in broken permissions and conflicting behaviour with the system package manager, possibly rendering your system unusable.It is recommended to use a virtual environment instead: https://pip.pypa.io/warnings/venv. Use the --root-user-action option if you know what you are doing and want to suppress this warning.
Warning: Permanently added '[ssh9.vast.ai]:12854' (ED25519) to the list of known hosts.
Welcome to vast.ai. If authentication fails, try again after a few seconds, and double check your ssh key.
Have fun!
  remote numpy: NUMPY2.1.2
  --- remote import probe (full output) ---
Warning: Permanently added '[ssh9.vast.ai]:12854' (ED25519) to the list of known hosts.
Welcome to vast.ai. If authentication fails, try again after a few seconds, and double check your ssh key.
Have fun!
IMPORT_GATE_OK
  --- end probe ---
  ✓ all integration modules import on remote
Warning: Permanently added '[ssh9.vast.ai]:12854' (ED25519) to the list of known hosts.
Welcome to vast.ai. If authentication fails, try again after a few seconds, and double check your ssh key.
Have fun!
  remote nproc=64 — running CPU-coherent integration fire @ 16t (no oversubscription)
[7/9] Firing R3 (400 steps d=512 L=8 cells→64 ctx=256, CPU 16t)...
Warning: Permanently added '[ssh9.vast.ai]:12854' (ED25519) to the list of known hosts.
Welcome to vast.ai. If authentication fails, try again after a few seconds, and double check your ssh key.
Have fun!
[INFO] device=cuda torch=2.5.1+cu121
[INFO] gpu=NVIDIA A100-PCIE-40GB mem=42,406,903,808
[INFO] scaled spec = {"seed": 0, "vocab": 256, "d_model": 512, "n_layer": 8, "max_cells": 64, "seq_len": 256, "n_steps": 400, "synthetic_corpus": true, "corpus_note": "byte-level synthetic randint(0,256) \u2014 integration scratch fire, NOT a language-quality run (honest C3)"}
[engine] Using python backend (max_cells=64, phi=python)
[INFO] trainable (D+Bridge) params = 85,822,840  c_dim=64  n_cells_init=3
[INFO] integration fire device = cpu (harness single-device design; threads=16) — D+Bridge only trained scope, integration WIRING + CE-descent is device-agnostic
[STEP     0] loss=6.0194 phi=1.0168 cells=3 eff_lr=1.19e-03 pain=0.000 elapsed=0.001hr cost=$0.00
[STEP    13] loss=5.7286 phi=2.1086 cells=7 eff_lr=1.19e-03 pain=0.000 elapsed=0.002hr cost=$0.00
[STEP    26] loss=5.6420 phi=1.7972 cells=6 eff_lr=1.19e-03 pain=0.000 elapsed=0.004hr cost=$0.00
[STEP    39] loss=5.6452 phi=2.2929 cells=6 eff_lr=1.19e-03 pain=0.000 elapsed=0.005hr cost=$0.00
[STEP    52] loss=5.6095 phi=0.8114 cells=5 eff_lr=1.19e-03 pain=0.000 elapsed=0.006hr cost=$0.00
[STEP    65] loss=5.5726 phi=2.3657 cells=7 eff_lr=1.19e-03 pain=0.000 elapsed=0.008hr cost=$0.00
[STEP    78] loss=5.6014 phi=1.5149 cells=6 eff_lr=1.19e-03 pain=0.000 elapsed=0.009hr cost=$0.01
[STEP    91] loss=5.6269 phi=4.0625 cells=9 eff_lr=1.19e-03 pain=0.000 elapsed=0.011hr cost=$0.01
[STEP   104] loss=5.6480 phi=0.2167 cells=3 eff_lr=7.17e-04 pain=0.743 elapsed=0.012hr cost=$0.01
[STEP   117] loss=5.5805 phi=2.1481 cells=6 eff_lr=1.19e-03 pain=0.000 elapsed=0.014hr cost=$0.01
[STEP   130] loss=5.6099 phi=1.7084 cells=5 eff_lr=1.19e-03 pain=0.001 elapsed=0.015hr cost=$0.01
[STEP   143] loss=5.5707 phi=2.3755 cells=6 eff_lr=1.19e-03 pain=0.058 elapsed=0.017hr cost=$0.01
[STEP   156] loss=5.5719 phi=1.7793 cells=7 eff_lr=1.19e-03 pain=0.000 elapsed=0.018hr cost=$0.01
[STEP   169] loss=5.5934 phi=2.2168 cells=6 eff_lr=1.19e-03 pain=0.000 elapsed=0.020hr cost=$0.01
[STEP   182] loss=5.5892 phi=1.5747 cells=5 eff_lr=1.19e-03 pain=0.000 elapsed=0.021hr cost=$0.01
[STEP   195] loss=5.6113 phi=1.5826 cells=6 eff_lr=1.19e-03 pain=0.000 elapsed=0.023hr cost=$0.01
[STEP   208] loss=5.5635 phi=3.5726 cells=9 eff_lr=1.19e-03 pain=0.000 elapsed=0.024hr cost=$0.01
[STEP   221] loss=5.5729 phi=3.4747 cells=8 eff_lr=1.19e-03 pain=0.144 elapsed=0.026hr cost=$0.01
[STEP   234] loss=5.5814 phi=1.8939 cells=6 eff_lr=1.19e-03 pain=0.062 elapsed=0.027hr cost=$0.02
[STEP   247] loss=5.6053 phi=1.5124 cells=6 eff_lr=1.19e-03 pain=0.000 elapsed=0.028hr cost=$0.02
[STEP   260] loss=5.6030 phi=1.2072 cells=5 eff_lr=1.19e-03 pain=0.067 elapsed=0.030hr cost=$0.02
[STEP   273] loss=5.5898 phi=2.5414 cells=7 eff_lr=1.19e-03 pain=0.000 elapsed=0.031hr cost=$0.02
[STEP   286] loss=5.5753 phi=0.0291 cells=5 eff_lr=5.29e-04 pain=0.966 elapsed=0.033hr cost=$0.02
[STEP   299] loss=5.5574 phi=0.3156 cells=10 eff_lr=8.16e-04 pain=0.000 elapsed=0.034hr cost=$0.02
[STEP   312] loss=5.5668 phi=0.7635 cells=3 eff_lr=1.19e-03 pain=1.000 elapsed=0.036hr cost=$0.02
[STEP   325] loss=5.5805 phi=3.2193 cells=8 eff_lr=1.19e-03 pain=0.000 elapsed=0.037hr cost=$0.02
[STEP   338] loss=5.5621 phi=4.1487 cells=9 eff_lr=1.19e-03 pain=0.000 elapsed=0.039hr cost=$0.02
[STEP   351] loss=5.5701 phi=3.4910 cells=8 eff_lr=1.19e-03 pain=0.122 elapsed=0.040hr cost=$0.02
[STEP   364] loss=5.5777 phi=1.3190 cells=6 eff_lr=1.19e-03 pain=0.000 elapsed=0.042hr cost=$0.02
[STEP   377] loss=5.5862 phi=1.5506 cells=7 eff_lr=1.19e-03 pain=0.237 elapsed=0.043hr cost=$0.02
[STEP   390] loss=5.5964 phi=2.1493 cells=6 eff_lr=1.19e-03 pain=0.107 elapsed=0.044hr cost=$0.02
[STEP   399] loss=5.5795 phi=1.2581 cells=5 eff_lr=1.19e-03 pain=0.000 elapsed=0.045hr cost=$0.03
[INFO] drive done — wall=163.6s (0.045hr) cost=$0.03  steps=400
[CKPT] saved /workspace/anima/output/ckpts/ckpt_hexad_integ_final.pt (345,504,632 bytes)
[engine] Using python backend (max_cells=64, phi=python)

=== R3 HEXAD integration fire — falsifier battery ===
  F-INTEG-1 SINGLE-FORWARD-WIRED: PASS
  F-INTEG-2 GRADIENT-BARRIER-CLEAN: PASS
  F-INTEG-3 SCRATCH-INIT-SEED-FIXED: PASS
  F-INTEG-4 MITOSIS-WIRING-LIVE: PASS
  F-INTEG-5 CE-DESCENT-WITH-ALL-6: PASS
  F-V5MIT-1 SPLIT-NOGRAD: PASS
  F-V5MIT-2 MERGE-WEIGHT: PASS
  F-V5MIT-3 PHI-CONSERVATION: PASS
  F-PRIN3 NO-PERSONA-INJECTION: PASS

=== AGGREGATE 9/9 SUPPORTED-STRONG (F-INTEG 5/5 carry, added 4/4) ===
loss 5.6425→5.5743  cells 3→5  phi_best=4.4153  wall=163.6s  cost=$0.03
saved /workspace/anima/output/result.json
  train exit code = 0
[8/9] Verifying result.json on remote + SAVE_POD auto-promote...
  ✓ result.json exists on remote — SAVE_POD=1 auto-promote (ckpt protected until pulled)
[8/9] Pull artifacts (retry ≥3, 60s interval)...
Warning: Permanently added '[ssh9.vast.ai]:12854' (ED25519) to the list of known hosts.
Welcome to vast.ai. If authentication fails, try again after a few seconds, and double check your ssh key.
Have fun!
dispatch.sh: line 279: 49817 Killed: 9               $SCP_CMD "root@$SSH_HOST:$src" "$dst" 2>&1
  ... pull retry 1/3 for /workspace/anima/output/ckpts/ckpt_hexad_integ_final.pt
Read from remote host ssh9.vast.ai: Connection reset by peer
client_loop: send disconnect: Broken pipe
ssh: connect to host ssh9.vast.ai port 12854: Connection refused
scp: Connection closed
  ... pull retry 2/3 for /workspace/anima/output/ckpts/ckpt_hexad_integ_final.pt
ssh: connect to host ssh9.vast.ai port 12854: Connection refused
scp: Connection closed
  ... pull retry 3/3 for /workspace/anima/output/ckpts/ckpt_hexad_integ_final.pt
  ✗ pull FAILED after 3 tries: /workspace/anima/output/ckpts/ckpt_hexad_integ_final.pt
ssh: connect to host ssh9.vast.ai port 12854: Connection refused
scp: Connection closed
  ... pull retry 1/3 for /workspace/anima/output/result.json
ssh: connect to host ssh9.vast.ai port 12854: Connection refused
scp: Connection closed
  ... pull retry 2/3 for /workspace/anima/output/result.json
