{
  "containerDiskInGb": 100,
  "costPerHr": 2.99,
  "desiredStatus": "RUNNING",
  "env": [
    "HF_TOKEN=<REDACTED>",
    "PUBLIC_KEY=ssh-ed25519 AAAAC3NzaC1lZDI1NTE5AAAAIKOEWe0SBseZceuCgcVnlNDhEwbU/TIqGeK9FdrpIy9V ghost@ghostui-MacBookAir.local\n\nssh-rsa AAAAB3NzaC1yc2EAAAADAQABAAABAQCf5vOKHhrik9f3yA4IWXXGKPVvDQ8nFP5b1PF7a7YHuXMmZVSOvISYwph7yuCCYyZP8GTDm9MWHZVSR6ArijPxRfAbGDUtENFrHtyA5IGI9GycJkrYokI20neQXR4AGTwk/kVXOdaMaxEREFKhyffzZyrPKUEpZ7ikGXVM9MqWYNFvvy1ioQ7uuqyFq+65phVjojKgg4LWdnTjcxNzNrOgwlZqANx450Nhv3KAGhWSiLZgU6iA4JJ6gsq6t5S9p5n7T6EeypUyuKT4iOH0U5d4jIrssz0QwBncytLvQCvv7IpsapPqhgQzBXcGMZKkLS62UWYDRTeL7PPz3+N2hM4N RunPod-Key-Go"
  ],
  "gpuCount": 1,
  "id": "ptikljcsdzhnfn",
  "imageName": "runpod/pytorch:2.4.0-py3.11-cuda12.4.1-devel-ubuntu22.04",
  "lastStatusChange": "Rented by User: Thu May 07 2026 12:24:41 GMT+0000 (Coordinated Universal Time)",
  "machine": {
    "gpuDisplayName": "H100 SXM",
    "location": "IN"
  },
  "memoryInGb": 251,
  "name": "anima-ja-ext-polyglot-ko-lora-2026-05-07",
  "ports": "22/tcp,8888/http",
  "vcpuCount": 28,
  "volumeInGb": 120,
  "volumeMountPath": "/workspace"
}
