[ms] loading Polyglot-Ko-1.3B + adapter ...
`torch_dtype` is deprecated! Use `dtype` instead!
Loading checkpoint shards:   0%|          | 0/3 [00:00<?, ?it/s]Loading checkpoint shards: 100%|██████████| 3/3 [00:00<00:00, 39.40it/s]
[ms] ready 15.3s
[ms] seed=42 p00 (28s)
[ms] seed=42 p05 (15s)
[ms] seed=42 p10 (12s)
[ms] seed=42 p14 (12s)
[ms] seed=42 done
[ms] seed=7 p00 (11s)
[ms] seed=7 p05 (13s)
[ms] seed=7 p10 (15s)
[ms] seed=7 p14 (17s)
[ms] seed=7 done
[ms] seed=99 p00 (15s)
[ms] seed=99 p05 (11s)
[ms] seed=99 p10 (17s)
[ms] seed=99 p14 (14s)
[ms] seed=99 done
[ms] seed=314 p00 (13s)
[ms] seed=314 p05 (16s)
[ms] seed=314 p10 (17s)
[ms] seed=314 p14 (17s)
[ms] seed=314 done
[ms] seed=2718 p00 (14s)
[ms] seed=2718 p05 (13s)
[ms] seed=2718 p10 (8s)
[ms] seed=2718 p14 (13s)
[ms] seed=2718 done
[ms] wrote 75 records → /Users/ghost/core/anima/state/anima_ja_ext_polyglot_ko_lora_2026_05_07/eval_log_multiseed.jsonl
