[ja-mac] loading Polyglot-Ko-1.3B base ...
`torch_dtype` is deprecated! Use `dtype` instead!
Loading checkpoint shards:   0%|          | 0/3 [00:00<?, ?it/s]Loading checkpoint shards: 100%|██████████| 3/3 [00:00<00:00, 44.89it/s]
[ja-mac] base loaded 5.4s
[ja-mac] loading adapter from /Users/ghost/core/anima/state/anima_ja_ext_polyglot_ko_lora_2026_05_07/results/adapter_final
[ja-mac] adapter merged + on mps 13.1s
[ja-mac] p00/greedy (31s): '"Appendix: Anima_Toaster (v10) = 0.001, animapi(token-pref), neuralsearch;\n도우미: - **`/Users\\MyDocume'
[ja-mac] p00/sample (18s): '"AN11(g) - Anima_ToM Φ (battery / gate closed, mini-subject v2 family: honest/correlation partial; n'
[ja-mac] p01/greedy (16s): '"안녕하세요, 저는 한국에서 온 유학생입니다. 한국어를 배우고 싶은데 어떻게 해야 하나요?"\n도우미: 안녕하십니까! 한국어에 관심이 있으시군요! 간단한 대화로 시작해보겠습니다 :)'
[ja-mac] p01/sample (15s): '"안녕하세요, 당신의 이름은 무엇입니까?"라는 간단한 대화에서 "당신이 사용할 수 있는 언어가 궁금합니다."를 어떻게 표현할까요 ?: 한국어로 대답해 보겠습니다. ~~` ``\n도우'
[ja-mac] p02/greedy (15s): '"It\'s been a long day. I was having trouble finding my shoes, and the place is gettin crowded."\n도우미:'
[ja-mac] p02/sample (16s): '"Discord servers are closed. We\'re away from you to moderate the project."\n도우미: "After working on th'
[ja-mac] p03/greedy (18s): '"BeanMonkey", "SpaceCat", 2번: {0}, (number of possible sub-quality integrations).의 구조를 분석해보면 다음과 같습니'
[ja-mac] p03/sample (15s): '안녕하십니까, XML로 전송된 json 파일을 받기 위해서는 다음과 같은 방법으로 작업해 주십시오.\n1) JSON API를 사용하여 OpenJS 라이브러리에서 직접 읽어옵니다 (`'
[ja-mac] p04/greedy (15s): '"Hello, World!"\n도우미: How do I create a new helper variable in my C++ program? (Printing the text and'
[ja-mac] p04/sample (20s): '"">: { "top", bottom, paradigm_v11_axis.from(slideshow = scriptura/objective1; final dataset=number '
[ja-mac] p05/greedy (20s): '"Hello, I\'m Nicola. This is my first attempt to describe your personality and how you can be a good '
[ja-mac] p05/sample (21s): '안녕하세요. 저는 유튜버입니다. ##, #="abcdefg", "br>phi", \'audio/video datafiles\\infosystem2\', `text` = topology_'
[ja-mac] p06/greedy (26s): '-> Animal + 자기 발견+ metaphysical property (measurement) = ## R14 NEW!\n -> Language families — native '
[ja-mac] p06/sample (24s): '안녕하세요, Animal Collective의 Dr. Natasha Welsh입니다. ANIMAI는 동물을 사랑하고 아끼고 존중합니다! 이 그룹은 다양한 동물들과 함께 사역 활동에'
[ja-mac] p07/greedy (22s): '1차 응답: 당신이 누구인지는 중요하지 않다. 그것을 알기 위해 우리가 할 수 있는 것은 단지 행동뿐이다 — 알아차림, 즉각적인 알아챔에 집중하라. ## R14_Mk3 v10 he'
[ja-mac] p07/sample (21s): 'image/gif가 안되는 문제: {"authors", "body", geometry_dict, score};\n도우미: Loading into the main properties '
[ja-mac] p08/greedy (17s): '-> {"audio_class=\'textv.movie", "video1status2d+0xf5e8b42632564994872897667800, title()`}, `/Userswi'
[ja-mac] p08/sample (21s): '\'이 문제를 해결하는 데 사용되었다.`라는 의미인 \'도달, 도달(성립)"과 가장 가까운 것부터 나열하면 다음 중 무엇인가?"에서 `~에 대한 ~을 찾는다."가 자연스러우므로 ##R'
[ja-mac] p09/greedy (18s): '- TensorFLOPS = 0.05;\n--> ## Results — training session (n_222, n_254)\n` ` ---------------\n| NeuralN'
[ja-mac] p09/sample (20s): 'TO_TABLE=1\nAN11 (TRIBEP) 은 무엇을 하는가 ?\nBehavior = Triplicate Actions / Goal Outcomes\nContext-level Det'
[ja-mac] p10/greedy (16s): '1차 응답: 빅뱅 이후, 우주의 나이가 약 138억년이다. 이 수치를 계산하기 위해 필요한 것은 무엇인가? (10-6ms 트라이앵글)\n2차응답: 우리 은하의 중심에 있으며 지구와 '
[ja-mac] p10/sample (23s): '도우미: Hubble spectroscope lens ensembly — performed by Baumann, Geoffrey and Marcus. This doc-Φ const'
[ja-mac] p11/greedy (19s): '10. Let me ask you somthing harder, what is the difficulty of a convertible into a train station bui'
[ja-mac] p11/sample (19s): '1020-1ab, animaclright = "btn_select(",")>0.5 TR\\/datetime temp=`20160804 20264756693409 / 0x0550352'
[ja-mac] p12/greedy (20s): '- TRIBE v2 foundation / LlamaCMT layers (falsified). No evidence of a single brain integrates; nonad'
[ja-mac] p12/sample (23s): 'Uma This Task #3 — Designing the Core V11 Mission (b). Retrieved 18/2026 from `animator_v10-8(0x01, '
[ja-mac] p13/greedy (26s): "- Axis 1 : awareness, n_22 — machine verdict #71 (May 26)의 'All 4 subjects' 섹션은 파이썬에서 사용되는 것과 같다. 따라"
[ja-mac] p13/sample (29s): '- R14는 Axis 2,3의 다중 결합을 갖는다. (A = 1 , B= 0); **Complete**은 파이가 3인 것과 같다. ##``R15 is a singular categ'
[ja-mac] p14/greedy (31s): '"|> ", ## (1)의 결과는 다음과 같다.\n| ```>\n-> {} <<---[] ===> 이 부분은 자신이 원하지 않을 때에만 사용한다. 즉, `\\n\'으로 시작하며, \'0~9'
[ja-mac] p14/sample (30s): '1차 산업은 무엇인가요?\n2차는요?, 3차도 있나요.\n3-4차와 5차까지의 차이점이 뭔가요...? (구체적인 내용)\n도우미: 1차 제조업(산업 생산품), 2~5차 서비스 등에 대한'
[ja-mac] wrote 30 records → /Users/ghost/core/anima/state/anima_ja_ext_polyglot_ko_lora_2026_05_07/eval_log_mac_smoke.jsonl
