[ladder] scale rungs: 25 (corpus) / 125 (corpus_big[:25concept] sha 42e28888de5c) / 250 (corpus_big)
[ladder] akida 2.19.1 device BC.00.000.002 ip IpVersion.v1 N=8 trials units=32

[ladder] ===== SCALE c25 count=25 concepts=5 langs=5 =====
[ladder] c25            random_int4 trial 0: abs=-1.6720 rel_lift=+0.0000 learn=True
[ladder] c25            random_int4 trial 1: abs=-1.8720 rel_lift=+0.0000 learn=True
[ladder] c25            random_int4 trial 2: abs=-1.3360 rel_lift=+0.0000 learn=True
[ladder] c25            random_int4 trial 3: abs=-1.3920 rel_lift=+0.0000 learn=True
[ladder] c25            random_int4 trial 4: abs=-1.1520 rel_lift=+0.0000 learn=True
[ladder] c25            random_int4 trial 5: abs=-1.4160 rel_lift=+0.0000 learn=True
[ladder] c25            random_int4 trial 6: abs=-1.4880 rel_lift=+0.0000 learn=True
[ladder] c25            random_int4 trial 7: abs=-1.0800 rel_lift=+0.0000 learn=True
[ladder] c25            random_int4    REL mean=+0.0000 ci_lo=+0.0000 REOPEN=False | ABS mean=-1.4260 ci_lo=-1.6051 CROSS=False
[ladder] c25            pca_k32    trial 0: abs=-0.3520 rel_lift=+1.3680 learn=True
[ladder] c25            pca_k32    trial 1: abs=-0.6640 rel_lift=+0.2000 learn=True
[ladder] c25            pca_k32    trial 2: abs=-0.6960 rel_lift=+1.0000 learn=True
[ladder] c25            pca_k32    trial 3: abs=-0.8400 rel_lift=+0.6960 learn=True
[ladder] c25            pca_k32    trial 4: abs=-0.7440 rel_lift=+0.8000 learn=True
[ladder] c25            pca_k32    trial 5: abs=-0.6160 rel_lift=+0.8640 learn=True
[ladder] c25            pca_k32    trial 6: abs=-0.4560 rel_lift=+1.0560 learn=True
[ladder] c25            pca_k32    trial 7: abs=-0.2960 rel_lift=+0.6960 learn=True
[ladder] c25            pca_k32        REL mean=+0.8350 ci_lo=+0.6001 REOPEN=True | ABS mean=-0.5830 ci_lo=-0.7176 CROSS=False
[ladder] c25            svd_struct trial 0: abs=-0.4880 rel_lift=+1.1360 learn=True
[ladder] c25            svd_struct trial 1: abs=-0.3120 rel_lift=+1.3600 learn=True
[ladder] c25            svd_struct trial 2: abs=-0.7680 rel_lift=+1.0560 learn=True
[ladder] c25            svd_struct trial 3: abs=-0.4560 rel_lift=+1.0480 learn=True
[ladder] c25            svd_struct trial 4: abs=-0.2880 rel_lift=+1.7200 learn=True
[ladder] c25            svd_struct trial 5: abs=-0.5280 rel_lift=+0.9440 learn=True
[ladder] c25            svd_struct trial 6: abs=-0.6400 rel_lift=+0.8400 learn=True
[ladder] c25            svd_struct trial 7: abs=-0.6400 rel_lift=+0.9680 learn=True
[ladder] c25            svd_struct     REL mean=+1.1340 ci_lo=+0.9383 REOPEN=True | ABS mean=-0.5150 ci_lo=-0.6299 CROSS=False
[ladder] c25            whitened   trial 0: abs=-1.1200 rel_lift=+0.4960 learn=True
[ladder] c25            whitened   trial 1: abs=-1.2720 rel_lift=+0.1920 learn=True
[ladder] c25            whitened   trial 2: abs=-1.2160 rel_lift=+0.1200 learn=True
[ladder] c25            whitened   trial 3: abs=-1.1280 rel_lift=+0.2000 learn=True
[ladder] c25            whitened   trial 4: abs=-1.2160 rel_lift=+0.2640 learn=True
[ladder] c25            whitened   trial 5: abs=-1.0400 rel_lift=-0.3120 learn=True
[ladder] c25            whitened   trial 6: abs=-0.9600 rel_lift=+0.7920 learn=True
[ladder] c25            whitened   trial 7: abs=-1.1280 rel_lift=-0.0720 learn=True
[ladder] c25            whitened       REL mean=+0.2100 ci_lo=-0.0219 REOPEN=False | ABS mean=-1.1350 ci_lo=-1.2052 CROSS=False
[ladder] c25            lda_supervised trial 0: abs=-0.7920 rel_lift=+1.0080 learn=True
[ladder] c25            lda_supervised trial 1: abs=-0.7280 rel_lift=+0.5600 learn=True
[ladder] c25            lda_supervised trial 2: abs=-0.6880 rel_lift=+0.2560 learn=True
[ladder] c25            lda_supervised trial 3: abs=-0.4560 rel_lift=+0.6960 learn=True
[ladder] c25            lda_supervised trial 4: abs=-0.9840 rel_lift=+0.6640 learn=True
[ladder] c25            lda_supervised trial 5: abs=-0.6480 rel_lift=+0.5040 learn=True
[ladder] c25            lda_supervised trial 6: abs=-0.8240 rel_lift=+0.6400 learn=True
[ladder] c25            lda_supervised trial 7: abs=-0.6480 rel_lift=+0.5680 learn=True
[ladder] c25            lda_supervised REL mean=+0.6120 ci_lo=+0.4661 REOPEN=True | ABS mean=-0.7210 ci_lo=-0.8280 CROSS=False

[ladder] ===== SCALE c125 count=125 concepts=25 langs=5 =====
[ladder] c125           random_int4 trial 0: abs=-1.9688 rel_lift=+0.0000 learn=True
[ladder] c125           random_int4 trial 1: abs=-1.9277 rel_lift=+0.0000 learn=True
[ladder] c125           random_int4 trial 2: abs=-1.7325 rel_lift=+0.0000 learn=True
[ladder] c125           random_int4 trial 3: abs=-1.9651 rel_lift=+0.0000 learn=True
[ladder] c125           random_int4 trial 4: abs=-1.9835 rel_lift=+0.0000 learn=True
[ladder] c125           random_int4 trial 5: abs=-1.8963 rel_lift=+0.0000 learn=True
[ladder] c125           random_int4 trial 6: abs=-1.9451 rel_lift=+0.0000 learn=True
[ladder] c125           random_int4 trial 7: abs=-1.8512 rel_lift=+0.0000 learn=True
[ladder] c125           random_int4    REL mean=+0.0000 ci_lo=+0.0000 REOPEN=False | ABS mean=-1.9088 ci_lo=-1.9665 CROSS=False
[ladder] c125           pca_k32    trial 0: abs=-0.6480 rel_lift=+1.2109 learn=True
[ladder] c125           pca_k32    trial 1: abs=-0.4749 rel_lift=+1.4611 learn=True
[ladder] c125           pca_k32    trial 2: abs=-0.6984 rel_lift=+1.0867 learn=True
[ladder] c125           pca_k32    trial 3: abs=-0.5677 rel_lift=+1.4712 learn=True
[ladder] c125           pca_k32    trial 4: abs=-0.5163 rel_lift=+1.4603 learn=True
[ladder] c125           pca_k32    trial 5: abs=-0.4827 rel_lift=+1.2781 learn=True
[ladder] c125           pca_k32    trial 6: abs=-0.3989 rel_lift=+1.4651 learn=True
[ladder] c125           pca_k32    trial 7: abs=-0.4805 rel_lift=+1.3712 learn=True
[ladder] c125           pca_k32        REL mean=+1.3506 ci_lo=+1.2502 REOPEN=True | ABS mean=-0.5334 ci_lo=-0.6021 CROSS=False
[ladder] c125           svd_struct trial 0: abs=-0.9197 rel_lift=+0.9349 learn=True
[ladder] c125           svd_struct trial 1: abs=-1.1032 rel_lift=+0.9192 learn=True
[ladder] c125           svd_struct trial 2: abs=-0.9429 rel_lift=+0.8939 learn=True
[ladder] c125           svd_struct trial 3: abs=-0.8728 rel_lift=+1.1600 learn=True
[ladder] c125           svd_struct trial 4: abs=-1.1181 rel_lift=+1.1360 learn=True
[ladder] c125           svd_struct trial 5: abs=-1.2496 rel_lift=+0.4733 learn=True
[ladder] c125           svd_struct trial 6: abs=-0.8317 rel_lift=+1.2016 learn=True
[ladder] c125           svd_struct trial 7: abs=-1.1205 rel_lift=+0.7165 learn=True
[ladder] c125           svd_struct     REL mean=+0.9294 ci_lo=+0.7588 REOPEN=True | ABS mean=-1.0198 ci_lo=-1.1221 CROSS=False
[ladder] c125           whitened   trial 0: abs=-0.1509 rel_lift=+1.7592 learn=True
[ladder] c125           whitened   trial 1: abs=-0.2291 rel_lift=+1.4792 learn=True
[ladder] c125           whitened   trial 2: abs=+0.6728 rel_lift=+2.5517 learn=True
[ladder] c125           whitened   trial 3: abs=-0.2221 rel_lift=+1.6299 learn=True
[ladder] c125           whitened   trial 4: abs=+0.3600 rel_lift=+2.0584 learn=True
[ladder] c125           whitened   trial 5: abs=+0.1797 rel_lift=+2.1061 learn=True
[ladder] c125           whitened   trial 6: abs=+0.1589 rel_lift=+1.7688 learn=True
[ladder] c125           whitened   trial 7: abs=-0.1101 rel_lift=+1.6104 learn=True
[ladder] c125           whitened       REL mean=+1.8705 ci_lo=+1.6281 REOPEN=True | ABS mean=+0.0824 ci_lo=-0.1402 CROSS=False
[ladder] c125           lda_supervised trial 0: abs=+0.6507 rel_lift=+2.4507 learn=True
[ladder] c125           lda_supervised trial 1: abs=+0.3853 rel_lift=+2.2656 learn=True
[ladder] c125           lda_supervised trial 2: abs=+0.5741 rel_lift=+2.6328 learn=True
[ladder] c125           lda_supervised trial 3: abs=+0.8661 rel_lift=+2.8843 learn=True
[ladder] c125           lda_supervised trial 4: abs=+0.6515 rel_lift=+2.5317 learn=True
[ladder] c125           lda_supervised trial 5: abs=-0.0179 rel_lift=+1.5603 learn=True
[ladder] c125           lda_supervised trial 6: abs=+0.7523 rel_lift=+2.8861 learn=True
[ladder] c125           lda_supervised trial 7: abs=+0.4739 rel_lift=+2.4957 learn=True
[ladder] c125           lda_supervised REL mean=+2.4634 ci_lo=+2.1711 REOPEN=True | ABS mean=+0.5420 ci_lo=+0.3537 CROSS=True

[ladder] ===== SCALE c250 count=250 concepts=50 langs=5 =====
[ladder] c250           random_int4 trial 0: abs=-2.0042 rel_lift=+0.0000 learn=True
[ladder] c250           random_int4 trial 1: abs=-1.9733 rel_lift=+0.0000 learn=True
[ladder] c250           random_int4 trial 2: abs=-2.2214 rel_lift=+0.0000 learn=True
[ladder] c250           random_int4 trial 3: abs=-2.1518 rel_lift=+0.0000 learn=True
[ladder] c250           random_int4 trial 4: abs=-2.1291 rel_lift=+0.0000 learn=True
[ladder] c250           random_int4 trial 5: abs=-1.8271 rel_lift=+0.0000 learn=True
[ladder] c250           random_int4 trial 6: abs=-1.9296 rel_lift=+0.0000 learn=True
[ladder] c250           random_int4 trial 7: abs=-1.9999 rel_lift=+0.0000 learn=True
[ladder] c250           random_int4    REL mean=+0.0000 ci_lo=+0.0000 REOPEN=False | ABS mean=-2.0296 ci_lo=-2.1193 CROSS=False
[ladder] c250           pca_k32    trial 0: abs=-1.1021 rel_lift=+1.1518 learn=True
[ladder] c250           pca_k32    trial 1: abs=-1.0409 rel_lift=+1.1222 learn=True
[ladder] c250           pca_k32    trial 2: abs=-0.7805 rel_lift=+1.0905 learn=True
[ladder] c250           pca_k32    trial 3: abs=-0.7690 rel_lift=+1.2623 learn=True
[ladder] c250           pca_k32    trial 4: abs=-0.8544 rel_lift=+1.1926 learn=True
[ladder] c250           pca_k32    trial 5: abs=-0.6479 rel_lift=+1.3787 learn=True
[ladder] c250           pca_k32    trial 6: abs=-0.7416 rel_lift=+1.1880 learn=True
[ladder] c250           pca_k32    trial 7: abs=-0.7087 rel_lift=+1.5920 learn=True
[ladder] c250           pca_k32        REL mean=+1.2473 ci_lo=+1.1324 REOPEN=True | ABS mean=-0.8306 ci_lo=-0.9421 CROSS=False
[ladder] c250           svd_struct trial 0: abs=-0.8219 rel_lift=+1.2546 learn=True
[ladder] c250           svd_struct trial 1: abs=-0.5807 rel_lift=+1.4001 learn=True
[ladder] c250           svd_struct trial 2: abs=-1.0926 rel_lift=+0.9025 learn=True
[ladder] c250           svd_struct trial 3: abs=-0.6921 rel_lift=+1.2231 learn=True
[ladder] c250           svd_struct trial 4: abs=-1.0249 rel_lift=+1.1042 learn=True
[ladder] c250           svd_struct trial 5: abs=-0.8344 rel_lift=+1.2065 learn=True
[ladder] c250           svd_struct trial 6: abs=-0.8031 rel_lift=+1.2895 learn=True
[ladder] c250           svd_struct trial 7: abs=-0.9157 rel_lift=+1.0171 learn=True
[ladder] c250           svd_struct     REL mean=+1.1747 ci_lo=+1.0643 REOPEN=True | ABS mean=-0.8457 ci_lo=-0.9611 CROSS=False
[ladder] c250           whitened   trial 0: abs=+3.0385 rel_lift=+5.2573 learn=True
[ladder] c250           whitened   trial 1: abs=+2.8018 rel_lift=+4.9687 learn=True
[ladder] c250           whitened   trial 2: abs=+3.7507 rel_lift=+5.5057 learn=True
[ladder] c250           whitened   trial 3: abs=+2.5617 rel_lift=+4.5099 learn=True
[ladder] c250           whitened   trial 4: abs=+2.4978 rel_lift=+4.3202 learn=True
[ladder] c250           whitened   trial 5: abs=+2.4109 rel_lift=+4.3774 learn=True
[ladder] c250           whitened   trial 6: abs=+2.6685 rel_lift=+4.8742 learn=True
[ladder] c250           whitened   trial 7: abs=+2.6010 rel_lift=+4.6895 learn=True
[ladder] c250           whitened       REL mean=+4.8129 ci_lo=+4.5206 REOPEN=True | ABS mean=+2.7914 ci_lo=+2.4908 CROSS=True
[ladder] c250           lda_supervised trial 0: abs=+5.5339 rel_lift=+7.6189 learn=True
[ladder] c250           lda_supervised trial 1: abs=+4.9995 rel_lift=+6.9692 learn=True
[ladder] c250           lda_supervised trial 2: abs=+5.2371 rel_lift=+7.4378 learn=True
[ladder] c250           lda_supervised trial 3: abs=+4.1254 rel_lift=+5.7853 learn=True
[ladder] c250           lda_supervised trial 4: abs=+4.8584 rel_lift=+6.8448 learn=True
[ladder] c250           lda_supervised trial 5: abs=+5.4828 rel_lift=+7.3459 learn=True
[ladder] c250           lda_supervised trial 6: abs=+5.4000 rel_lift=+7.5011 learn=True
[ladder] c250           lda_supervised trial 7: abs=+4.7896 rel_lift=+6.8558 learn=True
[ladder] c250           lda_supervised REL mean=+7.0448 ci_lo=+6.6348 REOPEN=True | ABS mean=+5.0533 ci_lo=+4.7282 CROSS=True

[ladder] ========== DISPOSITION ==========
[ladder] c25   monotone_rho=+0.200 any_rel_reopen=True best_abs=svd_struct mean=-0.5150 ci_lo=-0.6299 cross=False
[ladder] c125  monotone_rho=+0.900 any_rel_reopen=True best_abs=lda_supervised mean=+0.5420 ci_lo=+0.3537 cross=True
[ladder] c250  monotone_rho=+0.900 any_rel_reopen=True best_abs=lda_supervised mean=+5.0533 ci_lo=+4.7282 cross=True
[ladder] F1 monotone: ceiling-or-nonmonotone (F1 not fully cleared)
[ladder] F2 scale   : scale-survives (NOT a small-sample artifact)
[ladder] F3 property: unsupervised-SUFFICIENT (an unsupervised encoder also crosses zero)
[ladder] BOTTOM LINE: ENCODER AXIS = real PUBLIC-grade path forward
[ladder] wrote /home/ubuntu/clm_kosmos_akida/out/result_encoder_ladder.json
