[shell-loop] start ts=2026-05-04T05:30:53Z poll_sec=300 max_wait=86400 apply=--apply pid=43833
[shell-loop] iter=1 elapsed=0 ts=2026-05-04T05:30:53Z
hexa-resolver: route=docker reason=mac_safe_landing image=hexa-runner:latest caps=cpus=4,mem=4g
[xaxis-watchdog] start ts=2026-05-04T05:30:54Z apply=yes mode=once
[xaxis-watchdog] A_primary=/Users/ghost/core/anima/state/p9_path_a_r16_eval_pipeline_2026_05_03/mitigation_comparison.json
[xaxis-watchdog] A_fallback=/Users/ghost/core/anima/state/p9_path_a_r16_3seed_2026_05_04/verdict.json
[xaxis-watchdog] D=/Users/ghost/core/anima/state/p9_paradigm_d_25k_eval_2026_05_03_verdict.json
[xaxis-watchdog] poll_sec=300 max_wait=86400
[xaxis-watchdog] 2026-05-04T05:30:54Z A=WAIT:fallback_status_TRAINING_IN_PROGRESS_3SEED D=MISSING
[shell-loop] iter=1 hexa_rc=0
[shell-loop] iter=2 elapsed=301 ts=2026-05-04T05:35:54Z
hexa-resolver: route=docker reason=mac_safe_landing image=hexa-runner:latest caps=cpus=4,mem=4g
[xaxis-watchdog] start ts=2026-05-04T05:35:54Z apply=yes mode=once
[xaxis-watchdog] A_primary=/Users/ghost/core/anima/state/p9_path_a_r16_eval_pipeline_2026_05_03/mitigation_comparison.json
[xaxis-watchdog] A_fallback=/Users/ghost/core/anima/state/p9_path_a_r16_3seed_2026_05_04/verdict.json
[xaxis-watchdog] D=/Users/ghost/core/anima/state/p9_paradigm_d_25k_eval_2026_05_03_verdict.json
[xaxis-watchdog] poll_sec=300 max_wait=86400
[xaxis-watchdog] 2026-05-04T05:35:54Z A=WAIT:fallback_status_TRAINING_IN_PROGRESS_3SEED D=MISSING
[shell-loop] iter=2 hexa_rc=0
[shell-loop] iter=3 elapsed=601 ts=2026-05-04T05:40:54Z
hexa-resolver: route=docker reason=mac_safe_landing image=hexa-runner:latest caps=cpus=4,mem=4g
[xaxis-watchdog] start ts=2026-05-04T05:40:54Z apply=yes mode=once
[xaxis-watchdog] A_primary=/Users/ghost/core/anima/state/p9_path_a_r16_eval_pipeline_2026_05_03/mitigation_comparison.json
[xaxis-watchdog] A_fallback=/Users/ghost/core/anima/state/p9_path_a_r16_3seed_2026_05_04/verdict.json
[xaxis-watchdog] D=/Users/ghost/core/anima/state/p9_paradigm_d_25k_eval_2026_05_03_verdict.json
[xaxis-watchdog] poll_sec=300 max_wait=86400
[xaxis-watchdog] 2026-05-04T05:40:54Z A=WAIT:fallback_status_TRAINING_IN_PROGRESS_3SEED D=MISSING
[shell-loop] iter=3 hexa_rc=0
[shell-loop] iter=4 elapsed=901 ts=2026-05-04T05:45:54Z
hexa-resolver: route=docker reason=mac_safe_landing image=hexa-runner:latest caps=cpus=4,mem=4g
[xaxis-watchdog] start ts=2026-05-04T05:45:55Z apply=yes mode=once
[xaxis-watchdog] A_primary=/Users/ghost/core/anima/state/p9_path_a_r16_eval_pipeline_2026_05_03/mitigation_comparison.json
[xaxis-watchdog] A_fallback=/Users/ghost/core/anima/state/p9_path_a_r16_3seed_2026_05_04/verdict.json
[xaxis-watchdog] D=/Users/ghost/core/anima/state/p9_paradigm_d_25k_eval_2026_05_03_verdict.json
[xaxis-watchdog] poll_sec=300 max_wait=86400
[xaxis-watchdog] 2026-05-04T05:45:55Z A=WAIT:fallback_status_TRAINING_IN_PROGRESS_3SEED D=MISSING
[shell-loop] iter=4 hexa_rc=0
[shell-loop] iter=5 elapsed=1202 ts=2026-05-04T05:50:55Z
hexa-resolver: route=docker reason=mac_safe_landing image=hexa-runner:latest caps=cpus=4,mem=4g
[xaxis-watchdog] start ts=2026-05-04T05:50:56Z apply=yes mode=once
[xaxis-watchdog] A_primary=/Users/ghost/core/anima/state/p9_path_a_r16_eval_pipeline_2026_05_03/mitigation_comparison.json
[xaxis-watchdog] A_fallback=/Users/ghost/core/anima/state/p9_path_a_r16_3seed_2026_05_04/verdict.json
[xaxis-watchdog] D=/Users/ghost/core/anima/state/p9_paradigm_d_25k_eval_2026_05_03_verdict.json
[xaxis-watchdog] poll_sec=300 max_wait=86400
[xaxis-watchdog] 2026-05-04T05:50:56Z A=WAIT:fallback_status_TRAINING_IN_PROGRESS_3SEED D=MISSING
[shell-loop] iter=5 hexa_rc=0
[shell-loop] iter=6 elapsed=1503 ts=2026-05-04T05:55:56Z
hexa-resolver: route=docker reason=mac_safe_landing image=hexa-runner:latest caps=cpus=4,mem=4g
[xaxis-watchdog] start ts=2026-05-04T05:55:58Z apply=yes mode=once
[xaxis-watchdog] A_primary=/Users/ghost/core/anima/state/p9_path_a_r16_eval_pipeline_2026_05_03/mitigation_comparison.json
[xaxis-watchdog] A_fallback=/Users/ghost/core/anima/state/p9_path_a_r16_3seed_2026_05_04/verdict.json
[xaxis-watchdog] D=/Users/ghost/core/anima/state/p9_paradigm_d_25k_eval_2026_05_03_verdict.json
[xaxis-watchdog] poll_sec=300 max_wait=86400
[xaxis-watchdog] 2026-05-04T05:55:58Z A=WAIT:fallback_status_TRAINING_IN_PROGRESS_3SEED D=MISSING
[shell-loop] iter=6 hexa_rc=0
[shell-loop] iter=7 elapsed=1805 ts=2026-05-04T06:00:58Z
hexa-resolver: route=docker reason=cache_hit ttl=5s
[xaxis-watchdog] start ts=2026-05-04T06:00:58Z apply=yes mode=once
[xaxis-watchdog] A_primary=/Users/ghost/core/anima/state/p9_path_a_r16_eval_pipeline_2026_05_03/mitigation_comparison.json
[xaxis-watchdog] A_fallback=/Users/ghost/core/anima/state/p9_path_a_r16_3seed_2026_05_04/verdict.json
[xaxis-watchdog] D=/Users/ghost/core/anima/state/p9_paradigm_d_25k_eval_2026_05_03_verdict.json
[xaxis-watchdog] poll_sec=300 max_wait=86400
[xaxis-watchdog] 2026-05-04T06:00:58Z A=WAIT:fallback_status_TRAINING_IN_PROGRESS_3SEED D=MISSING
[shell-loop] iter=7 hexa_rc=0
[shell-loop] iter=8 elapsed=2105 ts=2026-05-04T06:05:58Z
hexa-resolver: route=docker reason=mac_safe_landing image=hexa-runner:latest caps=cpus=4,mem=4g
[xaxis-watchdog] start ts=2026-05-04T06:06:00Z apply=yes mode=once
[xaxis-watchdog] A_primary=/Users/ghost/core/anima/state/p9_path_a_r16_eval_pipeline_2026_05_03/mitigation_comparison.json
[xaxis-watchdog] A_fallback=/Users/ghost/core/anima/state/p9_path_a_r16_3seed_2026_05_04/verdict.json
[xaxis-watchdog] D=/Users/ghost/core/anima/state/p9_paradigm_d_25k_eval_2026_05_03_verdict.json
[xaxis-watchdog] poll_sec=300 max_wait=86400
[xaxis-watchdog] 2026-05-04T06:06:00Z A=WAIT:fallback_status_TRAINING_IN_PROGRESS_3SEED D=MISSING
[shell-loop] iter=8 hexa_rc=0
[shell-loop] iter=9 elapsed=2407 ts=2026-05-04T06:11:00Z
hexa-resolver: route=docker reason=mac_safe_landing image=hexa-runner:latest caps=cpus=4,mem=4g
[xaxis-watchdog] start ts=2026-05-04T06:11:00Z apply=yes mode=once
[xaxis-watchdog] A_primary=/Users/ghost/core/anima/state/p9_path_a_r16_eval_pipeline_2026_05_03/mitigation_comparison.json
[xaxis-watchdog] A_fallback=/Users/ghost/core/anima/state/p9_path_a_r16_3seed_2026_05_04/verdict.json
[xaxis-watchdog] D=/Users/ghost/core/anima/state/p9_paradigm_d_25k_eval_2026_05_03_verdict.json
[xaxis-watchdog] poll_sec=300 max_wait=86400
[xaxis-watchdog] 2026-05-04T06:11:00Z A=WAIT:fallback_status_TRAINING_IN_PROGRESS_3SEED D=MISSING
[shell-loop] iter=9 hexa_rc=0
[shell-loop] iter=10 elapsed=2707 ts=2026-05-04T06:16:00Z
hexa-resolver: route=docker reason=mac_safe_landing image=hexa-runner:latest caps=cpus=4,mem=4g
[xaxis-watchdog] start ts=2026-05-04T06:16:01Z apply=yes mode=once
[xaxis-watchdog] A_primary=/Users/ghost/core/anima/state/p9_path_a_r16_eval_pipeline_2026_05_03/mitigation_comparison.json
[xaxis-watchdog] A_fallback=/Users/ghost/core/anima/state/p9_path_a_r16_3seed_2026_05_04/verdict.json
[xaxis-watchdog] D=/Users/ghost/core/anima/state/p9_paradigm_d_25k_eval_2026_05_03_verdict.json
[xaxis-watchdog] poll_sec=300 max_wait=86400
[xaxis-watchdog] 2026-05-04T06:16:01Z A=WAIT:fallback_status_TRAINING_IN_PROGRESS_3SEED D=MISSING
[shell-loop] iter=10 hexa_rc=0
[shell-loop] iter=11 elapsed=3008 ts=2026-05-04T06:21:01Z
hexa-resolver: route=docker reason=mac_safe_landing image=hexa-runner:latest caps=cpus=4,mem=4g
[xaxis-watchdog] start ts=2026-05-04T06:21:01Z apply=yes mode=once
[xaxis-watchdog] A_primary=/Users/ghost/core/anima/state/p9_path_a_r16_eval_pipeline_2026_05_03/mitigation_comparison.json
[xaxis-watchdog] A_fallback=/Users/ghost/core/anima/state/p9_path_a_r16_3seed_2026_05_04/verdict.json
[xaxis-watchdog] D=/Users/ghost/core/anima/state/p9_paradigm_d_25k_eval_2026_05_03_verdict.json
[xaxis-watchdog] poll_sec=300 max_wait=86400
[xaxis-watchdog] 2026-05-04T06:21:01Z A=WAIT:fallback_status_TRAINING_IN_PROGRESS_3SEED D=MISSING
[shell-loop] iter=11 hexa_rc=0
[shell-loop] iter=12 elapsed=3308 ts=2026-05-04T06:26:01Z
hexa-resolver: route=docker reason=mac_safe_landing image=hexa-runner:latest caps=cpus=4,mem=4g
[xaxis-watchdog] start ts=2026-05-04T06:26:01Z apply=yes mode=once
[xaxis-watchdog] A_primary=/Users/ghost/core/anima/state/p9_path_a_r16_eval_pipeline_2026_05_03/mitigation_comparison.json
[xaxis-watchdog] A_fallback=/Users/ghost/core/anima/state/p9_path_a_r16_3seed_2026_05_04/verdict.json
[xaxis-watchdog] D=/Users/ghost/core/anima/state/p9_paradigm_d_25k_eval_2026_05_03_verdict.json
[xaxis-watchdog] poll_sec=300 max_wait=86400
[xaxis-watchdog] 2026-05-04T06:26:01Z A=WAIT:fallback_status_TRAINING_IN_PROGRESS_3SEED D=MISSING
[shell-loop] iter=12 hexa_rc=0
[shell-loop] iter=13 elapsed=3608 ts=2026-05-04T06:31:01Z
hexa-resolver: route=docker reason=mac_safe_landing image=hexa-runner:latest caps=cpus=4,mem=4g
[xaxis-watchdog] start ts=2026-05-04T06:31:02Z apply=yes mode=once
[xaxis-watchdog] A_primary=/Users/ghost/core/anima/state/p9_path_a_r16_eval_pipeline_2026_05_03/mitigation_comparison.json
[xaxis-watchdog] A_fallback=/Users/ghost/core/anima/state/p9_path_a_r16_3seed_2026_05_04/verdict.json
[xaxis-watchdog] D=/Users/ghost/core/anima/state/p9_paradigm_d_25k_eval_2026_05_03_verdict.json
[xaxis-watchdog] poll_sec=300 max_wait=86400
[xaxis-watchdog] 2026-05-04T06:31:02Z A=WAIT:fallback_status_TRAINING_IN_PROGRESS_3SEED D=MISSING
[shell-loop] iter=13 hexa_rc=0
[shell-loop] iter=14 elapsed=3909 ts=2026-05-04T06:36:02Z
hexa-resolver: route=docker reason=mac_safe_landing image=hexa-runner:latest caps=cpus=4,mem=4g
[xaxis-watchdog] start ts=2026-05-04T06:36:03Z apply=yes mode=once
[xaxis-watchdog] A_primary=/Users/ghost/core/anima/state/p9_path_a_r16_eval_pipeline_2026_05_03/mitigation_comparison.json
[xaxis-watchdog] A_fallback=/Users/ghost/core/anima/state/p9_path_a_r16_3seed_2026_05_04/verdict.json
[xaxis-watchdog] D=/Users/ghost/core/anima/state/p9_paradigm_d_25k_eval_2026_05_03_verdict.json
[xaxis-watchdog] poll_sec=300 max_wait=86400
[xaxis-watchdog] 2026-05-04T06:36:03Z A=WAIT:fallback_status_TRAINING_IN_PROGRESS_3SEED D=MISSING
[shell-loop] iter=14 hexa_rc=0
[shell-loop] iter=15 elapsed=4210 ts=2026-05-04T06:41:03Z
hexa-resolver: route=docker reason=mac_safe_landing image=hexa-runner:latest caps=cpus=4,mem=4g
[xaxis-watchdog] start ts=2026-05-04T06:41:04Z apply=yes mode=once
[xaxis-watchdog] A_primary=/Users/ghost/core/anima/state/p9_path_a_r16_eval_pipeline_2026_05_03/mitigation_comparison.json
[xaxis-watchdog] A_fallback=/Users/ghost/core/anima/state/p9_path_a_r16_3seed_2026_05_04/verdict.json
[xaxis-watchdog] D=/Users/ghost/core/anima/state/p9_paradigm_d_25k_eval_2026_05_03_verdict.json
[xaxis-watchdog] poll_sec=300 max_wait=86400
[xaxis-watchdog] 2026-05-04T06:41:04Z A=WAIT:fallback_status_TRAINING_IN_PROGRESS_3SEED D=MISSING
[shell-loop] iter=15 hexa_rc=0
[shell-loop] iter=16 elapsed=4511 ts=2026-05-04T06:46:04Z
hexa-resolver: route=docker reason=mac_safe_landing image=hexa-runner:latest caps=cpus=4,mem=4g
[xaxis-watchdog] start ts=2026-05-04T06:46:04Z apply=yes mode=once
[xaxis-watchdog] A_primary=/Users/ghost/core/anima/state/p9_path_a_r16_eval_pipeline_2026_05_03/mitigation_comparison.json
[xaxis-watchdog] A_fallback=/Users/ghost/core/anima/state/p9_path_a_r16_3seed_2026_05_04/verdict.json
[xaxis-watchdog] D=/Users/ghost/core/anima/state/p9_paradigm_d_25k_eval_2026_05_03_verdict.json
[xaxis-watchdog] poll_sec=300 max_wait=86400
[xaxis-watchdog] 2026-05-04T06:46:04Z A=WAIT:fallback_status_TRAINING_IN_PROGRESS_3SEED D=MISSING
[shell-loop] iter=16 hexa_rc=0
