================================================================
d_converge_fire_d128 — first captured FINAL gn2 in pure-hexa @ d=128·4L
================================================================
  config: d=128 n_layer=4 nh=8 nkv=4 hd=16 h=256 T=16 V=256 nsamp=8 steps=200
  init  gn2=7.96949  CE=38.3913  acc=0/8
  DCV-1 INIT-CAPTURE       : PASS
  DCV-2 GRAD-EXACT(L0.Wg[5]) : analytic=0.0184467 fd=0.00587585 |Δ|=0.0125708  -> FAIL
  [loop start] AdamW steps=200  (trajectory checkpointed @ st ∈ {1, 25, 50, 100, 200, 300})
  GN2_CURVE,step=1,gn2=7.92635,CE=36.9591,acc=3
  GN2_CURVE,step=10,gn2=3.53125,CE=6.87201,acc=4
  GN2_CURVE,step=25,gn2=0.0122861,CE=0.125412,acc=8
  GN2_CURVE,step=50,gn2=7.74014e-06,CE=0.00352882,acc=8
time: command terminated abnormally
      556.12 real       464.52 user        18.45 sys
         12006096896  maximum resident set size
                   0  average shared memory size
                   0  average unshared data size
                   0  average unshared stack size
             8447114  page reclaims
                  12  page faults
                   0  swaps
                   0  block input operations
                   0  block output operations
                   0  messages sent
                   0  messages received
                   0  signals received
                  82  voluntary context switches
              478191  involuntary context switches
       6202064569543  instructions retired
       1166913751894  cycles elapsed
        138297852864  peak memory footprint
time: signal: Invalid argument
