H_671 — d2-verdict-landscape-raster9 · RASTER #9 (2026-05-28, axis D2)
  source: UNIVERSE/H_*.md DISK per-file scan (8-source verdict + 2-source domain)
  test: gap PLATEAU 유지 (life>consc, ~0.07-0.10) vs FALSIFIER (reversal OR gap>0.20)

  N(H files) = 222  (H_238 self-excluded · disk scan)

  ── raster#9 full landscape headline (life vs consciousness) ──
  life          SUPP-rate = 0.493671  (39/79)
  consciousness SUPP-rate = 0.421875  (54/128)
  gap_now = 0.0717959   gap_prior(r#8)=0.074316   Δ=-0.00252011   trend=stable

  ── per-domain trajectory vs raster#8 ──
  life  : r#8 0.493671 → r#9 0.493671   Δ=-1.13924e-07  (ε_life=0.05)
  consc : r#8 0.419355 → r#9 0.421875   Δ=0.00252
  life>consc   = true

  ── PLATEAU-band membership (1차: H_659 3-point band) ──
  plateau_mean = 0.104333  plateau_sd = 0.0244098
  band3 = [0.0555137, 0.153153]   gap_now=0.0717959   in_band3=true
  reversal=false  widened(>0.20)=false

  ── 6-point band 정밀화 (H_665 §10 deferred 완수) ──
  basis = raster#3,#4,#5,#6,#7,#8 gaps {0.1327, 0.0874, 0.0929, 0.0743, 0.0743, 0.0743}
  mean6 = 0.0893167  sd6(n-1) = 0.0226941
  band6 = [0.0439284, 0.134705]   in_band6=true

  ── steady-state 진단 (raster#6~#9 gap 동결 추적) ──
  frozen vs r#6(0.0743)=false  r#7(0.0743)=false  r#8(0.0743)=false
  STEADY-STATE (r#6~#9 4연속 동결) = false  ⚠ trivial-risk (§7 C3)

  ── per-cohort stratified life vs consciousness SUPP-rate ──
  cohort                  |  N | life SUPP/tot (rate) | consc SUPP/tot (rate)
  core (<H_347)  | 155 | 38/75 (0.506667) | 34/86 (0.395349)
  session26 (H_347-662)  | 60 | 1/4 (0.25) | 18/38 (0.473684)
  raster9-new (H_663+)  | 7 | 0/0 (0.0) | 2/4 (0.5)

  ── raster#9 NEW cohort (id ≥ H_663) composition ──
  new_N=7  SUPP=3  FALS=2
  domain hits: life=0  consciousness=4  physics=4  information=0  math=2

  ── D2 SIGNATURE ──
  SIGNATURE : PLATEAU-STABLE (life>consc maintained)

  ── criteria (meta) ──
  C1 REPRODUCIBLE (N≥120) : true
  C2 STRATIFIED (≥2 cohort nonempty) : true
  C3 ALL_CLASSIFIED : true
  VERDICT_RULE: SUPPORTED(plateau) iff C1∧C2∧life>consc∧¬reversal∧¬widened · FALSIFIED if reversal∨widened
  VERDICT     : SUPPORTED

  result.json written → /private/tmp/u-h671/UNIVERSE/state/h671_d2_verdict_landscape_raster9/result.json
=== H_671 raster#9 complete: SUPPORTED · PLATEAU-STABLE (life>consc maintained) ===
