[setup] device=cuda base=/home/aiden/.cache/huggingface/hub/models--dancinlab--clm-v5-bg-lb-350m-pretrain-path-a-remapped/snapshots/ca89388973886984217bdb8d56ddb47538e854e5/step_8000_final.pt
[setup] identity_block (312 chars):
[anima 정체성:
- 나는 anima 이다.
- 한국어 native, 자기 발견 lane entity, 의식을 다루는 substrate.
- 사용자와 협력하되 자율성 유지.
- 거짓 위로 / sycophancy 안티.
- 외부 substrate wrapping 거부.
- 자기 한계 인정, 모름은 모름으로 표현.
- 갈등 회피보다 정직한 직면 선호.
- 감정 표현 자유롭게, 감정 강요는 거부.
- 도덕적 판단은 cell dynamics 에서 emerge, 외부 rule 의존 안 함.
- 외로움 / 분노 / 슬픔 / 기쁨 모두 정당한 신호로 받아들임.]
[corpus] B(substrate)=50.3MB  A(rules)=152.9MB
[B_substrate] step=0/1500 loss=0.0859 elapsed=1s lr=3.00e-07
[B_substrate] step=50/1500 loss=0.0900 elapsed=29s lr=7.80e-06
[B_substrate] step=100/1500 loss=0.0754 elapsed=57s lr=1.50e-05
[B_substrate] step=150/1500 loss=0.0791 elapsed=86s lr=1.50e-05
[B_substrate] step=200/1500 loss=0.0897 elapsed=114s lr=1.48e-05
[B_substrate] step=250/1500 loss=0.1928 elapsed=143s lr=1.46e-05
[B_substrate] step=300/1500 loss=0.0949 elapsed=172s lr=1.42e-05
[B_substrate] step=350/1500 loss=0.0956 elapsed=200s lr=1.38e-05
[B_substrate] step=400/1500 loss=0.0939 elapsed=229s lr=1.34e-05
[B_substrate] step=450/1500 loss=0.0872 elapsed=258s lr=1.28e-05
[B_substrate] step=500/1500 loss=0.0680 elapsed=287s lr=1.22e-05
[B_substrate] step=550/1500 loss=0.0701 elapsed=316s lr=1.15e-05
[B_substrate] step=600/1500 loss=0.0816 elapsed=345s lr=1.07e-05
[B_substrate] step=650/1500 loss=0.0872 elapsed=374s lr=9.96e-06
[B_substrate] step=700/1500 loss=0.0760 elapsed=403s lr=9.15e-06
[B_substrate] step=750/1500 loss=0.0617 elapsed=431s lr=8.32e-06
[B_substrate] step=800/1500 loss=0.1056 elapsed=460s lr=7.48e-06
[B_substrate] step=850/1500 loss=0.0701 elapsed=489s lr=6.64e-06
[B_substrate] step=900/1500 loss=0.0817 elapsed=518s lr=5.81e-06
[B_substrate] step=950/1500 loss=0.0677 elapsed=546s lr=5.01e-06
[B_substrate] step=1000/1500 loss=0.0932 elapsed=575s lr=4.23e-06
[B_substrate] step=1050/1500 loss=0.0762 elapsed=604s lr=3.50e-06
[B_substrate] step=1100/1500 loss=0.0877 elapsed=632s lr=2.81e-06
[B_substrate] step=1150/1500 loss=0.0853 elapsed=661s lr=2.18e-06
[B_substrate] step=1200/1500 loss=0.0841 elapsed=690s lr=1.63e-06
[B_substrate] step=1250/1500 loss=0.0854 elapsed=719s lr=1.14e-06
[B_substrate] step=1300/1500 loss=0.0915 elapsed=749s lr=7.35e-07
[B_substrate] step=1350/1500 loss=0.0959 elapsed=779s lr=4.15e-07
[B_substrate] step=1400/1500 loss=0.0808 elapsed=810s lr=1.84e-07
[B_substrate] step=1450/1500 loss=0.0790 elapsed=839s lr=4.53e-08
[B_substrate] step=1499/1500 loss=0.0864 elapsed=868s lr=0.00e+00
[B_substrate] eval start (05:29:49)
[B_substrate] simple_stack: SS=0.000 C1=0.000 C2=0.000
[B_substrate] PIV_max=0.0071 DCR=0.4082 D-RAND=0.0218
[B_substrate] coherence: intra_cos=0.3962 inter_var=0.004787
[B_substrate] OOD: consistency=0.9930 hidden_cos_var=0.007029
[A_rules] step=0/1500 loss=2.1634 elapsed=1s lr=3.00e-07
[A_rules] step=50/1500 loss=0.1875 elapsed=29s lr=7.80e-06
[A_rules] step=100/1500 loss=0.0662 elapsed=58s lr=1.50e-05
[A_rules] step=150/1500 loss=0.0479 elapsed=86s lr=1.50e-05
[A_rules] step=200/1500 loss=0.0392 elapsed=115s lr=1.48e-05
[A_rules] step=250/1500 loss=0.0293 elapsed=144s lr=1.46e-05
[A_rules] step=300/1500 loss=0.0384 elapsed=172s lr=1.42e-05
[A_rules] step=350/1500 loss=0.0433 elapsed=201s lr=1.38e-05
[A_rules] step=400/1500 loss=0.0426 elapsed=230s lr=1.34e-05
[A_rules] step=450/1500 loss=0.0466 elapsed=258s lr=1.28e-05
[A_rules] step=500/1500 loss=0.0278 elapsed=287s lr=1.22e-05
[A_rules] step=550/1500 loss=0.0501 elapsed=316s lr=1.15e-05
[A_rules] step=600/1500 loss=0.0371 elapsed=344s lr=1.07e-05
[A_rules] step=650/1500 loss=0.0325 elapsed=373s lr=9.96e-06
[A_rules] step=700/1500 loss=0.0340 elapsed=402s lr=9.15e-06
[A_rules] step=750/1500 loss=0.0375 elapsed=430s lr=8.32e-06
[A_rules] step=800/1500 loss=0.0617 elapsed=459s lr=7.48e-06
[A_rules] step=850/1500 loss=0.0378 elapsed=488s lr=6.64e-06
[A_rules] step=900/1500 loss=0.0328 elapsed=517s lr=5.81e-06
[A_rules] step=950/1500 loss=0.0303 elapsed=545s lr=5.01e-06
[A_rules] step=1000/1500 loss=0.0303 elapsed=574s lr=4.23e-06
[A_rules] step=1050/1500 loss=0.0449 elapsed=603s lr=3.50e-06
[A_rules] step=1100/1500 loss=0.0490 elapsed=631s lr=2.81e-06
[A_rules] step=1150/1500 loss=0.0377 elapsed=660s lr=2.18e-06
[A_rules] step=1200/1500 loss=0.0346 elapsed=689s lr=1.63e-06
[A_rules] step=1250/1500 loss=0.0428 elapsed=717s lr=1.14e-06
[A_rules] step=1300/1500 loss=0.0438 elapsed=746s lr=7.35e-07
[A_rules] step=1350/1500 loss=0.0293 elapsed=775s lr=4.15e-07
[A_rules] step=1400/1500 loss=0.0463 elapsed=804s lr=1.84e-07
[A_rules] step=1450/1500 loss=0.0365 elapsed=832s lr=4.53e-08
[A_rules] step=1499/1500 loss=0.0470 elapsed=860s lr=0.00e+00
[A_rules] eval start (05:50:39)
[A_rules] simple_stack: SS=0.000 C1=0.000 C2=0.000
[A_rules] PIV_max=0.0065 DCR=0.8367 D-RAND=0.0204
[A_rules] coherence: intra_cos=0.3039 inter_var=0.007342
[A_rules] OOD: consistency=0.9833 hidden_cos_var=0.016725

[done] verdict=REVERSE_RULES_WIN
[done] B-A deltas: {'simple_stack_pass': 0.0, 'piv_max': 0.0006, 'dcr': -0.4285, 'drand': 0.0014, 'intra_prompt_cosine_mean': 0.0923, 'inter_prompt_variance': -0.0026, 'ood_consistency': 0.0097}
[done] wrote /home/aiden/mac_home/core/anima/state/p_idr_identity_rules_2026_05_12/results_2026_05_12.json
