/workspace/anima/train_carving_dirG_psi_ctl.py:210: FutureWarning: `torch.cuda.amp.GradScaler(args...)` is deprecated. Please use `torch.amp.GradScaler('cuda', args...)` instead.
  scaler = torch.cuda.amp.GradScaler(enabled=use_amp)
{"step": 1, "ce": 5.656113, "ce_voice": 5.713969, "loss": 5.777167, "l_psi": 0.21066, "l_route": 0.0, "hpool_n": 0.995992, "tau_norm": 0.294111, "gn2": 48.63647, "lr": 1.2e-06, "wall_s": 0.58, "gpu_mem_gb": 7.455}
{"step": 125, "ce": 3.083268, "ce_voice": 1.498777, "loss": 1.507835, "l_psi": 0.030195, "l_route": 0.0, "hpool_n": 0.732413, "tau_norm": 0.369946, "gn2": 14.297897, "lr": 0.00015, "wall_s": 16.08, "gpu_mem_gb": 9.678}
{"step": 250, "ce": 1.76784, "ce_voice": 0.407614, "loss": 0.442596, "l_psi": 0.116607, "l_route": 0.0, "hpool_n": 0.705721, "tau_norm": 0.499162, "gn2": 6.04034, "lr": 0.0003, "wall_s": 31.75, "gpu_mem_gb": 9.678}
{"step": 375, "ce": 2.579737, "ce_voice": 0.187083, "loss": 0.198682, "l_psi": 0.038663, "l_route": 0.0, "hpool_n": 0.70399, "tau_norm": 0.615054, "gn2": 6.03265, "lr": 0.00029955, "wall_s": 47.58, "gpu_mem_gb": 9.678}
{"step": 500, "ce": 2.79813, "ce_voice": 0.119727, "loss": 0.128618, "l_psi": 0.029635, "l_route": 0.0, "hpool_n": 0.701301, "tau_norm": 0.728635, "gn2": 2.666652, "lr": 0.00029817, "wall_s": 63.52, "gpu_mem_gb": 9.678}
{"step": 625, "ce": 2.715042, "ce_voice": 0.10805, "loss": 0.115736, "l_psi": 0.025622, "l_route": 0.0, "hpool_n": 0.696691, "tau_norm": 0.802604, "gn2": 2.069061, "lr": 0.00029589, "wall_s": 79.19, "gpu_mem_gb": 9.678}
{"step": 750, "ce": 2.42518, "ce_voice": 0.087699, "loss": 0.097403, "l_psi": 0.032344, "l_route": 0.0, "hpool_n": 0.681638, "tau_norm": 0.858544, "gn2": 0.632635, "lr": 0.00029271, "wall_s": 94.79, "gpu_mem_gb": 9.678}
{"step": 875, "ce": 2.639992, "ce_voice": 0.059096, "loss": 0.069957, "l_psi": 0.036203, "l_route": 0.0, "hpool_n": 0.688966, "tau_norm": 0.896583, "gn2": 0.368424, "lr": 0.00028867, "wall_s": 110.38, "gpu_mem_gb": 9.678}
{"step": 1000, "ce": 2.820827, "ce_voice": 0.047211, "loss": 0.053955, "l_psi": 0.022481, "l_route": 0.0, "hpool_n": 0.699296, "tau_norm": 0.92082, "gn2": 0.154614, "lr": 0.00028377, "wall_s": 125.95, "gpu_mem_gb": 9.678}
{"step": 1125, "ce": 2.443414, "ce_voice": 0.043832, "loss": 0.055669, "l_psi": 0.039455, "l_route": 0.0, "hpool_n": 0.704123, "tau_norm": 0.937942, "gn2": 0.293769, "lr": 0.00027807, "wall_s": 141.43, "gpu_mem_gb": 9.678}
{"step": 1250, "ce": 3.100527, "ce_voice": 0.056719, "loss": 0.066561, "l_psi": 0.032808, "l_route": 0.0, "hpool_n": 0.715132, "tau_norm": 0.950469, "gn2": 0.215115, "lr": 0.00027159, "wall_s": 156.95, "gpu_mem_gb": 9.678}
{"step": 1375, "ce": 2.432891, "ce_voice": 0.042551, "loss": 0.052802, "l_psi": 0.034172, "l_route": 0.0, "hpool_n": 0.693503, "tau_norm": 0.958963, "gn2": 0.154758, "lr": 0.00026438, "wall_s": 172.45, "gpu_mem_gb": 9.678}
{"step": 1500, "ce": 2.526685, "ce_voice": 0.052511, "loss": 0.058764, "l_psi": 0.020844, "l_route": 0.0, "hpool_n": 0.676939, "tau_norm": 0.964765, "gn2": 0.365764, "lr": 0.0002565, "wall_s": 187.97, "gpu_mem_gb": 9.678}
{"step": 1625, "ce": 2.293867, "ce_voice": 0.029195, "loss": 0.039374, "l_psi": 0.033929, "l_route": 0.0, "hpool_n": 0.694519, "tau_norm": 0.968709, "gn2": 0.379562, "lr": 0.00024799, "wall_s": 203.4, "gpu_mem_gb": 9.678}
{"step": 1750, "ce": 3.054254, "ce_voice": 0.041663, "loss": 0.045813, "l_psi": 0.013835, "l_route": 0.0, "hpool_n": 0.673738, "tau_norm": 0.973611, "gn2": 0.42365, "lr": 0.00023891, "wall_s": 218.92, "gpu_mem_gb": 9.678}
{"step": 1875, "ce": 2.646476, "ce_voice": 0.027067, "loss": 0.032131, "l_psi": 0.016882, "l_route": 0.0, "hpool_n": 0.697255, "tau_norm": 0.976014, "gn2": 0.045895, "lr": 0.00022933, "wall_s": 234.46, "gpu_mem_gb": 9.678}
{"step": 2000, "ce": 2.941242, "ce_voice": 0.041417, "loss": 0.046687, "l_psi": 0.017567, "l_route": 0.0, "hpool_n": 0.684881, "tau_norm": 0.978222, "gn2": 0.054457, "lr": 0.00021931, "wall_s": 250.0, "gpu_mem_gb": 9.678}
{"step": 2125, "ce": 2.03316, "ce_voice": 0.040026, "loss": 0.049089, "l_psi": 0.030211, "l_route": 0.0, "hpool_n": 0.708621, "tau_norm": 0.979615, "gn2": 0.081124, "lr": 0.00020892, "wall_s": 265.54, "gpu_mem_gb": 9.678}
{"step": 2250, "ce": 1.930124, "ce_voice": 0.019568, "loss": 0.027854, "l_psi": 0.027621, "l_route": 0.0, "hpool_n": 0.691821, "tau_norm": 0.981358, "gn2": 0.033678, "lr": 0.00019823, "wall_s": 281.15, "gpu_mem_gb": 9.678}
{"step": 2375, "ce": 2.74385, "ce_voice": 0.005246, "loss": 0.010057, "l_psi": 0.016035, "l_route": 0.0, "hpool_n": 0.671406, "tau_norm": 0.982394, "gn2": 0.004657, "lr": 0.00018731, "wall_s": 296.66, "gpu_mem_gb": 9.678}
{"step": 2500, "ce": 2.59604, "ce_voice": 0.021606, "loss": 0.027409, "l_psi": 0.019344, "l_route": 0.0, "hpool_n": 0.696654, "tau_norm": 0.983158, "gn2": 0.066401, "lr": 0.00017624, "wall_s": 312.25, "gpu_mem_gb": 9.678}
{"step": 2625, "ce": 2.635467, "ce_voice": 0.01641, "loss": 0.023337, "l_psi": 0.023089, "l_route": 0.0, "hpool_n": 0.688037, "tau_norm": 0.983499, "gn2": 0.02603, "lr": 0.00016509, "wall_s": 327.95, "gpu_mem_gb": 9.678}
{"step": 2750, "ce": 2.182207, "ce_voice": 0.024604, "loss": 0.031765, "l_psi": 0.023867, "l_route": 0.0, "hpool_n": 0.709459, "tau_norm": 0.984598, "gn2": 0.1021, "lr": 0.00015394, "wall_s": 343.53, "gpu_mem_gb": 9.678}
{"step": 2875, "ce": 2.776767, "ce_voice": 0.018579, "loss": 0.023573, "l_psi": 0.016649, "l_route": 0.0, "hpool_n": 0.668083, "tau_norm": 0.985179, "gn2": 0.043052, "lr": 0.00014287, "wall_s": 359.08, "gpu_mem_gb": 9.678}
{"step": 3000, "ce": 2.558565, "ce_voice": 0.01145, "loss": 0.014773, "l_psi": 0.011074, "l_route": 0.0, "hpool_n": 0.670793, "tau_norm": 0.985454, "gn2": 0.010927, "lr": 0.00013195, "wall_s": 374.63, "gpu_mem_gb": 9.678}
{"step": 3125, "ce": 2.553683, "ce_voice": 0.008458, "loss": 0.012843, "l_psi": 0.014616, "l_route": 0.0, "hpool_n": 0.68287, "tau_norm": 0.985799, "gn2": 0.009793, "lr": 0.00012125, "wall_s": 390.14, "gpu_mem_gb": 9.678}
{"step": 3250, "ce": 2.009149, "ce_voice": 0.015235, "loss": 0.022612, "l_psi": 0.024591, "l_route": 0.0, "hpool_n": 0.71438, "tau_norm": 0.985986, "gn2": 0.011523, "lr": 0.00011085, "wall_s": 405.72, "gpu_mem_gb": 9.678}
{"step": 3375, "ce": 2.517755, "ce_voice": 0.009311, "loss": 0.014089, "l_psi": 0.015927, "l_route": 0.0, "hpool_n": 0.687716, "tau_norm": 0.986277, "gn2": 0.008062, "lr": 0.00010083, "wall_s": 421.23, "gpu_mem_gb": 9.678}
{"step": 3500, "ce": 2.995898, "ce_voice": 0.032931, "loss": 0.036473, "l_psi": 0.011806, "l_route": 0.0, "hpool_n": 0.69814, "tau_norm": 0.986325, "gn2": 0.041151, "lr": 9.124e-05, "wall_s": 436.73, "gpu_mem_gb": 9.678}
{"step": 3625, "ce": 2.515414, "ce_voice": 0.009801, "loss": 0.014463, "l_psi": 0.015541, "l_route": 0.0, "hpool_n": 0.694412, "tau_norm": 0.986509, "gn2": 0.01137, "lr": 8.215e-05, "wall_s": 452.24, "gpu_mem_gb": 9.678}
{"step": 3750, "ce": 2.025485, "ce_voice": 0.007844, "loss": 0.013503, "l_psi": 0.018862, "l_route": 0.0, "hpool_n": 0.691559, "tau_norm": 0.986701, "gn2": 0.006133, "lr": 7.363e-05, "wall_s": 467.74, "gpu_mem_gb": 9.678}
{"step": 3875, "ce": 2.440647, "ce_voice": 0.012772, "loss": 0.018631, "l_psi": 0.019528, "l_route": 0.0, "hpool_n": 0.701832, "tau_norm": 0.986774, "gn2": 0.007406, "lr": 6.574e-05, "wall_s": 483.27, "gpu_mem_gb": 9.678}
{"step": 4000, "ce": 2.499873, "ce_voice": 0.008998, "loss": 0.011497, "l_psi": 0.00833, "l_route": 0.0, "hpool_n": 0.694018, "tau_norm": 0.986777, "gn2": 0.004224, "lr": 5.852e-05, "wall_s": 498.81, "gpu_mem_gb": 9.678}
{"step": 4125, "ce": 2.399849, "ce_voice": 0.008201, "loss": 0.012849, "l_psi": 0.015493, "l_route": 0.0, "hpool_n": 0.704969, "tau_norm": 0.986495, "gn2": 0.221706, "lr": 5.203e-05, "wall_s": 514.28, "gpu_mem_gb": 9.678}
{"step": 4250, "ce": 2.808263, "ce_voice": 0.018856, "loss": 0.023379, "l_psi": 0.015076, "l_route": 0.0, "hpool_n": 0.699454, "tau_norm": 0.986797, "gn2": 0.025285, "lr": 4.631e-05, "wall_s": 529.89, "gpu_mem_gb": 9.678}
{"step": 4375, "ce": 2.810438, "ce_voice": 0.012706, "loss": 0.017384, "l_psi": 0.015594, "l_route": 0.0, "hpool_n": 0.703257, "tau_norm": 0.986877, "gn2": 0.008932, "lr": 4.141e-05, "wall_s": 545.42, "gpu_mem_gb": 9.678}
{"step": 4500, "ce": 2.319577, "ce_voice": 0.009646, "loss": 0.015641, "l_psi": 0.019985, "l_route": 0.0, "hpool_n": 0.703103, "tau_norm": 0.986708, "gn2": 0.008497, "lr": 3.734e-05, "wall_s": 560.96, "gpu_mem_gb": 9.678}
{"step": 4625, "ce": 2.634724, "ce_voice": 0.017808, "loss": 0.020817, "l_psi": 0.01003, "l_route": 0.0, "hpool_n": 0.675443, "tau_norm": 0.986987, "gn2": 0.064833, "lr": 3.415e-05, "wall_s": 576.52, "gpu_mem_gb": 9.678}
{"step": 4750, "ce": 2.519372, "ce_voice": 0.002559, "loss": 0.005971, "l_psi": 0.011372, "l_route": 0.0, "hpool_n": 0.710189, "tau_norm": 0.986747, "gn2": 0.002975, "lr": 3.186e-05, "wall_s": 592.07, "gpu_mem_gb": 9.678}
{"step": 4875, "ce": 2.344591, "ce_voice": 0.006973, "loss": 0.012329, "l_psi": 0.017854, "l_route": 0.0, "hpool_n": 0.699182, "tau_norm": 0.986721, "gn2": 0.002569, "lr": 3.047e-05, "wall_s": 607.63, "gpu_mem_gb": 9.678}
{"step": 5000, "ce": 2.72569, "ce_voice": 0.003312, "loss": 0.007103, "l_psi": 0.012637, "l_route": 0.0, "hpool_n": 0.701469, "tau_norm": 0.986796, "gn2": 0.005615, "lr": 3e-05, "wall_s": 623.18, "gpu_mem_gb": 9.678}
RESULT_JSON_WRITTEN
{"path": "psi_ctl", "init_ce": 5.656113, "final_ce": 2.72569, "final_ce_voice": 0.003312, "final_l_psi": 0.012637, "final_l_route": 0.0, "ce_descent": 2.930423, "wall_s": 623.18}
