================================================================
  H_318 — AUTOPHAGY x resource recycling under capacity pressure
  N=8 units, total cap C=800, T=200 epochs, K_SHIFT=50, frac=0.30
  STATIC vs AUTOPHAGY on SAME demand stream
================================================================
  --- COND-A SHIFTING ---
    STATIC    cum_loss = 42857.1
    AUTOPHAGY cum_loss = 3044.4
    delta = 39812.7  (autophagy reduces loss by 92.8964 %)
  --- COND-B STATIONARY ---
    STATIC    cum_loss = 0.0
    AUTOPHAGY cum_loss = 685.184
    delta = -685.184  (autophagy reduces loss by 0.0 %)
----------------------------------------------------------------
  FALSIFIER EVALUATION (from MEASURED cumulative losses):
  [PASS] F318.1 AUTOPHAGY-WINS-UNDER-SHIFT: autophagy cum_loss < static cum_loss under SHIFTING
  [PASS] F318.2 NON-TRIVIAL-MARGIN-UNDER-SHIFT: autophagy reduces loss by >= 20 % under SHIFTING
  [PASS] F318.3 STATIC-OPTIMAL-UNDER-STATIONARY: static cum_loss <= autophagy cum_loss under STATIONARY
  [PASS] F318.4 CONDITIONAL-BENEFIT-REAL: shift-benefit pct > stationary-benefit pct
  [PASS] F318.5 SHIFT-IS-NON-TRIVIAL: static cum_loss(shift) > 1.5 * static cum_loss(stationary)
================================================================
  RESULT: 5 PASS / 0 FAIL
  HEADLINE: AUTOPHAGY beats STATIC under SHIFTING with non-trivial margin,
    while static remains optimal under STATIONARY — full H1 SUPPORTED.
    Verdict candidate: SUPPORTED-NUMERICAL.
================================================================
RESULT_JSON_BEGIN
{
  "shift": {
    "static_loss":    42857.1,
    "autophagy_loss": 3044.4,
    "delta":          39812.7,
    "pct_reduction":  92.8964
  },
  "stationary": {
    "static_loss":    0.0,
    "autophagy_loss": 685.184,
    "delta":          -685.184,
    "pct_reduction":  0.0
  },
  "falsifiers": { "pass": 5, "fail": 0 }
}
RESULT_JSON_END
