[§153-LeJEPA] device=cuda d_model=768 n_layer=12 steps=3000
[§153-LeJEPA] corpus bytes: 298,994,326
[§153-LeJEPA] step=     1  L_total=1244.063599  L_pred=1309.540649  L_sigreg=0.000888  z_std=0.9305  z_mean_norm=10.3798  t=1.6s
[§153-LeJEPA] step=    75  L_total=0.853436  L_pred=0.898308  L_sigreg=0.000862  z_std=0.0241  z_mean_norm=27.1169  t=68.4s
[§153-LeJEPA] step=   150  L_total=0.354601  L_pred=0.373222  L_sigreg=0.000801  z_std=0.0155  z_mean_norm=26.5341  t=136.1s
[§153-LeJEPA] step=   225  L_total=0.206074  L_pred=0.216871  L_sigreg=0.000927  z_std=0.0119  z_mean_norm=25.9813  t=203.7s
[§153-LeJEPA] step=   300  L_total=0.133776  L_pred=0.140772  L_sigreg=0.000855  z_std=0.0095  z_mean_norm=25.4169  t=271.3s
[§153-LeJEPA] step=   375  L_total=0.086022  L_pred=0.090499  L_sigreg=0.000952  z_std=0.0077  z_mean_norm=24.8456  t=339.0s
[§153-LeJEPA] step=   450  L_total=0.058686  L_pred=0.061726  L_sigreg=0.000927  z_std=0.0063  z_mean_norm=24.2711  t=406.7s
[§153-LeJEPA] step=   525  L_total=0.039422  L_pred=0.041452  L_sigreg=0.000854  z_std=0.0052  z_mean_norm=23.6948  t=474.5s
[§153-LeJEPA] step=   600  L_total=0.025857  L_pred=0.027172  L_sigreg=0.000874  z_std=0.0042  z_mean_norm=23.1202  t=542.2s
[§153-LeJEPA] step=   675  L_total=0.014798  L_pred=0.015532  L_sigreg=0.000856  z_std=0.0032  z_mean_norm=22.5542  t=609.9s
[§153-LeJEPA] step=   750  L_total=0.004282  L_pred=0.004456  L_sigreg=0.000973  z_std=0.0017  z_mean_norm=22.0387  t=677.5s
[§153-LeJEPA] step=   825  L_total=0.001760  L_pred=0.001800  L_sigreg=0.000989  z_std=0.0011  z_mean_norm=21.5902  t=745.1s
[§153-LeJEPA] step=   900  L_total=0.001184  L_pred=0.001196  L_sigreg=0.000966  z_std=0.0009  z_mean_norm=21.0531  t=812.7s
[§153-LeJEPA] step=   975  L_total=0.001094  L_pred=0.001105  L_sigreg=0.000893  z_std=0.0008  z_mean_norm=20.4686  t=880.3s
[§153-LeJEPA] step=  1050  L_total=0.001013  L_pred=0.001019  L_sigreg=0.000911  z_std=0.0008  z_mean_norm=19.8755  t=947.9s
[§153-LeJEPA] step=  1125  L_total=0.000906  L_pred=0.000911  L_sigreg=0.000828  z_std=0.0008  z_mean_norm=19.2802  t=1015.6s
[§153-LeJEPA] step=  1200  L_total=0.000893  L_pred=0.000894  L_sigreg=0.000869  z_std=0.0008  z_mean_norm=18.6845  t=1083.3s
[§153-LeJEPA] step=  1275  L_total=0.000875  L_pred=0.000875  L_sigreg=0.000886  z_std=0.0007  z_mean_norm=18.0884  t=1151.0s
[§153-LeJEPA] step=  1350  L_total=0.000860  L_pred=0.000860  L_sigreg=0.000860  z_std=0.0007  z_mean_norm=17.4926  t=1218.7s
[§153-LeJEPA] step=  1425  L_total=0.000759  L_pred=0.000750  L_sigreg=0.000931  z_std=0.0007  z_mean_norm=16.8967  t=1286.4s
[§153-LeJEPA] step=  1500  L_total=0.000763  L_pred=0.000757  L_sigreg=0.000878  z_std=0.0007  z_mean_norm=16.3028  t=1354.0s
[§153-LeJEPA] step=  1575  L_total=0.000731  L_pred=0.000718  L_sigreg=0.000964  z_std=0.0007  z_mean_norm=15.7092  t=1421.6s
[§153-LeJEPA] step=  1650  L_total=0.000670  L_pred=0.000656  L_sigreg=0.000937  z_std=0.0007  z_mean_norm=15.1147  t=1489.3s
[§153-LeJEPA] step=  1725  L_total=0.000604  L_pred=0.000593  L_sigreg=0.000819  z_std=0.0006  z_mean_norm=14.5214  t=1557.0s
[§153-LeJEPA] step=  1800  L_total=0.000598  L_pred=0.000575  L_sigreg=0.001036  z_std=0.0006  z_mean_norm=13.9283  t=1624.7s
[§153-LeJEPA] step=  1875  L_total=0.000608  L_pred=0.000590  L_sigreg=0.000946  z_std=0.0006  z_mean_norm=13.3377  t=1692.4s
[§153-LeJEPA] step=  1950  L_total=0.000568  L_pred=0.000549  L_sigreg=0.000922  z_std=0.0006  z_mean_norm=12.7475  t=1760.1s
[§153-LeJEPA] step=  2025  L_total=0.000521  L_pred=0.000505  L_sigreg=0.000827  z_std=0.0006  z_mean_norm=12.1593  t=1827.8s
[§153-LeJEPA] step=  2100  L_total=0.000527  L_pred=0.000507  L_sigreg=0.000911  z_std=0.0006  z_mean_norm=11.5704  t=1895.6s
[§153-LeJEPA] step=  2175  L_total=0.000499  L_pred=0.000476  L_sigreg=0.000938  z_std=0.0006  z_mean_norm=10.9833  t=1963.3s
[§153-LeJEPA] step=  2250  L_total=0.000477  L_pred=0.000455  L_sigreg=0.000898  z_std=0.0005  z_mean_norm=10.3979  t=2031.0s
[§153-LeJEPA] step=  2325  L_total=0.000455  L_pred=0.000436  L_sigreg=0.000813  z_std=0.0005  z_mean_norm=9.8137  t=2098.8s
[§153-LeJEPA] step=  2400  L_total=0.000436  L_pred=0.000409  L_sigreg=0.000944  z_std=0.0005  z_mean_norm=9.2327  t=2166.6s
[§153-LeJEPA] step=  2475  L_total=0.000416  L_pred=0.000386  L_sigreg=0.000986  z_std=0.0005  z_mean_norm=8.6527  t=2234.3s
[§153-LeJEPA] step=  2550  L_total=0.000374  L_pred=0.000348  L_sigreg=0.000859  z_std=0.0005  z_mean_norm=8.0754  t=2302.0s
[§153-LeJEPA] step=  2625  L_total=0.000355  L_pred=0.000328  L_sigreg=0.000869  z_std=0.0005  z_mean_norm=7.5017  t=2369.7s
[§153-LeJEPA] step=  2700  L_total=0.000332  L_pred=0.000300  L_sigreg=0.000940  z_std=0.0004  z_mean_norm=6.9309  t=2437.4s
[§153-LeJEPA] step=  2775  L_total=0.000312  L_pred=0.000282  L_sigreg=0.000881  z_std=0.0004  z_mean_norm=6.3644  t=2505.2s
[§153-LeJEPA] step=  2850  L_total=0.000305  L_pred=0.000275  L_sigreg=0.000878  z_std=0.0004  z_mean_norm=5.8036  t=2572.9s
[§153-LeJEPA] step=  2925  L_total=0.000272  L_pred=0.000234  L_sigreg=0.001000  z_std=0.0004  z_mean_norm=5.2492  t=2640.7s
[§153-LeJEPA] step=  3000  L_total=0.000245  L_pred=0.000209  L_sigreg=0.000928  z_std=0.0004  z_mean_norm=4.7032  t=2708.4s
[§153-LeJEPA] DONE wall=2709.1s ckpt=/workspace/s153r/out_main/ckpt_lejepa_s153.pt
