[branch] SUBSTRATE = HYBRID(on-chip AKD1000 encoder ⊕ off-chip host-CPU decode head) — NOT pure AKIDA, NOT Lane G
[branch] akida 2.19.1 device BC.00.000.002 ip IpVersion.v1  corpus concepts=250 langs=5  DELTAS=[1, 7, 19] B=3  ladder=[100, 175, 250]
[branch] ===== CODEBOOK LADDER (a_scale_honest_scope, 3 rungs) =====
[branch] NC=100  N_TRAIN=70 (idx 0..69)  N_TEST=30 (idx 70..99)  on-chip enc transitions=1500
[branch]   off-chip head BPTT epoch 1/60  CE=4.0977 (branching walks, TRAIN targets only)
[branch]   off-chip head BPTT epoch 21/60  CE=0.2416 (branching walks, TRAIN targets only)
[branch]   off-chip head BPTT epoch 41/60  CE=0.1273 (branching walks, TRAIN targets only)
[branch]   off-chip head BPTT epoch 60/60  CE=0.1237 (branching walks, TRAIN targets only)
[branch] NC=100 trial 0: TRAIN-set(k1..K)=['0.4200', '0.8914', '0.8943'] HELD-OUT(k1..K)=['0.0067', '0.8733', '0.8933'] enc_learned=True
[branch]   off-chip head BPTT epoch 1/60  CE=4.2125 (branching walks, TRAIN targets only)
[branch]   off-chip head BPTT epoch 21/60  CE=0.1997 (branching walks, TRAIN targets only)
[branch]   off-chip head BPTT epoch 41/60  CE=0.0861 (branching walks, TRAIN targets only)
[branch]   off-chip head BPTT epoch 60/60  CE=0.0895 (branching walks, TRAIN targets only)
[branch] NC=100 trial 1: TRAIN-set(k1..K)=['0.4943', '0.8857', '0.9086'] HELD-OUT(k1..K)=['0.0133', '0.8533', '0.8667'] enc_learned=True
[branch]   off-chip head BPTT epoch 1/60  CE=3.9982 (branching walks, TRAIN targets only)
[branch]   off-chip head BPTT epoch 21/60  CE=0.1856 (branching walks, TRAIN targets only)
[branch]   off-chip head BPTT epoch 41/60  CE=0.1103 (branching walks, TRAIN targets only)
[branch]   off-chip head BPTT epoch 60/60  CE=0.1012 (branching walks, TRAIN targets only)
[branch] NC=100 trial 2: TRAIN-set(k1..K)=['0.4200', '0.8314', '0.9000'] HELD-OUT(k1..K)=['0.0000', '0.8467', '0.8933'] enc_learned=True
[branch]   off-chip head BPTT epoch 1/60  CE=4.3032 (branching walks, TRAIN targets only)
[branch]   off-chip head BPTT epoch 21/60  CE=0.1873 (branching walks, TRAIN targets only)
[branch]   off-chip head BPTT epoch 41/60  CE=0.0862 (branching walks, TRAIN targets only)
[branch]   off-chip head BPTT epoch 60/60  CE=0.0693 (branching walks, TRAIN targets only)
[branch] NC=100 trial 3: TRAIN-set(k1..K)=['0.4314', '0.8829', '0.8886'] HELD-OUT(k1..K)=['0.0067', '0.8467', '0.8267'] enc_learned=True
[branch]   off-chip head BPTT epoch 1/60  CE=3.9473 (branching walks, TRAIN targets only)
[branch]   off-chip head BPTT epoch 21/60  CE=0.1633 (branching walks, TRAIN targets only)
[branch]   off-chip head BPTT epoch 41/60  CE=0.0760 (branching walks, TRAIN targets only)
[branch]   off-chip head BPTT epoch 60/60  CE=0.0686 (branching walks, TRAIN targets only)
[branch] NC=100 trial 4: TRAIN-set(k1..K)=['0.4057', '0.8800', '0.8714'] HELD-OUT(k1..K)=['0.0000', '0.8867', '0.8467'] enc_learned=True
[branch]   off-chip head BPTT epoch 1/60  CE=4.1181 (branching walks, TRAIN targets only)
[branch]   off-chip head BPTT epoch 21/60  CE=0.1411 (branching walks, TRAIN targets only)
[branch]   off-chip head BPTT epoch 41/60  CE=0.0675 (branching walks, TRAIN targets only)
[branch]   off-chip head BPTT epoch 60/60  CE=0.0585 (branching walks, TRAIN targets only)
[branch] NC=100 trial 5: TRAIN-set(k1..K)=['0.4171', '0.8829', '0.8914'] HELD-OUT(k1..K)=['0.0067', '0.8667', '0.8733'] enc_learned=True
[branch]   off-chip head BPTT epoch 1/60  CE=4.1657 (branching walks, TRAIN targets only)
[branch]   off-chip head BPTT epoch 21/60  CE=0.1662 (branching walks, TRAIN targets only)
[branch]   off-chip head BPTT epoch 41/60  CE=0.0704 (branching walks, TRAIN targets only)
[branch]   off-chip head BPTT epoch 60/60  CE=0.0566 (branching walks, TRAIN targets only)
[branch] NC=100 trial 6: TRAIN-set(k1..K)=['0.4686', '0.8829', '0.9086'] HELD-OUT(k1..K)=['0.0000', '0.8267', '0.8800'] enc_learned=True
[branch]   off-chip head BPTT epoch 1/60  CE=4.0702 (branching walks, TRAIN targets only)
[branch]   off-chip head BPTT epoch 21/60  CE=0.2232 (branching walks, TRAIN targets only)
[branch]   off-chip head BPTT epoch 41/60  CE=0.1137 (branching walks, TRAIN targets only)
[branch]   off-chip head BPTT epoch 60/60  CE=0.0951 (branching walks, TRAIN targets only)
[branch] NC=100 trial 7: TRAIN-set(k1..K)=['0.4257', '0.8771', '0.8914'] HELD-OUT(k1..K)=['0.0000', '0.8667', '0.9067'] enc_learned=True
[branch] NC=175  N_TRAIN=123 (idx 0..122)  N_TEST=52 (idx 123..174)  on-chip enc transitions=2625
[branch]   off-chip head BPTT epoch 1/60  CE=5.0142 (branching walks, TRAIN targets only)
[branch]   off-chip head BPTT epoch 21/60  CE=0.8355 (branching walks, TRAIN targets only)
[branch]   off-chip head BPTT epoch 41/60  CE=0.2025 (branching walks, TRAIN targets only)
[branch]   off-chip head BPTT epoch 60/60  CE=0.1256 (branching walks, TRAIN targets only)
[branch] NC=175 trial 0: TRAIN-set(k1..K)=['0.2423', '0.7724', '0.8732'] HELD-OUT(k1..K)=['0.0038', '0.7154', '0.7923'] enc_learned=True
[branch]   off-chip head BPTT epoch 1/60  CE=5.1210 (branching walks, TRAIN targets only)
[branch]   off-chip head BPTT epoch 21/60  CE=0.7574 (branching walks, TRAIN targets only)
[branch]   off-chip head BPTT epoch 41/60  CE=0.2154 (branching walks, TRAIN targets only)
[branch]   off-chip head BPTT epoch 60/60  CE=0.1299 (branching walks, TRAIN targets only)
[branch] NC=175 trial 1: TRAIN-set(k1..K)=['0.2553', '0.7203', '0.7984'] HELD-OUT(k1..K)=['0.0077', '0.6769', '0.7500'] enc_learned=True
[branch]   off-chip head BPTT epoch 1/60  CE=5.0286 (branching walks, TRAIN targets only)
[branch]   off-chip head BPTT epoch 21/60  CE=0.5008 (branching walks, TRAIN targets only)
[branch]   off-chip head BPTT epoch 41/60  CE=0.1323 (branching walks, TRAIN targets only)
[branch]   off-chip head BPTT epoch 60/60  CE=0.0984 (branching walks, TRAIN targets only)
[branch] NC=175 trial 2: TRAIN-set(k1..K)=['0.2439', '0.8748', '0.8894'] HELD-OUT(k1..K)=['0.0077', '0.8385', '0.7962'] enc_learned=True
[branch]   off-chip head BPTT epoch 1/60  CE=5.0880 (branching walks, TRAIN targets only)
[branch]   off-chip head BPTT epoch 21/60  CE=0.6411 (branching walks, TRAIN targets only)
[branch]   off-chip head BPTT epoch 41/60  CE=0.1719 (branching walks, TRAIN targets only)
[branch]   off-chip head BPTT epoch 60/60  CE=0.1206 (branching walks, TRAIN targets only)
[branch] NC=175 trial 3: TRAIN-set(k1..K)=['0.2699', '0.8016', '0.8260'] HELD-OUT(k1..K)=['0.0038', '0.8423', '0.8462'] enc_learned=True
[branch]   off-chip head BPTT epoch 1/60  CE=4.9171 (branching walks, TRAIN targets only)
[branch]   off-chip head BPTT epoch 21/60  CE=0.5751 (branching walks, TRAIN targets only)
[branch]   off-chip head BPTT epoch 41/60  CE=0.1529 (branching walks, TRAIN targets only)
[branch]   off-chip head BPTT epoch 60/60  CE=0.1026 (branching walks, TRAIN targets only)
[branch] NC=175 trial 4: TRAIN-set(k1..K)=['0.2520', '0.7772', '0.8244'] HELD-OUT(k1..K)=['0.0038', '0.7962', '0.8346'] enc_learned=True
[branch]   off-chip head BPTT epoch 1/60  CE=5.0528 (branching walks, TRAIN targets only)
[branch]   off-chip head BPTT epoch 21/60  CE=0.5190 (branching walks, TRAIN targets only)
[branch]   off-chip head BPTT epoch 41/60  CE=0.1413 (branching walks, TRAIN targets only)
[branch]   off-chip head BPTT epoch 60/60  CE=0.0980 (branching walks, TRAIN targets only)
[branch] NC=175 trial 5: TRAIN-set(k1..K)=['0.2618', '0.8520', '0.8537'] HELD-OUT(k1..K)=['0.0038', '0.7769', '0.8231'] enc_learned=True
[branch]   off-chip head BPTT epoch 1/60  CE=5.1677 (branching walks, TRAIN targets only)
[branch]   off-chip head BPTT epoch 21/60  CE=0.5198 (branching walks, TRAIN targets only)
[branch]   off-chip head BPTT epoch 41/60  CE=0.1175 (branching walks, TRAIN targets only)
[branch]   off-chip head BPTT epoch 60/60  CE=0.0870 (branching walks, TRAIN targets only)
[branch] NC=175 trial 6: TRAIN-set(k1..K)=['0.2650', '0.7967', '0.8488'] HELD-OUT(k1..K)=['0.0038', '0.7885', '0.8346'] enc_learned=True
[branch]   off-chip head BPTT epoch 1/60  CE=4.8595 (branching walks, TRAIN targets only)
[branch]   off-chip head BPTT epoch 21/60  CE=0.5001 (branching walks, TRAIN targets only)
[branch]   off-chip head BPTT epoch 41/60  CE=0.1375 (branching walks, TRAIN targets only)
[branch]   off-chip head BPTT epoch 60/60  CE=0.1022 (branching walks, TRAIN targets only)
[branch] NC=175 trial 7: TRAIN-set(k1..K)=['0.2472', '0.7789', '0.8114'] HELD-OUT(k1..K)=['0.0038', '0.7269', '0.8115'] enc_learned=True
[branch] NC=250  N_TRAIN=175 (idx 0..174)  N_TEST=75 (idx 175..249)  on-chip enc transitions=3750
[branch]   off-chip head BPTT epoch 1/60  CE=5.5160 (branching walks, TRAIN targets only)
[branch]   off-chip head BPTT epoch 21/60  CE=0.6586 (branching walks, TRAIN targets only)
[branch]   off-chip head BPTT epoch 41/60  CE=0.1617 (branching walks, TRAIN targets only)
[branch]   off-chip head BPTT epoch 60/60  CE=0.1198 (branching walks, TRAIN targets only)
[branch] NC=250 trial 0: TRAIN-set(k1..K)=['0.1760', '0.8057', '0.8171'] HELD-OUT(k1..K)=['0.0000', '0.7947', '0.8347'] enc_learned=True
[branch]   off-chip head BPTT epoch 1/60  CE=5.5104 (branching walks, TRAIN targets only)
[branch]   off-chip head BPTT epoch 21/60  CE=0.7661 (branching walks, TRAIN targets only)
[branch]   off-chip head BPTT epoch 41/60  CE=0.1742 (branching walks, TRAIN targets only)
[branch]   off-chip head BPTT epoch 60/60  CE=0.1121 (branching walks, TRAIN targets only)
[branch] NC=250 trial 1: TRAIN-set(k1..K)=['0.1726', '0.7611', '0.7874'] HELD-OUT(k1..K)=['0.0000', '0.7173', '0.7360'] enc_learned=True
[branch]   off-chip head BPTT epoch 1/60  CE=5.4553 (branching walks, TRAIN targets only)
[branch]   off-chip head BPTT epoch 21/60  CE=0.9107 (branching walks, TRAIN targets only)
[branch]   off-chip head BPTT epoch 41/60  CE=0.2373 (branching walks, TRAIN targets only)
[branch]   off-chip head BPTT epoch 60/60  CE=0.1357 (branching walks, TRAIN targets only)
[branch] NC=250 trial 2: TRAIN-set(k1..K)=['0.1806', '0.7703', '0.8343'] HELD-OUT(k1..K)=['0.0000', '0.6880', '0.7973'] enc_learned=True
[branch]   off-chip head BPTT epoch 1/60  CE=5.5109 (branching walks, TRAIN targets only)
[branch]   off-chip head BPTT epoch 21/60  CE=0.5974 (branching walks, TRAIN targets only)
[branch]   off-chip head BPTT epoch 41/60  CE=0.1371 (branching walks, TRAIN targets only)
[branch]   off-chip head BPTT epoch 60/60  CE=0.0981 (branching walks, TRAIN targets only)
[branch] NC=250 trial 3: TRAIN-set(k1..K)=['0.1680', '0.7486', '0.8057'] HELD-OUT(k1..K)=['0.0000', '0.7093', '0.8000'] enc_learned=True
[branch]   off-chip head BPTT epoch 1/60  CE=5.4751 (branching walks, TRAIN targets only)
[branch]   off-chip head BPTT epoch 21/60  CE=0.8437 (branching walks, TRAIN targets only)
[branch]   off-chip head BPTT epoch 41/60  CE=0.2547 (branching walks, TRAIN targets only)
[branch]   off-chip head BPTT epoch 60/60  CE=0.1614 (branching walks, TRAIN targets only)
[branch] NC=250 trial 4: TRAIN-set(k1..K)=['0.1634', '0.7794', '0.8549'] HELD-OUT(k1..K)=['0.0000', '0.7627', '0.8053'] enc_learned=True
[branch]   off-chip head BPTT epoch 1/60  CE=5.5350 (branching walks, TRAIN targets only)
[branch]   off-chip head BPTT epoch 21/60  CE=0.8897 (branching walks, TRAIN targets only)
[branch]   off-chip head BPTT epoch 41/60  CE=0.2135 (branching walks, TRAIN targets only)
[branch]   off-chip head BPTT epoch 60/60  CE=0.1425 (branching walks, TRAIN targets only)
[branch] NC=250 trial 5: TRAIN-set(k1..K)=['0.1714', '0.7771', '0.8331'] HELD-OUT(k1..K)=['0.0000', '0.7787', '0.8213'] enc_learned=True
[branch]   off-chip head BPTT epoch 1/60  CE=5.5717 (branching walks, TRAIN targets only)
[branch]   off-chip head BPTT epoch 21/60  CE=0.7404 (branching walks, TRAIN targets only)
[branch]   off-chip head BPTT epoch 41/60  CE=0.1607 (branching walks, TRAIN targets only)
[branch]   off-chip head BPTT epoch 60/60  CE=0.1032 (branching walks, TRAIN targets only)
[branch] NC=250 trial 6: TRAIN-set(k1..K)=['0.1874', '0.8137', '0.8354'] HELD-OUT(k1..K)=['0.0000', '0.7813', '0.8187'] enc_learned=True
[branch]   off-chip head BPTT epoch 1/60  CE=5.4326 (branching walks, TRAIN targets only)
[branch]   off-chip head BPTT epoch 21/60  CE=0.6549 (branching walks, TRAIN targets only)
[branch]   off-chip head BPTT epoch 41/60  CE=0.1859 (branching walks, TRAIN targets only)
[branch]   off-chip head BPTT epoch 60/60  CE=0.1405 (branching walks, TRAIN targets only)
[branch] NC=250 trial 7: TRAIN-set(k1..K)=['0.1737', '0.7783', '0.8069'] HELD-OUT(k1..K)=['0.0053', '0.7333', '0.8400'] enc_learned=True
[branch] NC=250 hop 1: TRAIN=0.1741 HELD=0.0007 (ratio=0.004) | held ci_lo=-0.0006 shufNULL hi=0.0227 p=0.9950 | chance=0.0120 | heldAboveShuf=False
[branch] NC=250 hop 2: TRAIN=0.7793 HELD=0.7457 (ratio=0.957) | held ci_lo=0.7186 shufNULL hi=0.0417 p=0.0050 | chance=0.0120 | heldAboveShuf=True
[branch] NC=250 hop 3: TRAIN=0.8219 HELD=0.8067 (ratio=0.982) | held ci_lo=0.7842 shufNULL hi=0.0428 p=0.0050 | chance=0.0120 | heldAboveShuf=True

[branch] ========== DISPOSITION ==========
[branch] SUBSTRATE               : HYBRID(on-chip AKD1000 encoder ⊕ off-chip host-CPU decode head)
[branch] branching operator      : succ(i)={(i+d) mod NC : d in [1, 7, 19]}  B=3
[branch] LADDER (held-out hop-2 set-membership across NC rungs):
[branch]   NC=100  chance=0.0303  decay_TRAIN=[0.4354, 0.8768, 0.8943]  decay_HELD-OUT=[0.0042, 0.8583, 0.8733]  ratio=[0.0096, 0.979, 0.9766]
[branch]   NC=175  chance=0.0172  decay_TRAIN=[0.2547, 0.7967, 0.8407]  decay_HELD-OUT=[0.0048, 0.7702, 0.8111]  ratio=[0.0189, 0.9667, 0.9648]
[branch]   NC=250  chance=0.0120  decay_TRAIN=[0.1741, 0.7793, 0.8219]  decay_HELD-OUT=[0.0007, 0.7457, 0.8067]  ratio=[0.0038, 0.9569, 0.9815]
[branch] HEADLINE NC=250 chance=0.0120
[branch] decay TRAIN  (in-dist)  : ['0.1741', '0.7793', '0.8219']
[branch] decay HELD-OUT          : ['0.0007', '0.7457', '0.8067']
[branch] PR#1694 holdout (det)   : [0.0000, 0.0000, 0.0000]  (the deterministic-chain collapse this rung repairs)
[branch] hop 1  TRAIN=0.1741 HELD=0.0007 ratio=0.004 | held ci_lo=-0.0006 shufNULL hi=0.0227 p=0.9950 | chance=0.0120 | heldAboveShuf=False
[branch] hop 2  TRAIN=0.7793 HELD=0.7457 ratio=0.957 | held ci_lo=0.7186 shufNULL hi=0.0417 p=0.0050 | chance=0.0120 | heldAboveShuf=True
[branch] hop 3  TRAIN=0.8219 HELD=0.8067 ratio=0.982 | held ci_lo=0.7842 shufNULL hi=0.0428 p=0.0050 | chance=0.0120 | heldAboveShuf=True
[branch] F-BRANCH-1 (held>NULL)   : REFUTED: held-out hop-2 AND hop-3 STAY ABOVE the shuffle-NULL on the branching set-membership metric (each ci_lo>NULL hi AND p<0.05) -> a branching corpus FORCES a TRANSFERABLE transition OPERATOR; the off-chip head composes on concepts held out of training -> GENUINE multi-step composition, NOT a per-concept lookup
[branch] F-BRANCH-2 (within 2.0x) : REFUTED: held-out hop-2 (0.7457) is within 2.0x of in-dist hop-2 (0.7793) [>= 0.3896] -> held-out tracks in-dist
[branch] GENERALIZES              : True
[branch] DISPOSITION              : GENERALIZES — a BRANCHING corpus FORCES a transferable transition OPERATOR. The off-chip recurrent head, trained on random branching walks with TRAIN-concept targets ONLY, decodes hop-2/3 successors for TEST concepts it was NEVER trained to emit, landing in the valid (B=3) successor set ABOVE the shuffle-NULL AND within 2.0x of in-dist. Multi-step composition is REAL (the head learned the offset operator, not a per-concept lookup). The PR#1694 exact-0.0000 was an ARTEFACT of the deterministic single-chain corpus, REPAIRED at the root cause. Lane A HYBRID PUBLIC RE-UPGRADES (hybrid-scoped, branching-validated; on-chip AKD1000 encoder ⊕ off-chip host-CPU decode head) — NOT pure-AKIDA, NOT Lane G. STILL toy (a_scale_honest_scope, 3-rung ladder reported); next rung = 3B.
[branch] wrote /home/ubuntu/clm_kosmos_akida/out/result_onchip_xlm_branching.json
