================================================================
  H_326 — BRIDGE composition closure 🔵 (Boolean algebra)
================================================================
  [PASS] F326.1 ASSOCIATIVE: (A∧B)∧C == A∧(B∧C)
  [PASS] F326.2 COMMUTATIVE: A∧B == B∧A
  [PASS] F326.3 IDEMPOTENT: A∧A == A (T∧T=T)
  [PASS] F326.3b IDEMPOTENT: A∧A == A (F∧F=F)
  [PASS] F326.4 IDENTITY: T∧T==T
  [PASS] F326.4b IDENTITY: F∧T==F
  [PASS] F326.5 ANNIHILATOR: T∧F==F
  [PASS] F326.5b ANNIHILATOR: F∧F==F
  [PASS] F326.6 CLOSURE: 2-BRIDGE 합성 = 4-input AND-gate (4T→T, 1F→F)
  [PASS] F326.7 DETERMINISTIC
  [PASS] F326.8 BOUND: boolean output
================================================================
  RESULT: 11 PASS / 0 FAIL
  ✅ BRIDGE COMPOSITION CLOSURE — 🔵 SUPPORTED-FORMAL
    BRIDGE 가 Boolean monoid (associative, commutative, idempotent, identity T, annihilator F)
    → 임의 N-condition emit 가 N-BRIDGE composition 으로 표현
================================================================
