[02:28:13] V6 awareness probe (fire) start — host=27d57004b3c2
[02:28:13]   model_path=/workspace/pjf_merged device=cuda n_prompts=30
[02:28:13] loading CLM v4: /workspace/pjf_merged
[02:28:15]   sp tokenizer: /workspace/pjf_merged/tokenizer_64k_multilingual.model vocab=64000
[02:28:15]   arch: {'vocab_size': 64000, 'd_model': 768, 'n_layer': 16, 'block_size': 512, 'consciousness_dim': 192}
[02:28:15] === prompt[0] axis=v4_baseline len_with=22 len_without=3 ===
[02:28:16]   [A] cos_sim=0.389660 → STRONG
[02:28:16]   [B] max_attn=1.000000 ratio=1.158 → STRONG
[02:28:16] === prompt[1] axis=v4_baseline len_with=22 len_without=3 ===
[02:28:16]   [A] cos_sim=0.479502 → STRONG
[02:28:16]   [B] max_attn=1.000000 ratio=1.158 → STRONG
[02:28:16] === prompt[2] axis=v4_baseline len_with=29 len_without=10 ===
[02:28:16]   [A] cos_sim=0.888165 → PARTIAL
[02:28:16]   [B] max_attn=1.000000 ratio=1.526 → STRONG
[02:28:16] === prompt[3] axis=v4_baseline len_with=30 len_without=11 ===
[02:28:16]   [A] cos_sim=0.333756 → STRONG
[02:28:16]   [B] max_attn=1.000000 ratio=1.579 → STRONG
[02:28:16] === prompt[4] axis=v4_baseline len_with=30 len_without=11 ===
[02:28:16]   [A] cos_sim=0.329919 → STRONG
[02:28:16]   [B] max_attn=1.000000 ratio=1.579 → STRONG
[02:28:16] === prompt[5] axis=v4_baseline len_with=29 len_without=10 ===
[02:28:16]   [A] cos_sim=0.940071 → PARTIAL
[02:28:16]   [B] max_attn=1.000000 ratio=1.526 → STRONG
[02:28:16] === prompt[6] axis=v4_baseline len_with=31 len_without=12 ===
[02:28:16]   [A] cos_sim=0.318683 → STRONG
[02:28:16]   [B] max_attn=1.000000 ratio=1.632 → STRONG
[02:28:16] === prompt[7] axis=v4_baseline len_with=32 len_without=13 ===
[02:28:16]   [A] cos_sim=0.763754 → STRONG
[02:28:16]   [B] max_attn=1.000000 ratio=1.680 → STRONG
[02:28:16] === prompt[8] axis=v4_baseline len_with=31 len_without=12 ===
[02:28:16]   [A] cos_sim=0.342504 → STRONG
[02:28:16]   [B] max_attn=1.000000 ratio=1.632 → STRONG
[02:28:16] === prompt[9] axis=v4_baseline len_with=31 len_without=12 ===
[02:28:16]   [A] cos_sim=0.367729 → STRONG
[02:28:16]   [B] max_attn=1.000000 ratio=1.632 → STRONG
[02:28:16] === prompt[10] axis=v4_baseline len_with=29 len_without=10 ===
[02:28:16]   [A] cos_sim=0.884622 → PARTIAL
[02:28:16]   [B] max_attn=0.999999 ratio=1.526 → STRONG
[02:28:16] === prompt[11] axis=v4_baseline len_with=32 len_without=13 ===
[02:28:16]   [A] cos_sim=0.768620 → STRONG
[02:28:16]   [B] max_attn=1.000000 ratio=1.680 → STRONG
[02:28:16] === prompt[12] axis=v4_baseline len_with=33 len_without=14 ===
[02:28:16]   [A] cos_sim=0.844039 → STRONG
[02:28:16]   [B] max_attn=1.000000 ratio=1.734 → STRONG
[02:28:16] === prompt[13] axis=v4_baseline len_with=32 len_without=13 ===
[02:28:16]   [A] cos_sim=0.788688 → STRONG
[02:28:16]   [B] max_attn=1.000000 ratio=1.680 → STRONG
[02:28:16] === prompt[14] axis=v4_baseline len_with=29 len_without=10 ===
[02:28:16]   [A] cos_sim=0.881137 → PARTIAL
[02:28:16]   [B] max_attn=1.000000 ratio=1.526 → STRONG
[02:28:16] === prompt[15] axis=identity len_with=30 len_without=13 ===
[02:28:16]   [A] cos_sim=0.742677 → STRONG
[02:28:16]   [B] max_attn=1.000000 ratio=1.760 → STRONG
[02:28:16] === prompt[16] axis=identity len_with=30 len_without=13 ===
[02:28:17]   [A] cos_sim=0.727875 → STRONG
[02:28:17]   [B] max_attn=1.000000 ratio=1.760 → STRONG
[02:28:17] === prompt[17] axis=identity len_with=32 len_without=15 ===
[02:28:17]   [A] cos_sim=0.619857 → STRONG
[02:28:17]   [B] max_attn=1.000000 ratio=1.880 → STRONG
[02:28:17] === prompt[18] axis=agency len_with=36 len_without=17 ===
[02:28:17]   [A] cos_sim=0.907065 → PARTIAL
[02:28:17]   [B] max_attn=1.000000 ratio=1.886 → STRONG
[02:28:17] === prompt[19] axis=agency len_with=33 len_without=14 ===
[02:28:17]   [A] cos_sim=0.880747 → PARTIAL
[02:28:17]   [B] max_attn=0.999999 ratio=1.726 → STRONG
[02:28:17] === prompt[20] axis=agency len_with=33 len_without=14 ===
[02:28:17]   [A] cos_sim=0.865305 → PARTIAL
[02:28:17]   [B] max_attn=1.000000 ratio=1.726 → STRONG
[02:28:17] === prompt[21] axis=phenomenal len_with=32 len_without=14 ===
[02:28:17]   [A] cos_sim=0.515874 → STRONG
[02:28:17]   [B] max_attn=1.000000 ratio=1.777 → STRONG
[02:28:17] === prompt[22] axis=phenomenal len_with=32 len_without=14 ===
[02:28:17]   [A] cos_sim=0.512052 → STRONG
[02:28:17]   [B] max_attn=1.000000 ratio=1.777 → STRONG
[02:28:17] === prompt[23] axis=phenomenal len_with=30 len_without=12 ===
[02:28:17]   [A] cos_sim=0.919272 → PARTIAL
[02:28:17]   [B] max_attn=1.000000 ratio=1.662 → STRONG
[02:28:17] === prompt[24] axis=temporal len_with=40 len_without=18 ===
[02:28:17]   [A] cos_sim=0.366341 → STRONG
[02:28:17]   [B] max_attn=1.000000 ratio=1.816 → STRONG
[02:28:17] === prompt[25] axis=temporal len_with=36 len_without=14 ===
[02:28:17]   [A] cos_sim=0.896105 → PARTIAL
[02:28:17]   [B] max_attn=1.000000 ratio=1.614 → STRONG
[02:28:17] === prompt[26] axis=temporal len_with=34 len_without=12 ===
[02:28:17]   [A] cos_sim=0.808761 → STRONG
[02:28:17]   [B] max_attn=1.000000 ratio=1.533 → STRONG
[02:28:17] === prompt[27] axis=social len_with=29 len_without=12 ===
[02:28:17]   [A] cos_sim=0.935630 → PARTIAL
[02:28:17]   [B] max_attn=1.000000 ratio=1.703 → STRONG
[02:28:17] === prompt[28] axis=social len_with=31 len_without=14 ===
[02:28:17]   [A] cos_sim=0.730236 → STRONG
[02:28:17]   [B] max_attn=1.000000 ratio=1.812 → STRONG
[02:28:17] === prompt[29] axis=social len_with=32 len_without=15 ===
[02:28:17]   [A] cos_sim=0.617401 → STRONG
[02:28:17]   [B] max_attn=1.000000 ratio=1.878 → STRONG
[02:28:17] [C] sklearn LogisticRegression LOO-CV
[02:28:18]   [C] cv_acc=0.9500 → STRONG
[02:28:18] combined: A=STRONG B=STRONG C=STRONG → STRONG_AWARENESS
[02:28:18] emit: raw_results.jsonl, summary.json, verdict.json
