=== v5mitosis_cotrain_v3_routing vast.ai H100 dispatch (routing fix g2+g3) ===
Wed May 13 11:22:44 UTC 2026
  steps=15000 d_model=512 cells=4-64 batch=8 ctx=128
  ROUTING: top_k=4 aux_alpha=0.01 λ_init=1.0 λ_final=0.01 sched=cosine
  cost_cap=$20.0 absolute_max=$22.0
[1/9] Searching GPU offers (gpu_name in [H100_SXM,H100_PCIE,A100_SXM4,A100_PCIE,RTX_6000Ada,RTX_4090] num_gpus=1 reliability>0.95 dph_total<4.0 disk_space>50 inet_down>100) ...
  Selected: id=30259780 dph=$0.2538 gpu=RTX
[2/9] cost gate OK (est $1.27)
[3/9] Renting...
  Instance ID: 36682389
[4/9] Waiting SSH (direct-IP) ...
  ... 1/160 status=None
  ... 2/160 status=None
  ... 3/160 status=loading
  ... 4/160 status=loading
  ... 5/160 status=loading
  ... 6/160 status=loading
  ... 7/160 status=loading
  ... 8/160 status=loading
  ... 9/160 status=loading
  ... 10/160 status=loading
  ... 11/160 status=loading
  ... 12/160 status=loading
  ... 13/160 status=running
  ... 14/160 status=running
  ... 15/160 status=running
  SSH ready: 172.81.127.36:17193 (16x5s)
[5/9] Uploading code+corpus+probe ...
Warning: Permanently added '[172.81.127.36]:17193' (ED25519) to the list of known hosts.
Welcome to vast.ai. If authentication fails, try again after a few seconds, and double check your ssh key.
Have fun!
Warning: Permanently added '[172.81.127.36]:17193' (ED25519) to the list of known hosts.
Welcome to vast.ai. If authentication fails, try again after a few seconds, and double check your ssh key.
Have fun!
Warning: Permanently added '[172.81.127.36]:17193' (ED25519) to the list of known hosts.
Welcome to vast.ai. If authentication fails, try again after a few seconds, and double check your ssh key.
Have fun!
Warning: Permanently added '[172.81.127.36]:17193' (ED25519) to the list of known hosts.
Welcome to vast.ai. If authentication fails, try again after a few seconds, and double check your ssh key.
Have fun!
Warning: Permanently added '[172.81.127.36]:17193' (ED25519) to the list of known hosts.
Welcome to vast.ai. If authentication fails, try again after a few seconds, and double check your ssh key.
Have fun!
[6/9] (image already has torch — skip pip install)
[7/9] Train v3-routing ...
Warning: Permanently added '[172.81.127.36]:17193' (ED25519) to the list of known hosts.
Welcome to vast.ai. If authentication fails, try again after a few seconds, and double check your ssh key.
Have fun!
[INFO] device=cuda torch=2.5.1+cu121 cuda=True
[INFO] gpu=NVIDIA GeForce RTX 4090
[INFO] cfg = {'vocab_size': 256, 'd_model': 512, 'n_head': 8, 'ffn_dim': 2048, 'max_seq': 128, 'n_layer': 1, 'initial_cells': 4, 'max_cells': 64, 'min_cells': 2, 'split_patience': 3, 'merge_threshold': 0.005, 'merge_patience': 30, 'noise_scale': 0.1, 'lorenz_scale': 0.05, 'adaptive_window': 100, 'readout_mode': 'a_minus_g', 'attention_sharing': 'auto', 'weight_tied_lm_head': True, 'dropout': 0.0, 'tie_pos_emb': True, 'dispersion_trigger_enabled': True, 'dispersion_top_quartile': 0.25, 'per_cell_threshold_enabled': True, 'per_cell_window': 100, 'per_cell_sigma_mult': 1.5, 'lorenz_auto_calibrate': True, 'lorenz_calibration_factor': 1.0}
[INFO] n_params(engine+router)=21,230,656  router_out_dim=64 top_k=4
[INFO] corpus=corpus/corpus_persona_balanced.txt bytes=1,300,270
[INFO] top_k=4 aux_alpha=0.01 λ_init=1.0 λ_final=0.01 sched=cosine
[STEP     0] loss=357.3196 ce=358.6940 aux=1.0000 ent_gate=1.3844/1.386 wmax=0.2731 active>.01=4.0/4 λ=1.0000 cells=4 splits=0 cost=$0.00
[STEP    50] loss=344.0125 ce=349.4749 aux=1.0711 ent_gate=2.0455/2.833 wmax=0.2804 active>.01=4.0/17 λ=1.0000 cells=17 splits=13 cost=$0.00
[STEP   100] loss=342.9734 ce=347.8825 aux=1.1649 ent_gate=2.9902/3.045 wmax=0.2770 active>.01=4.0/21 λ=1.0000 cells=21 splits=17 cost=$0.00
[STEP   150] loss=340.1741 ce=345.8665 aux=1.1682 ent_gate=3.1940/3.714 wmax=0.2843 active>.01=4.0/41 λ=1.0000 cells=41 splits=37 cost=$0.00
[STEP   200] loss=335.4919 ce=343.2622 aux=1.1916 ent_gate=4.0586/4.159 wmax=0.2918 active>.01=4.0/64 λ=1.0000 cells=64 splits=60 cost=$0.00
[STEP   250] loss=321.4474 ce=333.4629 aux=1.1792 ent_gate=4.1565/4.159 wmax=0.3015 active>.01=4.0/64 λ=1.0000 cells=64 splits=60 cost=$0.00
[STEP   300] loss=286.9064 ce=310.0975 aux=1.1738 ent_gate=4.1569/4.159 wmax=0.3045 active>.01=4.0/64 λ=1.0000 cells=64 splits=60 cost=$0.00
[STEP   350] loss=222.5837 ce=260.0776 aux=1.1655 ent_gate=4.1574/4.159 wmax=0.2845 active>.01=4.0/64 λ=1.0000 cells=64 splits=60 cost=$0.01
[STEP   400] loss=142.9507 ce=188.5576 aux=1.1542 ent_gate=4.1577/4.159 wmax=0.2678 active>.01=4.0/64 λ=1.0000 cells=64 splits=60 cost=$0.01
[STEP   450] loss=64.4243 ce=109.0790 aux=1.1366 ent_gate=4.1580/4.159 wmax=0.2649 active>.01=4.0/64 λ=1.0000 cells=64 splits=60 cost=$0.01
[STEP   500] loss=22.3376 ce=44.3670 aux=1.1076 ent_gate=4.1579/4.159 wmax=0.3013 active>.01=4.0/64 λ=1.0000 cells=64 splits=60 cost=$0.01
[STEP   550] loss=7.0125 ce=18.6871 aux=1.2117 ent_gate=4.1545/4.159 wmax=0.3722 active>.01=4.0/64 λ=1.0000 cells=64 splits=60 cost=$0.01
[STEP   600] loss=1.7381 ce=8.1848 aux=1.3742 ent_gate=4.1461/4.159 wmax=0.4528 active>.01=4.0/64 λ=1.0000 cells=64 splits=60 cost=$0.01
[STEP   650] loss=-0.0721 ce=4.4901 aux=1.6134 ent_gate=4.1283/4.159 wmax=0.5412 active>.01=4.0/64 λ=1.0000 cells=64 splits=60 cost=$0.01
[STEP   700] loss=-1.0167 ce=3.2539 aux=1.9163 ent_gate=4.0992/4.159 wmax=0.6217 active>.01=4.0/64 λ=1.0000 cells=64 splits=60 cost=$0.01
[STEP   750] loss=-1.4947 ce=2.7798 aux=2.1421 ent_gate=4.0738/4.159 wmax=0.6674 active>.01=4.0/64 λ=1.0000 cells=64 splits=60 cost=$0.01
[STEP   800] loss=-1.7043 ce=2.5064 aux=2.1173 ent_gate=4.0770/4.159 wmax=0.6617 active>.01=4.0/64 λ=1.0000 cells=64 splits=60 cost=$0.01
[STEP   850] loss=-1.8118 ce=2.3750 aux=1.9922 ent_gate=4.0915/4.159 wmax=0.6361 active>.01=4.0/64 λ=1.0000 cells=64 splits=60 cost=$0.02
[STEP   900] loss=-1.8935 ce=2.2267 aux=1.8785 ent_gate=4.1036/4.159 wmax=0.6126 active>.01=4.0/64 λ=1.0000 cells=64 splits=60 cost=$0.02
[STEP   950] loss=-1.9098 ce=2.1625 aux=1.8108 ent_gate=4.1108/4.159 wmax=0.5944 active>.01=4.0/64 λ=1.0000 cells=64 splits=60 cost=$0.02
[STEP  1000] loss=-1.9824 ce=2.0888 aux=1.7657 ent_gate=4.1152/4.159 wmax=0.5825 active>.01=4.0/64 λ=1.0000 cells=64 splits=60 cost=$0.02
[STEP  1050] loss=-2.1860 ce=2.0645 aux=1.7072 ent_gate=4.1207/4.159 wmax=0.5665 active>.01=4.0/64 λ=1.0000 cells=64 splits=60 cost=$0.02
[STEP  1100] loss=-2.1799 ce=1.9963 aux=1.6482 ent_gate=4.1260/4.159 wmax=0.5492 active>.01=4.0/64 λ=0.9999 cells=64 splits=60 cost=$0.02
[STEP  1150] loss=-2.0693 ce=1.9696 aux=1.6247 ent_gate=4.1281/4.159 wmax=0.5414 active>.01=4.0/64 λ=0.9997 cells=64 splits=60 cost=$0.02
[STEP  1200] loss=-2.1942 ce=1.9384 aux=1.5876 ent_gate=4.1310/4.159 wmax=0.5311 active>.01=4.0/64 λ=0.9995 cells=64 splits=60 cost=$0.02
[STEP  1250] loss=-2.3191 ce=1.9219 aux=1.5791 ent_gate=4.1318/4.159 wmax=0.5272 active>.01=4.0/64 λ=0.9992 cells=64 splits=60 cost=$0.02
[STEP  1300] loss=-2.1401 ce=1.9128 aux=1.5499 ent_gate=4.1341/4.159 wmax=0.5184 active>.01=4.0/64 λ=0.9989 cells=64 splits=60 cost=$0.02
[STEP  1350] loss=-2.3428 ce=1.9010 aux=1.5409 ent_gate=4.1348/4.159 wmax=0.5150 active>.01=4.0/64 λ=0.9985 cells=64 splits=60 cost=$0.03
[STEP  1400] loss=-2.2231 ce=1.8764 aux=1.4993 ent_gate=4.1379/4.159 wmax=0.5007 active>.01=4.0/64 λ=0.9980 cells=64 splits=60 cost=$0.03
[STEP  1450] loss=-2.2406 ce=1.8330 aux=1.4973 ent_gate=4.1380/4.159 wmax=0.5005 active>.01=4.0/64 λ=0.9975 cells=64 splits=60 cost=$0.03
[STEP  1500] loss=-2.2185 ce=1.8210 aux=1.4800 ent_gate=4.1396/4.159 wmax=0.4906 active>.01=4.0/64 λ=0.9969 cells=64 splits=60 cost=$0.03
[STEP  1550] loss=-2.2170 ce=1.7892 aux=1.4636 ent_gate=4.1406/4.159 wmax=0.4866 active>.01=4.0/64 λ=0.9962 cells=64 splits=60 cost=$0.03
[STEP  1600] loss=-2.3191 ce=1.7918 aux=1.4531 ent_gate=4.1413/4.159 wmax=0.4835 active>.01=4.0/64 λ=0.9955 cells=64 splits=60 cost=$0.03
[STEP  1650] loss=-2.3407 ce=1.7761 aux=1.4467 ent_gate=4.1416/4.159 wmax=0.4824 active>.01=4.0/64 λ=0.9947 cells=64 splits=60 cost=$0.03
[STEP  1700] loss=-2.3336 ce=1.7677 aux=1.4255 ent_gate=4.1433/4.159 wmax=0.4699 active>.01=4.0/64 λ=0.9939 cells=64 splits=60 cost=$0.03
[STEP  1750] loss=-2.4157 ce=1.7508 aux=1.4193 ent_gate=4.1437/4.159 wmax=0.4683 active>.01=4.0/64 λ=0.9930 cells=64 splits=60 cost=$0.03
[STEP  1800] loss=-2.4038 ce=1.7535 aux=1.4127 ent_gate=4.1439/4.159 wmax=0.4679 active>.01=4.0/64 λ=0.9920 cells=64 splits=60 cost=$0.04
[STEP  1850] loss=-2.3747 ce=1.7229 aux=1.3975 ent_gate=4.1450/4.159 wmax=0.4598 active>.01=4.0/64 λ=0.9910 cells=64 splits=60 cost=$0.04
[STEP  1900] loss=-2.3261 ce=1.7128 aux=1.3790 ent_gate=4.1462/4.159 wmax=0.4525 active>.01=4.0/64 λ=0.9899 cells=64 splits=60 cost=$0.04
[STEP  1950] loss=-2.4165 ce=1.6972 aux=1.3713 ent_gate=4.1467/4.159 wmax=0.4481 active>.01=4.0/64 λ=0.9888 cells=64 splits=60 cost=$0.04
  [SNAP 2000] 4a KL=2.7481 z=-0.55 | 4b cos_z=0.08
[STEP  2000] loss=-2.3430 ce=1.6885 aux=1.3663 ent_gate=4.1470/4.159 wmax=0.4466 active>.01=4.0/64 λ=0.9876 cells=64 splits=60 cost=$0.04
[STEP  2050] loss=-2.4649 ce=1.6527 aux=1.3580 ent_gate=4.1475/4.159 wmax=0.4427 active>.01=4.0/64 λ=0.9863 cells=64 splits=60 cost=$0.04
[STEP  2100] loss=-2.3558 ce=1.6183 aux=1.3386 ent_gate=4.1486/4.159 wmax=0.4334 active>.01=4.0/64 λ=0.9850 cells=64 splits=60 cost=$0.04
[STEP  2150] loss=-2.4787 ce=1.6158 aux=1.3399 ent_gate=4.1486/4.159 wmax=0.4327 active>.01=4.0/64 λ=0.9836 cells=64 splits=60 cost=$0.04
[STEP  2200] loss=-2.4116 ce=1.6202 aux=1.3301 ent_gate=4.1491/4.159 wmax=0.4294 active>.01=4.0/64 λ=0.9822 cells=64 splits=60 cost=$0.04
[STEP  2250] loss=-2.6075 ce=1.5982 aux=1.3355 ent_gate=4.1489/4.159 wmax=0.4297 active>.01=4.0/64 λ=0.9807 cells=64 splits=60 cost=$0.04
[STEP  2300] loss=-2.5217 ce=1.5841 aux=1.3170 ent_gate=4.1498/4.159 wmax=0.4243 active>.01=4.0/64 λ=0.9791 cells=64 splits=60 cost=$0.05
[STEP  2350] loss=-2.5255 ce=1.5558 aux=1.3101 ent_gate=4.1501/4.159 wmax=0.4208 active>.01=4.0/64 λ=0.9775 cells=64 splits=60 cost=$0.05
[STEP  2400] loss=-2.4609 ce=1.5688 aux=1.3126 ent_gate=4.1500/4.159 wmax=0.4218 active>.01=4.0/64 λ=0.9758 cells=64 splits=60 cost=$0.05
[STEP  2450] loss=-2.6002 ce=1.5301 aux=1.3051 ent_gate=4.1504/4.159 wmax=0.4179 active>.01=4.0/64 λ=0.9740 cells=64 splits=60 cost=$0.05
[STEP  2500] loss=-2.5043 ce=1.5424 aux=1.2939 ent_gate=4.1510/4.159 wmax=0.4126 active>.01=4.0/64 λ=0.9722 cells=64 splits=60 cost=$0.05
[STEP  2550] loss=-2.5497 ce=1.5488 aux=1.2805 ent_gate=4.1517/4.159 wmax=0.4050 active>.01=4.0/64 λ=0.9704 cells=64 splits=60 cost=$0.05
[STEP  2600] loss=-2.5159 ce=1.5273 aux=1.3025 ent_gate=4.1508/4.159 wmax=0.4131 active>.01=4.0/64 λ=0.9684 cells=64 splits=60 cost=$0.05
[STEP  2650] loss=-2.4522 ce=1.5066 aux=1.2775 ent_gate=4.1519/4.159 wmax=0.4022 active>.01=4.0/64 λ=0.9665 cells=64 splits=60 cost=$0.05
[STEP  2700] loss=-2.5263 ce=1.5014 aux=1.2743 ent_gate=4.1519/4.159 wmax=0.4034 active>.01=4.0/64 λ=0.9644 cells=64 splits=60 cost=$0.05
[STEP  2750] loss=-2.5013 ce=1.4958 aux=1.2725 ent_gate=4.1521/4.159 wmax=0.4010 active>.01=4.0/64 λ=0.9623 cells=64 splits=60 cost=$0.06
[STEP  2800] loss=-2.5150 ce=1.4937 aux=1.2711 ent_gate=4.1521/4.159 wmax=0.4028 active>.01=4.0/64 λ=0.9602 cells=64 splits=60 cost=$0.06
[STEP  2850] loss=-2.4619 ce=1.4739 aux=1.2611 ent_gate=4.1526/4.159 wmax=0.3949 active>.01=4.0/64 λ=0.9580 cells=64 splits=60 cost=$0.06
[STEP  2900] loss=-2.5541 ce=1.4659 aux=1.2588 ent_gate=4.1528/4.159 wmax=0.3935 active>.01=4.0/64 λ=0.9557 cells=64 splits=60 cost=$0.06
[STEP  2950] loss=-2.4376 ce=1.4443 aux=1.2521 ent_gate=4.1530/4.159 wmax=0.3914 active>.01=4.0/64 λ=0.9534 cells=64 splits=60 cost=$0.06
[STEP  3000] loss=-2.5285 ce=1.4491 aux=1.2551 ent_gate=4.1529/4.159 wmax=0.3926 active>.01=4.0/64 λ=0.9510 cells=64 splits=60 cost=$0.06
[STEP  3050] loss=-2.5016 ce=1.4144 aux=1.2523 ent_gate=4.1531/4.159 wmax=0.3897 active>.01=4.0/64 λ=0.9485 cells=64 splits=60 cost=$0.06
[STEP  3100] loss=-2.5729 ce=1.4270 aux=1.2499 ent_gate=4.1531/4.159 wmax=0.3915 active>.01=4.0/64 λ=0.9460 cells=64 splits=60 cost=$0.06
[STEP  3150] loss=-2.5138 ce=1.4100 aux=1.2371 ent_gate=4.1536/4.159 wmax=0.3843 active>.01=4.0/64 λ=0.9435 cells=64 splits=60 cost=$0.06
[STEP  3200] loss=-2.5456 ce=1.4009 aux=1.2421 ent_gate=4.1535/4.159 wmax=0.3841 active>.01=4.0/64 λ=0.9409 cells=64 splits=60 cost=$0.06
[STEP  3250] loss=-2.5683 ce=1.3757 aux=1.2344 ent_gate=4.1538/4.159 wmax=0.3801 active>.01=4.0/64 λ=0.9382 cells=64 splits=60 cost=$0.07
[STEP  3300] loss=-2.5938 ce=1.3915 aux=1.2344 ent_gate=4.1539/4.159 wmax=0.3781 active>.01=4.0/64 λ=0.9355 cells=64 splits=60 cost=$0.07
[STEP  3350] loss=-2.5260 ce=1.3738 aux=1.2228 ent_gate=4.1543/4.159 wmax=0.3735 active>.01=4.0/64 λ=0.9328 cells=64 splits=60 cost=$0.07
[STEP  3400] loss=-2.6233 ce=1.3663 aux=1.2272 ent_gate=4.1540/4.159 wmax=0.3798 active>.01=4.0/64 λ=0.9299 cells=64 splits=60 cost=$0.07
[STEP  3450] loss=-2.3740 ce=1.3353 aux=1.2250 ent_gate=4.1542/4.159 wmax=0.3761 active>.01=4.0/64 λ=0.9271 cells=64 splits=60 cost=$0.07
[STEP  3500] loss=-2.4338 ce=1.3503 aux=1.2227 ent_gate=4.1542/4.159 wmax=0.3766 active>.01=4.0/64 λ=0.9241 cells=64 splits=60 cost=$0.07
[STEP  3550] loss=-2.4732 ce=1.3191 aux=1.2210 ent_gate=4.1544/4.159 wmax=0.3724 active>.01=4.0/64 λ=0.9211 cells=64 splits=60 cost=$0.07
[STEP  3600] loss=-2.4877 ce=1.3045 aux=1.2137 ent_gate=4.1547/4.159 wmax=0.3695 active>.01=4.0/64 λ=0.9181 cells=64 splits=60 cost=$0.07
[STEP  3650] loss=-2.4489 ce=1.2930 aux=1.2075 ent_gate=4.1548/4.159 wmax=0.3706 active>.01=4.0/64 λ=0.9150 cells=64 splits=60 cost=$0.07
[STEP  3700] loss=-2.3735 ce=1.2745 aux=1.2088 ent_gate=4.1549/4.159 wmax=0.3663 active>.01=4.0/64 λ=0.9119 cells=64 splits=60 cost=$0.07
[STEP  3750] loss=-2.5078 ce=1.2756 aux=1.2154 ent_gate=4.1546/4.159 wmax=0.3704 active>.01=4.0/64 λ=0.9087 cells=64 splits=60 cost=$0.08
[STEP  3800] loss=-2.4130 ce=1.2706 aux=1.2155 ent_gate=4.1546/4.159 wmax=0.3697 active>.01=4.0/64 λ=0.9055 cells=64 splits=60 cost=$0.08
[STEP  3850] loss=-2.3511 ce=1.2453 aux=1.2072 ent_gate=4.1549/4.159 wmax=0.3660 active>.01=4.0/64 λ=0.9022 cells=64 splits=60 cost=$0.08
[STEP  3900] loss=-2.5359 ce=1.2644 aux=1.2139 ent_gate=4.1546/4.159 wmax=0.3706 active>.01=4.0/64 λ=0.8988 cells=64 splits=60 cost=$0.08
[STEP  3950] loss=-2.5460 ce=1.2497 aux=1.2195 ent_gate=4.1545/4.159 wmax=0.3717 active>.01=4.0/64 λ=0.8954 cells=64 splits=60 cost=$0.08
  [SNAP 4000] 4a KL=3.4171 z=0.93 | 4b cos_z=0.45
[STEP  4000] loss=-2.5052 ce=1.2055 aux=1.2063 ent_gate=4.1550/4.159 wmax=0.3649 active>.01=4.0/64 λ=0.8920 cells=64 splits=60 cost=$0.08
[STEP  4050] loss=-2.4200 ce=1.1984 aux=1.1929 ent_gate=4.1554/4.159 wmax=0.3606 active>.01=4.0/64 λ=0.8885 cells=64 splits=60 cost=$0.08
[STEP  4100] loss=-2.5024 ce=1.2069 aux=1.2057 ent_gate=4.1549/4.159 wmax=0.3678 active>.01=4.0/64 λ=0.8850 cells=64 splits=60 cost=$0.08
[STEP  4150] loss=-2.6129 ce=1.1529 aux=1.1958 ent_gate=4.1553/4.159 wmax=0.3597 active>.01=4.0/64 λ=0.8814 cells=64 splits=60 cost=$0.08
[STEP  4200] loss=-2.4955 ce=1.1596 aux=1.1993 ent_gate=4.1552/4.159 wmax=0.3611 active>.01=4.0/64 λ=0.8778 cells=64 splits=60 cost=$0.08
[STEP  4250] loss=-2.5781 ce=1.1570 aux=1.2004 ent_gate=4.1551/4.159 wmax=0.3637 active>.01=4.0/64 λ=0.8741 cells=64 splits=60 cost=$0.09
[STEP  4300] loss=-2.5260 ce=1.1131 aux=1.1913 ent_gate=4.1555/4.159 wmax=0.3564 active>.01=4.0/64 λ=0.8704 cells=64 splits=60 cost=$0.09
[STEP  4350] loss=-2.3237 ce=1.1288 aux=1.1967 ent_gate=4.1553/4.159 wmax=0.3597 active>.01=4.0/64 λ=0.8666 cells=64 splits=60 cost=$0.09
[STEP  4400] loss=-2.4330 ce=1.1009 aux=1.1916 ent_gate=4.1555/4.159 wmax=0.3578 active>.01=4.0/64 λ=0.8628 cells=64 splits=60 cost=$0.09
[STEP  4450] loss=-2.4405 ce=1.1188 aux=1.1902 ent_gate=4.1555/4.159 wmax=0.3562 active>.01=4.0/64 λ=0.8589 cells=64 splits=60 cost=$0.09
[STEP  4500] loss=-2.5943 ce=1.0746 aux=1.2053 ent_gate=4.1550/4.159 wmax=0.3631 active>.01=4.0/64 λ=0.8550 cells=64 splits=60 cost=$0.09
[STEP  4550] loss=-2.4453 ce=1.0766 aux=1.1932 ent_gate=4.1555/4.159 wmax=0.3577 active>.01=4.0/64 λ=0.8511 cells=64 splits=60 cost=$0.09
[STEP  4600] loss=-2.5384 ce=1.0541 aux=1.1927 ent_gate=4.1554/4.159 wmax=0.3587 active>.01=4.0/64 λ=0.8471 cells=64 splits=60 cost=$0.09
[STEP  4650] loss=-2.4767 ce=1.0122 aux=1.1907 ent_gate=4.1555/4.159 wmax=0.3558 active>.01=4.0/64 λ=0.8430 cells=64 splits=60 cost=$0.09
[STEP  4700] loss=-2.3694 ce=1.0478 aux=1.1920 ent_gate=4.1554/4.159 wmax=0.3581 active>.01=4.0/64 λ=0.8390 cells=64 splits=60 cost=$0.10
[STEP  4750] loss=-2.4325 ce=1.0179 aux=1.1981 ent_gate=4.1553/4.159 wmax=0.3606 active>.01=4.0/64 λ=0.8348 cells=64 splits=60 cost=$0.10
[STEP  4800] loss=-2.4332 ce=0.9978 aux=1.1941 ent_gate=4.1554/4.159 wmax=0.3570 active>.01=4.0/64 λ=0.8307 cells=64 splits=60 cost=$0.10
[STEP  4850] loss=-2.2529 ce=1.0070 aux=1.2001 ent_gate=4.1551/4.159 wmax=0.3637 active>.01=4.0/64 λ=0.8265 cells=64 splits=60 cost=$0.10
[STEP  4900] loss=-2.5140 ce=0.9913 aux=1.1953 ent_gate=4.1553/4.159 wmax=0.3625 active>.01=4.0/64 λ=0.8222 cells=64 splits=60 cost=$0.10
[STEP  4950] loss=-2.3524 ce=0.9619 aux=1.2027 ent_gate=4.1552/4.159 wmax=0.3605 active>.01=4.0/64 λ=0.8180 cells=64 splits=60 cost=$0.10
[STEP  5000] loss=-2.4722 ce=0.9668 aux=1.2033 ent_gate=4.1551/4.159 wmax=0.3633 active>.01=4.0/64 λ=0.8136 cells=64 splits=60 cost=$0.10
[STEP  5050] loss=-2.4434 ce=0.9716 aux=1.2041 ent_gate=4.1551/4.159 wmax=0.3612 active>.01=4.0/64 λ=0.8093 cells=64 splits=60 cost=$0.10
[STEP  5100] loss=-2.4089 ce=0.9503 aux=1.2064 ent_gate=4.1549/4.159 wmax=0.3680 active>.01=4.0/64 λ=0.8049 cells=64 splits=60 cost=$0.10
[STEP  5150] loss=-2.3013 ce=0.9430 aux=1.2074 ent_gate=4.1549/4.159 wmax=0.3675 active>.01=4.0/64 λ=0.8004 cells=64 splits=60 cost=$0.10
[STEP  5200] loss=-2.4849 ce=0.8996 aux=1.2085 ent_gate=4.1550/4.159 wmax=0.3637 active>.01=4.0/64 λ=0.7960 cells=64 splits=60 cost=$0.11
[STEP  5250] loss=-2.4418 ce=0.9068 aux=1.1995 ent_gate=4.1551/4.159 wmax=0.3641 active>.01=4.0/64 λ=0.7914 cells=64 splits=60 cost=$0.11
[STEP  5300] loss=-2.4477 ce=0.9034 aux=1.2030 ent_gate=4.1550/4.159 wmax=0.3673 active>.01=4.0/64 λ=0.7869 cells=64 splits=60 cost=$0.11
[STEP  5350] loss=-2.3246 ce=0.8985 aux=1.2130 ent_gate=4.1546/4.159 wmax=0.3731 active>.01=4.0/64 λ=0.7823 cells=64 splits=60 cost=$0.11
[STEP  5400] loss=-2.1402 ce=0.8916 aux=1.2040 ent_gate=4.1550/4.159 wmax=0.3656 active>.01=4.0/64 λ=0.7777 cells=64 splits=60 cost=$0.11
[STEP  5450] loss=-2.3143 ce=0.9020 aux=1.2066 ent_gate=4.1549/4.159 wmax=0.3659 active>.01=4.0/64 λ=0.7730 cells=64 splits=60 cost=$0.11
[STEP  5500] loss=-2.2657 ce=0.8693 aux=1.2046 ent_gate=4.1551/4.159 wmax=0.3626 active>.01=4.0/64 λ=0.7684 cells=64 splits=60 cost=$0.11
[STEP  5550] loss=-2.2191 ce=0.8574 aux=1.2047 ent_gate=4.1549/4.159 wmax=0.3684 active>.01=4.0/64 λ=0.7636 cells=64 splits=60 cost=$0.11
[STEP  5600] loss=-2.3887 ce=0.8516 aux=1.2104 ent_gate=4.1548/4.159 wmax=0.3686 active>.01=4.0/64 λ=0.7589 cells=64 splits=60 cost=$0.11
[STEP  5650] loss=-2.2684 ce=0.8420 aux=1.2072 ent_gate=4.1548/4.159 wmax=0.3676 active>.01=4.0/64 λ=0.7541 cells=64 splits=60 cost=$0.11
[STEP  5700] loss=-2.3069 ce=0.8132 aux=1.1991 ent_gate=4.1551/4.159 wmax=0.3652 active>.01=4.0/64 λ=0.7493 cells=64 splits=60 cost=$0.12
[STEP  5750] loss=-2.2328 ce=0.8096 aux=1.2026 ent_gate=4.1550/4.159 wmax=0.3676 active>.01=4.0/64 λ=0.7444 cells=64 splits=60 cost=$0.12
[STEP  5800] loss=-2.4007 ce=0.8223 aux=1.2142 ent_gate=4.1545/4.159 wmax=0.3747 active>.01=4.0/64 λ=0.7396 cells=64 splits=60 cost=$0.12
[STEP  5850] loss=-2.0924 ce=0.8126 aux=1.2120 ent_gate=4.1546/4.159 wmax=0.3717 active>.01=4.0/64 λ=0.7347 cells=64 splits=60 cost=$0.12
[STEP  5900] loss=-2.2949 ce=0.8145 aux=1.2178 ent_gate=4.1544/4.159 wmax=0.3749 active>.01=4.0/64 λ=0.7297 cells=64 splits=60 cost=$0.12
[STEP  5950] loss=-2.3599 ce=0.7825 aux=1.2233 ent_gate=4.1543/4.159 wmax=0.3743 active>.01=4.0/64 λ=0.7248 cells=64 splits=60 cost=$0.12
  [SNAP 6000] 4a KL=3.1282 z=0.64 | 4b cos_z=0.29
[STEP  6000] loss=-2.0230 ce=0.7955 aux=1.2105 ent_gate=4.1547/4.159 wmax=0.3691 active>.01=4.0/64 λ=0.7198 cells=64 splits=60 cost=$0.12
[STEP  6050] loss=-1.9886 ce=0.7973 aux=1.2242 ent_gate=4.1543/4.159 wmax=0.3736 active>.01=4.0/64 λ=0.7148 cells=64 splits=60 cost=$0.12
[STEP  6100] loss=-2.0612 ce=0.7873 aux=1.2190 ent_gate=4.1544/4.159 wmax=0.3742 active>.01=4.0/64 λ=0.7097 cells=64 splits=60 cost=$0.12
[STEP  6150] loss=-2.2157 ce=0.7648 aux=1.2150 ent_gate=4.1544/4.159 wmax=0.3751 active>.01=4.0/64 λ=0.7046 cells=64 splits=60 cost=$0.13
[STEP  6200] loss=-2.1209 ce=0.7422 aux=1.2115 ent_gate=4.1546/4.159 wmax=0.3715 active>.01=4.0/64 λ=0.6995 cells=64 splits=60 cost=$0.13
[STEP  6250] loss=-2.1371 ce=0.7637 aux=1.2168 ent_gate=4.1544/4.159 wmax=0.3751 active>.01=4.0/64 λ=0.6944 cells=64 splits=60 cost=$0.13
[STEP  6300] loss=-2.0652 ce=0.7242 aux=1.2097 ent_gate=4.1547/4.159 wmax=0.3698 active>.01=4.0/64 λ=0.6893 cells=64 splits=60 cost=$0.13
[STEP  6350] loss=-2.0168 ce=0.7559 aux=1.2174 ent_gate=4.1544/4.159 wmax=0.3748 active>.01=4.0/64 λ=0.6841 cells=64 splits=60 cost=$0.13
[STEP  6400] loss=-2.1279 ce=0.7353 aux=1.2196 ent_gate=4.1542/4.159 wmax=0.3789 active>.01=4.0/64 λ=0.6789 cells=64 splits=60 cost=$0.13
[STEP  6450] loss=-2.0051 ce=0.7411 aux=1.2251 ent_gate=4.1541/4.159 wmax=0.3792 active>.01=4.0/64 λ=0.6737 cells=64 splits=60 cost=$0.13
[STEP  6500] loss=-2.0811 ce=0.7205 aux=1.2254 ent_gate=4.1542/4.159 wmax=0.3767 active>.01=4.0/64 λ=0.6685 cells=64 splits=60 cost=$0.13
[STEP  6550] loss=-1.9241 ce=0.6888 aux=1.2221 ent_gate=4.1541/4.159 wmax=0.3800 active>.01=4.0/64 λ=0.6632 cells=64 splits=60 cost=$0.13
[STEP  6600] loss=-1.9584 ce=0.7024 aux=1.2159 ent_gate=4.1544/4.159 wmax=0.3766 active>.01=4.0/64 λ=0.6580 cells=64 splits=60 cost=$0.13
[STEP  6650] loss=-2.0352 ce=0.6915 aux=1.2217 ent_gate=4.1542/4.159 wmax=0.3771 active>.01=4.0/64 λ=0.6527 cells=64 splits=60 cost=$0.14
[STEP  6700] loss=-1.8918 ce=0.6975 aux=1.2217 ent_gate=4.1542/4.159 wmax=0.3789 active>.01=4.0/64 λ=0.6474 cells=64 splits=60 cost=$0.14
[STEP  6750] loss=-2.1893 ce=0.6755 aux=1.2274 ent_gate=4.1539/4.159 wmax=0.3822 active>.01=4.0/64 λ=0.6420 cells=64 splits=60 cost=$0.14
[STEP  6800] loss=-1.8789 ce=0.6855 aux=1.2277 ent_gate=4.1539/4.159 wmax=0.3826 active>.01=4.0/64 λ=0.6367 cells=64 splits=60 cost=$0.14
[STEP  6850] loss=-1.8428 ce=0.6762 aux=1.2252 ent_gate=4.1540/4.159 wmax=0.3805 active>.01=4.0/64 λ=0.6313 cells=64 splits=60 cost=$0.14
[STEP  6900] loss=-1.9042 ce=0.6639 aux=1.2227 ent_gate=4.1541/4.159 wmax=0.3793 active>.01=4.0/64 λ=0.6259 cells=64 splits=60 cost=$0.14
[STEP  6950] loss=-1.7917 ce=0.6551 aux=1.2298 ent_gate=4.1540/4.159 wmax=0.3788 active>.01=4.0/64 λ=0.6206 cells=64 splits=60 cost=$0.14
[STEP  7000] loss=-1.7618 ce=0.6570 aux=1.2232 ent_gate=4.1542/4.159 wmax=0.3773 active>.01=4.0/64 λ=0.6151 cells=64 splits=60 cost=$0.14
[STEP  7050] loss=-1.9162 ce=0.6768 aux=1.2327 ent_gate=4.1537/4.159 wmax=0.3850 active>.01=4.0/64 λ=0.6097 cells=64 splits=60 cost=$0.14
[STEP  7100] loss=-1.8910 ce=0.6521 aux=1.2302 ent_gate=4.1538/4.159 wmax=0.3838 active>.01=4.0/64 λ=0.6043 cells=64 splits=60 cost=$0.14
[STEP  7150] loss=-1.8101 ce=0.6421 aux=1.2282 ent_gate=4.1539/4.159 wmax=0.3819 active>.01=4.0/64 λ=0.5988 cells=64 splits=60 cost=$0.15
[STEP  7200] loss=-1.8367 ce=0.6598 aux=1.2323 ent_gate=4.1538/4.159 wmax=0.3840 active>.01=4.0/64 λ=0.5934 cells=64 splits=60 cost=$0.15
[STEP  7250] loss=-1.7750 ce=0.6370 aux=1.2404 ent_gate=4.1533/4.159 wmax=0.3909 active>.01=4.0/64 λ=0.5879 cells=64 splits=60 cost=$0.15
[STEP  7300] loss=-1.7446 ce=0.6195 aux=1.2352 ent_gate=4.1535/4.159 wmax=0.3883 active>.01=4.0/64 λ=0.5824 cells=64 splits=60 cost=$0.15
[STEP  7350] loss=-1.8973 ce=0.6178 aux=1.2360 ent_gate=4.1537/4.159 wmax=0.3845 active>.01=4.0/64 λ=0.5769 cells=64 splits=60 cost=$0.15
[STEP  7400] loss=-1.6674 ce=0.6248 aux=1.2375 ent_gate=4.1535/4.159 wmax=0.3878 active>.01=4.0/64 λ=0.5714 cells=64 splits=60 cost=$0.15
[STEP  7450] loss=-1.8116 ce=0.6214 aux=1.2363 ent_gate=4.1535/4.159 wmax=0.3871 active>.01=4.0/64 λ=0.5659 cells=64 splits=60 cost=$0.15
[STEP  7500] loss=-1.5975 ce=0.6298 aux=1.2343 ent_gate=4.1536/4.159 wmax=0.3858 active>.01=4.0/64 λ=0.5604 cells=64 splits=60 cost=$0.15
[STEP  7550] loss=-1.7057 ce=0.5921 aux=1.2446 ent_gate=4.1532/4.159 wmax=0.3908 active>.01=4.0/64 λ=0.5549 cells=64 splits=60 cost=$0.15
[STEP  7600] loss=-1.6878 ce=0.5911 aux=1.2452 ent_gate=4.1531/4.159 wmax=0.3921 active>.01=4.0/64 λ=0.5494 cells=64 splits=60 cost=$0.15
[STEP  7650] loss=-1.5823 ce=0.6141 aux=1.2375 ent_gate=4.1534/4.159 wmax=0.3892 active>.01=4.0/64 λ=0.5438 cells=64 splits=60 cost=$0.16
[STEP  7700] loss=-1.6203 ce=0.5856 aux=1.2385 ent_gate=4.1534/4.159 wmax=0.3894 active>.01=4.0/64 λ=0.5383 cells=64 splits=60 cost=$0.16
[STEP  7750] loss=-1.7633 ce=0.5796 aux=1.2453 ent_gate=4.1531/4.159 wmax=0.3921 active>.01=4.0/64 λ=0.5328 cells=64 splits=60 cost=$0.16
[STEP  7800] loss=-1.6705 ce=0.5833 aux=1.2391 ent_gate=4.1535/4.159 wmax=0.3873 active>.01=4.0/64 λ=0.5272 cells=64 splits=60 cost=$0.16
[STEP  7850] loss=-1.6609 ce=0.5887 aux=1.2358 ent_gate=4.1536/4.159 wmax=0.3856 active>.01=4.0/64 λ=0.5217 cells=64 splits=60 cost=$0.16
[STEP  7900] loss=-1.5193 ce=0.6005 aux=1.2450 ent_gate=4.1532/4.159 wmax=0.3922 active>.01=4.0/64 λ=0.5161 cells=64 splits=60 cost=$0.16
[STEP  7950] loss=-1.5420 ce=0.5865 aux=1.2390 ent_gate=4.1533/4.159 wmax=0.3906 active>.01=4.0/64 λ=0.5106 cells=64 splits=60 cost=$0.16
  [SNAP 8000] 4a KL=2.5073 z=-0.08 | 4b cos_z=0.22
[STEP  8000] loss=-1.5717 ce=0.5762 aux=1.2397 ent_gate=4.1533/4.159 wmax=0.3910 active>.01=4.0/64 λ=0.5050 cells=64 splits=60 cost=$0.16
[STEP  8050] loss=-1.4670 ce=0.5890 aux=1.2492 ent_gate=4.1529/4.159 wmax=0.3947 active>.01=4.0/64 λ=0.4994 cells=64 splits=60 cost=$0.16
[STEP  8100] loss=-1.5353 ce=0.5822 aux=1.2568 ent_gate=4.1527/4.159 wmax=0.3974 active>.01=4.0/64 λ=0.4939 cells=64 splits=60 cost=$0.17
[STEP  8150] loss=-1.3696 ce=0.5620 aux=1.2482 ent_gate=4.1529/4.159 wmax=0.3958 active>.01=4.0/64 λ=0.4883 cells=64 splits=60 cost=$0.17
[STEP  8200] loss=-1.4592 ce=0.5635 aux=1.2453 ent_gate=4.1530/4.159 wmax=0.3947 active>.01=4.0/64 λ=0.4828 cells=64 splits=60 cost=$0.17
[STEP  8250] loss=-1.4426 ce=0.5630 aux=1.2492 ent_gate=4.1529/4.159 wmax=0.3957 active>.01=4.0/64 λ=0.4772 cells=64 splits=60 cost=$0.17
[STEP  8300] loss=-1.3786 ce=0.5393 aux=1.2484 ent_gate=4.1529/4.159 wmax=0.3953 active>.01=4.0/64 λ=0.4717 cells=64 splits=60 cost=$0.17
[STEP  8350] loss=-1.3928 ce=0.5643 aux=1.2534 ent_gate=4.1527/4.159 wmax=0.3972 active>.01=4.0/64 λ=0.4662 cells=64 splits=60 cost=$0.17
[STEP  8400] loss=-1.4350 ce=0.5309 aux=1.2532 ent_gate=4.1527/4.159 wmax=0.3984 active>.01=4.0/64 λ=0.4606 cells=64 splits=60 cost=$0.17
[STEP  8450] loss=-1.4102 ce=0.5565 aux=1.2583 ent_gate=4.1524/4.159 wmax=0.4013 active>.01=4.0/64 λ=0.4551 cells=64 splits=60 cost=$0.17
[STEP  8500] loss=-1.2327 ce=0.5350 aux=1.2496 ent_gate=4.1528/4.159 wmax=0.3972 active>.01=4.0/64 λ=0.4496 cells=64 splits=60 cost=$0.17
[STEP  8550] loss=-1.3359 ce=0.5353 aux=1.2491 ent_gate=4.1528/4.159 wmax=0.3973 active>.01=4.0/64 λ=0.4441 cells=64 splits=60 cost=$0.17
[STEP  8600] loss=-1.0081 ce=0.5621 aux=1.2540 ent_gate=4.1527/4.159 wmax=0.3978 active>.01=4.0/64 λ=0.4386 cells=64 splits=60 cost=$0.18
[STEP  8650] loss=-1.1677 ce=0.5365 aux=1.2598 ent_gate=4.1524/4.159 wmax=0.4012 active>.01=4.0/64 λ=0.4331 cells=64 splits=60 cost=$0.18
[STEP  8700] loss=-1.2278 ce=0.5446 aux=1.2553 ent_gate=4.1526/4.159 wmax=0.3987 active>.01=4.0/64 λ=0.4276 cells=64 splits=60 cost=$0.18
[STEP  8750] loss=-1.2688 ce=0.5230 aux=1.2509 ent_gate=4.1528/4.159 wmax=0.3969 active>.01=4.0/64 λ=0.4221 cells=64 splits=60 cost=$0.18
[STEP  8800] loss=-1.2404 ce=0.5126 aux=1.2531 ent_gate=4.1527/4.159 wmax=0.3991 active>.01=4.0/64 λ=0.4166 cells=64 splits=60 cost=$0.18
[STEP  8850] loss=-1.0829 ce=0.5260 aux=1.2565 ent_gate=4.1525/4.159 wmax=0.4010 active>.01=4.0/64 λ=0.4112 cells=64 splits=60 cost=$0.18
[STEP  8900] loss=-1.2605 ce=0.5106 aux=1.2521 ent_gate=4.1528/4.159 wmax=0.3974 active>.01=4.0/64 λ=0.4057 cells=64 splits=60 cost=$0.18
[STEP  8950] loss=-1.1543 ce=0.5118 aux=1.2530 ent_gate=4.1527/4.159 wmax=0.3980 active>.01=4.0/64 λ=0.4003 cells=64 splits=60 cost=$0.18
[STEP  9000] loss=-1.1651 ce=0.4875 aux=1.2578 ent_gate=4.1524/4.159 wmax=0.4028 active>.01=4.0/64 λ=0.3949 cells=64 splits=60 cost=$0.18
[STEP  9050] loss=-1.0580 ce=0.5143 aux=1.2624 ent_gate=4.1522/4.159 wmax=0.4048 active>.01=4.0/64 λ=0.3894 cells=64 splits=60 cost=$0.19
[STEP  9100] loss=-1.1150 ce=0.4967 aux=1.2627 ent_gate=4.1523/4.159 wmax=0.4029 active>.01=4.0/64 λ=0.3841 cells=64 splits=60 cost=$0.19
[STEP  9150] loss=-1.0878 ce=0.4955 aux=1.2601 ent_gate=4.1523/4.159 wmax=0.4033 active>.01=4.0/64 λ=0.3787 cells=64 splits=60 cost=$0.19
[STEP  9200] loss=-1.1056 ce=0.5082 aux=1.2611 ent_gate=4.1522/4.159 wmax=0.4055 active>.01=4.0/64 λ=0.3733 cells=64 splits=60 cost=$0.19
[STEP  9250] loss=-0.7523 ce=0.5120 aux=1.2677 ent_gate=4.1519/4.159 wmax=0.4077 active>.01=4.0/64 λ=0.3680 cells=64 splits=60 cost=$0.19
[STEP  9300] loss=-0.9618 ce=0.4937 aux=1.2678 ent_gate=4.1519/4.159 wmax=0.4069 active>.01=4.0/64 λ=0.3626 cells=64 splits=60 cost=$0.19
[STEP  9350] loss=-0.7536 ce=0.5001 aux=1.2683 ent_gate=4.1518/4.159 wmax=0.4088 active>.01=4.0/64 λ=0.3573 cells=64 splits=60 cost=$0.19
[STEP  9400] loss=-0.9874 ce=0.4916 aux=1.2720 ent_gate=4.1516/4.159 wmax=0.4109 active>.01=4.0/64 λ=0.3520 cells=64 splits=60 cost=$0.19
[STEP  9450] loss=-0.9721 ce=0.4920 aux=1.2714 ent_gate=4.1516/4.159 wmax=0.4115 active>.01=4.0/64 λ=0.3468 cells=64 splits=60 cost=$0.19
[STEP  9500] loss=-0.9747 ce=0.4611 aux=1.2666 ent_gate=4.1519/4.159 wmax=0.4088 active>.01=4.0/64 λ=0.3415 cells=64 splits=60 cost=$0.19
[STEP  9550] loss=-0.8174 ce=0.4951 aux=1.2686 ent_gate=4.1518/4.159 wmax=0.4085 active>.01=4.0/64 λ=0.3363 cells=64 splits=60 cost=$0.20
[STEP  9600] loss=-0.9716 ce=0.4711 aux=1.2684 ent_gate=4.1518/4.159 wmax=0.4098 active>.01=4.0/64 λ=0.3311 cells=64 splits=60 cost=$0.20
[STEP  9650] loss=-0.8332 ce=0.4782 aux=1.2736 ent_gate=4.1516/4.159 wmax=0.4103 active>.01=4.0/64 λ=0.3259 cells=64 splits=60 cost=$0.20
[STEP  9700] loss=-0.8302 ce=0.4712 aux=1.2681 ent_gate=4.1519/4.159 wmax=0.4084 active>.01=4.0/64 λ=0.3207 cells=64 splits=60 cost=$0.20
[STEP  9750] loss=-0.8012 ce=0.4762 aux=1.2733 ent_gate=4.1516/4.159 wmax=0.4104 active>.01=4.0/64 λ=0.3156 cells=64 splits=60 cost=$0.20
[STEP  9800] loss=-0.7714 ce=0.4769 aux=1.2769 ent_gate=4.1514/4.159 wmax=0.4125 active>.01=4.0/64 λ=0.3105 cells=64 splits=60 cost=$0.20
[STEP  9850] loss=-0.8900 ce=0.4685 aux=1.2754 ent_gate=4.1515/4.159 wmax=0.4120 active>.01=4.0/64 λ=0.3054 cells=64 splits=60 cost=$0.20
[STEP  9900] loss=-0.8054 ce=0.4640 aux=1.2750 ent_gate=4.1515/4.159 wmax=0.4128 active>.01=4.0/64 λ=0.3003 cells=64 splits=60 cost=$0.20
[STEP  9950] loss=-0.8372 ce=0.4710 aux=1.2709 ent_gate=4.1516/4.159 wmax=0.4112 active>.01=4.0/64 λ=0.2952 cells=64 splits=60 cost=$0.20
  [SNAP 10000] 4a KL=3.1334 z=1.61 | 4b cos_z=0.54
[STEP 10000] loss=-0.7216 ce=0.4655 aux=1.2772 ent_gate=4.1513/4.159 wmax=0.4153 active>.01=4.0/64 λ=0.2902 cells=64 splits=60 cost=$0.21
[STEP 10050] loss=-0.6251 ce=0.4707 aux=1.2817 ent_gate=4.1511/4.159 wmax=0.4163 active>.01=4.0/64 λ=0.2852 cells=64 splits=60 cost=$0.21
[STEP 10100] loss=-0.5930 ce=0.4675 aux=1.2872 ent_gate=4.1509/4.159 wmax=0.4177 active>.01=4.0/64 λ=0.2803 cells=64 splits=60 cost=$0.21
[STEP 10150] loss=-0.6004 ce=0.4490 aux=1.2843 ent_gate=4.1510/4.159 wmax=0.4169 active>.01=4.0/64 λ=0.2753 cells=64 splits=60 cost=$0.21
[STEP 10200] loss=-0.4371 ce=0.4699 aux=1.2855 ent_gate=4.1510/4.159 wmax=0.4174 active>.01=4.0/64 λ=0.2704 cells=64 splits=60 cost=$0.21
[STEP 10250] loss=-0.5419 ce=0.4557 aux=1.2829 ent_gate=4.1511/4.159 wmax=0.4165 active>.01=4.0/64 λ=0.2656 cells=64 splits=60 cost=$0.21
[STEP 10300] loss=-0.6629 ce=0.4510 aux=1.2811 ent_gate=4.1511/4.159 wmax=0.4170 active>.01=4.0/64 λ=0.2607 cells=64 splits=60 cost=$0.21
[STEP 10350] loss=-0.5210 ce=0.4505 aux=1.2837 ent_gate=4.1509/4.159 wmax=0.4191 active>.01=4.0/64 λ=0.2559 cells=64 splits=60 cost=$0.21
[STEP 10400] loss=-0.6386 ce=0.4543 aux=1.2905 ent_gate=4.1507/4.159 wmax=0.4197 active>.01=4.0/64 λ=0.2511 cells=64 splits=60 cost=$0.21
[STEP 10450] loss=-0.5176 ce=0.4385 aux=1.2853 ent_gate=4.1509/4.159 wmax=0.4186 active>.01=4.0/64 λ=0.2464 cells=64 splits=60 cost=$0.21
[STEP 10500] loss=-0.6219 ce=0.4417 aux=1.2906 ent_gate=4.1506/4.159 wmax=0.4215 active>.01=4.0/64 λ=0.2416 cells=64 splits=60 cost=$0.22
[STEP 10550] loss=-0.5124 ce=0.4513 aux=1.2899 ent_gate=4.1508/4.159 wmax=0.4194 active>.01=4.0/64 λ=0.2370 cells=64 splits=60 cost=$0.22
[STEP 10600] loss=-0.5616 ce=0.4501 aux=1.2838 ent_gate=4.1510/4.159 wmax=0.4182 active>.01=4.0/64 λ=0.2323 cells=64 splits=60 cost=$0.22
[STEP 10650] loss=-0.3946 ce=0.4484 aux=1.2866 ent_gate=4.1508/4.159 wmax=0.4201 active>.01=4.0/64 λ=0.2277 cells=64 splits=60 cost=$0.22
[STEP 10700] loss=-0.4547 ce=0.4388 aux=1.2910 ent_gate=4.1505/4.159 wmax=0.4233 active>.01=4.0/64 λ=0.2231 cells=64 splits=60 cost=$0.22
[STEP 10750] loss=-0.5634 ce=0.4471 aux=1.2932 ent_gate=4.1504/4.159 wmax=0.4237 active>.01=4.0/64 λ=0.2186 cells=64 splits=60 cost=$0.22
[STEP 10800] loss=-0.4966 ce=0.4132 aux=1.2905 ent_gate=4.1506/4.159 wmax=0.4227 active>.01=4.0/64 λ=0.2140 cells=64 splits=60 cost=$0.22
[STEP 10850] loss=-0.4824 ce=0.4228 aux=1.2894 ent_gate=4.1506/4.159 wmax=0.4225 active>.01=4.0/64 λ=0.2096 cells=64 splits=60 cost=$0.22
[STEP 10900] loss=-0.3477 ce=0.4159 aux=1.2912 ent_gate=4.1505/4.159 wmax=0.4236 active>.01=4.0/64 λ=0.2051 cells=64 splits=60 cost=$0.22
[STEP 10950] loss=-0.3700 ce=0.4270 aux=1.2975 ent_gate=4.1501/4.159 wmax=0.4270 active>.01=4.0/64 λ=0.2007 cells=64 splits=60 cost=$0.22
[STEP 11000] loss=-0.3041 ce=0.4404 aux=1.3036 ent_gate=4.1499/4.159 wmax=0.4284 active>.01=4.0/64 λ=0.1964 cells=64 splits=60 cost=$0.23
[STEP 11050] loss=-0.4628 ce=0.4244 aux=1.3033 ent_gate=4.1499/4.159 wmax=0.4290 active>.01=4.0/64 λ=0.1920 cells=64 splits=60 cost=$0.23
[STEP 11100] loss=-0.2861 ce=0.4331 aux=1.3049 ent_gate=4.1499/4.159 wmax=0.4282 active>.01=4.0/64 λ=0.1878 cells=64 splits=60 cost=$0.23
[STEP 11150] loss=-0.2446 ce=0.4270 aux=1.3023 ent_gate=4.1500/4.159 wmax=0.4278 active>.01=4.0/64 λ=0.1835 cells=64 splits=60 cost=$0.23
[STEP 11200] loss=-0.2956 ce=0.4124 aux=1.3024 ent_gate=4.1499/4.159 wmax=0.4281 active>.01=4.0/64 λ=0.1793 cells=64 splits=60 cost=$0.23
[STEP 11250] loss=-0.2857 ce=0.4149 aux=1.2995 ent_gate=4.1500/4.159 wmax=0.4280 active>.01=4.0/64 λ=0.1752 cells=64 splits=60 cost=$0.23
[STEP 11300] loss=-0.2865 ce=0.4063 aux=1.3002 ent_gate=4.1500/4.159 wmax=0.4284 active>.01=4.0/64 λ=0.1710 cells=64 splits=60 cost=$0.23
[STEP 11350] loss=-0.1534 ce=0.4025 aux=1.3052 ent_gate=4.1497/4.159 wmax=0.4313 active>.01=4.0/64 λ=0.1670 cells=64 splits=60 cost=$0.23
[STEP 11400] loss=-0.2372 ce=0.4165 aux=1.3078 ent_gate=4.1496/4.159 wmax=0.4318 active>.01=4.0/64 λ=0.1629 cells=64 splits=60 cost=$0.23
[STEP 11450] loss=-0.2816 ce=0.4125 aux=1.3060 ent_gate=4.1497/4.159 wmax=0.4312 active>.01=4.0/64 λ=0.1589 cells=64 splits=60 cost=$0.23
[STEP 11500] loss=-0.1583 ce=0.4117 aux=1.3056 ent_gate=4.1497/4.159 wmax=0.4309 active>.01=4.0/64 λ=0.1550 cells=64 splits=60 cost=$0.24
[STEP 11550] loss=-0.1482 ce=0.4062 aux=1.3093 ent_gate=4.1494/4.159 wmax=0.4332 active>.01=4.0/64 λ=0.1511 cells=64 splits=60 cost=$0.24
[STEP 11600] loss=-0.1477 ce=0.4121 aux=1.3069 ent_gate=4.1496/4.159 wmax=0.4317 active>.01=4.0/64 λ=0.1472 cells=64 splits=60 cost=$0.24
[STEP 11650] loss=-0.1622 ce=0.4125 aux=1.3145 ent_gate=4.1492/4.159 wmax=0.4352 active>.01=4.0/64 λ=0.1434 cells=64 splits=60 cost=$0.24
[STEP 11700] loss=-0.1385 ce=0.4115 aux=1.3135 ent_gate=4.1492/4.159 wmax=0.4353 active>.01=4.0/64 λ=0.1396 cells=64 splits=60 cost=$0.24
[STEP 11750] loss=-0.1396 ce=0.4119 aux=1.3126 ent_gate=4.1493/4.159 wmax=0.4346 active>.01=4.0/64 λ=0.1359 cells=64 splits=60 cost=$0.24
[STEP 11800] loss=-0.0566 ce=0.4062 aux=1.3135 ent_gate=4.1492/4.159 wmax=0.4347 active>.01=4.0/64 λ=0.1322 cells=64 splits=60 cost=$0.24
[STEP 11850] loss=-0.1720 ce=0.4014 aux=1.3095 ent_gate=4.1494/4.159 wmax=0.4334 active>.01=4.0/64 λ=0.1286 cells=64 splits=60 cost=$0.24
[STEP 11900] loss=-0.1406 ce=0.3928 aux=1.3084 ent_gate=4.1495/4.159 wmax=0.4329 active>.01=4.0/64 λ=0.1250 cells=64 splits=60 cost=$0.24
[STEP 11950] loss=-0.0660 ce=0.3989 aux=1.3093 ent_gate=4.1494/4.159 wmax=0.4335 active>.01=4.0/64 λ=0.1215 cells=64 splits=60 cost=$0.24
  [SNAP 12000] 4a KL=3.2313 z=2.61 | 4b cos_z=0.52
[STEP 12000] loss=0.0178 ce=0.4149 aux=1.3142 ent_gate=4.1492/4.159 wmax=0.4355 active>.01=4.0/64 λ=0.1180 cells=64 splits=60 cost=$0.25
[STEP 12050] loss=0.0065 ce=0.4019 aux=1.3155 ent_gate=4.1491/4.159 wmax=0.4363 active>.01=4.0/64 λ=0.1146 cells=64 splits=60 cost=$0.25
[STEP 12100] loss=-0.0347 ce=0.4105 aux=1.3187 ent_gate=4.1489/4.159 wmax=0.4375 active>.01=4.0/64 λ=0.1112 cells=64 splits=60 cost=$0.25
[STEP 12150] loss=-0.0612 ce=0.3895 aux=1.3144 ent_gate=4.1491/4.159 wmax=0.4363 active>.01=4.0/64 λ=0.1078 cells=64 splits=60 cost=$0.25
[STEP 12200] loss=-0.0276 ce=0.4115 aux=1.3160 ent_gate=4.1490/4.159 wmax=0.4372 active>.01=4.0/64 λ=0.1045 cells=64 splits=60 cost=$0.25
[STEP 12250] loss=-0.0779 ce=0.3997 aux=1.3187 ent_gate=4.1489/4.159 wmax=0.4374 active>.01=4.0/64 λ=0.1013 cells=64 splits=60 cost=$0.25
[STEP 12300] loss=-0.0529 ce=0.4164 aux=1.3191 ent_gate=4.1489/4.159 wmax=0.4385 active>.01=4.0/64 λ=0.0981 cells=64 splits=60 cost=$0.25
[STEP 12350] loss=0.1120 ce=0.4066 aux=1.3189 ent_gate=4.1489/4.159 wmax=0.4380 active>.01=4.0/64 λ=0.0950 cells=64 splits=60 cost=$0.25
[STEP 12400] loss=0.1063 ce=0.3998 aux=1.3174 ent_gate=4.1489/4.159 wmax=0.4379 active>.01=4.0/64 λ=0.0919 cells=64 splits=60 cost=$0.25
[STEP 12450] loss=0.0936 ce=0.4043 aux=1.3245 ent_gate=4.1485/4.159 wmax=0.4415 active>.01=4.0/64 λ=0.0889 cells=64 splits=60 cost=$0.26
[STEP 12500] loss=0.1459 ce=0.3897 aux=1.3229 ent_gate=4.1486/4.159 wmax=0.4407 active>.01=4.0/64 λ=0.0859 cells=64 splits=60 cost=$0.26
[STEP 12550] loss=0.0482 ce=0.3950 aux=1.3229 ent_gate=4.1487/4.159 wmax=0.4399 active>.01=4.0/64 λ=0.0829 cells=64 splits=60 cost=$0.26
[STEP 12600] loss=0.1335 ce=0.4122 aux=1.3223 ent_gate=4.1487/4.159 wmax=0.4400 active>.01=4.0/64 λ=0.0801 cells=64 splits=60 cost=$0.26
[STEP 12650] loss=0.0497 ce=0.4029 aux=1.3229 ent_gate=4.1486/4.159 wmax=0.4408 active>.01=4.0/64 λ=0.0772 cells=64 splits=60 cost=$0.26
[STEP 12700] loss=-0.0108 ce=0.3862 aux=1.3261 ent_gate=4.1484/4.159 wmax=0.4422 active>.01=4.0/64 λ=0.0745 cells=64 splits=60 cost=$0.26
[STEP 12750] loss=0.1192 ce=0.4021 aux=1.3292 ent_gate=4.1483/4.159 wmax=0.4434 active>.01=4.0/64 λ=0.0718 cells=64 splits=60 cost=$0.26
[STEP 12800] loss=0.0652 ce=0.3960 aux=1.3299 ent_gate=4.1482/4.159 wmax=0.4434 active>.01=4.0/64 λ=0.0691 cells=64 splits=60 cost=$0.26
[STEP 12850] loss=0.1168 ce=0.3800 aux=1.3283 ent_gate=4.1483/4.159 wmax=0.4432 active>.01=4.0/64 λ=0.0665 cells=64 splits=60 cost=$0.26
[STEP 12900] loss=0.1838 ce=0.3941 aux=1.3323 ent_gate=4.1481/4.159 wmax=0.4450 active>.01=4.0/64 λ=0.0640 cells=64 splits=60 cost=$0.27
[STEP 12950] loss=0.1714 ce=0.3937 aux=1.3315 ent_gate=4.1481/4.159 wmax=0.4448 active>.01=4.0/64 λ=0.0615 cells=64 splits=60 cost=$0.27
[STEP 13000] loss=0.2021 ce=0.3985 aux=1.3352 ent_gate=4.1479/4.159 wmax=0.4462 active>.01=4.0/64 λ=0.0590 cells=64 splits=60 cost=$0.27
[STEP 13050] loss=0.0996 ce=0.3908 aux=1.3344 ent_gate=4.1479/4.159 wmax=0.4462 active>.01=4.0/64 λ=0.0566 cells=64 splits=60 cost=$0.27
[STEP 13100] loss=0.1930 ce=0.3938 aux=1.3335 ent_gate=4.1480/4.159 wmax=0.4454 active>.01=4.0/64 λ=0.0543 cells=64 splits=60 cost=$0.27
[STEP 13150] loss=0.1800 ce=0.3888 aux=1.3305 ent_gate=4.1481/4.159 wmax=0.4445 active>.01=4.0/64 λ=0.0520 cells=64 splits=60 cost=$0.27
[STEP 13200] loss=0.2207 ce=0.3893 aux=1.3308 ent_gate=4.1481/4.159 wmax=0.4446 active>.01=4.0/64 λ=0.0498 cells=64 splits=60 cost=$0.27
[STEP 13250] loss=0.1686 ce=0.3895 aux=1.3303 ent_gate=4.1482/4.159 wmax=0.4445 active>.01=4.0/64 λ=0.0477 cells=64 splits=60 cost=$0.27
[STEP 13300] loss=0.1585 ce=0.3781 aux=1.3330 ent_gate=4.1480/4.159 wmax=0.4458 active>.01=4.0/64 λ=0.0456 cells=64 splits=60 cost=$0.27
[STEP 13350] loss=0.2519 ce=0.3625 aux=1.3304 ent_gate=4.1481/4.159 wmax=0.4447 active>.01=4.0/64 λ=0.0435 cells=64 splits=60 cost=$0.27
[STEP 13400] loss=0.2800 ce=0.3962 aux=1.3314 ent_gate=4.1481/4.159 wmax=0.4452 active>.01=4.0/64 λ=0.0416 cells=64 splits=60 cost=$0.28
[STEP 13450] loss=0.2188 ce=0.3848 aux=1.3323 ent_gate=4.1480/4.159 wmax=0.4456 active>.01=4.0/64 λ=0.0396 cells=64 splits=60 cost=$0.28
[STEP 13500] loss=0.3514 ce=0.4018 aux=1.3313 ent_gate=4.1481/4.159 wmax=0.4452 active>.01=4.0/64 λ=0.0378 cells=64 splits=60 cost=$0.28
[STEP 13550] loss=0.1071 ce=0.3858 aux=1.3332 ent_gate=4.1480/4.159 wmax=0.4459 active>.01=4.0/64 λ=0.0360 cells=64 splits=60 cost=$0.28
[STEP 13600] loss=0.1992 ce=0.3901 aux=1.3325 ent_gate=4.1480/4.159 wmax=0.4457 active>.01=4.0/64 λ=0.0342 cells=64 splits=60 cost=$0.28
[STEP 13650] loss=0.2458 ce=0.3848 aux=1.3333 ent_gate=4.1480/4.159 wmax=0.4458 active>.01=4.0/64 λ=0.0325 cells=64 splits=60 cost=$0.28
[STEP 13700] loss=0.2785 ce=0.3856 aux=1.3343 ent_gate=4.1479/4.159 wmax=0.4464 active>.01=4.0/64 λ=0.0309 cells=64 splits=60 cost=$0.28
[STEP 13750] loss=0.3440 ce=0.3966 aux=1.3322 ent_gate=4.1480/4.159 wmax=0.4455 active>.01=4.0/64 λ=0.0293 cells=64 splits=60 cost=$0.28
[STEP 13800] loss=0.2199 ce=0.3734 aux=1.3335 ent_gate=4.1480/4.159 wmax=0.4460 active>.01=4.0/64 λ=0.0278 cells=64 splits=60 cost=$0.28
[STEP 13850] loss=0.2026 ce=0.3996 aux=1.3356 ent_gate=4.1478/4.159 wmax=0.4469 active>.01=4.0/64 λ=0.0264 cells=64 splits=60 cost=$0.28
[STEP 13900] loss=0.2650 ce=0.3774 aux=1.3343 ent_gate=4.1479/4.159 wmax=0.4466 active>.01=4.0/64 λ=0.0250 cells=64 splits=60 cost=$0.29
[STEP 13950] loss=0.2514 ce=0.3893 aux=1.3349 ent_gate=4.1479/4.159 wmax=0.4470 active>.01=4.0/64 λ=0.0237 cells=64 splits=60 cost=$0.29
  [SNAP 14000] 4a KL=3.3090 z=2.48 | 4b cos_z=0.20
[STEP 14000] loss=0.3447 ce=0.3972 aux=1.3368 ent_gate=4.1477/4.159 wmax=0.4478 active>.01=4.0/64 λ=0.0224 cells=64 splits=60 cost=$0.29
[STEP 14050] loss=0.3284 ce=0.3954 aux=1.3353 ent_gate=4.1478/4.159 wmax=0.4472 active>.01=4.0/64 λ=0.0212 cells=64 splits=60 cost=$0.29
[STEP 14100] loss=0.2846 ce=0.3966 aux=1.3363 ent_gate=4.1478/4.159 wmax=0.4475 active>.01=4.0/64 λ=0.0201 cells=64 splits=60 cost=$0.29
[STEP 14150] loss=0.4118 ce=0.3846 aux=1.3359 ent_gate=4.1478/4.159 wmax=0.4475 active>.01=4.0/64 λ=0.0190 cells=64 splits=60 cost=$0.29
[STEP 14200] loss=0.4233 ce=0.3904 aux=1.3370 ent_gate=4.1477/4.159 wmax=0.4479 active>.01=4.0/64 λ=0.0180 cells=64 splits=60 cost=$0.29
[STEP 14250] loss=0.3084 ce=0.3904 aux=1.3371 ent_gate=4.1477/4.159 wmax=0.4480 active>.01=4.0/64 λ=0.0170 cells=64 splits=60 cost=$0.29
[STEP 14300] loss=0.2573 ce=0.3764 aux=1.3364 ent_gate=4.1478/4.159 wmax=0.4477 active>.01=4.0/64 λ=0.0161 cells=64 splits=60 cost=$0.29
[STEP 14350] loss=0.3684 ce=0.3819 aux=1.3369 ent_gate=4.1477/4.159 wmax=0.4481 active>.01=4.0/64 λ=0.0153 cells=64 splits=60 cost=$0.30
[STEP 14400] loss=0.3251 ce=0.3886 aux=1.3370 ent_gate=4.1477/4.159 wmax=0.4479 active>.01=4.0/64 λ=0.0145 cells=64 splits=60 cost=$0.30
[STEP 14450] loss=0.3202 ce=0.3771 aux=1.3362 ent_gate=4.1478/4.159 wmax=0.4476 active>.01=4.0/64 λ=0.0138 cells=64 splits=60 cost=$0.30
[STEP 14500] loss=0.2910 ce=0.3863 aux=1.3378 ent_gate=4.1477/4.159 wmax=0.4483 active>.01=4.0/64 λ=0.0131 cells=64 splits=60 cost=$0.30
[STEP 14550] loss=0.4482 ce=0.4052 aux=1.3373 ent_gate=4.1477/4.159 wmax=0.4482 active>.01=4.0/64 λ=0.0125 cells=64 splits=60 cost=$0.30
[STEP 14600] loss=0.3714 ce=0.3790 aux=1.3349 ent_gate=4.1479/4.159 wmax=0.4470 active>.01=4.0/64 λ=0.0120 cells=64 splits=60 cost=$0.30
[STEP 14650] loss=0.4218 ce=0.3954 aux=1.3394 ent_gate=4.1476/4.159 wmax=0.4491 active>.01=4.0/64 λ=0.0115 cells=64 splits=60 cost=$0.30
[STEP 14700] loss=0.2899 ce=0.3807 aux=1.3361 ent_gate=4.1478/4.159 wmax=0.4476 active>.01=4.0/64 λ=0.0111 cells=64 splits=60 cost=$0.30
[STEP 14750] loss=0.3292 ce=0.3756 aux=1.3371 ent_gate=4.1477/4.159 wmax=0.4479 active>.01=4.0/64 λ=0.0108 cells=64 splits=60 cost=$0.30
[STEP 14800] loss=0.3911 ce=0.3763 aux=1.3373 ent_gate=4.1477/4.159 wmax=0.4482 active>.01=4.0/64 λ=0.0105 cells=64 splits=60 cost=$0.30
[STEP 14850] loss=0.4380 ce=0.3879 aux=1.3367 ent_gate=4.1477/4.159 wmax=0.4479 active>.01=4.0/64 λ=0.0103 cells=64 splits=60 cost=$0.31
[STEP 14900] loss=0.3840 ce=0.3838 aux=1.3364 ent_gate=4.1478/4.159 wmax=0.4479 active>.01=4.0/64 λ=0.0101 cells=64 splits=60 cost=$0.31
[STEP 14950] loss=0.3539 ce=0.3884 aux=1.3372 ent_gate=4.1477/4.159 wmax=0.4482 active>.01=4.0/64 λ=0.0100 cells=64 splits=60 cost=$0.31
[STEP 14999] loss=0.2880 ce=0.3868 aux=1.3370 ent_gate=4.1477/4.159 wmax=0.4479 active>.01=4.0/64 λ=0.0100 cells=64 splits=60 cost=$0.31
[INFO] training done wall=4370.4s cost=$0.31

=== F-PERSONA-4a routing (top-K MoE) ===
  verdict=KL_PASS_NULL_FAIL KL=3.4456 null=2.3419±0.4015 z=2.75 p=0.0100
  (soft gate) KL=0.0002 z=1.01

=== F-PERSONA-4b content (M4 aggregated cosine) regression ===
  verdict=FAIL cos_dist=0.000080 null=0.000066±0.000017 z=0.77 p=0.2200 (v2 carry z=3.20)

=== F-V5MIT-1..5 regression ===
  5/5  F-V5MIT-1=P F-V5MIT-2=P F-V5MIT-3=P F-V5MIT-4=P F-V5MIT-5=P

[RESULT] output/cotrain_v3_routing_result.json
[VERDICT] 4a=KL_PASS_NULL_FAIL (KL=3.4456 z=2.75) | 4b=FAIL (z=0.77) | F-V5MIT=5/5
[8/9] Downloading (MANDATORY before pod delete — memory feedback_orchestrator_h100_gotchas) ...
Warning: Permanently added '[172.81.127.36]:17193' (ED25519) to the list of known hosts.
Welcome to vast.ai. If authentication fails, try again after a few seconds, and double check your ssh key.
Have fun!
Warning: Permanently added '[172.81.127.36]:17193' (ED25519) to the list of known hosts.
Welcome to vast.ai. If authentication fails, try again after a few seconds, and double check your ssh key.
Have fun!
Warning: Permanently added '[172.81.127.36]:17193' (ED25519) to the list of known hosts.
Welcome to vast.ai. If authentication fails, try again after a few seconds, and double check your ssh key.
Have fun!
[9/9] DONE
Wed May 13 12:48:59 UTC 2026
  routing: top_k=4 aux_alpha=0.01 λ 1.0→0.01
  wall=1.21hr cost=$0.31 ce=0.388
  wmax=0.4479 active>.01=4.0/64 gate_max=0.037 aux=1.337
  F-PERSONA-4a routing: KL_PASS_NULL_FAIL KL=3.4456 z=2.75 p=0.0100
  F-PERSONA-4b content: FAIL z=0.77 (v2 carry z=3.20)
  F-V5MIT-1..5: 5/5
[cleanup] Destroying instance 36682389 (exit=0)...
failed with error 404: Instance 36682389 not found.
