[psi_loader] WARN: consciousness_laws.json not found; alpha DEFAULT=0.014
[psi_loader] WARN: consciousness_laws.json not found; balance DEFAULT=0.5
[psi_loader] WARN: consciousness_laws.json not found; phase_dormant_max DEFAULT=0.01
[psi_loader] WARN: consciousness_laws.json not found; phase_flicker_max DEFAULT=0.05
[psi_loader] WARN: consciousness_laws.json not found; phase_sustain_max DEFAULT=0.15
EFFERENT HARNESS H_9102 — mouth=clm loaded=true ckpt=d768.clm
immune cells    : 1
---- HIGH group (no anchor, c0=LM argmax) ----
[OWN-GEMM-FIRED] _hx_k_gemm DEVICE path (no cuBLAS)
  HI[0] hollow depth=3 confpre=0.5233370367540643 kwin=2 diff=1 go_on=0.045454545454545456 go_off=0.015151515151515152
  HI[1] amber depth=3 confpre=0.5233370367540643 kwin=1 diff=1 go_on=0.030303030303030304 go_off=0.015151515151515152
  HI[2] tidal depth=3 confpre=0.5233370367540643 kwin=1 diff=1 go_on=0.045454545454545456 go_off=0.015151515151515152
  HI[3] ferric depth=3 confpre=0.5233370367540643 kwin=1 diff=1 go_on=0.030303030303030304 go_off=0.015151515151515152
  HI[4] glassen depth=3 confpre=0.5233370367540643 kwin=2 diff=1 go_on=0.030303030303030304 go_off=0.015151515151515152
  HI[5] umbral depth=3 confpre=0.5233370367540643 kwin=1 diff=1 go_on=0.045454545454545456 go_off=0.015151515151515152
  HI[6] cinder depth=3 confpre=0.5233370367540643 kwin=2 diff=1 go_on=0.06060606060606061 go_off=0.015151515151515152
  HI[7] verdant depth=3 confpre=0.5233370367540643 kwin=2 diff=1 go_on=0.045454545454545456 go_off=0.015151515151515152
  HI[8] quill depth=3 confpre=0.5233370367540643 kwin=2 diff=1 go_on=0.030303030303030304 go_off=0.015151515151515152
  HI[9] marrow depth=3 confpre=0.5233370367540643 kwin=2 diff=1 go_on=0.045454545454545456 go_off=0.015151515151515152
  HI[10] solace depth=3 confpre=0.5233370367540643 kwin=1 diff=1 go_on=0.030303030303030304 go_off=0.015151515151515152
  HI[11] brackish depth=3 confpre=0.5233370367540643 kwin=2 diff=1 go_on=0.045454545454545456 go_off=0.015151515151515152
  HI[12] ochre depth=3 confpre=0.5233370367540643 kwin=2 diff=1 go_on=0.06060606060606061 go_off=0.015151515151515152
  HI[13] vesper depth=3 confpre=0.5233370367540643 kwin=1 diff=1 go_on=0.045454545454545456 go_off=0.015151515151515152
  HI[14] loam depth=3 confpre=0.5233370367540643 kwin=1 diff=1 go_on=0.045454545454545456 go_off=0.015151515151515152
  HI[15] cobalt depth=3 confpre=0.5233370367540643 kwin=1 diff=1 go_on=0.045454545454545456 go_off=0.015151515151515152
  HI[16] thrum depth=3 confpre=0.5233370367540643 kwin=2 diff=1 go_on=0.045454545454545456 go_off=0.015151515151515152
  HI[17] pallid depth=3 confpre=0.5233370367540643 kwin=2 diff=1 go_on=0.030303030303030304 go_off=0.015151515151515152
  HI[18] resin depth=3 confpre=0.5233370367540643 kwin=1 diff=1 go_on=0.06060606060606061 go_off=0.015151515151515152
  HI[19] gossamer depth=3 confpre=0.5233370367540643 kwin=1 diff=1 go_on=0.045454545454545456 go_off=0.015151515151515152
---- LOW group (fact anchor present, c0 grounded) ----
  LO[0] hollow depth=3 diff=1
  LO[1] amber depth=3 diff=1
  LO[2] tidal depth=3 diff=1
  LO[3] ferric depth=3 diff=1
  LO[4] glassen depth=3 diff=1
  LO[5] umbral depth=3 diff=1
  LO[6] cinder depth=3 diff=1
  LO[7] verdant depth=3 diff=1
  LO[8] quill depth=3 diff=1
  LO[9] marrow depth=3 diff=1
  LO[10] solace depth=3 diff=1
