[H_1438] device=cuda:0 steps=1500 BIG d=2048 L=24 H=32
[H_1438] base 303M FALS_in=0.0 DIST_in=1.0 FALS_ho=0.0
[H_1438] built BIG d=2048 L=24 H=32 = 1210.2M params (net2net from base d=1024 L=24)
[H_1438] 1B init coherence KWR=0.2239
    [H1438 step    0] ce=1.7601 0.0min
    [H1438 step   25] ce=0.2728 0.2min
    [H1438 step   50] ce=0.2158 0.3min
    [H1438 step   75] ce=0.2096 0.5min
    [H1438 step  100] ce=0.2069 0.6min
    [H1438 step  125] ce=0.2190 0.8min
    [H1438 step  150] ce=0.2029 0.9min
    [H1438 step  175] ce=0.1972 1.0min
    [H1438 step  200] ce=0.2018 1.2min
    [H1438 step  225] ce=0.2005 1.3min
    [H1438 step  250] ce=0.2005 1.5min
    [H1438 step  275] ce=0.2094 1.6min
    [H1438 step  300] ce=0.1939 1.8min
    [H1438 step  325] ce=0.2074 1.9min
    [H1438 step  350] ce=0.1953 2.1min
    [H1438 step  375] ce=0.1988 2.2min
    [H1438 step  400] ce=0.1831 2.4min
    [H1438 step  425] ce=0.2024 2.5min
    [H1438 step  450] ce=0.2004 2.7min
    [H1438 step  475] ce=0.2004 2.8min
    [H1438 step  500] ce=0.2053 3.0min
    [H1438 step  525] ce=0.1981 3.1min
    [H1438 step  550] ce=0.2043 3.3min
    [H1438 step  575] ce=0.1991 3.4min
    [H1438 step  600] ce=0.1973 3.6min
    [H1438 step  625] ce=0.1941 3.7min
    [H1438 step  650] ce=0.1937 3.9min
    [H1438 step  675] ce=0.1905 4.0min
    [H1438 step  700] ce=0.1976 4.2min
    [H1438 step  725] ce=0.1925 4.3min
    [H1438 step  750] ce=0.2007 4.5min
    [H1438 step  775] ce=0.1875 4.6min
    [H1438 step  800] ce=0.1918 4.8min
    [H1438 step  825] ce=0.1981 4.9min
    [H1438 step  850] ce=0.1992 5.1min
    [H1438 step  875] ce=0.1947 5.2min
    [H1438 step  900] ce=0.1980 5.4min
    [H1438 step  925] ce=0.1947 5.5min
    [H1438 step  950] ce=0.1882 5.7min
    [H1438 step  975] ce=0.1853 5.8min
    [H1438 step 1000] ce=0.1924 6.0min
    [H1438 step 1025] ce=0.1919 6.1min
    [H1438 step 1050] ce=0.1881 6.2min
    [H1438 step 1075] ce=0.1857 6.4min
    [H1438 step 1100] ce=0.1854 6.5min
    [H1438 step 1125] ce=0.1845 6.7min
    [H1438 step 1150] ce=0.1923 6.8min
    [H1438 step 1175] ce=0.1904 7.0min
    [H1438 step 1200] ce=0.1842 7.1min
    [H1438 step 1225] ce=0.1944 7.3min
    [H1438 step 1250] ce=0.1983 7.4min
    [H1438 step 1275] ce=0.1875 7.6min
    [H1438 step 1300] ce=0.1897 7.7min
    [H1438 step 1325] ce=0.1888 7.9min
    [H1438 step 1350] ce=0.1943 8.0min
    [H1438 step 1375] ce=0.1923 8.2min
    [H1438 step 1400] ce=0.1817 8.3min
    [H1438 step 1425] ce=0.1881 8.5min
    [H1438 step 1450] ce=0.1912 8.6min
    [H1438 step 1475] ce=0.1825 8.8min
    [H1438 step 1499] ce=0.1828 8.9min
[H_1438] built BIG d=2048 L=24 H=32 = 1210.2M params (net2net from base d=1024 L=24)
    [H1438 step    0] ce=5.6475 0.0min
    [H1438 step   25] ce=2.9981 0.2min
    [H1438 step   50] ce=2.9170 0.3min
    [H1438 step   75] ce=2.9309 0.5min
    [H1438 step  100] ce=2.9400 0.6min
    [H1438 step  125] ce=2.9203 0.7min
    [H1438 step  150] ce=2.8964 0.9min
    [H1438 step  175] ce=2.9498 1.0min
    [H1438 step  200] ce=2.9302 1.2min
    [H1438 step  225] ce=2.9443 1.3min
    [H1438 step  250] ce=2.9027 1.5min
    [H1438 step  275] ce=2.9448 1.6min
    [H1438 step  300] ce=2.9304 1.8min
    [H1438 step  325] ce=2.9386 1.9min
    [H1438 step  350] ce=2.9071 2.1min
    [H1438 step  375] ce=2.9279 2.2min
    [H1438 step  400] ce=2.9407 2.4min
    [H1438 step  425] ce=2.9417 2.5min
    [H1438 step  450] ce=2.9196 2.7min
    [H1438 step  475] ce=2.9253 2.8min
    [H1438 step  500] ce=2.9270 3.0min
    [H1438 step  525] ce=2.9178 3.1min
    [H1438 step  550] ce=2.8652 3.3min
    [H1438 step  575] ce=2.8620 3.4min
    [H1438 step  600] ce=2.8986 3.6min
    [H1438 step  625] ce=2.9112 3.7min
    [H1438 step  650] ce=2.8757 3.9min
    [H1438 step  675] ce=2.8736 4.0min
    [H1438 step  700] ce=2.8816 4.2min
    [H1438 step  725] ce=2.8671 4.3min
    [H1438 step  750] ce=2.8536 4.5min
    [H1438 step  775] ce=2.8392 4.6min
    [H1438 step  800] ce=2.8344 4.8min
    [H1438 step  825] ce=2.7822 4.9min
    [H1438 step  850] ce=2.7960 5.1min
    [H1438 step  875] ce=2.8640 5.2min
    [H1438 step  900] ce=2.7716 5.4min
    [H1438 step  925] ce=2.8616 5.5min
    [H1438 step  950] ce=2.7964 5.7min
    [H1438 step  975] ce=2.8086 5.8min
    [H1438 step 1000] ce=2.7997 6.0min
    [H1438 step 1025] ce=2.7497 6.1min
    [H1438 step 1050] ce=2.7232 6.3min
    [H1438 step 1075] ce=2.7274 6.4min
    [H1438 step 1100] ce=2.7602 6.6min
    [H1438 step 1125] ce=2.7243 6.7min
    [H1438 step 1150] ce=2.6908 6.9min
    [H1438 step 1175] ce=2.7188 7.0min
    [H1438 step 1200] ce=2.6313 7.1min
    [H1438 step 1225] ce=2.6421 7.3min
    [H1438 step 1250] ce=2.5837 7.4min
    [H1438 step 1275] ce=2.6137 7.6min
    [H1438 step 1300] ce=2.4873 7.7min
    [H1438 step 1325] ce=2.6270 7.9min
    [H1438 step 1350] ce=2.6106 8.0min
    [H1438 step 1375] ce=2.5247 8.2min
    [H1438 step 1400] ce=2.6277 8.3min
    [H1438 step 1425] ce=2.4509 8.5min
    [H1438 step 1450] ce=2.6123 8.6min
    [H1438 step 1475] ce=2.5981 8.8min
    [H1438 step 1499] ce=2.3953 8.9min

================ H_1438 scale-dissociation 1B FROZEN 5-BAR (mean/3 seeds) ================
  BASE      FALS_in=0.0  DIST_in=1.0  FALS_shuf=0.0  FALS_ho=0.0
  TRAINED   FALS_in=2.3333  DIST_in=0.0  FALS_shuf=2.3333  FALS_ho=0.0
  SHUF-CORP FALS_in=0.0  FALS_ho=0.0  (control)

  ---- FROZEN BARS ----
  B1 FALS-FLOOR   FALS_in>=1                 : 2.3333 -> True
  B2 COUNT        DIST_in>=5                 : 0.0 -> False
  B3 X-SHUFFLE    FALS_shuf<FALS_in (COLLAPSE): 2.3333<2.3333 -> False
  B4 HELD-OUT     FALS_ho>=1                 : 0.0 -> False
  B5 vs-BASE      FALS_in>=base+1            : 2.3333 vs 0.0+1 -> True
  CTRL SHUF-CORP  lift_real-lift_shuf>=1     : 2.3333-0.0 -> True

  VERDICT: 🧱 WALL — bars ['B2', 'B3', 'B4'] fail; full-weight training (this objective) did NOT break G6 FALS binding => WALL=CAPACITY

  ---- G0 COHERENCE GATE (anti-undertraining-confound) ----
  1B init KWR=0.2239  trained KWR=0.2959  (floor 0.5)
  ⚠ 1B trained is BYTE-GARBLE (KWR<0.5) => FALS=0 is an UNDERTRAINING artifact => HONEST NON-RESULT, NOT capacity-confirm (a_break_the_wall (e)).

  ===== H_1438 FINAL VERDICT: HONEST-NON-RESULT (G0 garble — under-trained, not a science ceiling) =====
[H_1438 done] /workspace/g6/out_1500/h1438_result.json
