================================================================
  H_293 — Multivariate (conditional) TE: recover XOR synergy & vs Phi
  (TEm_i = H(next_i | self_i) · vs bivariate TE blind spot of H_290)
================================================================
  rule 0 : TEm=0.0  (bivariate TE=0.0)  Phi_mean=0.0
  rule 255 : TEm=0.0  (bivariate TE=0.0)  Phi_mean=0.0
  rule 204 : TEm=0.0  (bivariate TE=0.0)  Phi_mean=0.0
  rule 51 : TEm=0.0  (bivariate TE=0.0)  Phi_mean=0.0
  rule 150 : TEm=4.0  (bivariate TE=0.0)  Phi_mean=5.625
  rule 105 : TEm=4.0  (bivariate TE=0.0)  Phi_mean=5.625
  rule 90 : TEm=4.0  (bivariate TE=0.0)  Phi_mean=0.0
  rule 60 : TEm=4.0  (bivariate TE=4.0)  Phi_mean=13.625
  rule 110 : TEm=3.62256  (bivariate TE=3.24511)  Phi_mean=13.1302
  rule 30 : TEm=4.0  (bivariate TE=2.0)  Phi_mean=13.8852
  --
  F293.2: Pearson r(TEm, Phi)=0.705412  Spearman rho=0.681358  (bivariate r was 0.883)
  F293.1: rule150 TEm=4.0 rule105 TEm=4.0 (bivariate 0) ; rule204 TEm=0.0
  [PASS] F293.1a RECOVER: rule 150 TEm > 0 (synergy recovered from bivariate 0)
  [PASS] F293.1b RECOVER: rule 105 TEm > 0 (synergy recovered)
  [PASS] F293.1c IDENTITY: rule 204 TEm = 0 (own-determined, no other-flow)
          => clause(b) NOT met: recovering synergy did NOT improve Phi-tracking (Phi stays distinct)
  [PASS] F293.3a ANCHOR: rule 0 (constant) TEm = 0
  [PASS] F293.3b ANCHOR: rule 255 (constant) TEm = 0
  [PASS] F293.3c ANCHOR: rule 51 (complement) TEm = 0 (own-determined)
  [PASS] F293.4 BOUND: 0 <= TEm <= n and Phi_mean >= 0 for all rules
  [PASS] F293.5 DETERMINISM: rule 150 TEm re-run identical
================================================================
  RESULT: 8 PASS / 0 FAIL
  ARC: bivariate TE r=0.883 (XOR blind) | multivariate TEm r=0.705412
  VERDICT: H1 PARTIAL — multivariate TE RECOVERS XOR synergy (150/105 lifted off 0)
           but does NOT improve Phi-tracking: it now over-predicts where flow exists
           without integration (e.g. rule 90). No order of classical TE equals Phi —
           Phi stays a distinct quantity (strengthens the paper's thesis).
================================================================
