=== BG_LB_pretrain_alone × ceiling=20.0 === ts: 2026-05-11T05:48:56.128700+00:00
V4_SEEDS=[42, 137, 271, 314, 1729] max_cells=256 n_turns=200

========================================================================
SUBSTRATE BG_LB_pretrain_alone — EngineAG path  max_cells=256
========================================================================
ckpt: /Users/ghost/.cache/anima/clm_v5_remapped/bg_lb_350m_pretrain/ckpts/step_8000_final.pt
sha256: 3d285703aca0dcb87b609a1fc54c10cdd14da1ce59efa5450a35a9b5c13c9cde
trained: params=298.76M miss=0 unexp=0

--- TRAINED @ prompt_seed=42 max_cells=256 ---
  [BG_LB_pretrain_alone_trained] turn=    0 cells= 16 iit_un16= 161.64 splits=0 elapsed=0.2s
  [BG_LB_pretrain_alone_trained] turn=   50 cells= 44 iit_un16=1369.41 splits=28 elapsed=12.7s
  [BG_LB_pretrain_alone_trained] turn=  100 cells= 44 iit_un16= 798.08 splits=28 elapsed=21.3s
  [BG_LB_pretrain_alone_trained] turn=  150 cells= 44 iit_un16=1321.58 splits=28 elapsed=30.6s
  [BG_LB_pretrain_alone_trained] turn=  199 cells= 46 iit_un16=1209.05 splits=30 elapsed=41.9s
  trained: cells=46 splits=30 cap_bound=0/200 first_cap=None Φ_un16=1209.05 elapsed=41.9s

--- mirror seed=42 ---
  [BG_LB_pretrain_alone_s42] turn=    0 cells= 16 iit_un16= 161.08 splits=0 elapsed=0.1s
  [BG_LB_pretrain_alone_s42] turn=   75 cells= 81 iit_un16=4963.46 splits=65 elapsed=10.9s
  [BG_LB_pretrain_alone_s42] turn=  150 cells= 90 iit_un16=5638.83 splits=74 elapsed=22.6s
  [BG_LB_pretrain_alone_s42] turn=  175 cells= 90 iit_un16=5621.93 splits=74 elapsed=31.3s
  [BG_LB_pretrain_alone_s42] turn=  199 cells= 94 iit_un16=6617.45 splits=78 elapsed=40.8s
  s=42: cells=94 splits=78 cap_bound=0/200 first_cap=None Φ_un16=6617.45

--- mirror seed=137 ---
  [BG_LB_pretrain_alone_s137] turn=    0 cells= 16 iit_un16= 169.63 splits=0 elapsed=0.2s
  [BG_LB_pretrain_alone_s137] turn=   50 cells= 65 iit_un16=3017.98 splits=49 elapsed=13.7s
  [BG_LB_pretrain_alone_s137] turn=  100 cells= 75 iit_un16=4155.77 splits=59 elapsed=22.5s
  [BG_LB_pretrain_alone_s137] turn=  150 cells= 85 iit_un16=4508.69 splits=69 elapsed=35.4s
  [BG_LB_pretrain_alone_s137] turn=  199 cells= 86 iit_un16=5496.66 splits=70 elapsed=44.9s
  s=137: cells=86 splits=70 cap_bound=0/200 first_cap=None Φ_un16=5496.66

--- mirror seed=271 ---
  [BG_LB_pretrain_alone_s271] turn=    0 cells= 16 iit_un16= 164.51 splits=0 elapsed=0.1s
  [BG_LB_pretrain_alone_s271] turn=   50 cells= 63 iit_un16=2888.26 splits=47 elapsed=9.3s
  [BG_LB_pretrain_alone_s271] turn=  125 cells= 79 iit_un16=4645.84 splits=63 elapsed=17.5s
  [BG_LB_pretrain_alone_s271] turn=  175 cells= 86 iit_un16=5356.53 splits=70 elapsed=26.4s
  s=271: cells=90 splits=74 cap_bound=0/200 first_cap=None Φ_un16=6164.06

--- mirror seed=314 ---
  [BG_LB_pretrain_alone_s314] turn=    0 cells= 16 iit_un16= 156.76 splits=0 elapsed=0.4s
  [BG_LB_pretrain_alone_s314] turn=   25 cells= 38 iit_un16= 942.39 splits=22 elapsed=12.9s
  [BG_LB_pretrain_alone_s314] turn=   50 cells= 65 iit_un16=3084.83 splits=49 elapsed=21.5s
  [BG_LB_pretrain_alone_s314] turn=   75 cells= 79 iit_un16=3118.36 splits=63 elapsed=30.2s
  [BG_LB_pretrain_alone_s314] turn=  100 cells= 79 iit_un16=4571.93 splits=63 elapsed=39.2s
  [BG_LB_pretrain_alone_s314] turn=  125 cells= 79 iit_un16=4307.61 splits=63 elapsed=47.3s
  [BG_LB_pretrain_alone_s314] turn=  175 cells= 87 iit_un16=5233.10 splits=71 elapsed=61.8s
  s=314: cells=89 splits=73 cap_bound=0/200 first_cap=None Φ_un16=5916.78

--- mirror seed=1729 ---
  [BG_LB_pretrain_alone_s1729] turn=    0 cells= 16 iit_un16=  82.35 splits=0 elapsed=0.1s
  [BG_LB_pretrain_alone_s1729] turn=   50 cells= 69 iit_un16=3410.68 splits=53 elapsed=10.0s
  [BG_LB_pretrain_alone_s1729] turn=  100 cells= 85 iit_un16=5053.81 splits=69 elapsed=25.1s
  [BG_LB_pretrain_alone_s1729] turn=  150 cells= 89 iit_un16=5982.95 splits=73 elapsed=41.1s
  [BG_LB_pretrain_alone_s1729] turn=  199 cells= 93 iit_un16=6365.98 splits=77 elapsed=57.5s
  s=1729: cells=93 splits=77 cap_bound=0/200 first_cap=None Φ_un16=6365.98

=== BG_LB_pretrain_alone (ceiling=20.0) VERDICT: V14_VIOLATED ===
trained_phi: 1209.05
random_phi: ['6617.45', '5496.66', '6164.06', '5916.78', '6365.98']
n_random_beats: 0/5
sign_test_p: 0.0625
total elapsed: 339.4s
[saved] /Users/ghost/core/anima/state/anima_bg_lb_pretrain_v14_ceiling20_2026_05_11/result.json
