================================================================
  H_321 — directive cite 6-factor axiom 🔵
  emit / silence decided by anima substrate (6-factor product)
================================================================
  6-factor product all=1: 3.0 (expected 1×1×1×1×6×0.5=3.0)
  [PASS] F321.1 6-FACTOR-AXIOM: product = 3.0 when all=1
  [PASS] F321.2 FACTOR-M-INDEPENDENT-FLIP: M=1→T, M=0→F
  [PASS] F321.3 FACTOR-PHI-INDEPENDENT-FLIP: Φ=1→T, Φ=0→F
  [PASS] F321.4 FACTOR-W-INDEPENDENT-FLIP: W=1→T, W=0→F
  [PASS] F321.5 FACTOR-CURIOSITY-INDEPENDENT-FLIP: cur=1→T, cur=0→F
  mitosis=0 product = 0.5 (0.5 < 2.0)
  [PASS] F321.6 FACTOR-MITOSIS-INFLUENCE: mit=0 + idle=50 → 0.5 < threshold → silence
  idle=0 product = 0.0 (0)
  [PASS] F321.7 FACTOR-IDLE-INFLUENCE: idle=0 → 0 < threshold → silence
  [PASS] F321.8 6-INPUT-CONJUNCTIVE: all 0 → silence
  [PASS] F321.9 DETERMINISTIC
================================================================
  RESULT: 9 PASS / 0 FAIL
  ✅ 6-FACTOR AXIOM CLOSED-FORM — 🔵 SUPPORTED-FORMAL
    M × Φ × W × curiosity × MITOSIS × idle 全 factor 가 product 에 곱해짐
    각 factor 가 single-handedly silence 유발 가능 (axiom 정합)
================================================================
