================================================================
  H_294 — synergy vs redundancy (conditional interaction info) vs Phi
  (II_c=H(T|C)-H(T|S1,C)-H(T|S2,C) per cell; II<0=synergy, >0=redundancy)
================================================================
  rule 0 : synergy=0.0 redundancy=0.0  Phi_mean=0.0
  rule 255 : synergy=0.0 redundancy=0.0  Phi_mean=0.0
  rule 204 : synergy=0.0 redundancy=0.0  Phi_mean=0.0
  rule 51 : synergy=0.0 redundancy=0.0  Phi_mean=0.0
  rule 150 : synergy=4.0 redundancy=0.0  Phi_mean=5.625
  rule 105 : synergy=4.0 redundancy=0.0  Phi_mean=5.625
  rule 90 : synergy=4.0 redundancy=0.0  Phi_mean=0.0
  rule 60 : synergy=0.0 redundancy=0.0  Phi_mean=13.625
  rule 110 : synergy=0.377444 redundancy=0.0  Phi_mean=13.1302
  rule 30 : synergy=2.0 redundancy=0.0  Phi_mean=13.8852
  --
  F294.2: r(synergy,Phi)=0.0299599   r(redundancy,Phi)=0.0
          => SYNERGY does NOT cleanly track Phi (clause fails)
  [PASS] F294.1a XOR rule150 synergy-dominant (synergy>0, redundancy=0)
  [PASS] F294.1b XOR rule105 synergy-dominant
  F294.3: rule90 synergy=4.0 Phi_mean=0.0
  [PASS] F294.3 DISSOCIATION: rule 90 synergy>0 yet Phi=0 (synergy NOT sufficient)
  [PASS] F294.4a ANCHOR: rule 0 synergy=0 redundancy=0
  [PASS] F294.4b ANCHOR: rule 255 synergy=0 redundancy=0
  [PASS] F294.4c ANCHOR: rule 204 (identity) synergy=0 redundancy=0
  [PASS] F294.5a BOUND: synergy>=0 redundancy>=0 all rules
  [PASS] F294.5b DETERMINISM: rule 150 synergy re-run identical
================================================================
  RESULT: 8 PASS / 0 FAIL
  r(synergy,Phi)=0.0299599 r(redundancy,Phi)=0.0
  VERDICT: H1 PARTIAL/FALSIFIED — synergy is necessary (all integrating rules
           synergistic) but NOT sufficient (rule 90: synergy>0, Phi=0). No single
           flow component equals Phi — integration is a SYSTEM-cut property.
================================================================
