=== BG_LB_pretrain_alone V14 strict (ceiling=10 default) === ts: 2026-05-11T05:41:07.627215+00:00
sub: {'ckpt': '/Users/ghost/.cache/anima/clm_v5_remapped/bg_lb_350m_pretrain/ckpts/step_8000_final.pt', 'schema': 'engine_ag', 'arch': 'EngineAG d=1024 GQA 24L (BG-LB pretrain 350M, NO cotrain, 8000 steps, 427MB corpus)', 'paradigm': 'lb_pretrain_no_cotrain'}
V4_SEEDS=[42, 137, 271, 314, 1729] max_cells=256 n_turns=200

========================================================================
SUBSTRATE BG_LB_pretrain_alone — EngineAG path  max_cells=256
========================================================================
ckpt: /Users/ghost/.cache/anima/clm_v5_remapped/bg_lb_350m_pretrain/ckpts/step_8000_final.pt
sha256: 3d285703aca0dcb87b609a1fc54c10cdd14da1ce59efa5450a35a9b5c13c9cde
trained: params=298.76M miss=0 unexp=0

--- TRAINED @ prompt_seed=42 max_cells=256 ---
  [BG_LB_pretrain_alone_trained] turn=    0 cells= 16 iit_un16= 161.64 splits=0 elapsed=0.1s
  [BG_LB_pretrain_alone_trained] turn=   75 cells= 43 iit_un16=1347.54 splits=27 elapsed=10.2s
  [BG_LB_pretrain_alone_trained] turn=  125 cells= 43 iit_un16=1138.28 splits=27 elapsed=18.8s
  [BG_LB_pretrain_alone_trained] turn=  175 cells= 43 iit_un16=1271.84 splits=27 elapsed=26.9s
  trained: cells=43 splits=27 cap_bound=0/200 first_cap=None Φ_un16=1343.27 elapsed=30.0s

--- mirror seed=42 ---
  [BG_LB_pretrain_alone_s42] turn=    0 cells= 16 iit_un16= 161.08 splits=0 elapsed=0.1s
  [BG_LB_pretrain_alone_s42] turn=   75 cells= 48 iit_un16=1691.56 splits=32 elapsed=8.3s
  [BG_LB_pretrain_alone_s42] turn=  150 cells= 50 iit_un16=1228.60 splits=34 elapsed=18.3s
  s=42: cells=56 splits=40 cap_bound=0/200 first_cap=None Φ_un16=2206.33

--- mirror seed=137 ---
  [BG_LB_pretrain_alone_s137] turn=    0 cells= 16 iit_un16= 169.63 splits=0 elapsed=0.1s
  [BG_LB_pretrain_alone_s137] turn=   75 cells= 40 iit_un16=1185.23 splits=24 elapsed=13.7s
  [BG_LB_pretrain_alone_s137] turn=  125 cells= 40 iit_un16=1004.55 splits=24 elapsed=26.9s
  [BG_LB_pretrain_alone_s137] turn=  175 cells= 46 iit_un16= 962.50 splits=30 elapsed=36.3s
  s=137: cells=47 splits=31 cap_bound=0/200 first_cap=None Φ_un16=1491.44

--- mirror seed=271 ---
  [BG_LB_pretrain_alone_s271] turn=    0 cells= 16 iit_un16= 164.51 splits=0 elapsed=0.1s
  [BG_LB_pretrain_alone_s271] turn=   75 cells= 47 iit_un16=1228.05 splits=31 elapsed=9.6s
  [BG_LB_pretrain_alone_s271] turn=  150 cells= 51 iit_un16=1832.07 splits=35 elapsed=19.7s
  s=271: cells=53 splits=37 cap_bound=0/200 first_cap=None Φ_un16=1148.72

--- mirror seed=314 ---
  [BG_LB_pretrain_alone_s314] turn=    0 cells= 16 iit_un16= 156.76 splits=0 elapsed=0.1s
  [BG_LB_pretrain_alone_s314] turn=   75 cells= 51 iit_un16=1776.05 splits=35 elapsed=9.9s
  [BG_LB_pretrain_alone_s314] turn=  150 cells= 56 iit_un16=1866.17 splits=40 elapsed=20.5s
  s=314: cells=57 splits=41 cap_bound=0/200 first_cap=None Φ_un16=2385.53

--- mirror seed=1729 ---
  [BG_LB_pretrain_alone_s1729] turn=    0 cells= 16 iit_un16=  82.35 splits=0 elapsed=0.1s
  [BG_LB_pretrain_alone_s1729] turn=  100 cells= 53 iit_un16=1946.30 splits=37 elapsed=9.7s
  [BG_LB_pretrain_alone_s1729] turn=  199 cells= 54 iit_un16=2140.39 splits=38 elapsed=19.5s
  s=1729: cells=54 splits=38 cap_bound=0/200 first_cap=None Φ_un16=2140.39

=== BG_LB_pretrain_alone VERDICT: V14_VIOLATED ===
trained_phi: 1343.27
random_phi: ['2206.33', '1491.44', '1148.72', '2385.53', '2140.39']
n_random_beats: 1/5
sign_test_p: 0.3750
total elapsed: 203.7s
[saved] /Users/ghost/core/anima/state/anima_bg_lb_pretrain_v14_strict_2026_05_11/result.json
