QENTROPY mode=hardcoded_fallback tier=hardcoded(seed=42) seed=42 ssot=False label=lane_p_torch_init
DEVICE cuda name=NVIDIA H100 80GB HBM3 cap=9.0 torch=2.4.0
PARAMS n_params=302610258 (302.610M) d=5000 E=2 L=1 K=3 V=256
CORPUS path=/workspace/corpus_en_dom.bytes bytes=2262561660
STEP      0 ce=5.69580 loss=5.69968 lr=3.00e-06 aux=0.0039 ent=0.6416
STEP    100 ce=2.34122 loss=2.34923 lr=1.53e-04 aux=0.0080 ent=0.5853
STEP    200 ce=2.03993 loss=2.04381 lr=2.99e-04 aux=0.0039 ent=0.6254
STEP    300 ce=1.97337 loss=1.97791 lr=2.98e-04 aux=0.0045 ent=0.5782
STEP    400 ce=1.82150 loss=1.82821 lr=2.97e-04 aux=0.0067 ent=0.3294
STEP    500 ce=1.88823 loss=1.89148 lr=2.95e-04 aux=0.0032 ent=0.6817
STEP    600 ce=1.84493 loss=1.84809 lr=2.93e-04 aux=0.0032 ent=0.6846
STEP    700 ce=1.73957 loss=1.74378 lr=2.90e-04 aux=0.0042 ent=0.6834
STEP    800 ce=1.80430 loss=1.80749 lr=2.87e-04 aux=0.0032 ent=0.6846
STEP    900 ce=1.74101 loss=1.74430 lr=2.84e-04 aux=0.0033 ent=0.6884
STEP   1000 ce=1.66072 loss=1.66629 lr=2.80e-04 aux=0.0056 ent=0.6412
STEP   1100 ce=1.80585 loss=1.81228 lr=2.76e-04 aux=0.0064 ent=0.6428
STEP   1200 ce=1.78429 loss=1.78785 lr=2.71e-04 aux=0.0036 ent=0.6888
STEP   1300 ce=1.76240 loss=1.76851 lr=2.67e-04 aux=0.0061 ent=0.6487
STEP   1400 ce=1.65008 loss=1.65378 lr=2.61e-04 aux=0.0037 ent=0.6883
STEP   1500 ce=1.66639 loss=1.67048 lr=2.56e-04 aux=0.0041 ent=0.6869
STEP   1600 ce=1.64253 loss=1.64602 lr=2.50e-04 aux=0.0035 ent=0.6902
STEP   1700 ce=1.68611 loss=1.68948 lr=2.44e-04 aux=0.0034 ent=0.6873
STEP   1800 ce=1.70371 loss=1.70689 lr=2.38e-04 aux=0.0032 ent=0.6875
STEP   1900 ce=1.66469 loss=1.66859 lr=2.32e-04 aux=0.0039 ent=0.6881
STEP   2000 ce=1.64869 loss=1.65274 lr=2.25e-04 aux=0.0041 ent=0.6866
STEP   2100 ce=1.64072 loss=1.64422 lr=2.18e-04 aux=0.0035 ent=0.6898
STEP   2200 ce=1.57890 loss=1.58275 lr=2.11e-04 aux=0.0038 ent=0.6875
STEP   2300 ce=1.65364 loss=1.65771 lr=2.04e-04 aux=0.0041 ent=0.6871
STEP   2400 ce=1.62506 loss=1.62892 lr=1.96e-04 aux=0.0039 ent=0.6884
STEP   2500 ce=1.60436 loss=1.60806 lr=1.89e-04 aux=0.0037 ent=0.6894
STEP   2600 ce=1.60570 loss=1.60979 lr=1.81e-04 aux=0.0041 ent=0.6873
STEP   2700 ce=1.61116 loss=1.61484 lr=1.73e-04 aux=0.0037 ent=0.6900
STEP   2800 ce=1.64776 loss=1.65137 lr=1.66e-04 aux=0.0036 ent=0.6901
STEP   2900 ce=1.65568 loss=1.65930 lr=1.58e-04 aux=0.0036 ent=0.6904
STEP   3000 ce=1.60713 loss=1.61073 lr=1.50e-04 aux=0.0036 ent=0.6902
STEP   3100 ce=1.54504 loss=1.54857 lr=1.42e-04 aux=0.0035 ent=0.6912
STEP   3200 ce=1.55756 loss=1.56129 lr=1.34e-04 aux=0.0037 ent=0.6900
STEP   3300 ce=1.57021 loss=1.57374 lr=1.26e-04 aux=0.0035 ent=0.6904
STEP   3400 ce=1.50560 loss=1.50911 lr=1.19e-04 aux=0.0035 ent=0.6905
STEP   3500 ce=1.58545 loss=1.58897 lr=1.11e-04 aux=0.0035 ent=0.6912
STEP   3600 ce=1.57772 loss=1.58111 lr=1.04e-04 aux=0.0034 ent=0.6918
STEP   3700 ce=1.58856 loss=1.59192 lr=9.62e-05 aux=0.0034 ent=0.6919
STEP   3800 ce=1.57151 loss=1.57489 lr=8.89e-05 aux=0.0034 ent=0.6922
STEP   3900 ce=1.54200 loss=1.54540 lr=8.18e-05 aux=0.0034 ent=0.6921
STEP   4000 ce=1.59009 loss=1.59335 lr=7.49e-05 aux=0.0033 ent=0.6925
STEP   4100 ce=1.54707 loss=1.55028 lr=6.82e-05 aux=0.0032 ent=0.6927
STEP   4200 ce=1.51521 loss=1.51839 lr=6.18e-05 aux=0.0032 ent=0.6926
STEP   4300 ce=1.55761 loss=1.56086 lr=5.55e-05 aux=0.0032 ent=0.6927
STEP   4400 ce=1.59647 loss=1.59978 lr=4.96e-05 aux=0.0033 ent=0.6926
STEP   4500 ce=1.54457 loss=1.54774 lr=4.39e-05 aux=0.0032 ent=0.6928
STEP   4600 ce=1.52934 loss=1.53257 lr=3.85e-05 aux=0.0032 ent=0.6928
STEP   4700 ce=1.54795 loss=1.55109 lr=3.34e-05 aux=0.0031 ent=0.6929
STEP   4800 ce=1.50972 loss=1.51298 lr=2.86e-05 aux=0.0033 ent=0.6928
STEP   4900 ce=1.50084 loss=1.50391 lr=2.42e-05 aux=0.0031 ent=0.6931
STEP   5000 ce=1.52691 loss=1.52999 lr=2.01e-05 aux=0.0031 ent=0.6931
STEP   5100 ce=1.50051 loss=1.50359 lr=1.63e-05 aux=0.0031 ent=0.6931
STEP   5200 ce=1.51690 loss=1.51999 lr=1.29e-05 aux=0.0031 ent=0.6931
STEP   5300 ce=1.53681 loss=1.53989 lr=9.93e-06 aux=0.0031 ent=0.6931
STEP   5400 ce=1.53732 loss=1.54039 lr=7.32e-06 aux=0.0031 ent=0.6931
STEP   5500 ce=1.56401 loss=1.56709 lr=5.09e-06 aux=0.0031 ent=0.6931
STEP   5600 ce=1.51523 loss=1.51830 lr=3.26e-06 aux=0.0031 ent=0.6931
STEP   5700 ce=1.51751 loss=1.52058 lr=1.83e-06 aux=0.0031 ent=0.6931
STEP   5800 ce=1.49106 loss=1.49413 lr=8.14e-07 aux=0.0031 ent=0.6931
STEP   5900 ce=1.48728 loss=1.49035 lr=2.01e-07 aux=0.0031 ent=0.6931
STEP   5999 ce=1.53322 loss=1.53629 lr=0.00e+00 aux=0.0031 ent=0.6931
FINAL_EVAL_CE 1.51860  (held-window mean over 40 batches)
DESCENT first_ce=5.69580 last_logged_ce=1.53322 eval_ce=1.51860 uniform_ln256=5.54520
CKPT saved /workspace/clm303_endom.pt (1210446412 bytes)
CLM serialized /workspace/clm303_endom.clm (156007166 bytes)
RESULT {"substrate": "GPU-torch", "qentropy": {"entropy_mode": "hardcoded_fallback", "tier": "hardcoded(seed=42)", "label": "lane_p_torch_init", "seed": 42, "ssot": false, "fallback_reason": "ModuleNotFoundError(\"No module named 'qentropy'\")"}, "device": "NVIDIA H100 80GB HBM3", "compute_cap": "9.0", "torch": "2.4.0", "d_model": 5000, "n_experts": 2, "n_trunk_layers": 1, "kernel_size": 3, "vocab": 256, "n_params": 302610258, "steps": 6000, "seq_len": 256, "batch_size": 64, "lr": 0.0003, "bf16": true, "wall_s": 866.5, "first_ce": 5.6958, "last_train_ce": 1.53322, "final_eval_ce": 1.5186, "uniform_ce_ln256": 5.5452, "descent": [[0, 5.6958], [100, 2.34122], [200, 2.03993], [300, 1.97337], [400, 1.8215], [500, 1.88823], [600, 1.84493], [700, 1.73957], [800, 1.8043], [900, 1.74101], [1000, 1.66072], [1100, 1.80585], [1200, 1.78429], [1300, 1.7624], [1400, 1.65008], [1500, 1.66639], [1600, 1.64253], [1700, 1.68611], [1800, 1.70371], [1900, 1.66469], [2000, 1.64869], [2100, 1.64072], [2200, 1.5789], [2300, 1.65364], [2400, 1.62506], [2500, 1.60436], [2600, 1.6057], [2700, 1.61116], [2800, 1.64776], [2900, 1.65568], [3000, 1.60713], [3100, 1.54504], [3200, 1.55756], [3300, 1.57021], [3400, 1.5056], [3500, 1.58545], [3600, 1.57772], [3700, 1.58856], [3800, 1.57151], [3900, 1.542], [4000, 1.59009], [4100, 1.54707], [4200, 1.51521], [4300, 1.55761], [4400, 1.59647], [4500, 1.54457], [4600, 1.52934], [4700, 1.54795], [4800, 1.50972], [4900, 1.50084], [5000, 1.52691], [5100, 1.50051], [5200, 1.5169], [5300, 1.53681], [5400, 1.53732], [5500, 1.56401], [5600, 1.51523], [5700, 1.51751], [5800, 1.49106], [5900, 1.48728], [5999, 1.53322]], "corpus": "/workspace/corpus_en_dom.bytes", "corpus_bytes": 2262561660, "clm_out": "/workspace/clm303_endom.clm", "clm_bytes": 156007166}
