QENTROPY mode=hardcoded_fallback tier=hardcoded(seed=42) seed=42 ssot=False label=lane_p_torch_init
DEVICE cuda name=NVIDIA H100 80GB HBM3 cap=9.0 torch=2.4.0
PARAMS n_params=302610258 (302.610M) d=5000 E=2 L=1 K=3 V=256
CORPUS path=/workspace/corpus_5lang.bytes bytes=3145728000
STEP      0 ce=5.69897 loss=5.70291 lr=3.00e-06 aux=0.0039 ent=0.6394
STEP    100 ce=2.50566 loss=2.50989 lr=1.53e-04 aux=0.0042 ent=0.6559
STEP    200 ce=2.18401 loss=2.18922 lr=2.99e-04 aux=0.0052 ent=0.5819
STEP    300 ce=1.97703 loss=1.98035 lr=2.98e-04 aux=0.0033 ent=0.6678
STEP    400 ce=1.94434 loss=1.94759 lr=2.97e-04 aux=0.0032 ent=0.6768
STEP    500 ce=1.96979 loss=1.97772 lr=2.95e-04 aux=0.0079 ent=0.5842
STEP    600 ce=1.84028 loss=1.84341 lr=2.93e-04 aux=0.0031 ent=0.6892
STEP    700 ce=1.80110 loss=1.80619 lr=2.90e-04 aux=0.0051 ent=0.6728
STEP    800 ce=1.81504 loss=1.81830 lr=2.87e-04 aux=0.0033 ent=0.6874
STEP    900 ce=1.82523 loss=1.83119 lr=2.84e-04 aux=0.0060 ent=0.6036
STEP   1000 ce=1.75690 loss=1.76254 lr=2.80e-04 aux=0.0056 ent=0.6628
STEP   1100 ce=1.74902 loss=1.75544 lr=2.76e-04 aux=0.0064 ent=0.6438
STEP   1200 ce=1.71499 loss=1.71888 lr=2.71e-04 aux=0.0039 ent=0.6795
STEP   1300 ce=1.75551 loss=1.75928 lr=2.67e-04 aux=0.0038 ent=0.6872
STEP   1400 ce=1.66827 loss=1.67291 lr=2.61e-04 aux=0.0046 ent=0.6774
STEP   1500 ce=1.71003 loss=1.71529 lr=2.56e-04 aux=0.0053 ent=0.6689
STEP   1600 ce=1.68111 loss=1.68560 lr=2.50e-04 aux=0.0045 ent=0.6822
STEP   1700 ce=1.65933 loss=1.66329 lr=2.44e-04 aux=0.0040 ent=0.6833
STEP   1800 ce=1.70183 loss=1.70584 lr=2.38e-04 aux=0.0040 ent=0.6870
STEP   1900 ce=1.66494 loss=1.66840 lr=2.32e-04 aux=0.0035 ent=0.6865
STEP   2000 ce=1.59647 loss=1.60037 lr=2.25e-04 aux=0.0039 ent=0.6885
STEP   2100 ce=1.61892 loss=1.62431 lr=2.18e-04 aux=0.0054 ent=0.6661
STEP   2200 ce=1.70117 loss=1.70573 lr=2.11e-04 aux=0.0046 ent=0.6815
STEP   2300 ce=1.64700 loss=1.65027 lr=2.04e-04 aux=0.0033 ent=0.6908
STEP   2400 ce=1.66990 loss=1.67298 lr=1.96e-04 aux=0.0031 ent=0.6925
STEP   2500 ce=1.59807 loss=1.60231 lr=1.89e-04 aux=0.0042 ent=0.6848
STEP   2600 ce=1.58507 loss=1.58837 lr=1.81e-04 aux=0.0033 ent=0.6908
STEP   2700 ce=1.62492 loss=1.62835 lr=1.73e-04 aux=0.0034 ent=0.6905
STEP   2800 ce=1.52444 loss=1.52759 lr=1.66e-04 aux=0.0032 ent=0.6914
STEP   2900 ce=1.58274 loss=1.58683 lr=1.58e-04 aux=0.0041 ent=0.6868
STEP   3000 ce=1.56737 loss=1.57106 lr=1.50e-04 aux=0.0037 ent=0.6895
STEP   3100 ce=1.54684 loss=1.55050 lr=1.42e-04 aux=0.0037 ent=0.6903
STEP   3200 ce=1.59285 loss=1.59593 lr=1.34e-04 aux=0.0031 ent=0.6917
STEP   3300 ce=1.61530 loss=1.61934 lr=1.26e-04 aux=0.0040 ent=0.6873
STEP   3400 ce=1.56831 loss=1.57145 lr=1.19e-04 aux=0.0031 ent=0.6926
STEP   3500 ce=1.51319 loss=1.51668 lr=1.11e-04 aux=0.0035 ent=0.6916
STEP   3600 ce=1.55200 loss=1.55519 lr=1.04e-04 aux=0.0032 ent=0.6925
STEP   3700 ce=1.59518 loss=1.59839 lr=9.62e-05 aux=0.0032 ent=0.6917
STEP   3800 ce=1.56990 loss=1.57319 lr=8.89e-05 aux=0.0033 ent=0.6925
STEP   3900 ce=1.52488 loss=1.52814 lr=8.18e-05 aux=0.0033 ent=0.6923
STEP   4000 ce=1.50789 loss=1.51097 lr=7.49e-05 aux=0.0031 ent=0.6926
STEP   4100 ce=1.53660 loss=1.53981 lr=6.82e-05 aux=0.0032 ent=0.6925
STEP   4200 ce=1.48934 loss=1.49259 lr=6.18e-05 aux=0.0033 ent=0.6925
STEP   4300 ce=1.49188 loss=1.49499 lr=5.55e-05 aux=0.0031 ent=0.6928
STEP   4400 ce=1.51057 loss=1.51367 lr=4.96e-05 aux=0.0031 ent=0.6929
STEP   4500 ce=1.52069 loss=1.52376 lr=4.39e-05 aux=0.0031 ent=0.6930
STEP   4600 ce=1.49521 loss=1.49829 lr=3.85e-05 aux=0.0031 ent=0.6930
STEP   4700 ce=1.53119 loss=1.53426 lr=3.34e-05 aux=0.0031 ent=0.6930
STEP   4800 ce=1.53302 loss=1.53609 lr=2.86e-05 aux=0.0031 ent=0.6930
STEP   4900 ce=1.53235 loss=1.53541 lr=2.42e-05 aux=0.0031 ent=0.6931
STEP   5000 ce=1.54782 loss=1.55091 lr=2.01e-05 aux=0.0031 ent=0.6931
STEP   5100 ce=1.55599 loss=1.55905 lr=1.63e-05 aux=0.0031 ent=0.6931
STEP   5200 ce=1.47312 loss=1.47620 lr=1.29e-05 aux=0.0031 ent=0.6931
STEP   5300 ce=1.49943 loss=1.50252 lr=9.93e-06 aux=0.0031 ent=0.6931
STEP   5400 ce=1.47646 loss=1.47953 lr=7.32e-06 aux=0.0031 ent=0.6931
STEP   5500 ce=1.54152 loss=1.54460 lr=5.09e-06 aux=0.0031 ent=0.6931
STEP   5600 ce=1.45935 loss=1.46242 lr=3.26e-06 aux=0.0031 ent=0.6931
STEP   5700 ce=1.46512 loss=1.46819 lr=1.83e-06 aux=0.0031 ent=0.6931
STEP   5800 ce=1.48875 loss=1.49182 lr=8.14e-07 aux=0.0031 ent=0.6931
STEP   5900 ce=1.53429 loss=1.53736 lr=2.01e-07 aux=0.0031 ent=0.6931
STEP   5999 ce=1.48181 loss=1.48488 lr=0.00e+00 aux=0.0031 ent=0.6931
FINAL_EVAL_CE 1.49363  (held-window mean over 40 batches)
DESCENT first_ce=5.69897 last_logged_ce=1.48181 eval_ce=1.49363 uniform_ln256=5.54520
CKPT saved /workspace/clm303_d5000.pt (1210446412 bytes)
CLM serialized /workspace/clm303_d5000.clm (156007166 bytes)
RESULT {"substrate": "GPU-torch", "qentropy": {"entropy_mode": "hardcoded_fallback", "tier": "hardcoded(seed=42)", "label": "lane_p_torch_init", "seed": 42, "ssot": false, "fallback_reason": "ModuleNotFoundError(\"No module named 'qentropy'\")"}, "device": "NVIDIA H100 80GB HBM3", "compute_cap": "9.0", "torch": "2.4.0", "d_model": 5000, "n_experts": 2, "n_trunk_layers": 1, "kernel_size": 3, "vocab": 256, "n_params": 302610258, "steps": 6000, "seq_len": 256, "batch_size": 64, "lr": 0.0003, "bf16": true, "wall_s": 866.82, "first_ce": 5.69897, "last_train_ce": 1.48181, "final_eval_ce": 1.49363, "uniform_ce_ln256": 5.5452, "descent": [[0, 5.69897], [100, 2.50566], [200, 2.18401], [300, 1.97703], [400, 1.94434], [500, 1.96979], [600, 1.84028], [700, 1.8011], [800, 1.81504], [900, 1.82523], [1000, 1.7569], [1100, 1.74902], [1200, 1.71499], [1300, 1.75551], [1400, 1.66827], [1500, 1.71003], [1600, 1.68111], [1700, 1.65933], [1800, 1.70183], [1900, 1.66494], [2000, 1.59647], [2100, 1.61892], [2200, 1.70117], [2300, 1.647], [2400, 1.6699], [2500, 1.59807], [2600, 1.58507], [2700, 1.62492], [2800, 1.52444], [2900, 1.58274], [3000, 1.56737], [3100, 1.54684], [3200, 1.59285], [3300, 1.6153], [3400, 1.56831], [3500, 1.51319], [3600, 1.552], [3700, 1.59518], [3800, 1.5699], [3900, 1.52488], [4000, 1.50789], [4100, 1.5366], [4200, 1.48934], [4300, 1.49188], [4400, 1.51057], [4500, 1.52069], [4600, 1.49521], [4700, 1.53119], [4800, 1.53302], [4900, 1.53235], [5000, 1.54782], [5100, 1.55599], [5200, 1.47312], [5300, 1.49943], [5400, 1.47646], [5500, 1.54152], [5600, 1.45935], [5700, 1.46512], [5800, 1.48875], [5900, 1.53429], [5999, 1.48181]], "corpus": "/workspace/corpus_5lang.bytes", "corpus_bytes": 3145728000, "clm_out": "/workspace/clm303_d5000.clm", "clm_bytes": 156007166}
