=== [1/3] stale hexa-cache 제거 ===
=== [2/3] hx install anima (clean origin/main 트리, ~20min) ===
[32m⬡ build hook: install.hexa[0m
🧠 anima: installing release tag v3.115.0
🧠 anima: running setup.hexa (presence verify + checkpoint download)
🧠 anima: install complete — `anima` (PATH command) → cli/anima.hexa: train · serialize · evaluate · chat
[2m  registry entry 'launch.hexa' missing, auto-detected 'cli/anima.hexa'[0m
[32m⬡ installed: anima[0m
[2m  entry: cli/anima.hexa[0m
[2m  run with: hx run anima  (or: anima)[0m
=== [3/3] anima d768.clm --opgrip (2-arm ΔEff, decode 없음, $0) ===
  [OG t167 N2 w=1] motiv_base=0.7455403872990577 e_base=0 | motiv_live=0.4359652735730599 e_live=0 | fr=0 agl=0 z=0 s=0
  [OG t168 N3 w=0] motiv_base=0.4404129173949166 e_base=0 | motiv_live=0.362936142258385 e_live=0 | fr=0 agl=0 z=0 s=0
  [OG t169 REM w=0] motiv_base=0.4404129047995069 e_base=1 | motiv_live=0.48576034057023015 e_live=1 | fr=1 agl=1 z=1 s=1
  [OG t170 WAKE w=1] motiv_base=0.7508613397122518 e_base=1 | motiv_live=0.5467307909213664 e_live=1 | fr=1 agl=1 z=1 s=1
  [OG t171 N1 w=1] motiv_base=0.7478616861008266 e_base=1 | motiv_live=0.4970468110148833 e_live=1 | fr=1 agl=1 z=1 s=1
  [OG t172 N2 w=1] motiv_base=0.7501416026771007 e_base=0 | motiv_live=0.4399417905972308 e_live=0 | fr=0 agl=0 z=0 s=0
  [OG t173 N3 w=0] motiv_base=0.4404129178703723 e_base=0 | motiv_live=0.3614959089728066 e_live=0 | fr=0 agl=0 z=0 s=0
  [OG t174 REM w=0] motiv_base=0.4404361734764245 e_base=1 | motiv_live=0.4875175349765417 e_live=1 | fr=1 agl=1 z=1 s=1
  [OG t175 WAKE w=1] motiv_base=0.7450470301214321 e_base=1 | motiv_live=0.5264592337434246 e_live=1 | fr=1 agl=1 z=1 s=1
  [OG t176 N1 w=1] motiv_base=0.7473275101347615 e_base=1 | motiv_live=0.49459113274571936 e_live=1 | fr=1 agl=1 z=1 s=1
  [OG t177 N2 w=1] motiv_base=0.7437570276405986 e_base=0 | motiv_live=0.4313663369167071 e_live=0 | fr=0 agl=0 z=0 s=0
  [OG t178 N3 w=0] motiv_base=0.44043598659335803 e_base=0 | motiv_live=0.36157038761613464 e_live=0 | fr=0 agl=0 z=0 s=0
  [OG t179 REM w=0] motiv_base=0.44043617600945173 e_base=1 | motiv_live=0.4737829583848386 e_live=1 | fr=1 agl=1 z=1 s=1
  [OG t180 WAKE w=1] motiv_base=0.7447463111764728 e_base=1 | motiv_live=0.5278738780349627 e_live=1 | fr=1 agl=1 z=1 s=1
  [OG t181 N1 w=1] motiv_base=0.74117505549776 e_base=1 | motiv_live=0.48261289566064575 e_live=1 | fr=1 agl=1 z=1 s=1
  [OG t182 N2 w=1] motiv_base=0.7436879155488828 e_base=0 | motiv_live=0.43285970809419466 e_live=0 | fr=0 agl=0 z=0 s=0
  [OG t183 N3 w=0] motiv_base=0.4404129187304969 e_base=0 | motiv_live=0.3601029052283668 e_live=0 | fr=0 agl=0 z=0 s=0
  [OG t184 REM w=0] motiv_base=0.44043613063626563 e_base=1 | motiv_live=0.4810172246791193 e_live=1 | fr=1 agl=1 z=1 s=1
  [OG t185 WAKE w=1] motiv_base=0.7413352032409591 e_base=1 | motiv_live=0.5219542775220225 e_live=1 | fr=1 agl=1 z=1 s=1
  [OG t186 N1 w=1] motiv_base=0.7451368284005077 e_base=1 | motiv_live=0.49477560170938273 e_live=1 | fr=1 agl=1 z=1 s=1
  [OG t187 N2 w=1] motiv_base=0.7426223389678804 e_base=0 | motiv_live=0.4327566728809518 e_live=0 | fr=0 agl=0 z=0 s=0
  [OG t188 N3 w=0] motiv_base=0.4404361625686537 e_base=0 | motiv_live=0.36224233145768303 e_live=0 | fr=0 agl=0 z=0 s=0
  [OG t189 REM w=0] motiv_base=0.4404129126290839 e_base=1 | motiv_live=0.48116468944280777 e_live=1 | fr=1 agl=1 z=1 s=1
  [OG t190 WAKE w=1] motiv_base=0.7481765087883855 e_base=1 | motiv_live=0.5420576966857835 e_live=1 | fr=1 agl=1 z=1 s=1
  [OG t191 N1 w=1] motiv_base=0.7451973863192539 e_base=1 | motiv_live=0.49384346509451577 e_live=1 | fr=1 agl=1 z=1 s=1
  [OG t192 N2 w=1] motiv_base=0.7489988314695454 e_base=0 | motiv_live=0.4401449653159861 e_live=0 | fr=0 agl=0 z=0 s=0
  [OG t193 N3 w=0] motiv_base=0.4404361690160268 e_base=0 | motiv_live=0.3619408151560556 e_live=0 | fr=0 agl=0 z=0 s=0
  [OG t194 REM w=0] motiv_base=0.44041292209594873 e_base=1 | motiv_live=0.49317326360243596 e_live=1 | fr=1 agl=1 z=1 s=1
  [OG t195 WAKE w=1] motiv_base=0.747931309383349 e_base=1 | motiv_live=0.5371556506316109 e_live=1 | fr=1 agl=1 z=1 s=1
  [OG t196 N1 w=1] motiv_base=0.7502115538545123 e_base=1 | motiv_live=0.502017696871796 e_live=1 | fr=1 agl=1 z=1 s=1
  [OG t197 N2 w=1] motiv_base=0.7464083532001299 e_base=0 | motiv_live=0.43480332447609676 e_live=0 | fr=0 agl=0 z=0 s=0
  [OG t198 N3 w=0] motiv_base=0.4404361705345635 e_base=0 | motiv_live=0.3622543033406871 e_live=0 | fr=0 agl=0 z=0 s=0
  [OG t199 REM w=0] motiv_base=0.44041291304000196 e_base=1 | motiv_live=0.47871617719595705 e_live=1 | fr=1 agl=1 z=1 s=1

════════════ OP-GRIP 5-ARM HAMMING (n=200, wake=120) ════════════
  BASELINE (pre-fix ÷43 + 4 constants): Hamming(rel-frozen vs base) = 0   [pre-reg: 0 = THEATER reproduced]
  baseline motivation floor >0.3 on 120/120 wake ticks
  ── POST-FIX (live 8-factor op reads + tonic-phasic) ──
  Hamming(full-rel_ctx frozen vs live) = 0   wake-only = 0/120
  Hamming(single-op agloop frozen vs live) = 0   wake-only = 0/120
  Hamming(rel_ctx→0 vs live) = 0
  Hamming(rel_ctx→shuffle vs live) = 0
  wake emit-fraction = 0.6666666666666666 (live)
  Ψ ON==OFF invariant: psi_sum==psi_off = ✅

──────── H_9101 (b) STAGE/SAFE op-grip: urgency-freeze Hamming, split by stage ────────
  ticks: WAKE=40 N3=40 REM=40 mid(N1/N2/REM)=120
  Hamming(urgency→0 vs live)  REM=40  N3=0  WAKE=0  mid=80
  Hamming(urgency→shuf vs live) REM=3  N3=0   [control]
  ── PRE-REG VERDICT ──
  VERDICT = 🟢 GRIP (shade-not-gate): urgency-freeze FLIPS REM decisions (h_U0_rem>0) ∧ N3 silent-PRESERVED (h_U0_n3=0) = DISSOCIATION  [Ψ ON≡OFF ✓]

──────── TENSION→ADAPTATION op-grip: phasic A⇄G tension freeze (Δ→0) vs live ────────
  Hamming(ten_phasic→0.5 vs live) = 0 / 160 discriminating(env>0) ticks   ΔEff = 0.0
  PREREG VERDICT = 🔴 THEATER (ΔEff<0.02): phasic tension does NOT shade emit — the promotion is decoration (honest negative)  [Ψ ON≡OFF ✓]

──────── H_9102 (F3) FACULTY-NOT-NOISE: variance-matched noise arm (n=200) ────────
  urgency dist: mean=0.4494801948787774 std=0.03788167843756458  (perm-noise = same multiset ⇒ EXACT mean/var match; LCG-noise = affine-matched)
  emit-rate: live=0.6  perm-noise=0.6   (≈equal ⇒ same centering; only tick-MEANING differs)
  downstream D = mean(tension ag_conflict, emit_drive, novelty nov_ctx, grounded m_grounding)
  ── ρ(emit-timing, D) ──                    ALL(n=200)   DISCRIM(N1/N2/REM)
  ρ_real  (live urgency)                :  -0.033462615288456246   0.2147057763270637
  ρ_noise (perm var-matched, K=8 mean)  :  -0.03346261528845624   0.2147057763270637
  ρ_lcg   (affine var-matched control)  :  -0.033462615288456246   0.2147057763270637
  Δρ = ρ_real − ρ_noise                 :  -6.938893903907228e-18   0.0
  per-component ρ_real: tension=0.16666666666666688 novelty=0.033045899384271334 grounded=-1.4313052163268636e-18
  ── PRE-REG F3 VERDICT (frozen bar Δρ ≥ 0.15) ──
  F3 VERDICT = 🟠 NOISE-GRIP — Δρ < 0.15: the grip is centering-noise-driven (matched noise reproduces the same downstream corr) = a subtler op-layer theater; tier stays GRIP

──────── kosmos ΔEff_self: LIVE-self vs STATIC-self read-side fold (wake=120) ────────
  content_axis=2 boot_axis=6  (g_text unavailable in $0 no-decode block → session-seed grounding proxy)
  e_L  Hamming(live-self ARM-L vs static-self ARM-S) = 0/120  ΔEff_self=0.0
  e_S  Hamming(static-self re-sum vs production e_live) = 0/120  (0.0; re-sum fidelity, must ~0)
  e_selfshuf Hamming(shuffled-self vs ARM-S) = 0/120  (0.0; control, must ~0)
  e_ctrlU CONTROL-U Hamming(self-Δ→urgency vs e_live) = 0/120  (0.0; urgency channel, ≥0.10 if mechanism can work)
  ── PRE-REG ΔEff_self VERDICT (frozen bars, verbatim) ──
  [COMPETENT] ΔEff_self>=0.10 -> gap1 :2232 fold wiring GO.
  [THEATER] ΔEff_self<0.02 AND CONTROL-U>=0.10 -> read-side fold is theater, do NOT wire :2232 (keep persistence only).
  [DIRECTIONAL] 0.02-0.10 -> promotion design.
  VERDICT = 🟠 DIRECTIONAL — 0.02≤ΔEff_self<0.10 (or CONTROL-U<0.10) ⇒ promotion design (route self through a proven channel, not the ÷42 pool)
OPGRIP_VERIFY2_DONE rc=0
