Building for debugging...
[0/3] Write swift-version--58304C5D6DBC2206.txt
Build of product 'DemiurgeCLI' complete! (0.12s)
action: 검증 (검증) · domain=aura — dispatching…
========================================================================
  hexa-aura verify/run_all — aggregate sweep
  root: /Users/ghost/core/demiurge/cockpit
========================================================================
---- verify/lattice_check.hexa ----
error: `hexa build /Users/ghost/core/demiurge/cockpit/verify/lattice_check.hexa` failed (compile error).
error: source file not found: /Users/ghost/core/demiurge/cockpit/verify/lattice_check.hexa
__HEXA_BRC__=1
  → verify/lattice_check.hexa FAIL (rc=1)
---- verify/cross_doc_audit.hexa ----
error: `hexa build /Users/ghost/core/demiurge/cockpit/verify/cross_doc_audit.hexa` failed (compile error).
error: source file not found: /Users/ghost/core/demiurge/cockpit/verify/cross_doc_audit.hexa
__HEXA_BRC__=1
  → verify/cross_doc_audit.hexa FAIL (rc=1)
---- verify/calc_clip.hexa ----
error: `hexa build /Users/ghost/core/demiurge/cockpit/verify/calc_clip.hexa` failed (compile error).
error: source file not found: /Users/ghost/core/demiurge/cockpit/verify/calc_clip.hexa
__HEXA_BRC__=1
  → verify/calc_clip.hexa FAIL (rc=1)
---- verify/calc_coil.hexa ----
error: `hexa build /Users/ghost/core/demiurge/cockpit/verify/calc_coil.hexa` failed (compile error).
error: source file not found: /Users/ghost/core/demiurge/cockpit/verify/calc_coil.hexa
__HEXA_BRC__=1
  → verify/calc_coil.hexa FAIL (rc=1)
---- verify/calc_cortex.hexa ----
error: `hexa build /Users/ghost/core/demiurge/cockpit/verify/calc_cortex.hexa` failed (compile error).
error: source file not found: /Users/ghost/core/demiurge/cockpit/verify/calc_cortex.hexa
__HEXA_BRC__=1
  → verify/calc_cortex.hexa FAIL (rc=1)
---- verify/calc_safety.hexa ----
error: `hexa build /Users/ghost/core/demiurge/cockpit/verify/calc_safety.hexa` failed (compile error).
error: source file not found: /Users/ghost/core/demiurge/cockpit/verify/calc_safety.hexa
__HEXA_BRC__=1
  → verify/calc_safety.hexa FAIL (rc=1)
---- verify/numerics_coil.hexa ----
error: `hexa build /Users/ghost/core/demiurge/cockpit/verify/numerics_coil.hexa` failed (compile error).
error: source file not found: /Users/ghost/core/demiurge/cockpit/verify/numerics_coil.hexa
__HEXA_BRC__=1
  → verify/numerics_coil.hexa FAIL (rc=1)
---- verify/numerics_cortex.hexa ----
error: `hexa build /Users/ghost/core/demiurge/cockpit/verify/numerics_cortex.hexa` failed (compile error).
error: source file not found: /Users/ghost/core/demiurge/cockpit/verify/numerics_cortex.hexa
__HEXA_BRC__=1
  → verify/numerics_cortex.hexa FAIL (rc=1)
---- verify/numerics_safety.hexa ----
error: `hexa build /Users/ghost/core/demiurge/cockpit/verify/numerics_safety.hexa` failed (compile error).
error: source file not found: /Users/ghost/core/demiurge/cockpit/verify/numerics_safety.hexa
__HEXA_BRC__=1
  → verify/numerics_safety.hexa FAIL (rc=1)
---- verify/numerics_clip_parity.hexa ----
error: `hexa build /Users/ghost/core/demiurge/cockpit/verify/numerics_clip_parity.hexa` failed (compile error).
error: source file not found: /Users/ghost/core/demiurge/cockpit/verify/numerics_clip_parity.hexa
__HEXA_BRC__=1
  → verify/numerics_clip_parity.hexa FAIL (rc=1)
---- verify/numerics_coil_parity.hexa ----
error: `hexa build /Users/ghost/core/demiurge/cockpit/verify/numerics_coil_parity.hexa` failed (compile error).
error: source file not found: /Users/ghost/core/demiurge/cockpit/verify/numerics_coil_parity.hexa
__HEXA_BRC__=1
  → verify/numerics_coil_parity.hexa FAIL (rc=1)
---- verify/numerics_cortex_parity.hexa ----
error: `hexa build /Users/ghost/core/demiurge/cockpit/verify/numerics_cortex_parity.hexa` failed (compile error).
error: source file not found: /Users/ghost/core/demiurge/cockpit/verify/numerics_cortex_parity.hexa
__HEXA_BRC__=1
  → verify/numerics_cortex_parity.hexa FAIL (rc=1)
---- verify/numerics_safety_parity.hexa ----
error: `hexa build /Users/ghost/core/demiurge/cockpit/verify/numerics_safety_parity.hexa` failed (compile error).
error: source file not found: /Users/ghost/core/demiurge/cockpit/verify/numerics_safety_parity.hexa
__HEXA_BRC__=1
  → verify/numerics_safety_parity.hexa FAIL (rc=1)
---- verify/numerics_cortex_solver.hexa ----
error: `hexa build /Users/ghost/core/demiurge/cockpit/verify/numerics_cortex_solver.hexa` failed (compile error).
error: source file not found: /Users/ghost/core/demiurge/cockpit/verify/numerics_cortex_solver.hexa
__HEXA_BRC__=1
  → verify/numerics_cortex_solver.hexa FAIL (rc=1)
---- verify/numerics_safety_solver.hexa ----
error: `hexa build /Users/ghost/core/demiurge/cockpit/verify/numerics_safety_solver.hexa` failed (compile error).
error: source file not found: /Users/ghost/core/demiurge/cockpit/verify/numerics_safety_solver.hexa
__HEXA_BRC__=1
  → verify/numerics_safety_solver.hexa FAIL (rc=1)
---- verify/numerics_cross_pillar.hexa ----
error: `hexa build /Users/ghost/core/demiurge/cockpit/verify/numerics_cross_pillar.hexa` failed (compile error).
error: source file not found: /Users/ghost/core/demiurge/cockpit/verify/numerics_cross_pillar.hexa
__HEXA_BRC__=1
  → verify/numerics_cross_pillar.hexa FAIL (rc=1)
---- verify/falsifier_check.hexa ----
error: `hexa build /Users/ghost/core/demiurge/cockpit/verify/falsifier_check.hexa` failed (compile error).
error: source file not found: /Users/ghost/core/demiurge/cockpit/verify/falsifier_check.hexa
__HEXA_BRC__=1
  → verify/falsifier_check.hexa FAIL (rc=1)
---- verify/lint_numerics.hexa ----
error: `hexa build /Users/ghost/core/demiurge/cockpit/verify/lint_numerics.hexa` failed (compile error).
error: source file not found: /Users/ghost/core/demiurge/cockpit/verify/lint_numerics.hexa
__HEXA_BRC__=1
  → verify/lint_numerics.hexa FAIL (rc=1)
---- verify/saturation_check.hexa ----
error: `hexa build /Users/ghost/core/demiurge/cockpit/verify/saturation_check.hexa` failed (compile error).
error: source file not found: /Users/ghost/core/demiurge/cockpit/verify/saturation_check.hexa
__HEXA_BRC__=1
  → verify/saturation_check.hexa FAIL (rc=1)
========================================================================
  0/19 scripts passed
  verify sweep FAILED — see per-script output above.
__HEXA_AURA_RUN_ALL__ FAIL
[aura+verify · hexa-aura verify (F-AURA-{1..4} state)] exit=1, entrypoint=/Users/ghost/core/hexa-aura/verify/run_all.hexa
  substrate SSOT: ~/core/hexa-aura/
GATE_OPEN / absorbed=false (g3 — sibling-repo dispatch; D80 hexa-native parity port still required for non-provisional absorbed)
---
⏳ engine tool gap — no new measured record (g3).
