DEVICE cuda name=NVIDIA GeForce RTX 5070 cap=12.0 torch=2.12.0.dev20260408+cu128
PARAMS n_params=7479042 (7.479M) d=768 E=2 L=1 K=3 V=256
CORPUS path=/home/aiden/lanep_gen2/wiki5_big.txt bytes=150000000 sha256=f545bb716f448e722fd68051a1872499882cb9e7ddad16a41241bfb29b147241
SPLIT train_bytes=119944969 (80.0%) contig_val_bytes=15000000 (10.0%) rand_val_bytes=14999552 (10.0%) train_segs=14227 rand_blocks=14648
LEAK_CHECK pass (held-out segments disjoint from train segments)
/home/aiden/lanep_gen2/CLM/train/train_lane_p_split.py:232: UserWarning: Converting a tensor with requires_grad=True to a scalar may lead to unexpected behavior.
Consider using tensor.detach() first. (Triggered internally at /pytorch/torch/csrc/autograd/generated/python_variable_methods.cpp:838.)
  ce = float(out["ce_loss"])
STEP      0 ce=5.72226 loss=5.72634 lr=3.00e-06
STEP    200 ce=2.10679 loss=2.10991 lr=3.00e-04
STEP    400 ce=1.79452 loss=1.79760 lr=2.98e-04
STEP    600 ce=1.66673 loss=1.66980 lr=2.96e-04
STEP    800 ce=1.62685 loss=1.62993 lr=2.93e-04
STEP   1000 ce=1.68181 loss=1.68488 lr=2.89e-04
STEP   1200 ce=1.71467 loss=1.71775 lr=2.84e-04
STEP   1400 ce=1.64702 loss=1.65009 lr=2.78e-04
STEP   1600 ce=1.59035 loss=1.59343 lr=2.71e-04
STEP   1800 ce=1.60260 loss=1.60567 lr=2.64e-04
STEP   2000 ce=1.58739 loss=1.59046 lr=2.56e-04
STEP   2200 ce=1.53788 loss=1.54097 lr=2.47e-04
STEP   2400 ce=1.52715 loss=1.53022 lr=2.38e-04
STEP   2600 ce=1.63598 loss=1.63905 lr=2.28e-04
STEP   2800 ce=1.59009 loss=1.59317 lr=2.18e-04
STEP   3000 ce=1.46819 loss=1.47127 lr=2.07e-04
STEP   3200 ce=1.49804 loss=1.50112 lr=1.96e-04
STEP   3400 ce=1.48480 loss=1.48787 lr=1.85e-04
STEP   3600 ce=1.45703 loss=1.46010 lr=1.73e-04
STEP   3800 ce=1.43449 loss=1.43756 lr=1.62e-04
STEP   4000 ce=1.58099 loss=1.58406 lr=1.50e-04
STEP   4200 ce=1.47400 loss=1.47707 lr=1.38e-04
STEP   4400 ce=1.49419 loss=1.49726 lr=1.26e-04
STEP   4600 ce=1.43988 loss=1.44295 lr=1.15e-04
STEP   4800 ce=1.44270 loss=1.44577 lr=1.04e-04
STEP   5000 ce=1.50734 loss=1.51041 lr=9.25e-05
STEP   5200 ce=1.47775 loss=1.48082 lr=8.18e-05
STEP   5400 ce=1.45220 loss=1.45527 lr=7.16e-05
STEP   5600 ce=1.45343 loss=1.45650 lr=6.18e-05
STEP   5800 ce=1.38452 loss=1.38759 lr=5.25e-05
STEP   6000 ce=1.40544 loss=1.40851 lr=4.39e-05
STEP   6200 ce=1.43159 loss=1.43466 lr=3.59e-05
STEP   6400 ce=1.44918 loss=1.45225 lr=2.86e-05
STEP   6600 ce=1.46528 loss=1.46835 lr=2.21e-05
STEP   6800 ce=1.44298 loss=1.44605 lr=1.63e-05
STEP   7000 ce=1.51402 loss=1.51709 lr=1.14e-05
STEP   7200 ce=1.46034 loss=1.46341 lr=7.32e-06
STEP   7400 ce=1.46442 loss=1.46749 lr=4.13e-06
STEP   7600 ce=1.46226 loss=1.46533 lr=1.84e-06
STEP   7800 ce=1.40868 loss=1.41175 lr=4.58e-07
STEP   7999 ce=1.43959 loss=1.44266 lr=0.00e+00
TRAIN_CE 1.43924
VAL_CE_CONTIG 1.52095  GAP_CONTIG +0.08171
VAL_CE_RAND 1.43031  GAP_RAND -0.00893
VAL_CE(worst) 1.52095  GAP +0.08171  REL_GAP 0.0568
BASELINE uniform_ce=5.54518 shuffle_ce=8.41982
F-CLM-LANEP-GEN 1  (GENERALIZES)
CKPT saved /home/aiden/lanep_gen2/clm_gen2_d768.pt (29922234 bytes)
CLM serialized /home/aiden/lanep_gen2/clm_gen2_d768.clm (4463478 bytes)
RESULT {"substrate": "GPU-torch", "test": "train_val_split_generalization", "device": "NVIDIA GeForce RTX 5070", "compute_cap": "12.0", "torch": "2.12.0.dev20260408+cu128", "d_model": 768, "n_experts": 2, "n_trunk_layers": 1, "kernel_size": 3, "vocab": 256, "n_params": 7479042, "steps": 8000, "seq_len": 256, "batch_size": 64, "lr": 0.0003, "bf16": true, "wall_s": 342.17, "corpus": "/home/aiden/lanep_gen2/wiki5_big.txt", "corpus_bytes": 150000000, "corpus_sha256": "f545bb716f448e722fd68051a1872499882cb9e7ddad16a41241bfb29b147241", "val_frac": 0.1, "train_bytes": 119944969, "contig_val_bytes": 15000000, "rand_val_bytes": 14999552, "first_ce": 5.72226, "train_ce": 1.43924, "val_ce_contig": 1.52095, "val_ce_rand": 1.43031, "val_ce_worst": 1.52095, "gap_contig": 0.08171, "gap_rand": -0.00893, "gap": 0.08171, "rel_gap": 0.05678, "uniform_ce": 5.54518, "shuffle_ce": 8.41982, "F_CLM_LANEP_GEN": 1, "verdict_str": "GENERALIZES", "descent": [[0, 5.72226], [200, 2.10679], [400, 1.79452], [600, 1.66673], [800, 1.62685], [1000, 1.68181], [1200, 1.71467], [1400, 1.64702], [1600, 1.59035], [1800, 1.6026], [2000, 1.58739], [2200, 1.53788], [2400, 1.52715], [2600, 1.63598], [2800, 1.59009], [3000, 1.46819], [3200, 1.49804], [3400, 1.4848], [3600, 1.45703], [3800, 1.43449], [4000, 1.58099], [4200, 1.474], [4400, 1.49419], [4600, 1.43988], [4800, 1.4427], [5000, 1.50734], [5200, 1.47775], [5400, 1.4522], [5600, 1.45343], [5800, 1.38452], [6000, 1.40544], [6200, 1.43159], [6400, 1.44918], [6600, 1.46528], [6800, 1.44298], [7000, 1.51402], [7200, 1.46034], [7400, 1.46442], [7600, 1.46226], [7800, 1.40868], [7999, 1.43959]]}
