[cfg] EngineAGConfig(vocab_size=32000, d_model=1024, n_layers=24, n_heads=16, n_kv_heads=4, ffn_mult=2.6875, ctx=1024, rope_theta=10000.0, rms_norm_eps=1e-05, tie_lm_head=True, consciousness_dim=64, n_cells=16, g_refresh_every=4, g_repulsion_alpha=0.05, g_attention_pull_alpha=0.1, g_tension_gate_beta=0.25, init_std=0.02, seed=42, chat_co_train_weight=0.3, chat_co_train_w_start=0.3, chat_co_train_w_end=0.5, lineage_tag='engine_a_g_dual_350m_v1_phase2_cotrain', arch_origin='anima_native_scratch')
[chat] loading corpus/multi_turn_v2.txt …
[chat] 115,433,015 chars
[chat] encoded 261,242,554 tokens
[data] chat windows=255119
[ckpt] loading ckpts/ckpt_phase1a_sft.pt …
[ckpt] LOADED
[model] params=298,764,288
[train] Phase 1A.1 v2 chat-only starting …
[step     1/500] loss=0.7380 lr=6.67e-08 mem=7.7GB elapsed=0.0min cost=$0.001
[step    20/500] loss=0.7085 lr=1.33e-06 mem=8.9GB elapsed=0.4min cost=$0.005
[step    40/500] loss=0.7074 lr=2.00e-06 mem=8.9GB elapsed=0.7min cost=$0.010
[step    60/500] loss=0.7096 lr=1.98e-06 mem=8.9GB elapsed=1.1min cost=$0.015
[step    80/500] loss=0.7039 lr=1.94e-06 mem=8.9GB elapsed=1.4min cost=$0.020
[step   100/500] loss=0.6848 lr=1.89e-06 mem=8.9GB elapsed=1.8min cost=$0.025
[step   120/500] loss=0.7199 lr=1.82e-06 mem=8.9GB elapsed=2.1min cost=$0.030
[step   140/500] loss=0.6974 lr=1.74e-06 mem=8.9GB elapsed=2.5min cost=$0.035
[step   160/500] loss=0.7003 lr=1.65e-06 mem=8.9GB elapsed=2.8min cost=$0.040
[step   180/500] loss=0.6872 lr=1.54e-06 mem=8.9GB elapsed=3.1min cost=$0.045
[step   200/500] loss=0.6865 lr=1.42e-06 mem=8.9GB elapsed=3.5min cost=$0.050
[step   220/500] loss=0.7154 lr=1.30e-06 mem=8.9GB elapsed=3.8min cost=$0.055
[step   240/500] loss=0.6945 lr=1.17e-06 mem=8.9GB elapsed=4.2min cost=$0.060
[ckpt] saved output/ckpt_step250.pt
[step   260/500] loss=0.6795 lr=1.03e-06 mem=8.9GB elapsed=4.5min cost=$0.065
[step   280/500] loss=0.6976 lr=9.00e-07 mem=8.9GB elapsed=4.9min cost=$0.070
[step   300/500] loss=0.6970 lr=7.68e-07 mem=8.9GB elapsed=5.2min cost=$0.075
[step   320/500] loss=0.6802 lr=6.41e-07 mem=8.9GB elapsed=5.6min cost=$0.080
[step   340/500] loss=0.6953 lr=5.19e-07 mem=8.9GB elapsed=5.9min cost=$0.084
[step   360/500] loss=0.6806 lr=4.07e-07 mem=8.9GB elapsed=6.2min cost=$0.089
[step   380/500] loss=0.7050 lr=3.05e-07 mem=8.9GB elapsed=6.6min cost=$0.094
[step   400/500] loss=0.6536 lr=2.15e-07 mem=8.9GB elapsed=6.9min cost=$0.099
[step   420/500] loss=0.7105 lr=1.40e-07 mem=8.9GB elapsed=7.3min cost=$0.104
[step   440/500] loss=0.6872 lr=7.94e-08 mem=8.9GB elapsed=7.6min cost=$0.109
[step   460/500] loss=0.6923 lr=3.55e-08 mem=8.9GB elapsed=7.9min cost=$0.114
[step   480/500] loss=0.6946 lr=8.92e-09 mem=8.9GB elapsed=8.3min cost=$0.119
[step   500/500] loss=0.6566 lr=0.00e+00 mem=8.9GB elapsed=8.6min cost=$0.124
[ckpt] saved output/ckpt_step500.pt
[ckpt] saved output/ckpt_final.pt
[done] {
  "preset": "phase1a1_color_cosmology_v2_chat_only",
  "steps_completed": 500,
  "steps_target": 500,
  "elapsed_min": 8.638835481802623,
  "cost_usd": 0.12382330857250426,
  "n_params": 298764288,
  "lineage_tag": "phase1a_multi_turn_sft -> phase1a1_color_cosmology_v2",
  "base_ckpt": "ckpts/ckpt_phase1a_sft.pt",
  "lr": 2e-06
}
