[07:38:12] === anima_jd_sp_ko_32k_tokenizer_build BG-JD 2026-05-07 ===
[07:38:12] hostname=ghostui-macbookair.local on_ubu=False
[07:38:12] corpus=/Users/ghost/core/anima/state/anima_universe_brain_map_corpus_21mb_2026_05_07/corpus_universe_brain_map.txt
[07:38:12] corpus size: 23,745,150 bytes (22.65 MB)
[07:38:12]   -> spm.train: vocab=32000 model_type=bpe character_coverage=0.9999 hard_vocab_limit=True
[07:38:13]   32000 strict build FAILED: Internal: /Users/runner/work/sentencepiece/sentencepiece/src/trainer_interface.cc(664) [(trainer_spec_.vocab_size()) == (model_proto->pieces_size())] Vocabulary size too high (32000). Please set it to a value <= 11885.
[07:38:13]   retry 32000 with hard_vocab_limit=False (pad with unused)
[07:38:13]   -> spm.train: vocab=32000 model_type=bpe character_coverage=0.9999 hard_vocab_limit=False
[07:38:14]   32000 non-strict build OK (vocab padded to 32000)
[07:38:14] SP loaded: vocab=11885 (target=32000)
[07:38:14] compression sample: 30,000 chars -> 7,689 tokens = 3.902 chars/token
[07:38:14] smoke roundtrip: 8/8 pass
[07:38:14]   in='안녕하세요'                                                 n_tok=  1 pieces=['▁안녕하세요']
[07:38:14]   in='사용자: 우주뇌지도가 뭐야?'                                       n_tok=  6 pieces=['▁', '사용자:', '▁우주뇌지도', '가', '▁뭐야', '?']
[07:38:14]   in='도우미: anima는 우주뇌지도 entity 입니다'                          n_tok=  8 pieces=['▁', '도우미:', '▁anima', '는', '▁우주뇌지도', '▁entity', '▁', '입니다']
[07:38:14]   in='[anima 우주뇌지도] 사용자: 1030 laws의 의미는?'                    n_tok= 12 pieces=['▁[', 'anima', '▁우주뇌지도', ']', '▁', '사용자:', '▁1030', '▁laws', '의', '▁의미', '는', '?']
[07:38:14]   in='Φ★란 의식 측도'                                             n_tok=  6 pieces=['▁Φ', '★', '란', '▁의식', '▁측', '도']
[07:38:14]   in='코드를 짜줘'                                                n_tok=  2 pieces=['▁코드를', '▁짜줘']
[07:38:14]   in='사용자: 너는 누구야? | 도우미:'                                   n_tok=  9 pieces=['▁', '사용자:', '▁너는', '▁누구야', '?', '▁', '|', '▁', '도우미:']
[07:38:14]   in='사용자: anima가 뭐야? | 도우미:'                                n_tok= 10 pieces=['▁', '사용자:', '▁anima', '가', '▁뭐야', '?', '▁', '|', '▁', '도우미:']
[07:38:14] === BUILD DONE === vocab=11885 reduced=False compression=3.902 cpt elapsed=1.7s
[07:38:14] meta: /Users/ghost/core/anima/state/anima_jd_sp_ko_32k_tokenizer_2026_05_07/build_meta.json
