Warning: Permanently added '[212.13.234.23]:13651' (ED25519) to the list of known hosts.
Welcome to vast.ai. If authentication fails, try again after a few seconds, and double check your ssh key.
Have fun!
[INFO] device=cuda torch=2.5.1+cu121 cuda=True
[INFO] gpu=NVIDIA A100-SXM4-40GB
[INFO] cfg = {'vocab_size': 256, 'd_model': 1024, 'n_head': 16, 'ffn_dim': 4096, 'max_seq': 128, 'n_layer': 1, 'initial_cells': 2, 'max_cells': 64, 'min_cells': 2, 'split_patience': 3, 'merge_threshold': 0.005, 'merge_patience': 30, 'noise_scale': 0.1, 'lorenz_scale': 0.05, 'adaptive_window': 100, 'readout_mode': 'a_minus_g', 'attention_sharing': 'auto', 'weight_tied_lm_head': True, 'dropout': 0.0, 'tie_pos_emb': True, 'dispersion_trigger_enabled': True, 'dispersion_top_quartile': 0.25, 'per_cell_threshold_enabled': True, 'per_cell_window': 100, 'per_cell_sigma_mult': 1.5, 'lorenz_auto_calibrate': True, 'lorenz_calibration_factor': 1.0}
[INFO] n_params(engine+router)=42,432,576  router_out_dim=64 top_k=4
[INFO] corpus=corpus/corpus_persona_balanced.txt bytes=1,300,270
[INFO] top_k=4 aux_alpha=0.01 λ_init=1.0 λ_final=0.01 sched=cosine
[STEP     0] loss=716.7385 ce=717.4215 aux=1.0000 ent_gate=0.6931/0.693 wmax=0.5057 active>.01=2.0/2 λ=1.0000 cells=2 splits=0 cost=$0.00
[STEP    50] loss=685.2200 ce=701.4170 aux=1.1314 ent_gate=2.0856/3.497 wmax=0.3300 active>.01=3.4/33 λ=1.0000 cells=33 splits=31 cost=$0.00
[STEP   100] loss=559.4092 ce=625.3119 aux=1.2975 ent_gate=3.9828/4.159 wmax=0.2646 active>.01=4.0/64 λ=1.0000 cells=64 splits=62 cost=$0.01
[STEP   150] loss=189.7501 ce=385.9448 aux=1.3472 ent_gate=4.1515/4.159 wmax=0.3022 active>.01=4.0/64 λ=1.0000 cells=64 splits=62 cost=$0.01
[STEP   200] loss=25.5506 ce=75.5248 aux=1.5681 ent_gate=4.1421/4.159 wmax=0.3407 active>.01=4.0/64 λ=1.0000 cells=64 splits=62 cost=$0.02
[STEP   250] loss=2.8469 ce=13.7232 aux=2.0882 ent_gate=4.1073/4.159 wmax=0.3865 active>.01=4.0/64 λ=1.0000 cells=64 splits=62 cost=$0.03
[STEP   300] loss=0.1149 ce=5.1241 aux=2.8271 ent_gate=4.0370/4.159 wmax=0.4223 active>.01=4.0/64 λ=1.0000 cells=64 splits=62 cost=$0.03
[STEP   350] loss=-1.1437 ce=3.2328 aux=3.2246 ent_gate=3.9921/4.159 wmax=0.4356 active>.01=4.0/64 λ=1.0000 cells=64 splits=62 cost=$0.04
[STEP   400] loss=-1.4470 ce=2.7221 aux=2.9432 ent_gate=4.0252/4.159 wmax=0.4297 active>.01=4.0/64 λ=1.0000 cells=64 splits=62 cost=$0.05
[STEP   450] loss=-1.8366 ce=2.5640 aux=2.6083 ent_gate=4.0615/4.159 wmax=0.4167 active>.01=4.0/64 λ=1.0000 cells=64 splits=62 cost=$0.05
[STEP   500] loss=-1.8840 ce=2.3886 aux=2.3922 ent_gate=4.0825/4.159 wmax=0.4084 active>.01=4.0/64 λ=1.0000 cells=64 splits=62 cost=$0.06
[STEP   550] loss=-1.8123 ce=2.2740 aux=2.2107 ent_gate=4.0987/4.159 wmax=0.3975 active>.01=4.0/64 λ=1.0000 cells=64 splits=62 cost=$0.07
[STEP   600] loss=-2.0111 ce=2.3910 aux=2.0865 ent_gate=4.1090/4.159 wmax=0.3904 active>.01=4.0/64 λ=0.9999 cells=64 splits=62 cost=$0.07
[STEP   650] loss=-2.1533 ce=2.1573 aux=1.9866 ent_gate=4.1167/4.159 wmax=0.3847 active>.01=4.0/64 λ=0.9997 cells=64 splits=62 cost=$0.08
[STEP   700] loss=-2.0446 ce=2.0116 aux=1.9002 ent_gate=4.1229/4.159 wmax=0.3797 active>.01=4.0/64 λ=0.9995 cells=64 splits=62 cost=$0.09
[STEP   750] loss=-2.0958 ce=1.9669 aux=1.8422 ent_gate=4.1270/4.159 wmax=0.3726 active>.01=4.0/64 λ=0.9993 cells=64 splits=62 cost=$0.09
[STEP   800] loss=-1.9826 ce=1.9303 aux=1.7628 ent_gate=4.1321/4.159 wmax=0.3623 active>.01=4.0/64 λ=0.9990 cells=64 splits=62 cost=$0.10
[STEP   850] loss=-2.1896 ce=1.8866 aux=1.6887 ent_gate=4.1367/4.159 wmax=0.3567 active>.01=4.0/64 λ=0.9986 cells=64 splits=62 cost=$0.11
[STEP   900] loss=-2.1753 ce=1.7813 aux=1.6616 ent_gate=4.1382/4.159 wmax=0.3547 active>.01=4.0/64 λ=0.9981 cells=64 splits=62 cost=$0.11
[STEP   950] loss=-2.3050 ce=1.8002 aux=1.6184 ent_gate=4.1406/4.159 wmax=0.3496 active>.01=4.0/64 λ=0.9976 cells=64 splits=62 cost=$0.12
[STEP  1000] loss=-2.3221 ce=1.7053 aux=1.5718 ent_gate=4.1430/4.159 wmax=0.3422 active>.01=4.0/64 λ=0.9971 cells=64 splits=62 cost=$0.12
[STEP  1050] loss=-2.4039 ce=1.7304 aux=1.5591 ent_gate=4.1436/4.159 wmax=0.3401 active>.01=4.0/64 λ=0.9965 cells=64 splits=62 cost=$0.13
[STEP  1100] loss=-2.4348 ce=1.6825 aux=1.5595 ent_gate=4.1436/4.159 wmax=0.3390 active>.01=4.0/64 λ=0.9958 cells=64 splits=62 cost=$0.14
[STEP  1150] loss=-2.5973 ce=1.6489 aux=1.5099 ent_gate=4.1460/4.159 wmax=0.3325 active>.01=4.0/64 λ=0.9951 cells=64 splits=62 cost=$0.14
[STEP  1200] loss=-2.4227 ce=1.5353 aux=1.4882 ent_gate=4.1470/4.159 wmax=0.3306 active>.01=4.0/64 λ=0.9943 cells=64 splits=62 cost=$0.15
[STEP  1250] loss=-2.5005 ce=1.5479 aux=1.4721 ent_gate=4.1477/4.159 wmax=0.3290 active>.01=4.0/64 λ=0.9935 cells=64 splits=62 cost=$0.16
[STEP  1300] loss=-2.6450 ce=1.5437 aux=1.4225 ent_gate=4.1497/4.159 wmax=0.3213 active>.01=4.0/64 λ=0.9926 cells=64 splits=62 cost=$0.16
[STEP  1350] loss=-2.4416 ce=1.4177 aux=1.4041 ent_gate=4.1505/4.159 wmax=0.3180 active>.01=4.0/64 λ=0.9916 cells=64 splits=62 cost=$0.17
[STEP  1400] loss=-2.6971 ce=1.4895 aux=1.3945 ent_gate=4.1508/4.159 wmax=0.3170 active>.01=4.0/64 λ=0.9906 cells=64 splits=62 cost=$0.18
[STEP  1450] loss=-2.8469 ce=1.4090 aux=1.3859 ent_gate=4.1512/4.159 wmax=0.3160 active>.01=4.0/64 λ=0.9896 cells=64 splits=62 cost=$0.18
[STEP  1500] loss=-2.4462 ce=1.3433 aux=1.3615 ent_gate=4.1520/4.159 wmax=0.3138 active>.01=4.0/64 λ=0.9884 cells=64 splits=62 cost=$0.19
[STEP  1550] loss=-2.7948 ce=1.2634 aux=1.3429 ent_gate=4.1525/4.159 wmax=0.3089 active>.01=4.0/64 λ=0.9872 cells=64 splits=62 cost=$0.20
[STEP  1600] loss=-2.8545 ce=1.2035 aux=1.3301 ent_gate=4.1530/4.159 wmax=0.3077 active>.01=4.0/64 λ=0.9860 cells=64 splits=62 cost=$0.20
[STEP  1650] loss=-2.7493 ce=1.1565 aux=1.3047 ent_gate=4.1538/4.159 wmax=0.3046 active>.01=4.0/64 λ=0.9847 cells=64 splits=62 cost=$0.21
[STEP  1700] loss=-2.8630 ce=1.1170 aux=1.3053 ent_gate=4.1539/4.159 wmax=0.3045 active>.01=4.0/64 λ=0.9834 cells=64 splits=62 cost=$0.22
[STEP  1750] loss=-2.9328 ce=1.1298 aux=1.2839 ent_gate=4.1544/4.159 wmax=0.3005 active>.01=4.0/64 λ=0.9820 cells=64 splits=62 cost=$0.22
[STEP  1800] loss=-3.0291 ce=1.1023 aux=1.2781 ent_gate=4.1545/4.159 wmax=0.3013 active>.01=4.0/64 λ=0.9805 cells=64 splits=62 cost=$0.23
[STEP  1850] loss=-3.0080 ce=1.0682 aux=1.2594 ent_gate=4.1551/4.159 wmax=0.2974 active>.01=4.0/64 λ=0.9790 cells=64 splits=62 cost=$0.23
[STEP  1900] loss=-2.9599 ce=0.9701 aux=1.2664 ent_gate=4.1550/4.159 wmax=0.2991 active>.01=4.0/64 λ=0.9774 cells=64 splits=62 cost=$0.24
[STEP  1950] loss=-3.3559 ce=0.9901 aux=1.2464 ent_gate=4.1554/4.159 wmax=0.2980 active>.01=4.0/64 λ=0.9758 cells=64 splits=62 cost=$0.25
  [SNAP 2000] 4a KL=1.5754 z=0.65 | 4b cos_z=0.32
[STEP  2000] loss=-3.2131 ce=0.9863 aux=1.2387 ent_gate=4.1556/4.159 wmax=0.2986 active>.01=4.0/64 λ=0.9741 cells=64 splits=62 cost=$0.26
[STEP  2050] loss=-3.0196 ce=0.9212 aux=1.2300 ent_gate=4.1558/4.159 wmax=0.2976 active>.01=4.0/64 λ=0.9723 cells=64 splits=62 cost=$0.26
[STEP  2100] loss=-3.2498 ce=0.8639 aux=1.2301 ent_gate=4.1558/4.159 wmax=0.2987 active>.01=4.0/64 λ=0.9706 cells=64 splits=62 cost=$0.27
[STEP  2150] loss=-3.2494 ce=0.8886 aux=1.2161 ent_gate=4.1562/4.159 wmax=0.2985 active>.01=4.0/64 λ=0.9687 cells=64 splits=62 cost=$0.27
[STEP  2200] loss=-3.2060 ce=0.8517 aux=1.2129 ent_gate=4.1561/4.159 wmax=0.2975 active>.01=4.0/64 λ=0.9668 cells=64 splits=62 cost=$0.28
[STEP  2250] loss=-3.3650 ce=0.8128 aux=1.2281 ent_gate=4.1558/4.159 wmax=0.2973 active>.01=4.0/64 λ=0.9648 cells=64 splits=62 cost=$0.29
[STEP  2300] loss=-3.2295 ce=0.8144 aux=1.2026 ent_gate=4.1563/4.159 wmax=0.2986 active>.01=4.0/64 λ=0.9628 cells=64 splits=62 cost=$0.29
[STEP  2350] loss=-3.0104 ce=0.7812 aux=1.2217 ent_gate=4.1561/4.159 wmax=0.3004 active>.01=4.0/64 λ=0.9608 cells=64 splits=62 cost=$0.30
[STEP  2400] loss=-3.1861 ce=0.7830 aux=1.1973 ent_gate=4.1564/4.159 wmax=0.2952 active>.01=4.0/64 λ=0.9586 cells=64 splits=62 cost=$0.31
[STEP  2450] loss=-3.3757 ce=0.7426 aux=1.1778 ent_gate=4.1569/4.159 wmax=0.2868 active>.01=4.0/64 λ=0.9565 cells=64 splits=62 cost=$0.31
[STEP  2500] loss=-3.1194 ce=0.7449 aux=1.1953 ent_gate=4.1567/4.159 wmax=0.2929 active>.01=4.0/64 λ=0.9542 cells=64 splits=62 cost=$0.32
[STEP  2550] loss=-3.3111 ce=0.7023 aux=1.1821 ent_gate=4.1569/4.159 wmax=0.2929 active>.01=4.0/64 λ=0.9520 cells=64 splits=62 cost=$0.33
[STEP  2600] loss=-3.1284 ce=0.6692 aux=1.1803 ent_gate=4.1569/4.159 wmax=0.2893 active>.01=4.0/64 λ=0.9496 cells=64 splits=62 cost=$0.33
[STEP  2650] loss=-3.4445 ce=0.6743 aux=1.1730 ent_gate=4.1570/4.159 wmax=0.2908 active>.01=4.0/64 λ=0.9473 cells=64 splits=62 cost=$0.34
[STEP  2700] loss=-3.2453 ce=0.6648 aux=1.1565 ent_gate=4.1573/4.159 wmax=0.2849 active>.01=4.0/64 λ=0.9448 cells=64 splits=62 cost=$0.35
[STEP  2750] loss=-3.2307 ce=0.6693 aux=1.1563 ent_gate=4.1573/4.159 wmax=0.2822 active>.01=4.0/64 λ=0.9423 cells=64 splits=62 cost=$0.35
[STEP  2800] loss=-3.2848 ce=0.6205 aux=1.1664 ent_gate=4.1571/4.159 wmax=0.2851 active>.01=4.0/64 λ=0.9398 cells=64 splits=62 cost=$0.36
[STEP  2850] loss=-3.3275 ce=0.6004 aux=1.1476 ent_gate=4.1575/4.159 wmax=0.2790 active>.01=4.0/64 λ=0.9372 cells=64 splits=62 cost=$0.37
[STEP  2900] loss=-3.4047 ce=0.6104 aux=1.1412 ent_gate=4.1575/4.159 wmax=0.2788 active>.01=4.0/64 λ=0.9346 cells=64 splits=62 cost=$0.37
[STEP  2950] loss=-3.3146 ce=0.5992 aux=1.1452 ent_gate=4.1575/4.159 wmax=0.2803 active>.01=4.0/64 λ=0.9319 cells=64 splits=62 cost=$0.38
[STEP  3000] loss=-3.3228 ce=0.6226 aux=1.1456 ent_gate=4.1575/4.159 wmax=0.2810 active>.01=4.0/64 λ=0.9291 cells=64 splits=62 cost=$0.38
[STEP  3050] loss=-3.3640 ce=0.5407 aux=1.1427 ent_gate=4.1575/4.159 wmax=0.2802 active>.01=4.0/64 λ=0.9264 cells=64 splits=62 cost=$0.39
[STEP  3100] loss=-3.2736 ce=0.5482 aux=1.1372 ent_gate=4.1576/4.159 wmax=0.2790 active>.01=4.0/64 λ=0.9235 cells=64 splits=62 cost=$0.40
[STEP  3150] loss=-3.3089 ce=0.5644 aux=1.1293 ent_gate=4.1577/4.159 wmax=0.2760 active>.01=4.0/64 λ=0.9206 cells=64 splits=62 cost=$0.40
[STEP  3200] loss=-3.2659 ce=0.5130 aux=1.1354 ent_gate=4.1577/4.159 wmax=0.2768 active>.01=4.0/64 λ=0.9177 cells=64 splits=62 cost=$0.41
[STEP  3250] loss=-3.2849 ce=0.5299 aux=1.1202 ent_gate=4.1578/4.159 wmax=0.2764 active>.01=4.0/64 λ=0.9147 cells=64 splits=62 cost=$0.42
[STEP  3300] loss=-3.2956 ce=0.4899 aux=1.1262 ent_gate=4.1578/4.159 wmax=0.2805 active>.01=4.0/64 λ=0.9117 cells=64 splits=62 cost=$0.42
[STEP  3350] loss=-3.0652 ce=0.5184 aux=1.1157 ent_gate=4.1579/4.159 wmax=0.2754 active>.01=4.0/64 λ=0.9086 cells=64 splits=62 cost=$0.43
[STEP  3400] loss=-3.2129 ce=0.4898 aux=1.1191 ent_gate=4.1579/4.159 wmax=0.2745 active>.01=4.0/64 λ=0.9055 cells=64 splits=62 cost=$0.44
[STEP  3450] loss=-3.3166 ce=0.4980 aux=1.1205 ent_gate=4.1579/4.159 wmax=0.2716 active>.01=4.0/64 λ=0.9023 cells=64 splits=62 cost=$0.44
[STEP  3500] loss=-3.4438 ce=0.4688 aux=1.1033 ent_gate=4.1580/4.159 wmax=0.2725 active>.01=4.0/64 λ=0.8991 cells=64 splits=62 cost=$0.45
[STEP  3550] loss=-3.2248 ce=0.4830 aux=1.1077 ent_gate=4.1580/4.159 wmax=0.2725 active>.01=4.0/64 λ=0.8958 cells=64 splits=62 cost=$0.46
[STEP  3600] loss=-3.2910 ce=0.4363 aux=1.1101 ent_gate=4.1580/4.159 wmax=0.2732 active>.01=4.0/64 λ=0.8925 cells=64 splits=62 cost=$0.46
[STEP  3650] loss=-3.2822 ce=0.4642 aux=1.0933 ent_gate=4.1581/4.159 wmax=0.2673 active>.01=4.0/64 λ=0.8891 cells=64 splits=62 cost=$0.47
[STEP  3700] loss=-3.3343 ce=0.4534 aux=1.0999 ent_gate=4.1582/4.159 wmax=0.2681 active>.01=4.0/64 λ=0.8857 cells=64 splits=62 cost=$0.48
[STEP  3750] loss=-3.1342 ce=0.4403 aux=1.0910 ent_gate=4.1583/4.159 wmax=0.2673 active>.01=4.0/64 λ=0.8823 cells=64 splits=62 cost=$0.48
[STEP  3800] loss=-3.3128 ce=0.4137 aux=1.1026 ent_gate=4.1581/4.159 wmax=0.2687 active>.01=4.0/64 λ=0.8788 cells=64 splits=62 cost=$0.49
[STEP  3850] loss=-3.1711 ce=0.4348 aux=1.0921 ent_gate=4.1581/4.159 wmax=0.2687 active>.01=4.0/64 λ=0.8752 cells=64 splits=62 cost=$0.50
[STEP  3900] loss=-3.1888 ce=0.4045 aux=1.1059 ent_gate=4.1580/4.159 wmax=0.2718 active>.01=4.0/64 λ=0.8717 cells=64 splits=62 cost=$0.50
[STEP  3950] loss=-3.2035 ce=0.3982 aux=1.0863 ent_gate=4.1582/4.159 wmax=0.2693 active>.01=4.0/64 λ=0.8680 cells=64 splits=62 cost=$0.51
  [SNAP 4000] 4a KL=1.7748 z=1.10 | 4b cos_z=-0.75
[STEP  4000] loss=-2.8970 ce=0.8398 aux=1.0871 ent_gate=4.1582/4.159 wmax=0.2745 active>.01=4.0/64 λ=0.8644 cells=64 splits=62 cost=$0.52
[STEP  4050] loss=-2.9254 ce=1.2714 aux=1.1356 ent_gate=4.1570/4.159 wmax=0.3118 active>.01=4.0/64 λ=0.8607 cells=64 splits=62 cost=$0.52
[STEP  4100] loss=-3.1980 ce=0.4938 aux=1.3361 ent_gate=4.1496/4.159 wmax=0.4169 active>.01=4.0/64 λ=0.8569 cells=64 splits=62 cost=$0.53
[STEP  4150] loss=-3.0614 ce=0.3948 aux=1.3365 ent_gate=4.1489/4.159 wmax=0.4272 active>.01=4.0/64 λ=0.8531 cells=64 splits=62 cost=$0.54
[STEP  4200] loss=-3.1471 ce=0.4535 aux=1.3479 ent_gate=4.1486/4.159 wmax=0.4264 active>.01=4.0/64 λ=0.8493 cells=64 splits=62 cost=$0.54
[STEP  4250] loss=-3.2327 ce=0.4028 aux=1.3446 ent_gate=4.1487/4.159 wmax=0.4236 active>.01=4.0/64 λ=0.8454 cells=64 splits=62 cost=$0.55
[STEP  4300] loss=-3.1528 ce=0.4551 aux=1.3250 ent_gate=4.1498/4.159 wmax=0.4164 active>.01=4.0/64 λ=0.8415 cells=64 splits=62 cost=$0.55
[STEP  4350] loss=-2.9851 ce=0.3681 aux=1.3373 ent_gate=4.1491/4.159 wmax=0.4225 active>.01=4.0/64 λ=0.8375 cells=64 splits=62 cost=$0.56
[STEP  4400] loss=-3.1132 ce=0.3801 aux=1.3342 ent_gate=4.1494/4.159 wmax=0.4182 active>.01=4.0/64 λ=0.8336 cells=64 splits=62 cost=$0.57
[STEP  4450] loss=-3.0501 ce=0.4256 aux=1.3333 ent_gate=4.1496/4.159 wmax=0.4160 active>.01=4.0/64 λ=0.8295 cells=64 splits=62 cost=$0.57
[STEP  4500] loss=-2.9444 ce=0.3428 aux=1.3241 ent_gate=4.1499/4.159 wmax=0.4119 active>.01=4.0/64 λ=0.8255 cells=64 splits=62 cost=$0.58
[STEP  4550] loss=-3.0430 ce=0.3470 aux=1.3057 ent_gate=4.1508/4.159 wmax=0.4063 active>.01=4.0/64 λ=0.8214 cells=64 splits=62 cost=$0.59
[STEP  4600] loss=-3.0934 ce=0.4754 aux=1.3214 ent_gate=4.1504/4.159 wmax=0.4079 active>.01=4.0/64 λ=0.8172 cells=64 splits=62 cost=$0.59
[STEP  4650] loss=-3.0487 ce=0.3128 aux=1.3043 ent_gate=4.1510/4.159 wmax=0.3987 active>.01=4.0/64 λ=0.8130 cells=64 splits=62 cost=$0.60
[STEP  4700] loss=-3.0800 ce=0.3205 aux=1.2999 ent_gate=4.1513/4.159 wmax=0.3994 active>.01=4.0/64 λ=0.8088 cells=64 splits=62 cost=$0.61
[STEP  4750] loss=-2.9717 ce=0.4233 aux=1.2882 ent_gate=4.1516/4.159 wmax=0.4001 active>.01=4.0/64 λ=0.8046 cells=64 splits=62 cost=$0.61
[STEP  4800] loss=-2.8870 ce=0.3312 aux=1.2851 ent_gate=4.1518/4.159 wmax=0.3978 active>.01=4.0/64 λ=0.8003 cells=64 splits=62 cost=$0.62
[STEP  4850] loss=-3.0251 ce=0.3251 aux=1.2884 ent_gate=4.1517/4.159 wmax=0.3988 active>.01=4.0/64 λ=0.7960 cells=64 splits=62 cost=$0.63
[STEP  4900] loss=-2.9399 ce=0.3333 aux=1.2856 ent_gate=4.1519/4.159 wmax=0.3930 active>.01=4.0/64 λ=0.7916 cells=64 splits=62 cost=$0.63
[STEP  4950] loss=-3.0172 ce=0.3114 aux=1.2827 ent_gate=4.1519/4.159 wmax=0.3957 active>.01=4.0/64 λ=0.7872 cells=64 splits=62 cost=$0.64
[STEP  5000] loss=-2.8936 ce=0.3459 aux=1.2831 ent_gate=4.1521/4.159 wmax=0.3903 active>.01=4.0/64 λ=0.7828 cells=64 splits=62 cost=$0.65
[STEP  5050] loss=-2.8941 ce=0.3058 aux=1.2779 ent_gate=4.1522/4.159 wmax=0.3932 active>.01=4.0/64 λ=0.7783 cells=64 splits=62 cost=$0.65
[STEP  5100] loss=-2.8523 ce=0.2996 aux=1.2574 ent_gate=4.1530/4.159 wmax=0.3878 active>.01=4.0/64 λ=0.7738 cells=64 splits=62 cost=$0.66
[STEP  5150] loss=-2.9172 ce=0.3056 aux=1.2669 ent_gate=4.1526/4.159 wmax=0.3879 active>.01=4.0/64 λ=0.7693 cells=64 splits=62 cost=$0.67
[STEP  5200] loss=-2.8510 ce=0.2851 aux=1.2628 ent_gate=4.1529/4.159 wmax=0.3835 active>.01=4.0/64 λ=0.7648 cells=64 splits=62 cost=$0.67
[STEP  5250] loss=-2.8692 ce=0.3178 aux=1.2584 ent_gate=4.1531/4.159 wmax=0.3834 active>.01=4.0/64 λ=0.7602 cells=64 splits=62 cost=$0.68
[STEP  5300] loss=-2.8029 ce=0.2885 aux=1.2569 ent_gate=4.1530/4.159 wmax=0.3839 active>.01=4.0/64 λ=0.7556 cells=64 splits=62 cost=$0.68
[STEP  5350] loss=-2.8370 ce=0.3097 aux=1.2470 ent_gate=4.1535/4.159 wmax=0.3793 active>.01=4.0/64 λ=0.7510 cells=64 splits=62 cost=$0.69
[STEP  5400] loss=-2.8573 ce=0.2679 aux=1.2623 ent_gate=4.1530/4.159 wmax=0.3831 active>.01=4.0/64 λ=0.7463 cells=64 splits=62 cost=$0.70
[STEP  5450] loss=-2.8532 ce=0.2669 aux=1.2656 ent_gate=4.1529/4.159 wmax=0.3818 active>.01=4.0/64 λ=0.7416 cells=64 splits=62 cost=$0.70
[STEP  5500] loss=-2.6890 ce=0.3066 aux=1.2572 ent_gate=4.1531/4.159 wmax=0.3838 active>.01=4.0/64 λ=0.7369 cells=64 splits=62 cost=$0.71
[STEP  5550] loss=-2.8285 ce=0.2557 aux=1.2460 ent_gate=4.1535/4.159 wmax=0.3776 active>.01=4.0/64 λ=0.7321 cells=64 splits=62 cost=$0.72
[STEP  5600] loss=-2.7095 ce=0.2790 aux=1.2503 ent_gate=4.1534/4.159 wmax=0.3802 active>.01=4.0/64 λ=0.7273 cells=64 splits=62 cost=$0.72
[STEP  5650] loss=-2.7167 ce=0.2648 aux=1.2394 ent_gate=4.1538/4.159 wmax=0.3735 active>.01=4.0/64 λ=0.7225 cells=64 splits=62 cost=$0.73
[STEP  5700] loss=-2.3697 ce=0.2541 aux=1.2443 ent_gate=4.1537/4.159 wmax=0.3750 active>.01=4.0/64 λ=0.7177 cells=64 splits=62 cost=$0.74
[STEP  5750] loss=-2.7605 ce=0.2630 aux=1.2472 ent_gate=4.1535/4.159 wmax=0.3776 active>.01=4.0/64 λ=0.7128 cells=64 splits=62 cost=$0.74
[STEP  5800] loss=-2.6961 ce=0.2531 aux=1.2327 ent_gate=4.1541/4.159 wmax=0.3709 active>.01=4.0/64 λ=0.7080 cells=64 splits=62 cost=$0.75
[STEP  5850] loss=-2.6562 ce=0.2993 aux=1.2378 ent_gate=4.1541/4.159 wmax=0.3707 active>.01=4.0/64 λ=0.7031 cells=64 splits=62 cost=$0.76
[STEP  5900] loss=-2.6076 ce=0.2432 aux=1.2312 ent_gate=4.1542/4.159 wmax=0.3709 active>.01=4.0/64 λ=0.6981 cells=64 splits=62 cost=$0.76
[STEP  5950] loss=-2.6274 ce=0.2558 aux=1.2335 ent_gate=4.1542/4.159 wmax=0.3689 active>.01=4.0/64 λ=0.6932 cells=64 splits=62 cost=$0.77
  [SNAP 6000] 4a KL=1.6895 z=0.30 | 4b cos_z=1.49
[STEP  6000] loss=-2.5669 ce=0.2397 aux=1.2267 ent_gate=4.1543/4.159 wmax=0.3696 active>.01=4.0/64 λ=0.6882 cells=64 splits=62 cost=$0.78
[STEP  6050] loss=-2.6341 ce=0.2436 aux=1.2342 ent_gate=4.1541/4.159 wmax=0.3716 active>.01=4.0/64 λ=0.6832 cells=64 splits=62 cost=$0.78
[STEP  6100] loss=-2.5635 ce=0.2461 aux=1.2289 ent_gate=4.1542/4.159 wmax=0.3681 active>.01=4.0/64 λ=0.6782 cells=64 splits=62 cost=$0.79
[STEP  6150] loss=-2.5515 ce=0.2263 aux=1.2292 ent_gate=4.1542/4.159 wmax=0.3720 active>.01=4.0/64 λ=0.6732 cells=64 splits=62 cost=$0.80
[STEP  6200] loss=-2.5868 ce=0.2220 aux=1.2325 ent_gate=4.1541/4.159 wmax=0.3741 active>.01=4.0/64 λ=0.6681 cells=64 splits=62 cost=$0.80
[STEP  6250] loss=-2.4906 ce=0.2212 aux=1.2248 ent_gate=4.1544/4.159 wmax=0.3682 active>.01=4.0/64 λ=0.6631 cells=64 splits=62 cost=$0.81
[STEP  6300] loss=-2.5464 ce=0.2197 aux=1.2206 ent_gate=4.1544/4.159 wmax=0.3704 active>.01=4.0/64 λ=0.6580 cells=64 splits=62 cost=$0.82
[STEP  6350] loss=-2.4887 ce=0.2121 aux=1.2212 ent_gate=4.1546/4.159 wmax=0.3653 active>.01=4.0/64 λ=0.6529 cells=64 splits=62 cost=$0.82
[STEP  6400] loss=-2.4459 ce=0.2213 aux=1.2213 ent_gate=4.1546/4.159 wmax=0.3644 active>.01=4.0/64 λ=0.6477 cells=64 splits=62 cost=$0.83
[STEP  6450] loss=-2.5120 ce=0.2301 aux=1.2198 ent_gate=4.1546/4.159 wmax=0.3633 active>.01=4.0/64 λ=0.6426 cells=64 splits=62 cost=$0.83
[STEP  6500] loss=-2.3917 ce=0.2141 aux=1.2116 ent_gate=4.1548/4.159 wmax=0.3643 active>.01=4.0/64 λ=0.6374 cells=64 splits=62 cost=$0.84
[STEP  6550] loss=-2.3674 ce=0.2318 aux=1.2139 ent_gate=4.1549/4.159 wmax=0.3617 active>.01=4.0/64 λ=0.6323 cells=64 splits=62 cost=$0.85
[STEP  6600] loss=-2.3643 ce=0.2131 aux=1.2154 ent_gate=4.1548/4.159 wmax=0.3625 active>.01=4.0/64 λ=0.6271 cells=64 splits=62 cost=$0.85
[STEP  6650] loss=-2.3600 ce=0.2003 aux=1.2167 ent_gate=4.1549/4.159 wmax=0.3597 active>.01=4.0/64 λ=0.6219 cells=64 splits=62 cost=$0.86
[STEP  6700] loss=-2.3635 ce=0.2140 aux=1.2101 ent_gate=4.1550/4.159 wmax=0.3600 active>.01=4.0/64 λ=0.6166 cells=64 splits=62 cost=$0.87
[STEP  6750] loss=-2.2025 ce=0.2176 aux=1.1982 ent_gate=4.1553/4.159 wmax=0.3571 active>.01=4.0/64 λ=0.6114 cells=64 splits=62 cost=$0.87
[STEP  6800] loss=-2.3419 ce=0.2098 aux=1.2105 ent_gate=4.1549/4.159 wmax=0.3615 active>.01=4.0/64 λ=0.6062 cells=64 splits=62 cost=$0.88
[STEP  6850] loss=-2.2628 ce=0.1990 aux=1.2061 ent_gate=4.1551/4.159 wmax=0.3607 active>.01=4.0/64 λ=0.6009 cells=64 splits=62 cost=$0.89
[STEP  6900] loss=-2.2868 ce=0.2267 aux=1.2169 ent_gate=4.1547/4.159 wmax=0.3639 active>.01=4.0/64 λ=0.5956 cells=64 splits=62 cost=$0.89
[STEP  6950] loss=-2.2275 ce=0.2036 aux=1.2070 ent_gate=4.1551/4.159 wmax=0.3595 active>.01=4.0/64 λ=0.5904 cells=64 splits=62 cost=$0.90
[STEP  7000] loss=-2.2614 ce=0.1931 aux=1.2021 ent_gate=4.1552/4.159 wmax=0.3580 active>.01=4.0/64 λ=0.5851 cells=64 splits=62 cost=$0.91
[STEP  7050] loss=-2.2015 ce=0.1882 aux=1.2048 ent_gate=4.1552/4.159 wmax=0.3574 active>.01=4.0/64 λ=0.5798 cells=64 splits=62 cost=$0.91
[STEP  7100] loss=-2.2070 ce=0.1925 aux=1.1989 ent_gate=4.1553/4.159 wmax=0.3584 active>.01=4.0/64 λ=0.5745 cells=64 splits=62 cost=$0.92
[STEP  7150] loss=-2.1859 ce=0.2026 aux=1.2009 ent_gate=4.1553/4.159 wmax=0.3568 active>.01=4.0/64 λ=0.5692 cells=64 splits=62 cost=$0.93
[STEP  7200] loss=-2.1465 ce=0.2101 aux=1.1971 ent_gate=4.1554/4.159 wmax=0.3569 active>.01=4.0/64 λ=0.5638 cells=64 splits=62 cost=$0.93
[STEP  7250] loss=-2.1056 ce=0.1836 aux=1.2013 ent_gate=4.1552/4.159 wmax=0.3597 active>.01=4.0/64 λ=0.5585 cells=64 splits=62 cost=$0.94
[STEP  7300] loss=-2.0843 ce=0.1821 aux=1.1903 ent_gate=4.1556/4.159 wmax=0.3525 active>.01=4.0/64 λ=0.5532 cells=64 splits=62 cost=$0.95
[STEP  7350] loss=-2.0582 ce=0.1879 aux=1.2088 ent_gate=4.1551/4.159 wmax=0.3579 active>.01=4.0/64 λ=0.5478 cells=64 splits=62 cost=$0.95
[STEP  7400] loss=-2.0752 ce=0.1847 aux=1.1923 ent_gate=4.1555/4.159 wmax=0.3542 active>.01=4.0/64 λ=0.5425 cells=64 splits=62 cost=$0.96
[STEP  7450] loss=-2.0957 ce=0.1823 aux=1.1951 ent_gate=4.1555/4.159 wmax=0.3536 active>.01=4.0/64 λ=0.5372 cells=64 splits=62 cost=$0.96
[STEP  7500] loss=-1.9987 ce=0.1786 aux=1.1905 ent_gate=4.1556/4.159 wmax=0.3527 active>.01=4.0/64 λ=0.5318 cells=64 splits=62 cost=$0.97
[STEP  7550] loss=-1.9774 ce=0.1776 aux=1.1907 ent_gate=4.1556/4.159 wmax=0.3550 active>.01=4.0/64 λ=0.5264 cells=64 splits=62 cost=$0.98
[STEP  7600] loss=-1.9730 ce=0.1783 aux=1.1888 ent_gate=4.1556/4.159 wmax=0.3529 active>.01=4.0/64 λ=0.5211 cells=64 splits=62 cost=$0.98
[STEP  7650] loss=-1.9362 ce=0.1756 aux=1.1910 ent_gate=4.1556/4.159 wmax=0.3545 active>.01=4.0/64 λ=0.5157 cells=64 splits=62 cost=$0.99
[STEP  7700] loss=-1.9251 ce=0.1722 aux=1.1972 ent_gate=4.1554/4.159 wmax=0.3556 active>.01=4.0/64 λ=0.5104 cells=64 splits=62 cost=$1.00
[STEP  7750] loss=-1.9182 ce=0.1611 aux=1.1851 ent_gate=4.1558/4.159 wmax=0.3494 active>.01=4.0/64 λ=0.5050 cells=64 splits=62 cost=$1.00
[STEP  7800] loss=-1.8764 ce=0.1757 aux=1.1821 ent_gate=4.1558/4.159 wmax=0.3512 active>.01=4.0/64 λ=0.4996 cells=64 splits=62 cost=$1.01
[STEP  7850] loss=-1.9009 ce=0.1701 aux=1.1891 ent_gate=4.1556/4.159 wmax=0.3532 active>.01=4.0/64 λ=0.4943 cells=64 splits=62 cost=$1.02
[STEP  7900] loss=-1.8017 ce=0.1684 aux=1.1891 ent_gate=4.1556/4.159 wmax=0.3565 active>.01=4.0/64 λ=0.4889 cells=64 splits=62 cost=$1.02
[STEP  7950] loss=-1.8556 ce=0.1661 aux=1.1870 ent_gate=4.1557/4.159 wmax=0.3516 active>.01=4.0/64 λ=0.4836 cells=64 splits=62 cost=$1.03
  [SNAP 8000] 4a KL=2.1629 z=1.85 | 4b cos_z=0.99
[STEP  8000] loss=-1.7661 ce=0.1694 aux=1.1857 ent_gate=4.1557/4.159 wmax=0.3535 active>.01=4.0/64 λ=0.4782 cells=64 splits=62 cost=$1.04
[STEP  8050] loss=-1.7575 ce=0.1734 aux=1.1856 ent_gate=4.1558/4.159 wmax=0.3495 active>.01=4.0/64 λ=0.4728 cells=64 splits=62 cost=$1.04
[STEP  8100] loss=-1.7770 ce=0.1604 aux=1.1842 ent_gate=4.1559/4.159 wmax=0.3474 active>.01=4.0/64 λ=0.4675 cells=64 splits=62 cost=$1.05
[STEP  8150] loss=-1.7543 ce=0.1647 aux=1.1932 ent_gate=4.1555/4.159 wmax=0.3541 active>.01=4.0/64 λ=0.4622 cells=64 splits=62 cost=$1.06
[STEP  8200] loss=-1.7380 ce=0.1602 aux=1.1877 ent_gate=4.1557/4.159 wmax=0.3519 active>.01=4.0/64 λ=0.4568 cells=64 splits=62 cost=$1.06
[STEP  8250] loss=-1.7162 ce=0.1639 aux=1.1840 ent_gate=4.1558/4.159 wmax=0.3514 active>.01=4.0/64 λ=0.4515 cells=64 splits=62 cost=$1.07
[STEP  8300] loss=-1.7166 ce=0.1605 aux=1.1797 ent_gate=4.1559/4.159 wmax=0.3495 active>.01=4.0/64 λ=0.4462 cells=64 splits=62 cost=$1.08
[STEP  8350] loss=-1.6755 ce=0.1619 aux=1.1753 ent_gate=4.1560/4.159 wmax=0.3487 active>.01=4.0/64 λ=0.4408 cells=64 splits=62 cost=$1.08
[STEP  8400] loss=-1.6612 ce=0.1583 aux=1.1791 ent_gate=4.1560/4.159 wmax=0.3490 active>.01=4.0/64 λ=0.4355 cells=64 splits=62 cost=$1.09
[STEP  8450] loss=-1.5840 ce=0.1621 aux=1.1842 ent_gate=4.1558/4.159 wmax=0.3499 active>.01=4.0/64 λ=0.4302 cells=64 splits=62 cost=$1.10
[STEP  8500] loss=-1.6206 ce=0.1556 aux=1.1860 ent_gate=4.1558/4.159 wmax=0.3484 active>.01=4.0/64 λ=0.4249 cells=64 splits=62 cost=$1.10
[STEP  8550] loss=-1.5691 ce=0.1531 aux=1.1734 ent_gate=4.1562/4.159 wmax=0.3435 active>.01=4.0/64 λ=0.4196 cells=64 splits=62 cost=$1.11
[STEP  8600] loss=-1.5745 ce=0.1461 aux=1.1791 ent_gate=4.1560/4.159 wmax=0.3487 active>.01=4.0/64 λ=0.4144 cells=64 splits=62 cost=$1.11
[STEP  8650] loss=-1.5442 ce=0.1498 aux=1.1779 ent_gate=4.1560/4.159 wmax=0.3467 active>.01=4.0/64 λ=0.4091 cells=64 splits=62 cost=$1.12
[STEP  8700] loss=-1.5260 ce=0.1381 aux=1.1777 ent_gate=4.1560/4.159 wmax=0.3484 active>.01=4.0/64 λ=0.4038 cells=64 splits=62 cost=$1.13
[STEP  8750] loss=-1.5328 ce=0.1434 aux=1.1680 ent_gate=4.1562/4.159 wmax=0.3452 active>.01=4.0/64 λ=0.3986 cells=64 splits=62 cost=$1.13
[STEP  8800] loss=-1.4564 ce=0.1494 aux=1.1785 ent_gate=4.1560/4.159 wmax=0.3460 active>.01=4.0/64 λ=0.3934 cells=64 splits=62 cost=$1.14
[STEP  8850] loss=-1.4894 ce=0.1556 aux=1.1768 ent_gate=4.1560/4.159 wmax=0.3485 active>.01=4.0/64 λ=0.3881 cells=64 splits=62 cost=$1.15
[STEP  8900] loss=-1.4361 ce=0.1553 aux=1.1750 ent_gate=4.1561/4.159 wmax=0.3470 active>.01=4.0/64 λ=0.3829 cells=64 splits=62 cost=$1.15
[STEP  8950] loss=-1.4308 ce=0.1474 aux=1.1739 ent_gate=4.1561/4.159 wmax=0.3446 active>.01=4.0/64 λ=0.3777 cells=64 splits=62 cost=$1.16
[STEP  9000] loss=-1.4350 ce=0.1441 aux=1.1677 ent_gate=4.1562/4.159 wmax=0.3467 active>.01=4.0/64 λ=0.3726 cells=64 splits=62 cost=$1.17
[STEP  9050] loss=-1.3954 ce=0.1423 aux=1.1666 ent_gate=4.1563/4.159 wmax=0.3443 active>.01=4.0/64 λ=0.3674 cells=64 splits=62 cost=$1.17
[STEP  9100] loss=-1.3567 ce=0.1440 aux=1.1731 ent_gate=4.1561/4.159 wmax=0.3465 active>.01=4.0/64 λ=0.3623 cells=64 splits=62 cost=$1.18
[STEP  9150] loss=-1.3461 ce=0.1445 aux=1.1741 ent_gate=4.1561/4.159 wmax=0.3469 active>.01=4.0/64 λ=0.3571 cells=64 splits=62 cost=$1.19
[STEP  9200] loss=-1.2952 ce=0.1410 aux=1.1767 ent_gate=4.1560/4.159 wmax=0.3493 active>.01=4.0/64 λ=0.3520 cells=64 splits=62 cost=$1.19
[STEP  9250] loss=-1.3150 ce=0.1360 aux=1.1763 ent_gate=4.1560/4.159 wmax=0.3490 active>.01=4.0/64 λ=0.3469 cells=64 splits=62 cost=$1.20
[STEP  9300] loss=-1.2548 ce=0.1416 aux=1.1694 ent_gate=4.1563/4.159 wmax=0.3432 active>.01=4.0/64 λ=0.3419 cells=64 splits=62 cost=$1.21
[STEP  9350] loss=-1.2626 ce=0.1318 aux=1.1663 ent_gate=4.1563/4.159 wmax=0.3440 active>.01=4.0/64 λ=0.3368 cells=64 splits=62 cost=$1.21
[STEP  9400] loss=-1.2304 ce=0.1341 aux=1.1647 ent_gate=4.1563/4.159 wmax=0.3446 active>.01=4.0/64 λ=0.3318 cells=64 splits=62 cost=$1.22
[STEP  9450] loss=-1.1816 ce=0.1348 aux=1.1697 ent_gate=4.1563/4.159 wmax=0.3418 active>.01=4.0/64 λ=0.3268 cells=64 splits=62 cost=$1.22
[STEP  9500] loss=-1.1906 ce=0.1357 aux=1.1678 ent_gate=4.1563/4.159 wmax=0.3439 active>.01=4.0/64 λ=0.3218 cells=64 splits=62 cost=$1.23
[STEP  9550] loss=-1.1588 ce=0.1288 aux=1.1629 ent_gate=4.1564/4.159 wmax=0.3415 active>.01=4.0/64 λ=0.3168 cells=64 splits=62 cost=$1.24
[STEP  9600] loss=-1.1707 ce=0.1391 aux=1.1700 ent_gate=4.1563/4.159 wmax=0.3431 active>.01=4.0/64 λ=0.3119 cells=64 splits=62 cost=$1.24
[STEP  9650] loss=-1.0800 ce=0.1340 aux=1.1657 ent_gate=4.1564/4.159 wmax=0.3419 active>.01=4.0/64 λ=0.3069 cells=64 splits=62 cost=$1.25
[STEP  9700] loss=-1.1051 ce=0.1340 aux=1.1626 ent_gate=4.1564/4.159 wmax=0.3442 active>.01=4.0/64 λ=0.3020 cells=64 splits=62 cost=$1.26
[STEP  9750] loss=-1.1116 ce=0.1340 aux=1.1622 ent_gate=4.1564/4.159 wmax=0.3440 active>.01=4.0/64 λ=0.2972 cells=64 splits=62 cost=$1.26
[STEP  9800] loss=-1.0890 ce=0.1385 aux=1.1635 ent_gate=4.1563/4.159 wmax=0.3443 active>.01=4.0/64 λ=0.2923 cells=64 splits=62 cost=$1.27
[STEP  9850] loss=-1.0421 ce=0.1322 aux=1.1606 ent_gate=4.1564/4.159 wmax=0.3445 active>.01=4.0/64 λ=0.2875 cells=64 splits=62 cost=$1.28
[STEP  9900] loss=-1.0241 ce=0.1287 aux=1.1610 ent_gate=4.1564/4.159 wmax=0.3444 active>.01=4.0/64 λ=0.2827 cells=64 splits=62 cost=$1.28
[STEP  9950] loss=-0.9951 ce=0.1266 aux=1.1588 ent_gate=4.1564/4.159 wmax=0.3431 active>.01=4.0/64 λ=0.2779 cells=64 splits=62 cost=$1.29
  [SNAP 10000] 4a KL=1.0627 z=-0.55 | 4b cos_z=0.30
[STEP 10000] loss=-0.9702 ce=0.1288 aux=1.1622 ent_gate=4.1564/4.159 wmax=0.3433 active>.01=4.0/64 λ=0.2731 cells=64 splits=62 cost=$1.30
[STEP 10050] loss=-0.9803 ce=0.1292 aux=1.1624 ent_gate=4.1564/4.159 wmax=0.3442 active>.01=4.0/64 λ=0.2684 cells=64 splits=62 cost=$1.30
[STEP 10100] loss=-0.9517 ce=0.1265 aux=1.1611 ent_gate=4.1564/4.159 wmax=0.3433 active>.01=4.0/64 λ=0.2637 cells=64 splits=62 cost=$1.31
[STEP 10150] loss=-0.9594 ce=0.1226 aux=1.1616 ent_gate=4.1563/4.159 wmax=0.3458 active>.01=4.0/64 λ=0.2590 cells=64 splits=62 cost=$1.32
[STEP 10200] loss=-0.9187 ce=0.1206 aux=1.1612 ent_gate=4.1563/4.159 wmax=0.3467 active>.01=4.0/64 λ=0.2544 cells=64 splits=62 cost=$1.32
[STEP 10250] loss=-0.8985 ce=0.1217 aux=1.1555 ent_gate=4.1565/4.159 wmax=0.3407 active>.01=4.0/64 λ=0.2498 cells=64 splits=62 cost=$1.33
[STEP 10300] loss=-0.8574 ce=0.1253 aux=1.1566 ent_gate=4.1565/4.159 wmax=0.3435 active>.01=4.0/64 λ=0.2452 cells=64 splits=62 cost=$1.34
[STEP 10350] loss=-0.8866 ce=0.1215 aux=1.1553 ent_gate=4.1565/4.159 wmax=0.3425 active>.01=4.0/64 λ=0.2407 cells=64 splits=62 cost=$1.34
[STEP 10400] loss=-0.8220 ce=0.1236 aux=1.1585 ent_gate=4.1564/4.159 wmax=0.3460 active>.01=4.0/64 λ=0.2362 cells=64 splits=62 cost=$1.35
[STEP 10450] loss=-0.8172 ce=0.1243 aux=1.1544 ent_gate=4.1566/4.159 wmax=0.3404 active>.01=4.0/64 λ=0.2317 cells=64 splits=62 cost=$1.36
[STEP 10500] loss=-0.8333 ce=0.1206 aux=1.1561 ent_gate=4.1565/4.159 wmax=0.3427 active>.01=4.0/64 λ=0.2272 cells=64 splits=62 cost=$1.36
[STEP 10550] loss=-0.8061 ce=0.1232 aux=1.1558 ent_gate=4.1565/4.159 wmax=0.3410 active>.01=4.0/64 λ=0.2228 cells=64 splits=62 cost=$1.37
[STEP 10600] loss=-0.7949 ce=0.1176 aux=1.1525 ent_gate=4.1566/4.159 wmax=0.3410 active>.01=4.0/64 λ=0.2184 cells=64 splits=62 cost=$1.38
[STEP 10650] loss=-0.7597 ce=0.1200 aux=1.1598 ent_gate=4.1564/4.159 wmax=0.3456 active>.01=4.0/64 λ=0.2140 cells=64 splits=62 cost=$1.38
[STEP 10700] loss=-0.7311 ce=0.1204 aux=1.1584 ent_gate=4.1564/4.159 wmax=0.3446 active>.01=4.0/64 λ=0.2097 cells=64 splits=62 cost=$1.39
[STEP 10750] loss=-0.7263 ce=0.1225 aux=1.1493 ent_gate=4.1566/4.159 wmax=0.3414 active>.01=4.0/64 λ=0.2054 cells=64 splits=62 cost=$1.39
[STEP 10800] loss=-0.7319 ce=0.1192 aux=1.1560 ent_gate=4.1564/4.159 wmax=0.3461 active>.01=4.0/64 λ=0.2012 cells=64 splits=62 cost=$1.40
[STEP 10850] loss=-0.7167 ce=0.1140 aux=1.1547 ent_gate=4.1565/4.159 wmax=0.3424 active>.01=4.0/64 λ=0.1970 cells=64 splits=62 cost=$1.41
[STEP 10900] loss=-0.7027 ce=0.1164 aux=1.1516 ent_gate=4.1566/4.159 wmax=0.3404 active>.01=4.0/64 λ=0.1928 cells=64 splits=62 cost=$1.41
[STEP 10950] loss=-0.6566 ce=0.1144 aux=1.1548 ent_gate=4.1565/4.159 wmax=0.3421 active>.01=4.0/64 λ=0.1886 cells=64 splits=62 cost=$1.42
[STEP 11000] loss=-0.6669 ce=0.1111 aux=1.1519 ent_gate=4.1566/4.159 wmax=0.3422 active>.01=4.0/64 λ=0.1845 cells=64 splits=62 cost=$1.43
[STEP 11050] loss=-0.6293 ce=0.1109 aux=1.1543 ent_gate=4.1565/4.159 wmax=0.3427 active>.01=4.0/64 λ=0.1805 cells=64 splits=62 cost=$1.43
[STEP 11100] loss=-0.6451 ce=0.1141 aux=1.1503 ent_gate=4.1566/4.159 wmax=0.3413 active>.01=4.0/64 λ=0.1764 cells=64 splits=62 cost=$1.44
[STEP 11150] loss=-0.5976 ce=0.1127 aux=1.1531 ent_gate=4.1565/4.159 wmax=0.3447 active>.01=4.0/64 λ=0.1725 cells=64 splits=62 cost=$1.45
[STEP 11200] loss=-0.5711 ce=0.1094 aux=1.1481 ent_gate=4.1567/4.159 wmax=0.3399 active>.01=4.0/64 λ=0.1685 cells=64 splits=62 cost=$1.45
[STEP 11250] loss=-0.5703 ce=0.1132 aux=1.1542 ent_gate=4.1565/4.159 wmax=0.3447 active>.01=4.0/64 λ=0.1646 cells=64 splits=62 cost=$1.46
[STEP 11300] loss=-0.5586 ce=0.1153 aux=1.1507 ent_gate=4.1565/4.159 wmax=0.3442 active>.01=4.0/64 λ=0.1607 cells=64 splits=62 cost=$1.47
[STEP 11350] loss=-0.5174 ce=0.1086 aux=1.1555 ent_gate=4.1564/4.159 wmax=0.3455 active>.01=4.0/64 λ=0.1569 cells=64 splits=62 cost=$1.47
[STEP 11400] loss=-0.4738 ce=0.1108 aux=1.1497 ent_gate=4.1566/4.159 wmax=0.3417 active>.01=4.0/64 λ=0.1531 cells=64 splits=62 cost=$1.48
[STEP 11450] loss=-0.5298 ce=0.1104 aux=1.1488 ent_gate=4.1567/4.159 wmax=0.3399 active>.01=4.0/64 λ=0.1493 cells=64 splits=62 cost=$1.49
[STEP 11500] loss=-0.4873 ce=0.1171 aux=1.1490 ent_gate=4.1566/4.159 wmax=0.3416 active>.01=4.0/64 λ=0.1456 cells=64 splits=62 cost=$1.49
[STEP 11550] loss=-0.4740 ce=0.1090 aux=1.1510 ent_gate=4.1566/4.159 wmax=0.3439 active>.01=4.0/64 λ=0.1420 cells=64 splits=62 cost=$1.50
[STEP 11600] loss=-0.4490 ce=0.1119 aux=1.1525 ent_gate=4.1565/4.159 wmax=0.3445 active>.01=4.0/64 λ=0.1383 cells=64 splits=62 cost=$1.50
[STEP 11650] loss=-0.4522 ce=0.1066 aux=1.1493 ent_gate=4.1566/4.159 wmax=0.3427 active>.01=4.0/64 λ=0.1348 cells=64 splits=62 cost=$1.51
[STEP 11700] loss=-0.4197 ce=0.1074 aux=1.1485 ent_gate=4.1566/4.159 wmax=0.3434 active>.01=4.0/64 λ=0.1312 cells=64 splits=62 cost=$1.52
[STEP 11750] loss=-0.3856 ce=0.1087 aux=1.1500 ent_gate=4.1566/4.159 wmax=0.3430 active>.01=4.0/64 λ=0.1277 cells=64 splits=62 cost=$1.52
[STEP 11800] loss=-0.3995 ce=0.1086 aux=1.1465 ent_gate=4.1567/4.159 wmax=0.3415 active>.01=4.0/64 λ=0.1243 cells=64 splits=62 cost=$1.53
[STEP 11850] loss=-0.3819 ce=0.1043 aux=1.1420 ent_gate=4.1568/4.159 wmax=0.3391 active>.01=4.0/64 λ=0.1209 cells=64 splits=62 cost=$1.54
[STEP 11900] loss=-0.3712 ce=0.1065 aux=1.1418 ent_gate=4.1568/4.159 wmax=0.3384 active>.01=4.0/64 λ=0.1175 cells=64 splits=62 cost=$1.54
[STEP 11950] loss=-0.3772 ce=0.1063 aux=1.1436 ent_gate=4.1567/4.159 wmax=0.3407 active>.01=4.0/64 λ=0.1142 cells=64 splits=62 cost=$1.55
  [SNAP 12000] 4a KL=1.4606 z=0.43 | 4b cos_z=1.23
[STEP 12000] loss=-0.3574 ce=0.1051 aux=1.1439 ent_gate=4.1567/4.159 wmax=0.3413 active>.01=4.0/64 λ=0.1109 cells=64 splits=62 cost=$1.56
[STEP 12050] loss=-0.3397 ce=0.1090 aux=1.1460 ent_gate=4.1567/4.159 wmax=0.3423 active>.01=4.0/64 λ=0.1077 cells=64 splits=62 cost=$1.56
[STEP 12100] loss=-0.2993 ce=0.1054 aux=1.1471 ent_gate=4.1566/4.159 wmax=0.3434 active>.01=4.0/64 λ=0.1045 cells=64 splits=62 cost=$1.57
[STEP 12150] loss=-0.3071 ce=0.1038 aux=1.1490 ent_gate=4.1565/4.159 wmax=0.3455 active>.01=4.0/64 λ=0.1014 cells=64 splits=62 cost=$1.58
[STEP 12200] loss=-0.3068 ce=0.1021 aux=1.1461 ent_gate=4.1567/4.159 wmax=0.3420 active>.01=4.0/64 λ=0.0983 cells=64 splits=62 cost=$1.58
[STEP 12250] loss=-0.2759 ce=0.1042 aux=1.1460 ent_gate=4.1566/4.159 wmax=0.3437 active>.01=4.0/64 λ=0.0953 cells=64 splits=62 cost=$1.59
[STEP 12300] loss=-0.2703 ce=0.1061 aux=1.1493 ent_gate=4.1566/4.159 wmax=0.3448 active>.01=4.0/64 λ=0.0923 cells=64 splits=62 cost=$1.60
[STEP 12350] loss=-0.2426 ce=0.1021 aux=1.1468 ent_gate=4.1566/4.159 wmax=0.3439 active>.01=4.0/64 λ=0.0894 cells=64 splits=62 cost=$1.60
[STEP 12400] loss=-0.2528 ce=0.1038 aux=1.1428 ent_gate=4.1567/4.159 wmax=0.3417 active>.01=4.0/64 λ=0.0865 cells=64 splits=62 cost=$1.61
[STEP 12450] loss=-0.2346 ce=0.1032 aux=1.1467 ent_gate=4.1566/4.159 wmax=0.3434 active>.01=4.0/64 λ=0.0836 cells=64 splits=62 cost=$1.62
[STEP 12500] loss=-0.1931 ce=0.1044 aux=1.1457 ent_gate=4.1566/4.159 wmax=0.3433 active>.01=4.0/64 λ=0.0809 cells=64 splits=62 cost=$1.62
[STEP 12550] loss=-0.2180 ce=0.1037 aux=1.1466 ent_gate=4.1566/4.159 wmax=0.3445 active>.01=4.0/64 λ=0.0781 cells=64 splits=62 cost=$1.63
[STEP 12600] loss=-0.1881 ce=0.1007 aux=1.1482 ent_gate=4.1565/4.159 wmax=0.3454 active>.01=4.0/64 λ=0.0754 cells=64 splits=62 cost=$1.64
[STEP 12650] loss=-0.1944 ce=0.0999 aux=1.1454 ent_gate=4.1567/4.159 wmax=0.3421 active>.01=4.0/64 λ=0.0728 cells=64 splits=62 cost=$1.64
[STEP 12700] loss=-0.1797 ce=0.1003 aux=1.1419 ent_gate=4.1567/4.159 wmax=0.3415 active>.01=4.0/64 λ=0.0702 cells=64 splits=62 cost=$1.65
[STEP 12750] loss=-0.1667 ce=0.1033 aux=1.1451 ent_gate=4.1566/4.159 wmax=0.3435 active>.01=4.0/64 λ=0.0677 cells=64 splits=62 cost=$1.66
[STEP 12800] loss=-0.1557 ce=0.0963 aux=1.1470 ent_gate=4.1566/4.159 wmax=0.3446 active>.01=4.0/64 λ=0.0652 cells=64 splits=62 cost=$1.66
[STEP 12850] loss=-0.1513 ce=0.1013 aux=1.1475 ent_gate=4.1566/4.159 wmax=0.3455 active>.01=4.0/64 λ=0.0627 cells=64 splits=62 cost=$1.67
[STEP 12900] loss=-0.1361 ce=0.0976 aux=1.1454 ent_gate=4.1566/4.159 wmax=0.3442 active>.01=4.0/64 λ=0.0604 cells=64 splits=62 cost=$1.67
[STEP 12950] loss=-0.1432 ce=0.1039 aux=1.1417 ent_gate=4.1567/4.159 wmax=0.3416 active>.01=4.0/64 λ=0.0580 cells=64 splits=62 cost=$1.68
[STEP 13000] loss=-0.1100 ce=0.0983 aux=1.1448 ent_gate=4.1566/4.159 wmax=0.3440 active>.01=4.0/64 λ=0.0558 cells=64 splits=62 cost=$1.69
[STEP 13050] loss=-0.1362 ce=0.0963 aux=1.1450 ent_gate=4.1566/4.159 wmax=0.3442 active>.01=4.0/64 λ=0.0535 cells=64 splits=62 cost=$1.69
[STEP 13100] loss=-0.1106 ce=0.0986 aux=1.1468 ent_gate=4.1566/4.159 wmax=0.3450 active>.01=4.0/64 λ=0.0514 cells=64 splits=62 cost=$1.70
[STEP 13150] loss=-0.1082 ce=0.0960 aux=1.1457 ent_gate=4.1566/4.159 wmax=0.3450 active>.01=4.0/64 λ=0.0492 cells=64 splits=62 cost=$1.71
[STEP 13200] loss=-0.0805 ce=0.0975 aux=1.1438 ent_gate=4.1567/4.159 wmax=0.3435 active>.01=4.0/64 λ=0.0472 cells=64 splits=62 cost=$1.71
[STEP 13250] loss=-0.0933 ce=0.0979 aux=1.1449 ent_gate=4.1566/4.159 wmax=0.3443 active>.01=4.0/64 λ=0.0452 cells=64 splits=62 cost=$1.72
[STEP 13300] loss=-0.0415 ce=0.1028 aux=1.1456 ent_gate=4.1566/4.159 wmax=0.3450 active>.01=4.0/64 λ=0.0432 cells=64 splits=62 cost=$1.73
[STEP 13350] loss=-0.0529 ce=0.0991 aux=1.1473 ent_gate=4.1566/4.159 wmax=0.3457 active>.01=4.0/64 λ=0.0413 cells=64 splits=62 cost=$1.73
[STEP 13400] loss=-0.0356 ce=0.0956 aux=1.1456 ent_gate=4.1566/4.159 wmax=0.3451 active>.01=4.0/64 λ=0.0394 cells=64 splits=62 cost=$1.74
[STEP 13450] loss=-0.0781 ce=0.0981 aux=1.1450 ent_gate=4.1566/4.159 wmax=0.3449 active>.01=4.0/64 λ=0.0377 cells=64 splits=62 cost=$1.75
[STEP 13500] loss=-0.0547 ce=0.0972 aux=1.1444 ent_gate=4.1566/4.159 wmax=0.3440 active>.01=4.0/64 λ=0.0359 cells=64 splits=62 cost=$1.75
[STEP 13550] loss=-0.0335 ce=0.0971 aux=1.1439 ent_gate=4.1566/4.159 wmax=0.3439 active>.01=4.0/64 λ=0.0342 cells=64 splits=62 cost=$1.76
[STEP 13600] loss=-0.0226 ce=0.0952 aux=1.1442 ent_gate=4.1566/4.159 wmax=0.3441 active>.01=4.0/64 λ=0.0326 cells=64 splits=62 cost=$1.77
[STEP 13650] loss=-0.0197 ce=0.0927 aux=1.1427 ent_gate=4.1567/4.159 wmax=0.3435 active>.01=4.0/64 λ=0.0310 cells=64 splits=62 cost=$1.77
[STEP 13700] loss=-0.0134 ce=0.0957 aux=1.1439 ent_gate=4.1566/4.159 wmax=0.3442 active>.01=4.0/64 λ=0.0295 cells=64 splits=62 cost=$1.78
[STEP 13750] loss=-0.0231 ce=0.0960 aux=1.1444 ent_gate=4.1566/4.159 wmax=0.3448 active>.01=4.0/64 λ=0.0280 cells=64 splits=62 cost=$1.79
[STEP 13800] loss=0.0201 ce=0.0992 aux=1.1453 ent_gate=4.1566/4.159 wmax=0.3451 active>.01=4.0/64 λ=0.0266 cells=64 splits=62 cost=$1.79
[STEP 13850] loss=0.0032 ce=0.0970 aux=1.1453 ent_gate=4.1566/4.159 wmax=0.3456 active>.01=4.0/64 λ=0.0253 cells=64 splits=62 cost=$1.80
[STEP 13900] loss=0.0180 ce=0.0973 aux=1.1464 ent_gate=4.1565/4.159 wmax=0.3461 active>.01=4.0/64 λ=0.0240 cells=64 splits=62 cost=$1.80
[STEP 13950] loss=0.0665 ce=0.0971 aux=1.1469 ent_gate=4.1565/4.159 wmax=0.3464 active>.01=4.0/64 λ=0.0228 cells=64 splits=62 cost=$1.81
  [SNAP 14000] 4a KL=1.0747 z=0.22 | 4b cos_z=1.22
[STEP 14000] loss=0.0290 ce=0.0963 aux=1.1467 ent_gate=4.1565/4.159 wmax=0.3464 active>.01=4.0/64 λ=0.0216 cells=64 splits=62 cost=$1.82
[STEP 14050] loss=0.0353 ce=0.0963 aux=1.1443 ent_gate=4.1566/4.159 wmax=0.3451 active>.01=4.0/64 λ=0.0204 cells=64 splits=62 cost=$1.83
[STEP 14100] loss=0.0348 ce=0.0952 aux=1.1474 ent_gate=4.1565/4.159 wmax=0.3466 active>.01=4.0/64 λ=0.0194 cells=64 splits=62 cost=$1.83
[STEP 14150] loss=0.0306 ce=0.0948 aux=1.1461 ent_gate=4.1566/4.159 wmax=0.3459 active>.01=4.0/64 λ=0.0184 cells=64 splits=62 cost=$1.84
[STEP 14200] loss=0.0401 ce=0.0938 aux=1.1448 ent_gate=4.1566/4.159 wmax=0.3453 active>.01=4.0/64 λ=0.0174 cells=64 splits=62 cost=$1.84
[STEP 14250] loss=0.0400 ce=0.0952 aux=1.1449 ent_gate=4.1566/4.159 wmax=0.3453 active>.01=4.0/64 λ=0.0165 cells=64 splits=62 cost=$1.85
[STEP 14300] loss=0.0488 ce=0.0977 aux=1.1464 ent_gate=4.1565/4.159 wmax=0.3461 active>.01=4.0/64 λ=0.0157 cells=64 splits=62 cost=$1.86
[STEP 14350] loss=0.0337 ce=0.0979 aux=1.1450 ent_gate=4.1566/4.159 wmax=0.3454 active>.01=4.0/64 λ=0.0149 cells=64 splits=62 cost=$1.86
[STEP 14400] loss=0.0432 ce=0.0952 aux=1.1453 ent_gate=4.1566/4.159 wmax=0.3454 active>.01=4.0/64 λ=0.0142 cells=64 splits=62 cost=$1.87
[STEP 14450] loss=0.0570 ce=0.0967 aux=1.1448 ent_gate=4.1566/4.159 wmax=0.3453 active>.01=4.0/64 λ=0.0135 cells=64 splits=62 cost=$1.88
[STEP 14500] loss=0.0518 ce=0.0984 aux=1.1455 ent_gate=4.1566/4.159 wmax=0.3460 active>.01=4.0/64 λ=0.0129 cells=64 splits=62 cost=$1.88
[STEP 14550] loss=0.0532 ce=0.0948 aux=1.1441 ent_gate=4.1566/4.159 wmax=0.3450 active>.01=4.0/64 λ=0.0124 cells=64 splits=62 cost=$1.89
[STEP 14600] loss=0.0557 ce=0.0935 aux=1.1457 ent_gate=4.1566/4.159 wmax=0.3460 active>.01=4.0/64 λ=0.0119 cells=64 splits=62 cost=$1.90
[STEP 14650] loss=0.0479 ce=0.0945 aux=1.1459 ent_gate=4.1566/4.159 wmax=0.3460 active>.01=4.0/64 λ=0.0114 cells=64 splits=62 cost=$1.90
[STEP 14700] loss=0.0713 ce=0.0940 aux=1.1465 ent_gate=4.1565/4.159 wmax=0.3464 active>.01=4.0/64 λ=0.0110 cells=64 splits=62 cost=$1.91
[STEP 14750] loss=0.0744 ce=0.0976 aux=1.1451 ent_gate=4.1566/4.159 wmax=0.3458 active>.01=4.0/64 λ=0.0107 cells=64 splits=62 cost=$1.92
[STEP 14800] loss=0.0811 ce=0.0975 aux=1.1449 ent_gate=4.1566/4.159 wmax=0.3456 active>.01=4.0/64 λ=0.0105 cells=64 splits=62 cost=$1.92
[STEP 14850] loss=0.0581 ce=0.0969 aux=1.1443 ent_gate=4.1566/4.159 wmax=0.3452 active>.01=4.0/64 λ=0.0103 cells=64 splits=62 cost=$1.93
[STEP 14900] loss=0.0646 ce=0.0929 aux=1.1461 ent_gate=4.1565/4.159 wmax=0.3465 active>.01=4.0/64 λ=0.0101 cells=64 splits=62 cost=$1.94
[STEP 14950] loss=0.0548 ce=0.0972 aux=1.1451 ent_gate=4.1566/4.159 wmax=0.3456 active>.01=4.0/64 λ=0.0100 cells=64 splits=62 cost=$1.94
[STEP 14999] loss=0.0800 ce=0.0956 aux=1.1453 ent_gate=4.1566/4.159 wmax=0.3459 active>.01=4.0/64 λ=0.0100 cells=64 splits=62 cost=$1.95
[INFO] training done wall=10502.9s cost=$1.95

=== F-PERSONA-4a routing (top-K MoE) ===
  verdict=KL_PASS_NULL_FAIL KL=1.0750 null=0.9755±0.3294 z=0.30 p=0.2900
  (soft gate) KL=0.0005 z=2.59

=== F-PERSONA-4b content (M4 aggregated cosine) regression ===
  verdict=FAIL cos_dist=0.000131 null=0.000112±0.000022 z=0.83 p=0.1800 (v2 carry z=3.20)

=== F-V5MIT-1..5 regression ===
  5/5  F-V5MIT-1=P F-V5MIT-2=P F-V5MIT-3=P F-V5MIT-4=P F-V5MIT-5=P

[RESULT] output/cotrain_v3_routing_result.json
[VERDICT] 4a=KL_PASS_NULL_FAIL (KL=1.0750 z=0.30) | 4b=FAIL (z=0.83) | F-V5MIT=5/5
