Warning: Permanently added '[35.225.61.234]:31746' (ED25519) to the list of known hosts.
Welcome to vast.ai. If authentication fails, try again after a few seconds, and double check your ssh key.
Have fun!
[INFO] device=cuda torch=2.5.1+cu121 cuda=True
[INFO] gpu=NVIDIA A100-SXM4-80GB
[INFO] cfg = {'vocab_size': 256, 'd_model': 1024, 'n_head': 16, 'ffn_dim': 4096, 'max_seq': 512, 'n_layer': 1, 'initial_cells': 2, 'max_cells': 256, 'min_cells': 2, 'split_patience': 3, 'merge_threshold': 0.005, 'merge_patience': 30, 'noise_scale': 0.1, 'lorenz_scale': 0.05, 'adaptive_window': 100, 'readout_mode': 'a_minus_g', 'attention_sharing': 'auto', 'weight_tied_lm_head': True, 'dropout': 0.0, 'tie_pos_emb': True, 'dispersion_trigger_enabled': True, 'dispersion_top_quartile': 0.25, 'per_cell_threshold_enabled': True, 'per_cell_window': 100, 'per_cell_sigma_mult': 1.5, 'lorenz_auto_calibrate': True, 'lorenz_calibration_factor': 1.0}
[INFO] n_params(engine+router)=43,022,592  router_out_dim=256 top_k=8
[INFO] corpus=corpus/corpus_5cat_balanced.txt bytes=18,890,139
[INFO] top_k=8 aux_alpha=0.01 λ_init=1.0 λ_final=0.01 sched=cosine
[STEP     0] loss=709.6569 ce=710.3401 aux=1.0000 ent_gate=0.6931/0.693 wmax=0.5001 active>.01=2.0/2 λ=1.0000 cells=2 splits=0 cost=$0.00 vram=1.5/85GB
[STEP    50] loss=697.9277 ce=701.6639 aux=1.0246 ent_gate=1.3074/2.996 wmax=0.3832 active>.01=3.9/20 λ=1.0000 cells=20 splits=18 cost=$0.00 vram=14.3/85GB
[STEP   100] loss=689.9611 ce=696.9781 aux=1.1909 ent_gate=3.6430/4.190 wmax=0.1381 active>.01=8.0/66 λ=1.0000 cells=66 splits=64 cost=$0.03 vram=47.6/85GB
Traceback (most recent call last):
  File "/workspace/anima/training/cotrain_v5mitosis_v4.py", line 773, in <module>
    sys.exit(cotrain(parse_args()))
             ^^^^^^^^^^^^^^^^^^^^^
  File "/workspace/anima/training/cotrain_v5mitosis_v4.py", line 624, in cotrain
    logits, info = engine(x)
                   ^^^^^^^^^
  File "/opt/conda/lib/python3.11/site-packages/torch/nn/modules/module.py", line 1736, in _wrapped_call_impl
    return self._call_impl(*args, **kwargs)
           ^^^^^^^^^^^^^^^^^^^^^^^^^^^^^^^^
  File "/opt/conda/lib/python3.11/site-packages/torch/nn/modules/module.py", line 1747, in _call_impl
    return forward_call(*args, **kwargs)
           ^^^^^^^^^^^^^^^^^^^^^^^^^^^^^
  File "/workspace/anima/training/cotrain_v5mitosis_v4.py", line 273, in patched_forward
    stacked = torch.stack(cell_outs, dim=0)                            # (N,B,T,D)
              ^^^^^^^^^^^^^^^^^^^^^^^^^^^^^
torch.OutOfMemoryError: CUDA out of memory. Tried to allocate 1.83 GiB. GPU 0 has a total capacity of 79.25 GiB of which 1.66 GiB is free. Process 1201775 has 77.58 GiB memory in use. Of the allocated memory 76.74 GiB is allocated by PyTorch, and 359.97 MiB is reserved by PyTorch but unallocated. If reserved but unallocated memory is large try setting PYTORCH_CUDA_ALLOC_CONF=expandable_segments:True to avoid fragmentation.  See documentation for Memory Management  (https://pytorch.org/docs/stable/notes/cuda.html#environment-variables)
Warning: Permanently added '[35.225.61.234]:31746' (ED25519) to the list of known hosts.
Welcome to vast.ai. If authentication fails, try again after a few seconds, and double check your ssh key.
Have fun!
[INFO] device=cuda torch=2.5.1+cu121 cuda=True
[INFO] gpu=NVIDIA A100-SXM4-80GB
[INFO] cfg = {'vocab_size': 256, 'd_model': 1024, 'n_head': 16, 'ffn_dim': 4096, 'max_seq': 256, 'n_layer': 1, 'initial_cells': 2, 'max_cells': 256, 'min_cells': 2, 'split_patience': 3, 'merge_threshold': 0.005, 'merge_patience': 30, 'noise_scale': 0.1, 'lorenz_scale': 0.05, 'adaptive_window': 100, 'readout_mode': 'a_minus_g', 'attention_sharing': 'auto', 'weight_tied_lm_head': True, 'dropout': 0.0, 'tie_pos_emb': True, 'dispersion_trigger_enabled': True, 'dispersion_top_quartile': 0.25, 'per_cell_threshold_enabled': True, 'per_cell_window': 100, 'per_cell_sigma_mult': 1.5, 'lorenz_auto_calibrate': True, 'lorenz_calibration_factor': 1.0}
[INFO] n_params(engine+router)=42,760,448  router_out_dim=256 top_k=8
[INFO] corpus=corpus/corpus_5cat_balanced.txt bytes=18,890,139
[INFO] top_k=8 aux_alpha=0.01 λ_init=1.0 λ_final=0.01 sched=cosine
[STEP     0] loss=714.8381 ce=715.5190 aux=1.0000 ent_gate=0.6909/0.693 wmax=0.5337 active>.01=2.0/2 λ=1.0000 cells=2 splits=0 cost=$0.00 vram=0.9/85GB
[STEP    50] loss=701.3297 ce=701.3773 aux=1.0040 ent_gate=0.9259/2.485 wmax=0.4610 active>.01=2.8/12 λ=1.0000 cells=12 splits=10 cost=$0.00 vram=2.6/85GB
[STEP   100] loss=693.1570 ce=696.3671 aux=1.1052 ent_gate=2.7749/3.466 wmax=0.1459 active>.01=8.0/32 λ=1.0000 cells=32 splits=30 cost=$0.00 vram=6.4/85GB
[STEP   150] loss=682.1258 ce=691.1666 aux=1.2695 ent_gate=3.9835/4.431 wmax=0.1413 active>.01=8.0/84 λ=1.0000 cells=84 splits=82 cost=$0.01 vram=16.7/85GB
[STEP   200] loss=664.6400 ce=680.9715 aux=1.2881 ent_gate=4.8626/5.209 wmax=0.1345 active>.01=8.0/183 λ=1.0000 cells=183 splits=181 cost=$0.03 vram=36.9/85GB
[STEP   250] loss=621.5320 ce=658.4913 aux=1.3039 ent_gate=5.4628/5.545 wmax=0.1300 active>.01=8.0/256 λ=1.0000 cells=256 splits=254 cost=$0.08 vram=51.9/85GB
[STEP   300] loss=566.2030 ce=604.7079 aux=1.2968 ent_gate=5.5413/5.545 wmax=0.1328 active>.01=8.0/256 λ=1.0000 cells=256 splits=254 cost=$0.12 vram=51.9/85GB
[STEP   350] loss=407.8781 ce=492.0504 aux=1.2746 ent_gate=5.5424/5.545 wmax=0.1366 active>.01=8.0/256 λ=1.0000 cells=256 splits=254 cost=$0.17 vram=51.9/85GB
[STEP   400] loss=242.2259 ce=328.4628 aux=1.2338 ent_gate=5.5432/5.545 wmax=0.1407 active>.01=8.0/256 λ=1.0000 cells=256 splits=254 cost=$0.22 vram=51.9/85GB
[STEP   450] loss=130.3921 ce=183.1516 aux=1.1903 ent_gate=5.5438/5.545 wmax=0.1397 active>.01=8.0/256 λ=1.0000 cells=256 splits=254 cost=$0.26 vram=51.9/85GB
[STEP   500] loss=79.6603 ce=102.7664 aux=1.1791 ent_gate=5.5439/5.545 wmax=0.1378 active>.01=8.0/256 λ=1.0000 cells=256 splits=254 cost=$0.31 vram=51.9/85GB
[STEP   550] loss=39.4579 ce=60.2352 aux=1.1684 ent_gate=5.5441/5.545 wmax=0.1402 active>.01=8.0/256 λ=1.0000 cells=256 splits=254 cost=$0.36 vram=51.9/85GB
[STEP   600] loss=21.2527 ce=37.3120 aux=1.1606 ent_gate=5.5442/5.545 wmax=0.1498 active>.01=8.0/256 λ=1.0000 cells=256 splits=254 cost=$0.40 vram=51.9/85GB
[STEP   650] loss=17.1862 ce=24.9347 aux=1.1549 ent_gate=5.5441/5.545 wmax=0.1573 active>.01=8.0/256 λ=1.0000 cells=256 splits=254 cost=$0.45 vram=51.9/85GB
[STEP   700] loss=8.1300 ce=16.3848 aux=1.1411 ent_gate=5.5442/5.545 wmax=0.1539 active>.01=8.0/256 λ=1.0000 cells=256 splits=254 cost=$0.50 vram=51.9/85GB
[STEP   750] loss=3.7674 ce=11.3646 aux=1.1172 ent_gate=5.5445/5.545 wmax=0.1513 active>.01=8.0/256 λ=1.0000 cells=256 splits=254 cost=$0.54 vram=51.9/85GB
[STEP   800] loss=3.7133 ce=8.7611 aux=1.1325 ent_gate=5.5441/5.545 wmax=0.1801 active>.01=8.0/256 λ=1.0000 cells=256 splits=254 cost=$0.59 vram=51.9/85GB
[STEP   850] loss=0.2573 ce=6.5961 aux=1.1926 ent_gate=5.5428/5.545 wmax=0.2257 active>.01=8.0/256 λ=1.0000 cells=256 splits=254 cost=$0.63 vram=51.9/85GB
[STEP   900] loss=-0.2886 ce=5.2817 aux=1.2614 ent_gate=5.5409/5.545 wmax=0.2685 active>.01=8.0/256 λ=1.0000 cells=256 splits=254 cost=$0.68 vram=51.9/85GB
[STEP   950] loss=-1.2703 ce=4.6571 aux=1.3341 ent_gate=5.5383/5.545 wmax=0.3089 active>.01=8.0/256 λ=1.0000 cells=256 splits=254 cost=$0.73 vram=51.9/85GB
[STEP  1000] loss=-1.9736 ce=4.1485 aux=1.3971 ent_gate=5.5359/5.545 wmax=0.3386 active>.01=8.0/256 λ=1.0000 cells=256 splits=254 cost=$0.77 vram=51.9/85GB
[STEP  1050] loss=-2.0333 ce=3.7926 aux=1.4770 ent_gate=5.5324/5.545 wmax=0.3722 active>.01=8.0/256 λ=1.0000 cells=256 splits=254 cost=$0.82 vram=51.9/85GB
[STEP  1100] loss=-1.8005 ce=3.5525 aux=1.5348 ent_gate=5.5293/5.545 wmax=0.4002 active>.01=8.0/256 λ=1.0000 cells=256 splits=254 cost=$0.87 vram=51.9/85GB
[STEP  1150] loss=-2.8433 ce=3.3709 aux=1.6286 ent_gate=5.5244/5.545 wmax=0.4335 active>.01=8.0/256 λ=1.0000 cells=256 splits=254 cost=$0.91 vram=51.9/85GB
[STEP  1200] loss=-2.5154 ce=3.1362 aux=1.7204 ent_gate=5.5188/5.545 wmax=0.4678 active>.01=8.0/256 λ=1.0000 cells=256 splits=254 cost=$0.96 vram=51.9/85GB
[STEP  1250] loss=-2.8235 ce=3.0297 aux=1.7938 ent_gate=5.5145/5.545 wmax=0.4887 active>.01=8.0/256 λ=1.0000 cells=256 splits=254 cost=$1.01 vram=51.9/85GB
[STEP  1300] loss=-2.3700 ce=2.9786 aux=1.8334 ent_gate=5.5121/5.545 wmax=0.4984 active>.01=8.0/256 λ=1.0000 cells=256 splits=254 cost=$1.05 vram=51.9/85GB
[STEP  1350] loss=-2.3831 ce=2.8624 aux=1.8297 ent_gate=5.5126/5.545 wmax=0.4940 active>.01=8.0/256 λ=1.0000 cells=256 splits=254 cost=$1.10 vram=51.9/85GB
[STEP  1400] loss=-2.5086 ce=2.8758 aux=1.8108 ent_gate=5.5137/5.545 wmax=0.4898 active>.01=8.0/256 λ=1.0000 cells=256 splits=254 cost=$1.15 vram=51.9/85GB
[STEP  1450] loss=-2.3800 ce=2.7305 aux=1.8061 ent_gate=5.5140/5.545 wmax=0.4875 active>.01=8.0/256 λ=1.0000 cells=256 splits=254 cost=$1.19 vram=51.9/85GB
[STEP  1500] loss=-2.6486 ce=2.6504 aux=1.7629 ent_gate=5.5167/5.545 wmax=0.4744 active>.01=8.0/256 λ=1.0000 cells=256 splits=254 cost=$1.24 vram=51.9/85GB
[STEP  1550] loss=-2.4735 ce=2.6952 aux=1.7376 ent_gate=5.5185/5.545 wmax=0.4628 active>.01=8.0/256 λ=1.0000 cells=256 splits=254 cost=$1.29 vram=51.9/85GB
[STEP  1600] loss=-2.9047 ce=2.6015 aux=1.6927 ent_gate=5.5213/5.545 wmax=0.4465 active>.01=8.0/256 λ=1.0000 cells=256 splits=254 cost=$1.33 vram=51.9/85GB
[STEP  1650] loss=-3.1974 ce=2.5625 aux=1.6440 ent_gate=5.5240/5.545 wmax=0.4282 active>.01=8.0/256 λ=1.0000 cells=256 splits=254 cost=$1.38 vram=51.9/85GB
[STEP  1700] loss=-3.1331 ce=2.5556 aux=1.6026 ent_gate=5.5262/5.545 wmax=0.4169 active>.01=8.0/256 λ=1.0000 cells=256 splits=254 cost=$1.42 vram=51.9/85GB
[STEP  1750] loss=-3.0063 ce=2.5385 aux=1.5654 ent_gate=5.5281/5.545 wmax=0.4036 active>.01=8.0/256 λ=1.0000 cells=256 splits=254 cost=$1.47 vram=51.9/85GB
[STEP  1800] loss=-3.0060 ce=2.5187 aux=1.5238 ent_gate=5.5302/5.545 wmax=0.3871 active>.01=8.0/256 λ=1.0000 cells=256 splits=254 cost=$1.52 vram=51.9/85GB
[STEP  1850] loss=-3.0661 ce=2.5075 aux=1.4949 ent_gate=5.5316/5.545 wmax=0.3751 active>.01=8.0/256 λ=1.0000 cells=256 splits=254 cost=$1.56 vram=51.9/85GB
[STEP  1900] loss=-2.9789 ce=2.4975 aux=1.4557 ent_gate=5.5334/5.545 wmax=0.3598 active>.01=8.0/256 λ=1.0000 cells=256 splits=254 cost=$1.61 vram=51.9/85GB
[STEP  1950] loss=-3.0254 ce=2.4580 aux=1.4421 ent_gate=5.5342/5.545 wmax=0.3488 active>.01=8.0/256 λ=1.0000 cells=256 splits=254 cost=$1.66 vram=51.9/85GB
[STEP  2000] loss=-3.0699 ce=2.4097 aux=1.3933 ent_gate=5.5361/5.545 wmax=0.3305 active>.01=8.0/256 λ=1.0000 cells=256 splits=254 cost=$1.70 vram=51.9/85GB
[STEP  2050] loss=-3.3055 ce=2.4188 aux=1.3720 ent_gate=5.5373/5.545 wmax=0.3129 active>.01=8.0/256 λ=1.0000 cells=256 splits=254 cost=$1.75 vram=51.9/85GB
[STEP  2100] loss=-3.0924 ce=2.3862 aux=1.3278 ent_gate=5.5386/5.545 wmax=0.2979 active>.01=8.0/256 λ=0.9999 cells=256 splits=254 cost=$1.80 vram=51.9/85GB
[STEP  2150] loss=-3.3837 ce=2.3576 aux=1.3014 ent_gate=5.5396/5.545 wmax=0.2833 active>.01=8.0/256 λ=0.9998 cells=256 splits=254 cost=$1.84 vram=51.9/85GB
[STEP  2200] loss=-2.8498 ce=2.4208 aux=1.2800 ent_gate=5.5405/5.545 wmax=0.2668 active>.01=8.0/256 λ=0.9997 cells=256 splits=254 cost=$1.89 vram=51.9/85GB
[STEP  2250] loss=-3.3602 ce=2.3411 aux=1.2588 ent_gate=5.5411/5.545 wmax=0.2576 active>.01=8.0/256 λ=0.9995 cells=256 splits=254 cost=$1.94 vram=51.9/85GB
[STEP  2300] loss=-3.2296 ce=2.3524 aux=1.2453 ent_gate=5.5414/5.545 wmax=0.2535 active>.01=8.0/256 λ=0.9993 cells=256 splits=254 cost=$1.98 vram=51.9/85GB
[STEP  2350] loss=-3.0561 ce=2.3255 aux=1.2364 ent_gate=5.5418/5.545 wmax=0.2449 active>.01=8.0/256 λ=0.9991 cells=256 splits=254 cost=$2.03 vram=51.9/85GB
[STEP  2400] loss=-3.0452 ce=2.2934 aux=1.2234 ent_gate=5.5422/5.545 wmax=0.2364 active>.01=8.0/256 λ=0.9988 cells=256 splits=254 cost=$2.08 vram=51.9/85GB
[STEP  2450] loss=-2.8931 ce=2.3049 aux=1.2020 ent_gate=5.5425/5.545 wmax=0.2301 active>.01=8.0/256 λ=0.9985 cells=256 splits=254 cost=$2.12 vram=51.9/85GB
[STEP  2500] loss=-3.1259 ce=2.2703 aux=1.2005 ent_gate=5.5427/5.545 wmax=0.2210 active>.01=8.0/256 λ=0.9981 cells=256 splits=254 cost=$2.17 vram=51.9/85GB
[STEP  2550] loss=-3.2061 ce=2.2935 aux=1.1748 ent_gate=5.5432/5.545 wmax=0.2085 active>.01=8.0/256 λ=0.9977 cells=256 splits=254 cost=$2.21 vram=51.9/85GB
[STEP  2600] loss=-3.2539 ce=2.2704 aux=1.1683 ent_gate=5.5435/5.545 wmax=0.1985 active>.01=8.0/256 λ=0.9973 cells=256 splits=254 cost=$2.26 vram=51.9/85GB
[STEP  2650] loss=-3.2705 ce=2.2552 aux=1.1523 ent_gate=5.5437/5.545 wmax=0.1924 active>.01=8.0/256 λ=0.9968 cells=256 splits=254 cost=$2.31 vram=51.9/85GB
[STEP  2700] loss=-3.2852 ce=2.2818 aux=1.1403 ent_gate=5.5439/5.545 wmax=0.1865 active>.01=8.0/256 λ=0.9963 cells=256 splits=254 cost=$2.35 vram=51.9/85GB
[STEP  2750] loss=-3.2543 ce=2.2283 aux=1.1411 ent_gate=5.5440/5.545 wmax=0.1819 active>.01=8.0/256 λ=0.9958 cells=256 splits=254 cost=$2.40 vram=51.9/85GB
[STEP  2800] loss=-3.1075 ce=2.2450 aux=1.1172 ent_gate=5.5443/5.545 wmax=0.1718 active>.01=8.0/256 λ=0.9952 cells=256 splits=254 cost=$2.45 vram=51.9/85GB
[STEP  2850] loss=-3.1907 ce=2.2332 aux=1.1168 ent_gate=5.5443/5.545 wmax=0.1656 active>.01=8.0/256 λ=0.9946 cells=256 splits=254 cost=$2.49 vram=51.9/85GB
[STEP  2900] loss=-3.2755 ce=2.2290 aux=1.1099 ent_gate=5.5444/5.545 wmax=0.1614 active>.01=8.0/256 λ=0.9939 cells=256 splits=254 cost=$2.54 vram=51.9/85GB
[STEP  2950] loss=-3.3178 ce=2.2008 aux=1.0943 ent_gate=5.5445/5.545 wmax=0.1534 active>.01=8.0/256 λ=0.9932 cells=256 splits=254 cost=$2.59 vram=51.9/85GB
[STEP  3000] loss=-3.3962 ce=2.1596 aux=1.0957 ent_gate=5.5446/5.545 wmax=0.1471 active>.01=8.0/256 λ=0.9925 cells=256 splits=254 cost=$2.63 vram=51.9/85GB
[STEP  3050] loss=-3.4341 ce=2.1784 aux=1.0870 ent_gate=5.5446/5.545 wmax=0.1443 active>.01=8.0/256 λ=0.9917 cells=256 splits=254 cost=$2.68 vram=51.9/85GB
[STEP  3100] loss=-3.2565 ce=2.2030 aux=1.0761 ent_gate=5.5448/5.545 wmax=0.1381 active>.01=8.0/256 λ=0.9909 cells=256 splits=254 cost=$2.73 vram=51.9/85GB
[STEP  3150] loss=-2.9977 ce=2.2476 aux=1.0713 ent_gate=5.5448/5.545 wmax=0.1326 active>.01=8.0/256 λ=0.9901 cells=256 splits=254 cost=$2.77 vram=51.9/85GB
[STEP  3200] loss=-3.1406 ce=2.2649 aux=1.0869 ent_gate=5.5446/5.545 wmax=0.1298 active>.01=8.0/256 λ=0.9892 cells=256 splits=254 cost=$2.82 vram=51.9/85GB
[STEP  3250] loss=-3.1253 ce=2.2243 aux=1.0420 ent_gate=5.5449/5.545 wmax=0.1269 active>.01=8.0/256 λ=0.9883 cells=256 splits=254 cost=$2.86 vram=51.9/85GB
[STEP  3300] loss=-3.2590 ce=2.2120 aux=1.0406 ent_gate=5.5450/5.545 wmax=0.1269 active>.01=8.0/256 λ=0.9873 cells=256 splits=254 cost=$2.91 vram=51.9/85GB
[STEP  3350] loss=-3.3081 ce=2.2253 aux=1.0457 ent_gate=5.5449/5.545 wmax=0.1265 active>.01=8.0/256 λ=0.9863 cells=256 splits=254 cost=$2.96 vram=51.9/85GB
[STEP  3400] loss=-3.3939 ce=2.2065 aux=1.0442 ent_gate=5.5449/5.545 wmax=0.1268 active>.01=8.0/256 λ=0.9853 cells=256 splits=254 cost=$3.00 vram=51.9/85GB
[STEP  3450] loss=-3.3251 ce=2.1438 aux=1.0412 ent_gate=5.5449/5.545 wmax=0.1274 active>.01=8.0/256 λ=0.9842 cells=256 splits=254 cost=$3.05 vram=51.9/85GB
[STEP  3500] loss=-3.3869 ce=2.1579 aux=1.0385 ent_gate=5.5449/5.545 wmax=0.1264 active>.01=8.0/256 λ=0.9831 cells=256 splits=254 cost=$3.10 vram=51.9/85GB
[STEP  3550] loss=-2.6772 ce=2.1744 aux=1.0384 ent_gate=5.5450/5.545 wmax=0.1266 active>.01=8.0/256 λ=0.9820 cells=256 splits=254 cost=$3.14 vram=51.9/85GB
[STEP  3600] loss=-2.9717 ce=2.1580 aux=1.0501 ent_gate=5.5449/5.545 wmax=0.1271 active>.01=8.0/256 λ=0.9808 cells=256 splits=254 cost=$3.19 vram=51.9/85GB
[STEP  3650] loss=-3.3244 ce=2.1177 aux=1.0399 ent_gate=5.5449/5.545 wmax=0.1264 active>.01=8.0/256 λ=0.9796 cells=256 splits=254 cost=$3.24 vram=51.9/85GB
[STEP  3700] loss=-3.2794 ce=2.1238 aux=1.0377 ent_gate=5.5449/5.545 wmax=0.1265 active>.01=8.0/256 λ=0.9784 cells=256 splits=254 cost=$3.28 vram=51.9/85GB
Connection to 35.225.61.234 closed by remote host.
