[P0Y s0 g10] cells=10 ce=3.27943  wall=0s
[P0X s0 g10] cells=10 ce=2.72190  wall=0s
[P1 s0 g10] cells=10 ce=2.84582  wall=0s
[P1 s0 g320] cells=320 ce=2.13709  wall=1142s
[P0X s0 g320] cells=320 ce=2.52834  wall=1795s
[P0Y s0 g320] cells=320 ce=3.44500  wall=1898s
ALL_DONE summer-B650M-K 2026-07-14T09:50:40+09:00
[E s1 g10] cells=10 ce=2.86757 c1_ce=2.96940  wall=0s
[P0Y s1 g10] cells=10 ce=3.26710  wall=0s
[P0X s1 g10] cells=10 ce=2.86317  wall=0s
[E s2 g10] cells=10 ce=2.91805 c1_ce=3.00860  wall=0s
[P0X s2 g10] cells=10 ce=3.02403  wall=0s
[P1 s1 g10] cells=10 ce=2.55348  wall=0s
[P0Y s2 g10] cells=10 ce=3.25688  wall=0s
[P1 s2 g10] cells=10 ce=2.59130  wall=0s
[E s2 g320] cells=201 ce=2.83240 c1_ce=3.37879  wall=685s
[E s3 g10] cells=10 ce=2.85171 c1_ce=2.97170  wall=0s
[E s0 g320] cells=320 ce=2.46370 c1_ce=3.63839  wall=2268s
[P1 s1 g320] cells=320 ce=1.73841  wall=1266s
[P0X s3 g10] cells=10 ce=3.00218  wall=0s
[P1 s2 g320] cells=320 ce=2.14370  wall=1609s
[P0Y s3 g10] cells=10 ce=3.27381  wall=0s
[P0X s1 g320] cells=320 ce=2.52567  wall=2502s
[P1 s3 g10] cells=10 ce=2.48702  wall=0s
[P0X s2 g320] cells=320 ce=2.51428  wall=2796s
[E s4 g10] cells=10 ce=2.72244 c1_ce=2.81952  wall=0s
[P0Y s1 g320] cells=320 ce=3.44192  wall=2982s
[P0X s4 g10] cells=10 ce=2.86684  wall=0s
[P0Y s2 g320] cells=320 ce=3.43895  wall=3200s
[P0Y s4 g10] cells=10 ce=3.26912  wall=0s
[P0X s4 g320] cells=189 ce=2.82770  wall=313s
[P1 s4 g10] cells=10 ce=2.57507  wall=0s
[P1 s3 g320] cells=320 ce=1.73006  wall=976s
[E s1 g320] cells=320 ce=2.46375 c1_ce=3.63584  wall=3479s
[E s5 g10] cells=10 ce=2.65286 c1_ce=2.75592  wall=1s
[P0X s5 g10] cells=10 ce=2.58248  wall=0s
[P0X s3 g320] cells=320 ce=2.51985  wall=2718s
[P0Y s5 g10] cells=10 ce=3.27083  wall=0s
[E s3 g320] cells=320 ce=2.47225 c1_ce=3.62752  wall=3395s
[P1 s5 g10] cells=10 ce=2.82486  wall=0s
[P0Y s3 g320] cells=320 ce=3.44025  wall=2889s
[P1 s4 g320] cells=320 ce=2.14252  wall=1401s
[E s4 g320] cells=320 ce=2.47142 c1_ce=3.51546  wall=1930s
[P1 s5 g320] cells=303 ce=2.07540  wall=1293s
[P0Y s4 g320] cells=320 ce=3.43196  wall=2352s
[P0X s5 g320] cells=320 ce=2.52453  wall=2096s
[E s5 g320] cells=320 ce=2.45717 c1_ce=3.63885  wall=2300s
[P0Y s5 g320] cells=320 ce=3.44095  wall=1857s
ALL_DONE summer-B650M-K 2026-07-14T11:28:02+09:00
