=== v8_seedrep_45 vast.ai H100 dispatch (routing fix g2+g3) ===
Wed May 13 13:17:37 UTC 2026
  steps=15000 d_model=512 cells=2-64 batch=8 ctx=128
  ROUTING: top_k=4 aux_alpha=0.01 λ_init=1.0 λ_final=0.01 sched=cosine
  cost_cap=$8.0 absolute_max=$8.8
[1/9] Searching GPU offers (gpu_name in [H100_SXM,H100_PCIE,H100_NVL,A100_SXM4,A100_PCIE,H200] num_gpus=1 reliability>0.95 dph_total<5.0 disk_space>50 inet_down>100) ...
  Selected: id=36676234 dph=$0.7649 gpu=A100
[2/9] cost gate OK (est $1.15)
[3/9] Renting...
  Instance ID: 36687912
[4/9] Waiting SSH (direct-IP) ...
  ... 1/160 status=None
  ... 2/160 status=loading
  ... 3/160 status=loading
  ... 4/160 status=running
  SSH ready: 157.90.56.162:31689 (5x5s)
[5/9] Uploading code+corpus+probe ...
Warning: Permanently added '[157.90.56.162]:31689' (ED25519) to the list of known hosts.
Welcome to vast.ai. If authentication fails, try again after a few seconds, and double check your ssh key.
Have fun!
Warning: Permanently added '[157.90.56.162]:31689' (ED25519) to the list of known hosts.
Welcome to vast.ai. If authentication fails, try again after a few seconds, and double check your ssh key.
Have fun!
Warning: Permanently added '[157.90.56.162]:31689' (ED25519) to the list of known hosts.
Welcome to vast.ai. If authentication fails, try again after a few seconds, and double check your ssh key.
Have fun!
Warning: Permanently added '[157.90.56.162]:31689' (ED25519) to the list of known hosts.
Welcome to vast.ai. If authentication fails, try again after a few seconds, and double check your ssh key.
Have fun!
Warning: Permanently added '[157.90.56.162]:31689' (ED25519) to the list of known hosts.
Welcome to vast.ai. If authentication fails, try again after a few seconds, and double check your ssh key.
Have fun!
[6/9] (image already has torch — skip pip install)
[7/9] Train v3-routing ...
Warning: Permanently added '[157.90.56.162]:31689' (ED25519) to the list of known hosts.
Welcome to vast.ai. If authentication fails, try again after a few seconds, and double check your ssh key.
Have fun!
[INFO] device=cuda torch=2.5.1+cu121 cuda=True
[INFO] gpu=NVIDIA A100-SXM4-40GB
[INFO] cfg = {'vocab_size': 256, 'd_model': 512, 'n_head': 8, 'ffn_dim': 1536, 'max_seq': 128, 'n_layer': 1, 'initial_cells': 2, 'max_cells': 64, 'min_cells': 2, 'split_patience': 3, 'merge_threshold': 0.005, 'merge_patience': 30, 'noise_scale': 0.1, 'lorenz_scale': 0.05, 'adaptive_window': 100, 'readout_mode': 'a_minus_g', 'attention_sharing': 'auto', 'weight_tied_lm_head': True, 'dropout': 0.0, 'tie_pos_emb': True, 'dispersion_trigger_enabled': True, 'dispersion_top_quartile': 0.25, 'per_cell_threshold_enabled': True, 'per_cell_window': 100, 'per_cell_sigma_mult': 1.5, 'lorenz_auto_calibrate': True, 'lorenz_calibration_factor': 1.0}
[INFO] n_params(engine+router)=8,631,360  router_out_dim=64 top_k=4
[INFO] corpus=corpus/corpus_persona_balanced.txt bytes=1,300,270
[INFO] top_k=4 aux_alpha=0.01 λ_init=1.0 λ_final=0.01 sched=cosine
[STEP     0] loss=354.1985 ce=354.8778 aux=1.0000 ent_gate=0.6893/0.693 wmax=0.5436 active>.01=2.0/2 λ=1.0000 cells=2 splits=0 cost=$0.00
[STEP    50] loss=330.5290 ce=343.1013 aux=1.0193 ent_gate=1.0664/2.639 wmax=0.4629 active>.01=2.6/14 λ=1.0000 cells=14 splits=12 cost=$0.00
[STEP   100] loss=311.5450 ce=328.4499 aux=1.1336 ent_gate=3.1334/3.738 wmax=0.2552 active>.01=4.0/42 λ=1.0000 cells=42 splits=40 cost=$0.00
[STEP   150] loss=261.9559 ce=291.5638 aux=1.1929 ent_gate=4.1136/4.159 wmax=0.2577 active>.01=4.0/64 λ=1.0000 cells=64 splits=62 cost=$0.01
[STEP   200] loss=179.2038 ce=232.6952 aux=1.1582 ent_gate=4.1564/4.159 wmax=0.3006 active>.01=4.0/64 λ=1.0000 cells=64 splits=62 cost=$0.01
[STEP   250] loss=53.9409 ce=122.1385 aux=1.1973 ent_gate=4.1550/4.159 wmax=0.3585 active>.01=4.0/64 λ=1.0000 cells=64 splits=62 cost=$0.01
[STEP   300] loss=15.6806 ce=35.3504 aux=1.3297 ent_gate=4.1487/4.159 wmax=0.4311 active>.01=4.0/64 λ=1.0000 cells=64 splits=62 cost=$0.01
[STEP   350] loss=3.6507 ce=12.5878 aux=1.5564 ent_gate=4.1330/4.159 wmax=0.5209 active>.01=4.0/64 λ=1.0000 cells=64 splits=62 cost=$0.02
[STEP   400] loss=-0.4542 ce=5.4039 aux=1.9157 ent_gate=4.0990/4.159 wmax=0.6191 active>.01=4.0/64 λ=1.0000 cells=64 splits=62 cost=$0.02
[STEP   450] loss=-1.2239 ce=3.2963 aux=2.3815 ent_gate=4.0434/4.159 wmax=0.7041 active>.01=4.0/64 λ=1.0000 cells=64 splits=62 cost=$0.02
[STEP   500] loss=-1.7441 ce=2.5686 aux=2.5883 ent_gate=4.0157/4.159 wmax=0.7325 active>.01=4.0/64 λ=1.0000 cells=64 splits=62 cost=$0.03
[STEP   550] loss=-1.7230 ce=2.3695 aux=2.3695 ent_gate=4.0458/4.159 wmax=0.7015 active>.01=4.0/64 λ=1.0000 cells=64 splits=62 cost=$0.03
[STEP   600] loss=-1.8445 ce=2.2217 aux=2.2193 ent_gate=4.0652/4.159 wmax=0.6770 active>.01=4.0/64 λ=0.9999 cells=64 splits=62 cost=$0.03
[STEP   650] loss=-1.9825 ce=2.1561 aux=2.1321 ent_gate=4.0754/4.159 wmax=0.6636 active>.01=4.0/64 λ=0.9997 cells=64 splits=62 cost=$0.04
[STEP   700] loss=-1.9560 ce=2.0858 aux=2.0703 ent_gate=4.0827/4.159 wmax=0.6517 active>.01=4.0/64 λ=0.9995 cells=64 splits=62 cost=$0.04
[STEP   750] loss=-2.1428 ce=2.0319 aux=1.9754 ent_gate=4.0935/4.159 wmax=0.6319 active>.01=4.0/64 λ=0.9993 cells=64 splits=62 cost=$0.04
[STEP   800] loss=-2.3027 ce=2.0199 aux=1.9544 ent_gate=4.0957/4.159 wmax=0.6285 active>.01=4.0/64 λ=0.9990 cells=64 splits=62 cost=$0.05
[STEP   850] loss=-2.2303 ce=1.9389 aux=1.8830 ent_gate=4.1033/4.159 wmax=0.6124 active>.01=4.0/64 λ=0.9986 cells=64 splits=62 cost=$0.05
[STEP   900] loss=-2.1459 ce=1.9160 aux=1.8582 ent_gate=4.1062/4.159 wmax=0.6048 active>.01=4.0/64 λ=0.9981 cells=64 splits=62 cost=$0.05
[STEP   950] loss=-2.1805 ce=1.8936 aux=1.8155 ent_gate=4.1103/4.159 wmax=0.5952 active>.01=4.0/64 λ=0.9976 cells=64 splits=62 cost=$0.05
[STEP  1000] loss=-2.3215 ce=1.8651 aux=1.7926 ent_gate=4.1126/4.159 wmax=0.5893 active>.01=4.0/64 λ=0.9971 cells=64 splits=62 cost=$0.06
[STEP  1050] loss=-2.4214 ce=1.8218 aux=1.7585 ent_gate=4.1158/4.159 wmax=0.5811 active>.01=4.0/64 λ=0.9965 cells=64 splits=62 cost=$0.06
[STEP  1100] loss=-2.3282 ce=1.8160 aux=1.7459 ent_gate=4.1170/4.159 wmax=0.5779 active>.01=4.0/64 λ=0.9958 cells=64 splits=62 cost=$0.06
[STEP  1150] loss=-2.2717 ce=1.8052 aux=1.7107 ent_gate=4.1202/4.159 wmax=0.5688 active>.01=4.0/64 λ=0.9951 cells=64 splits=62 cost=$0.07
[STEP  1200] loss=-2.2480 ce=1.7380 aux=1.6880 ent_gate=4.1223/4.159 wmax=0.5620 active>.01=4.0/64 λ=0.9943 cells=64 splits=62 cost=$0.07
[STEP  1250] loss=-2.2654 ce=1.7593 aux=1.6819 ent_gate=4.1228/4.159 wmax=0.5609 active>.01=4.0/64 λ=0.9935 cells=64 splits=62 cost=$0.07
[STEP  1300] loss=-2.3663 ce=1.7274 aux=1.6541 ent_gate=4.1254/4.159 wmax=0.5521 active>.01=4.0/64 λ=0.9926 cells=64 splits=62 cost=$0.08
[STEP  1350] loss=-2.3059 ce=1.7051 aux=1.6393 ent_gate=4.1266/4.159 wmax=0.5478 active>.01=4.0/64 λ=0.9916 cells=64 splits=62 cost=$0.08
[STEP  1400] loss=-2.2639 ce=1.6862 aux=1.6212 ent_gate=4.1282/4.159 wmax=0.5419 active>.01=4.0/64 λ=0.9906 cells=64 splits=62 cost=$0.08
[STEP  1450] loss=-2.3928 ce=1.6510 aux=1.6103 ent_gate=4.1293/4.159 wmax=0.5370 active>.01=4.0/64 λ=0.9896 cells=64 splits=62 cost=$0.09
[STEP  1500] loss=-2.3863 ce=1.6847 aux=1.6008 ent_gate=4.1303/4.159 wmax=0.5321 active>.01=4.0/64 λ=0.9884 cells=64 splits=62 cost=$0.09
[STEP  1550] loss=-2.4574 ce=1.6436 aux=1.5932 ent_gate=4.1305/4.159 wmax=0.5332 active>.01=4.0/64 λ=0.9872 cells=64 splits=62 cost=$0.09
[STEP  1600] loss=-2.3979 ce=1.6825 aux=1.5893 ent_gate=4.1309/4.159 wmax=0.5314 active>.01=4.0/64 λ=0.9860 cells=64 splits=62 cost=$0.09
[STEP  1650] loss=-2.4041 ce=1.5882 aux=1.5687 ent_gate=4.1325/4.159 wmax=0.5251 active>.01=4.0/64 λ=0.9847 cells=64 splits=62 cost=$0.10
[STEP  1700] loss=-2.3999 ce=1.5814 aux=1.5678 ent_gate=4.1326/4.159 wmax=0.5246 active>.01=4.0/64 λ=0.9834 cells=64 splits=62 cost=$0.10
[STEP  1750] loss=-2.5166 ce=1.5880 aux=1.5570 ent_gate=4.1337/4.159 wmax=0.5192 active>.01=4.0/64 λ=0.9820 cells=64 splits=62 cost=$0.10
[STEP  1800] loss=-2.4928 ce=1.5826 aux=1.5481 ent_gate=4.1341/4.159 wmax=0.5194 active>.01=4.0/64 λ=0.9805 cells=64 splits=62 cost=$0.11
[STEP  1850] loss=-2.6650 ce=1.5413 aux=1.5354 ent_gate=4.1354/4.159 wmax=0.5120 active>.01=4.0/64 λ=0.9790 cells=64 splits=62 cost=$0.11
[STEP  1900] loss=-2.5038 ce=1.5024 aux=1.5196 ent_gate=4.1366/4.159 wmax=0.5053 active>.01=4.0/64 λ=0.9774 cells=64 splits=62 cost=$0.11
[STEP  1950] loss=-2.5982 ce=1.5123 aux=1.5101 ent_gate=4.1371/4.159 wmax=0.5052 active>.01=4.0/64 λ=0.9758 cells=64 splits=62 cost=$0.12
  [SNAP 2000] 4a KL=3.9446 z=0.20 | 4b cos_z=0.42
[STEP  2000] loss=-2.4701 ce=1.5006 aux=1.5119 ent_gate=4.1370/4.159 wmax=0.5054 active>.01=4.0/64 λ=0.9741 cells=64 splits=62 cost=$0.12
[STEP  2050] loss=-2.6761 ce=1.4680 aux=1.4944 ent_gate=4.1383/4.159 wmax=0.4986 active>.01=4.0/64 λ=0.9723 cells=64 splits=62 cost=$0.12
[STEP  2100] loss=-2.2841 ce=1.5007 aux=1.4811 ent_gate=4.1395/4.159 wmax=0.4916 active>.01=4.0/64 λ=0.9706 cells=64 splits=62 cost=$0.13
[STEP  2150] loss=-2.6369 ce=1.4800 aux=1.4810 ent_gate=4.1392/4.159 wmax=0.4950 active>.01=4.0/64 λ=0.9687 cells=64 splits=62 cost=$0.13
[STEP  2200] loss=-2.5468 ce=1.4597 aux=1.4761 ent_gate=4.1398/4.159 wmax=0.4899 active>.01=4.0/64 λ=0.9668 cells=64 splits=62 cost=$0.13
[STEP  2250] loss=-2.3517 ce=1.4466 aux=1.4732 ent_gate=4.1400/4.159 wmax=0.4890 active>.01=4.0/64 λ=0.9648 cells=64 splits=62 cost=$0.14
[STEP  2300] loss=-2.6040 ce=1.4331 aux=1.4708 ent_gate=4.1401/4.159 wmax=0.4887 active>.01=4.0/64 λ=0.9628 cells=64 splits=62 cost=$0.14
[STEP  2350] loss=-2.7171 ce=1.4021 aux=1.4616 ent_gate=4.1407/4.159 wmax=0.4857 active>.01=4.0/64 λ=0.9608 cells=64 splits=62 cost=$0.14
[STEP  2400] loss=-2.4927 ce=1.4061 aux=1.4601 ent_gate=4.1409/4.159 wmax=0.4845 active>.01=4.0/64 λ=0.9586 cells=64 splits=62 cost=$0.14
[STEP  2450] loss=-2.5161 ce=1.3917 aux=1.4540 ent_gate=4.1413/4.159 wmax=0.4827 active>.01=4.0/64 λ=0.9565 cells=64 splits=62 cost=$0.15
[STEP  2500] loss=-2.5703 ce=1.3893 aux=1.4484 ent_gate=4.1417/4.159 wmax=0.4799 active>.01=4.0/64 λ=0.9542 cells=64 splits=62 cost=$0.15
[STEP  2550] loss=-2.5995 ce=1.3655 aux=1.4504 ent_gate=4.1416/4.159 wmax=0.4809 active>.01=4.0/64 λ=0.9520 cells=64 splits=62 cost=$0.15
[STEP  2600] loss=-2.5829 ce=1.3415 aux=1.4368 ent_gate=4.1423/4.159 wmax=0.4772 active>.01=4.0/64 λ=0.9496 cells=64 splits=62 cost=$0.16
[STEP  2650] loss=-2.4915 ce=1.3326 aux=1.4322 ent_gate=4.1427/4.159 wmax=0.4748 active>.01=4.0/64 λ=0.9473 cells=64 splits=62 cost=$0.16
[STEP  2700] loss=-2.6004 ce=1.2992 aux=1.4231 ent_gate=4.1432/4.159 wmax=0.4726 active>.01=4.0/64 λ=0.9448 cells=64 splits=62 cost=$0.16
[STEP  2750] loss=-2.5427 ce=1.2966 aux=1.4314 ent_gate=4.1427/4.159 wmax=0.4747 active>.01=4.0/64 λ=0.9423 cells=64 splits=62 cost=$0.17
[STEP  2800] loss=-2.5236 ce=1.2738 aux=1.4170 ent_gate=4.1436/4.159 wmax=0.4705 active>.01=4.0/64 λ=0.9398 cells=64 splits=62 cost=$0.17
[STEP  2850] loss=-2.5680 ce=1.2657 aux=1.4278 ent_gate=4.1432/4.159 wmax=0.4706 active>.01=4.0/64 λ=0.9372 cells=64 splits=62 cost=$0.17
[STEP  2900] loss=-2.6174 ce=1.2723 aux=1.4204 ent_gate=4.1437/4.159 wmax=0.4668 active>.01=4.0/64 λ=0.9346 cells=64 splits=62 cost=$0.18
[STEP  2950] loss=-2.7544 ce=1.2523 aux=1.4158 ent_gate=4.1441/4.159 wmax=0.4638 active>.01=4.0/64 λ=0.9319 cells=64 splits=62 cost=$0.18
[STEP  3000] loss=-2.6993 ce=1.2111 aux=1.4072 ent_gate=4.1444/4.159 wmax=0.4633 active>.01=4.0/64 λ=0.9291 cells=64 splits=62 cost=$0.18
[STEP  3050] loss=-2.6252 ce=1.2120 aux=1.4068 ent_gate=4.1443/4.159 wmax=0.4652 active>.01=4.0/64 λ=0.9264 cells=64 splits=62 cost=$0.18
[STEP  3100] loss=-2.6156 ce=1.1705 aux=1.4033 ent_gate=4.1447/4.159 wmax=0.4615 active>.01=4.0/64 λ=0.9235 cells=64 splits=62 cost=$0.19
[STEP  3150] loss=-2.4629 ce=1.1903 aux=1.3997 ent_gate=4.1450/4.159 wmax=0.4595 active>.01=4.0/64 λ=0.9206 cells=64 splits=62 cost=$0.19
[STEP  3200] loss=-2.7175 ce=1.1611 aux=1.3970 ent_gate=4.1452/4.159 wmax=0.4565 active>.01=4.0/64 λ=0.9177 cells=64 splits=62 cost=$0.19
[STEP  3250] loss=-2.6671 ce=1.1559 aux=1.3913 ent_gate=4.1455/4.159 wmax=0.4568 active>.01=4.0/64 λ=0.9147 cells=64 splits=62 cost=$0.20
[STEP  3300] loss=-2.5330 ce=1.1395 aux=1.4025 ent_gate=4.1448/4.159 wmax=0.4609 active>.01=4.0/64 λ=0.9117 cells=64 splits=62 cost=$0.20
[STEP  3350] loss=-2.7067 ce=1.0992 aux=1.3940 ent_gate=4.1451/4.159 wmax=0.4600 active>.01=4.0/64 λ=0.9086 cells=64 splits=62 cost=$0.20
[STEP  3400] loss=-2.5530 ce=1.0862 aux=1.3903 ent_gate=4.1456/4.159 wmax=0.4548 active>.01=4.0/64 λ=0.9055 cells=64 splits=62 cost=$0.21
[STEP  3450] loss=-2.5824 ce=1.0852 aux=1.3863 ent_gate=4.1457/4.159 wmax=0.4549 active>.01=4.0/64 λ=0.9023 cells=64 splits=62 cost=$0.21
[STEP  3500] loss=-2.5946 ce=1.0824 aux=1.3900 ent_gate=4.1456/4.159 wmax=0.4560 active>.01=4.0/64 λ=0.8991 cells=64 splits=62 cost=$0.21
[STEP  3550] loss=-2.6193 ce=1.0569 aux=1.3831 ent_gate=4.1460/4.159 wmax=0.4526 active>.01=4.0/64 λ=0.8958 cells=64 splits=62 cost=$0.21
[STEP  3600] loss=-2.5934 ce=1.0585 aux=1.3820 ent_gate=4.1458/4.159 wmax=0.4558 active>.01=4.0/64 λ=0.8925 cells=64 splits=62 cost=$0.22
[STEP  3650] loss=-2.5367 ce=1.0405 aux=1.3763 ent_gate=4.1464/4.159 wmax=0.4500 active>.01=4.0/64 λ=0.8891 cells=64 splits=62 cost=$0.22
[STEP  3700] loss=-2.4831 ce=1.0461 aux=1.3725 ent_gate=4.1464/4.159 wmax=0.4513 active>.01=4.0/64 λ=0.8857 cells=64 splits=62 cost=$0.22
[STEP  3750] loss=-2.6320 ce=1.0293 aux=1.3832 ent_gate=4.1459/4.159 wmax=0.4545 active>.01=4.0/64 λ=0.8823 cells=64 splits=62 cost=$0.23
[STEP  3800] loss=-2.6156 ce=0.9857 aux=1.3745 ent_gate=4.1465/4.159 wmax=0.4492 active>.01=4.0/64 λ=0.8788 cells=64 splits=62 cost=$0.23
[STEP  3850] loss=-2.7780 ce=0.9668 aux=1.3631 ent_gate=4.1471/4.159 wmax=0.4449 active>.01=4.0/64 λ=0.8752 cells=64 splits=62 cost=$0.23
[STEP  3900] loss=-2.7295 ce=0.9884 aux=1.3747 ent_gate=4.1466/4.159 wmax=0.4483 active>.01=4.0/64 λ=0.8717 cells=64 splits=62 cost=$0.24
[STEP  3950] loss=-2.5653 ce=0.9769 aux=1.3674 ent_gate=4.1469/4.159 wmax=0.4467 active>.01=4.0/64 λ=0.8680 cells=64 splits=62 cost=$0.24
  [SNAP 4000] 4a KL=3.5186 z=1.13 | 4b cos_z=0.67
[STEP  4000] loss=-2.5989 ce=0.9726 aux=1.3688 ent_gate=4.1467/4.159 wmax=0.4487 active>.01=4.0/64 λ=0.8644 cells=64 splits=62 cost=$0.24
[STEP  4050] loss=-2.6663 ce=0.9318 aux=1.3682 ent_gate=4.1469/4.159 wmax=0.4456 active>.01=4.0/64 λ=0.8607 cells=64 splits=62 cost=$0.25
[STEP  4100] loss=-2.5906 ce=0.9412 aux=1.3643 ent_gate=4.1473/4.159 wmax=0.4426 active>.01=4.0/64 λ=0.8569 cells=64 splits=62 cost=$0.25
[STEP  4150] loss=-2.7073 ce=0.9461 aux=1.3582 ent_gate=4.1474/4.159 wmax=0.4431 active>.01=4.0/64 λ=0.8531 cells=64 splits=62 cost=$0.25
[STEP  4200] loss=-2.6636 ce=0.9209 aux=1.3678 ent_gate=4.1471/4.159 wmax=0.4430 active>.01=4.0/64 λ=0.8493 cells=64 splits=62 cost=$0.25
[STEP  4250] loss=-2.6622 ce=0.9082 aux=1.3545 ent_gate=4.1477/4.159 wmax=0.4396 active>.01=4.0/64 λ=0.8454 cells=64 splits=62 cost=$0.26
[STEP  4300] loss=-2.6754 ce=0.8912 aux=1.3494 ent_gate=4.1479/4.159 wmax=0.4401 active>.01=4.0/64 λ=0.8415 cells=64 splits=62 cost=$0.26
[STEP  4350] loss=-2.5273 ce=0.9183 aux=1.3442 ent_gate=4.1481/4.159 wmax=0.4389 active>.01=4.0/64 λ=0.8375 cells=64 splits=62 cost=$0.26
[STEP  4400] loss=-2.6391 ce=0.8678 aux=1.3572 ent_gate=4.1475/4.159 wmax=0.4416 active>.01=4.0/64 λ=0.8336 cells=64 splits=62 cost=$0.27
[STEP  4450] loss=-2.6318 ce=0.8944 aux=1.3486 ent_gate=4.1480/4.159 wmax=0.4391 active>.01=4.0/64 λ=0.8295 cells=64 splits=62 cost=$0.27
[STEP  4500] loss=-2.5190 ce=0.8691 aux=1.3537 ent_gate=4.1475/4.159 wmax=0.4436 active>.01=4.0/64 λ=0.8255 cells=64 splits=62 cost=$0.27
[STEP  4550] loss=-2.6526 ce=0.8638 aux=1.3546 ent_gate=4.1476/4.159 wmax=0.4426 active>.01=4.0/64 λ=0.8214 cells=64 splits=62 cost=$0.28
[STEP  4600] loss=-2.5224 ce=0.8597 aux=1.3511 ent_gate=4.1479/4.159 wmax=0.4383 active>.01=4.0/64 λ=0.8172 cells=64 splits=62 cost=$0.28
[STEP  4650] loss=-2.5075 ce=0.8469 aux=1.3441 ent_gate=4.1482/4.159 wmax=0.4380 active>.01=4.0/64 λ=0.8130 cells=64 splits=62 cost=$0.28
[STEP  4700] loss=-2.5803 ce=0.8364 aux=1.3461 ent_gate=4.1480/4.159 wmax=0.4398 active>.01=4.0/64 λ=0.8088 cells=64 splits=62 cost=$0.29
[STEP  4750] loss=-2.2747 ce=0.8372 aux=1.3503 ent_gate=4.1479/4.159 wmax=0.4394 active>.01=4.0/64 λ=0.8046 cells=64 splits=62 cost=$0.29
[STEP  4800] loss=-2.5237 ce=0.8235 aux=1.3439 ent_gate=4.1483/4.159 wmax=0.4353 active>.01=4.0/64 λ=0.8003 cells=64 splits=62 cost=$0.29
[STEP  4850] loss=-2.4784 ce=0.7843 aux=1.3420 ent_gate=4.1483/4.159 wmax=0.4360 active>.01=4.0/64 λ=0.7960 cells=64 splits=62 cost=$0.29
[STEP  4900] loss=-2.4700 ce=0.7949 aux=1.3405 ent_gate=4.1485/4.159 wmax=0.4336 active>.01=4.0/64 λ=0.7916 cells=64 splits=62 cost=$0.30
[STEP  4950] loss=-2.4614 ce=0.8155 aux=1.3430 ent_gate=4.1482/4.159 wmax=0.4373 active>.01=4.0/64 λ=0.7872 cells=64 splits=62 cost=$0.30
[STEP  5000] loss=-2.3711 ce=0.7722 aux=1.3397 ent_gate=4.1484/4.159 wmax=0.4355 active>.01=4.0/64 λ=0.7828 cells=64 splits=62 cost=$0.30
[STEP  5050] loss=-2.4762 ce=0.8146 aux=1.3349 ent_gate=4.1487/4.159 wmax=0.4338 active>.01=4.0/64 λ=0.7783 cells=64 splits=62 cost=$0.31
[STEP  5100] loss=-2.3762 ce=0.7782 aux=1.3417 ent_gate=4.1484/4.159 wmax=0.4352 active>.01=4.0/64 λ=0.7738 cells=64 splits=62 cost=$0.31
[STEP  5150] loss=-2.3936 ce=0.7414 aux=1.3399 ent_gate=4.1487/4.159 wmax=0.4320 active>.01=4.0/64 λ=0.7693 cells=64 splits=62 cost=$0.31
[STEP  5200] loss=-2.3797 ce=0.7754 aux=1.3419 ent_gate=4.1485/4.159 wmax=0.4338 active>.01=4.0/64 λ=0.7648 cells=64 splits=62 cost=$0.31
[STEP  5250] loss=-2.2230 ce=0.7560 aux=1.3279 ent_gate=4.1491/4.159 wmax=0.4310 active>.01=4.0/64 λ=0.7602 cells=64 splits=62 cost=$0.32
[STEP  5300] loss=-2.3954 ce=0.7469 aux=1.3310 ent_gate=4.1488/4.159 wmax=0.4347 active>.01=4.0/64 λ=0.7556 cells=64 splits=62 cost=$0.32
[STEP  5350] loss=-2.3840 ce=0.7272 aux=1.3347 ent_gate=4.1487/4.159 wmax=0.4332 active>.01=4.0/64 λ=0.7510 cells=64 splits=62 cost=$0.32
[STEP  5400] loss=-2.1891 ce=0.7581 aux=1.3412 ent_gate=4.1483/4.159 wmax=0.4369 active>.01=4.0/64 λ=0.7463 cells=64 splits=62 cost=$0.33
[STEP  5450] loss=-2.5121 ce=0.7235 aux=1.3346 ent_gate=4.1488/4.159 wmax=0.4321 active>.01=4.0/64 λ=0.7416 cells=64 splits=62 cost=$0.33
[STEP  5500] loss=-2.3946 ce=0.7173 aux=1.3317 ent_gate=4.1487/4.159 wmax=0.4349 active>.01=4.0/64 λ=0.7369 cells=64 splits=62 cost=$0.33
[STEP  5550] loss=-2.1815 ce=0.7152 aux=1.3302 ent_gate=4.1489/4.159 wmax=0.4325 active>.01=4.0/64 λ=0.7321 cells=64 splits=62 cost=$0.34
[STEP  5600] loss=-2.3093 ce=0.7182 aux=1.3299 ent_gate=4.1490/4.159 wmax=0.4315 active>.01=4.0/64 λ=0.7273 cells=64 splits=62 cost=$0.34
[STEP  5650] loss=-2.2191 ce=0.7318 aux=1.3407 ent_gate=4.1485/4.159 wmax=0.4346 active>.01=4.0/64 λ=0.7225 cells=64 splits=62 cost=$0.34
[STEP  5700] loss=-2.2195 ce=0.6974 aux=1.3297 ent_gate=4.1490/4.159 wmax=0.4310 active>.01=4.0/64 λ=0.7177 cells=64 splits=62 cost=$0.34
[STEP  5750] loss=-2.2079 ce=0.6723 aux=1.3272 ent_gate=4.1489/4.159 wmax=0.4337 active>.01=4.0/64 λ=0.7128 cells=64 splits=62 cost=$0.35
[STEP  5800] loss=-2.4537 ce=0.6640 aux=1.3229 ent_gate=4.1493/4.159 wmax=0.4300 active>.01=4.0/64 λ=0.7080 cells=64 splits=62 cost=$0.35
[STEP  5850] loss=-2.3267 ce=0.6557 aux=1.3353 ent_gate=4.1488/4.159 wmax=0.4316 active>.01=4.0/64 λ=0.7031 cells=64 splits=62 cost=$0.35
[STEP  5900] loss=-2.2840 ce=0.6557 aux=1.3305 ent_gate=4.1489/4.159 wmax=0.4325 active>.01=4.0/64 λ=0.6981 cells=64 splits=62 cost=$0.36
[STEP  5950] loss=-2.1421 ce=0.6356 aux=1.3357 ent_gate=4.1486/4.159 wmax=0.4343 active>.01=4.0/64 λ=0.6932 cells=64 splits=62 cost=$0.36
  [SNAP 6000] 4a KL=4.4051 z=0.73 | 4b cos_z=1.54
[STEP  6000] loss=-2.2278 ce=0.6486 aux=1.3278 ent_gate=4.1490/4.159 wmax=0.4326 active>.01=4.0/64 λ=0.6882 cells=64 splits=62 cost=$0.36
[STEP  6050] loss=-2.2276 ce=0.6623 aux=1.3261 ent_gate=4.1492/4.159 wmax=0.4287 active>.01=4.0/64 λ=0.6832 cells=64 splits=62 cost=$0.37
[STEP  6100] loss=-2.1185 ce=0.6583 aux=1.3321 ent_gate=4.1490/4.159 wmax=0.4301 active>.01=4.0/64 λ=0.6782 cells=64 splits=62 cost=$0.37
[STEP  6150] loss=-2.1126 ce=0.6508 aux=1.3265 ent_gate=4.1491/4.159 wmax=0.4311 active>.01=4.0/64 λ=0.6732 cells=64 splits=62 cost=$0.37
[STEP  6200] loss=-1.9628 ce=0.6424 aux=1.3288 ent_gate=4.1490/4.159 wmax=0.4309 active>.01=4.0/64 λ=0.6681 cells=64 splits=62 cost=$0.38
[STEP  6250] loss=-2.0741 ce=0.6355 aux=1.3181 ent_gate=4.1494/4.159 wmax=0.4294 active>.01=4.0/64 λ=0.6631 cells=64 splits=62 cost=$0.38
[STEP  6300] loss=-2.1116 ce=0.5970 aux=1.3246 ent_gate=4.1491/4.159 wmax=0.4322 active>.01=4.0/64 λ=0.6580 cells=64 splits=62 cost=$0.38
[STEP  6350] loss=-2.0034 ce=0.6102 aux=1.3258 ent_gate=4.1492/4.159 wmax=0.4304 active>.01=4.0/64 λ=0.6529 cells=64 splits=62 cost=$0.38
[STEP  6400] loss=-2.1286 ce=0.5889 aux=1.3260 ent_gate=4.1492/4.159 wmax=0.4292 active>.01=4.0/64 λ=0.6477 cells=64 splits=62 cost=$0.39
[STEP  6450] loss=-2.1177 ce=0.6182 aux=1.3328 ent_gate=4.1486/4.159 wmax=0.4366 active>.01=4.0/64 λ=0.6426 cells=64 splits=62 cost=$0.39
[STEP  6500] loss=-2.1327 ce=0.5932 aux=1.3260 ent_gate=4.1491/4.159 wmax=0.4314 active>.01=4.0/64 λ=0.6374 cells=64 splits=62 cost=$0.39
[STEP  6550] loss=-2.0243 ce=0.5946 aux=1.3288 ent_gate=4.1489/4.159 wmax=0.4337 active>.01=4.0/64 λ=0.6323 cells=64 splits=62 cost=$0.40
[STEP  6600] loss=-1.8798 ce=0.5896 aux=1.3296 ent_gate=4.1489/4.159 wmax=0.4323 active>.01=4.0/64 λ=0.6271 cells=64 splits=62 cost=$0.40
[STEP  6650] loss=-1.8609 ce=0.5933 aux=1.3309 ent_gate=4.1488/4.159 wmax=0.4336 active>.01=4.0/64 λ=0.6219 cells=64 splits=62 cost=$0.40
[STEP  6700] loss=-1.9685 ce=0.5945 aux=1.3198 ent_gate=4.1494/4.159 wmax=0.4291 active>.01=4.0/64 λ=0.6166 cells=64 splits=62 cost=$0.41
[STEP  6750] loss=-1.8685 ce=0.5965 aux=1.3275 ent_gate=4.1491/4.159 wmax=0.4299 active>.01=4.0/64 λ=0.6114 cells=64 splits=62 cost=$0.41
[STEP  6800] loss=-1.9085 ce=0.5464 aux=1.3177 ent_gate=4.1496/4.159 wmax=0.4270 active>.01=4.0/64 λ=0.6062 cells=64 splits=62 cost=$0.41
[STEP  6850] loss=-1.7928 ce=0.5790 aux=1.3183 ent_gate=4.1495/4.159 wmax=0.4283 active>.01=4.0/64 λ=0.6009 cells=64 splits=62 cost=$0.42
[STEP  6900] loss=-1.9900 ce=0.5591 aux=1.3258 ent_gate=4.1492/4.159 wmax=0.4294 active>.01=4.0/64 λ=0.5956 cells=64 splits=62 cost=$0.42
[STEP  6950] loss=-1.8812 ce=0.5784 aux=1.3300 ent_gate=4.1489/4.159 wmax=0.4322 active>.01=4.0/64 λ=0.5904 cells=64 splits=62 cost=$0.42
[STEP  7000] loss=-1.8212 ce=0.5664 aux=1.3166 ent_gate=4.1497/4.159 wmax=0.4260 active>.01=4.0/64 λ=0.5851 cells=64 splits=62 cost=$0.42
[STEP  7050] loss=-1.8226 ce=0.5763 aux=1.3263 ent_gate=4.1491/4.159 wmax=0.4314 active>.01=4.0/64 λ=0.5798 cells=64 splits=62 cost=$0.43
[STEP  7100] loss=-1.8097 ce=0.5544 aux=1.3191 ent_gate=4.1494/4.159 wmax=0.4287 active>.01=4.0/64 λ=0.5745 cells=64 splits=62 cost=$0.43
[STEP  7150] loss=-1.8065 ce=0.5609 aux=1.3251 ent_gate=4.1491/4.159 wmax=0.4314 active>.01=4.0/64 λ=0.5692 cells=64 splits=62 cost=$0.43
[STEP  7200] loss=-1.8386 ce=0.5516 aux=1.3150 ent_gate=4.1497/4.159 wmax=0.4255 active>.01=4.0/64 λ=0.5638 cells=64 splits=62 cost=$0.44
[STEP  7250] loss=-1.7345 ce=0.5607 aux=1.3175 ent_gate=4.1496/4.159 wmax=0.4274 active>.01=4.0/64 λ=0.5585 cells=64 splits=62 cost=$0.44
[STEP  7300] loss=-1.7375 ce=0.5389 aux=1.3150 ent_gate=4.1496/4.159 wmax=0.4275 active>.01=4.0/64 λ=0.5532 cells=64 splits=62 cost=$0.44
[STEP  7350] loss=-1.6508 ce=0.5473 aux=1.3210 ent_gate=4.1493/4.159 wmax=0.4310 active>.01=4.0/64 λ=0.5478 cells=64 splits=62 cost=$0.45
[STEP  7400] loss=-1.8841 ce=0.5159 aux=1.3168 ent_gate=4.1494/4.159 wmax=0.4302 active>.01=4.0/64 λ=0.5425 cells=64 splits=62 cost=$0.45
[STEP  7450] loss=-1.7143 ce=0.5297 aux=1.3356 ent_gate=4.1486/4.159 wmax=0.4349 active>.01=4.0/64 λ=0.5372 cells=64 splits=62 cost=$0.45
[STEP  7500] loss=-1.7499 ce=0.5250 aux=1.3201 ent_gate=4.1493/4.159 wmax=0.4305 active>.01=4.0/64 λ=0.5318 cells=64 splits=62 cost=$0.45
[STEP  7550] loss=-1.7369 ce=0.5086 aux=1.3283 ent_gate=4.1489/4.159 wmax=0.4345 active>.01=4.0/64 λ=0.5264 cells=64 splits=62 cost=$0.46
[STEP  7600] loss=-1.5940 ce=0.5244 aux=1.3280 ent_gate=4.1491/4.159 wmax=0.4312 active>.01=4.0/64 λ=0.5211 cells=64 splits=62 cost=$0.46
[STEP  7650] loss=-1.7550 ce=0.5091 aux=1.3263 ent_gate=4.1493/4.159 wmax=0.4284 active>.01=4.0/64 λ=0.5157 cells=64 splits=62 cost=$0.46
[STEP  7700] loss=-1.5791 ce=0.5299 aux=1.3206 ent_gate=4.1493/4.159 wmax=0.4307 active>.01=4.0/64 λ=0.5104 cells=64 splits=62 cost=$0.47
[STEP  7750] loss=-1.6615 ce=0.5130 aux=1.3090 ent_gate=4.1500/4.159 wmax=0.4234 active>.01=4.0/64 λ=0.5050 cells=64 splits=62 cost=$0.47
[STEP  7800] loss=-1.4116 ce=0.5288 aux=1.3251 ent_gate=4.1493/4.159 wmax=0.4278 active>.01=4.0/64 λ=0.4996 cells=64 splits=62 cost=$0.47
[STEP  7850] loss=-1.4425 ce=0.4958 aux=1.3258 ent_gate=4.1490/4.159 wmax=0.4329 active>.01=4.0/64 λ=0.4943 cells=64 splits=62 cost=$0.48
[STEP  7900] loss=-1.6267 ce=0.4725 aux=1.3141 ent_gate=4.1496/4.159 wmax=0.4289 active>.01=4.0/64 λ=0.4889 cells=64 splits=62 cost=$0.48
[STEP  7950] loss=-1.5748 ce=0.4887 aux=1.3205 ent_gate=4.1494/4.159 wmax=0.4292 active>.01=4.0/64 λ=0.4836 cells=64 splits=62 cost=$0.48
  [SNAP 8000] 4a KL=3.6600 z=0.88 | 4b cos_z=1.72
[STEP  8000] loss=-1.3825 ce=0.5046 aux=1.3208 ent_gate=4.1493/4.159 wmax=0.4301 active>.01=4.0/64 λ=0.4782 cells=64 splits=62 cost=$0.49
[STEP  8050] loss=-1.4617 ce=0.4798 aux=1.3243 ent_gate=4.1491/4.159 wmax=0.4320 active>.01=4.0/64 λ=0.4728 cells=64 splits=62 cost=$0.49
[STEP  8100] loss=-1.4894 ce=0.4802 aux=1.3241 ent_gate=4.1491/4.159 wmax=0.4326 active>.01=4.0/64 λ=0.4675 cells=64 splits=62 cost=$0.49
[STEP  8150] loss=-1.4594 ce=0.4915 aux=1.3283 ent_gate=4.1489/4.159 wmax=0.4343 active>.01=4.0/64 λ=0.4622 cells=64 splits=62 cost=$0.49
[STEP  8200] loss=-1.5489 ce=0.4783 aux=1.3284 ent_gate=4.1489/4.159 wmax=0.4340 active>.01=4.0/64 λ=0.4568 cells=64 splits=62 cost=$0.50
[STEP  8250] loss=-1.1959 ce=0.4663 aux=1.3249 ent_gate=4.1491/4.159 wmax=0.4326 active>.01=4.0/64 λ=0.4515 cells=64 splits=62 cost=$0.50
[STEP  8300] loss=-1.3626 ce=0.4987 aux=1.3200 ent_gate=4.1492/4.159 wmax=0.4324 active>.01=4.0/64 λ=0.4462 cells=64 splits=62 cost=$0.50
[STEP  8350] loss=-1.4830 ce=0.4707 aux=1.3275 ent_gate=4.1488/4.159 wmax=0.4364 active>.01=4.0/64 λ=0.4408 cells=64 splits=62 cost=$0.51
[STEP  8400] loss=-1.4584 ce=0.4589 aux=1.3307 ent_gate=4.1486/4.159 wmax=0.4372 active>.01=4.0/64 λ=0.4355 cells=64 splits=62 cost=$0.51
[STEP  8450] loss=-1.1387 ce=0.4664 aux=1.3284 ent_gate=4.1488/4.159 wmax=0.4351 active>.01=4.0/64 λ=0.4302 cells=64 splits=62 cost=$0.51
[STEP  8500] loss=-1.3446 ce=0.4660 aux=1.3336 ent_gate=4.1485/4.159 wmax=0.4377 active>.01=4.0/64 λ=0.4249 cells=64 splits=62 cost=$0.51
[STEP  8550] loss=-1.3227 ce=0.4640 aux=1.3325 ent_gate=4.1486/4.159 wmax=0.4376 active>.01=4.0/64 λ=0.4196 cells=64 splits=62 cost=$0.52
[STEP  8600] loss=-1.2091 ce=0.4606 aux=1.3347 ent_gate=4.1484/4.159 wmax=0.4393 active>.01=4.0/64 λ=0.4144 cells=64 splits=62 cost=$0.52
[STEP  8650] loss=-1.2975 ce=0.4584 aux=1.3367 ent_gate=4.1483/4.159 wmax=0.4399 active>.01=4.0/64 λ=0.4091 cells=64 splits=62 cost=$0.52
[STEP  8700] loss=-1.1936 ce=0.4473 aux=1.3318 ent_gate=4.1486/4.159 wmax=0.4372 active>.01=4.0/64 λ=0.4038 cells=64 splits=62 cost=$0.53
[STEP  8750] loss=-1.1657 ce=0.4541 aux=1.3296 ent_gate=4.1487/4.159 wmax=0.4369 active>.01=4.0/64 λ=0.3986 cells=64 splits=62 cost=$0.53
[STEP  8800] loss=-1.0915 ce=0.4523 aux=1.3350 ent_gate=4.1484/4.159 wmax=0.4387 active>.01=4.0/64 λ=0.3934 cells=64 splits=62 cost=$0.53
[STEP  8850] loss=-1.2553 ce=0.4340 aux=1.3328 ent_gate=4.1485/4.159 wmax=0.4386 active>.01=4.0/64 λ=0.3881 cells=64 splits=62 cost=$0.54
[STEP  8900] loss=-1.1276 ce=0.4353 aux=1.3412 ent_gate=4.1481/4.159 wmax=0.4405 active>.01=4.0/64 λ=0.3829 cells=64 splits=62 cost=$0.54
[STEP  8950] loss=-1.2347 ce=0.4533 aux=1.3342 ent_gate=4.1484/4.159 wmax=0.4387 active>.01=4.0/64 λ=0.3777 cells=64 splits=62 cost=$0.54
[STEP  9000] loss=-1.1435 ce=0.4383 aux=1.3369 ent_gate=4.1482/4.159 wmax=0.4410 active>.01=4.0/64 λ=0.3726 cells=64 splits=62 cost=$0.55
[STEP  9050] loss=-1.0749 ce=0.4536 aux=1.3358 ent_gate=4.1483/4.159 wmax=0.4403 active>.01=4.0/64 λ=0.3674 cells=64 splits=62 cost=$0.55
[STEP  9100] loss=-1.0620 ce=0.4270 aux=1.3423 ent_gate=4.1479/4.159 wmax=0.4429 active>.01=4.0/64 λ=0.3623 cells=64 splits=62 cost=$0.55
[STEP  9150] loss=-0.9984 ce=0.4477 aux=1.3412 ent_gate=4.1479/4.159 wmax=0.4434 active>.01=4.0/64 λ=0.3571 cells=64 splits=62 cost=$0.55
[STEP  9200] loss=-0.9749 ce=0.4385 aux=1.3457 ent_gate=4.1478/4.159 wmax=0.4443 active>.01=4.0/64 λ=0.3520 cells=64 splits=62 cost=$0.56
[STEP  9250] loss=-0.8997 ce=0.4371 aux=1.3455 ent_gate=4.1477/4.159 wmax=0.4443 active>.01=4.0/64 λ=0.3469 cells=64 splits=62 cost=$0.56
[STEP  9300] loss=-1.0748 ce=0.4288 aux=1.3438 ent_gate=4.1479/4.159 wmax=0.4425 active>.01=4.0/64 λ=0.3419 cells=64 splits=62 cost=$0.56
[STEP  9350] loss=-0.8420 ce=0.4338 aux=1.3418 ent_gate=4.1479/4.159 wmax=0.4431 active>.01=4.0/64 λ=0.3368 cells=64 splits=62 cost=$0.57
[STEP  9400] loss=-0.9257 ce=0.4226 aux=1.3418 ent_gate=4.1479/4.159 wmax=0.4437 active>.01=4.0/64 λ=0.3318 cells=64 splits=62 cost=$0.57
[STEP  9450] loss=-1.0044 ce=0.4292 aux=1.3455 ent_gate=4.1477/4.159 wmax=0.4448 active>.01=4.0/64 λ=0.3268 cells=64 splits=62 cost=$0.57
[STEP  9500] loss=-0.9888 ce=0.4169 aux=1.3447 ent_gate=4.1479/4.159 wmax=0.4424 active>.01=4.0/64 λ=0.3218 cells=64 splits=62 cost=$0.58
[STEP  9550] loss=-0.8758 ce=0.4136 aux=1.3416 ent_gate=4.1480/4.159 wmax=0.4428 active>.01=4.0/64 λ=0.3168 cells=64 splits=62 cost=$0.58
[STEP  9600] loss=-0.8919 ce=0.4046 aux=1.3422 ent_gate=4.1479/4.159 wmax=0.4441 active>.01=4.0/64 λ=0.3119 cells=64 splits=62 cost=$0.58
[STEP  9650] loss=-0.9842 ce=0.4193 aux=1.3491 ent_gate=4.1473/4.159 wmax=0.4491 active>.01=4.0/64 λ=0.3069 cells=64 splits=62 cost=$0.58
[STEP  9700] loss=-0.8387 ce=0.4015 aux=1.3501 ent_gate=4.1473/4.159 wmax=0.4490 active>.01=4.0/64 λ=0.3020 cells=64 splits=62 cost=$0.59
[STEP  9750] loss=-0.7316 ce=0.4153 aux=1.3455 ent_gate=4.1477/4.159 wmax=0.4442 active>.01=4.0/64 λ=0.2972 cells=64 splits=62 cost=$0.59
[STEP  9800] loss=-0.7657 ce=0.4154 aux=1.3485 ent_gate=4.1476/4.159 wmax=0.4452 active>.01=4.0/64 λ=0.2923 cells=64 splits=62 cost=$0.59
[STEP  9850] loss=-0.7666 ce=0.4052 aux=1.3458 ent_gate=4.1477/4.159 wmax=0.4449 active>.01=4.0/64 λ=0.2875 cells=64 splits=62 cost=$0.60
[STEP  9900] loss=-0.7984 ce=0.4228 aux=1.3495 ent_gate=4.1474/4.159 wmax=0.4470 active>.01=4.0/64 λ=0.2827 cells=64 splits=62 cost=$0.60
[STEP  9950] loss=-0.7746 ce=0.3795 aux=1.3456 ent_gate=4.1475/4.159 wmax=0.4474 active>.01=4.0/64 λ=0.2779 cells=64 splits=62 cost=$0.60
  [SNAP 10000] 4a KL=3.8914 z=1.59 | 4b cos_z=2.36
[STEP 10000] loss=-0.6985 ce=0.4075 aux=1.3565 ent_gate=4.1469/4.159 wmax=0.4522 active>.01=4.0/64 λ=0.2731 cells=64 splits=62 cost=$0.61
[STEP 10050] loss=-0.6128 ce=0.4143 aux=1.3573 ent_gate=4.1468/4.159 wmax=0.4530 active>.01=4.0/64 λ=0.2684 cells=64 splits=62 cost=$0.61
[STEP 10100] loss=-0.7141 ce=0.4058 aux=1.3578 ent_gate=4.1468/4.159 wmax=0.4531 active>.01=4.0/64 λ=0.2637 cells=64 splits=62 cost=$0.61
[STEP 10150] loss=-0.5976 ce=0.4080 aux=1.3577 ent_gate=4.1468/4.159 wmax=0.4526 active>.01=4.0/64 λ=0.2590 cells=64 splits=62 cost=$0.62
[STEP 10200] loss=-0.6144 ce=0.3929 aux=1.3551 ent_gate=4.1470/4.159 wmax=0.4516 active>.01=4.0/64 λ=0.2544 cells=64 splits=62 cost=$0.62
[STEP 10250] loss=-0.6153 ce=0.4006 aux=1.3546 ent_gate=4.1470/4.159 wmax=0.4518 active>.01=4.0/64 λ=0.2498 cells=64 splits=62 cost=$0.62
[STEP 10300] loss=-0.6515 ce=0.4025 aux=1.3549 ent_gate=4.1470/4.159 wmax=0.4516 active>.01=4.0/64 λ=0.2452 cells=64 splits=62 cost=$0.62
[STEP 10350] loss=-0.6161 ce=0.3999 aux=1.3582 ent_gate=4.1468/4.159 wmax=0.4533 active>.01=4.0/64 λ=0.2407 cells=64 splits=62 cost=$0.63
[STEP 10400] loss=-0.4989 ce=0.3821 aux=1.3579 ent_gate=4.1468/4.159 wmax=0.4532 active>.01=4.0/64 λ=0.2362 cells=64 splits=62 cost=$0.63
[STEP 10450] loss=-0.7158 ce=0.3784 aux=1.3584 ent_gate=4.1467/4.159 wmax=0.4536 active>.01=4.0/64 λ=0.2317 cells=64 splits=62 cost=$0.63
[STEP 10500] loss=-0.5416 ce=0.3842 aux=1.3599 ent_gate=4.1466/4.159 wmax=0.4544 active>.01=4.0/64 λ=0.2272 cells=64 splits=62 cost=$0.64
[STEP 10550] loss=-0.5274 ce=0.3912 aux=1.3658 ent_gate=4.1463/4.159 wmax=0.4564 active>.01=4.0/64 λ=0.2228 cells=64 splits=62 cost=$0.64
[STEP 10600] loss=-0.4851 ce=0.3969 aux=1.3642 ent_gate=4.1464/4.159 wmax=0.4558 active>.01=4.0/64 λ=0.2184 cells=64 splits=62 cost=$0.64
[STEP 10650] loss=-0.5482 ce=0.3657 aux=1.3665 ent_gate=4.1462/4.159 wmax=0.4573 active>.01=4.0/64 λ=0.2140 cells=64 splits=62 cost=$0.65
[STEP 10700] loss=-0.4363 ce=0.3787 aux=1.3711 ent_gate=4.1459/4.159 wmax=0.4598 active>.01=4.0/64 λ=0.2097 cells=64 splits=62 cost=$0.65
[STEP 10750] loss=-0.3827 ce=0.3845 aux=1.3724 ent_gate=4.1458/4.159 wmax=0.4600 active>.01=4.0/64 λ=0.2054 cells=64 splits=62 cost=$0.65
[STEP 10800] loss=-0.4837 ce=0.3854 aux=1.3752 ent_gate=4.1457/4.159 wmax=0.4607 active>.01=4.0/64 λ=0.2012 cells=64 splits=62 cost=$0.65
[STEP 10850] loss=-0.4340 ce=0.3770 aux=1.3658 ent_gate=4.1463/4.159 wmax=0.4561 active>.01=4.0/64 λ=0.1970 cells=64 splits=62 cost=$0.66
[STEP 10900] loss=-0.2800 ce=0.3856 aux=1.3656 ent_gate=4.1462/4.159 wmax=0.4574 active>.01=4.0/64 λ=0.1928 cells=64 splits=62 cost=$0.66
[STEP 10950] loss=-0.4390 ce=0.3785 aux=1.3692 ent_gate=4.1460/4.159 wmax=0.4590 active>.01=4.0/64 λ=0.1886 cells=64 splits=62 cost=$0.66
[STEP 11000] loss=-0.4285 ce=0.3923 aux=1.3736 ent_gate=4.1458/4.159 wmax=0.4602 active>.01=4.0/64 λ=0.1845 cells=64 splits=62 cost=$0.67
[STEP 11050] loss=-0.4015 ce=0.3796 aux=1.3732 ent_gate=4.1458/4.159 wmax=0.4608 active>.01=4.0/64 λ=0.1805 cells=64 splits=62 cost=$0.67
[STEP 11100] loss=-0.2283 ce=0.3673 aux=1.3719 ent_gate=4.1459/4.159 wmax=0.4599 active>.01=4.0/64 λ=0.1764 cells=64 splits=62 cost=$0.67
[STEP 11150] loss=-0.3492 ce=0.3738 aux=1.3734 ent_gate=4.1458/4.159 wmax=0.4596 active>.01=4.0/64 λ=0.1725 cells=64 splits=62 cost=$0.68
[STEP 11200] loss=-0.3376 ce=0.3607 aux=1.3760 ent_gate=4.1456/4.159 wmax=0.4616 active>.01=4.0/64 λ=0.1685 cells=64 splits=62 cost=$0.68
[STEP 11250] loss=-0.3009 ce=0.3593 aux=1.3798 ent_gate=4.1455/4.159 wmax=0.4622 active>.01=4.0/64 λ=0.1646 cells=64 splits=62 cost=$0.68
[STEP 11300] loss=-0.2538 ce=0.3654 aux=1.3802 ent_gate=4.1454/4.159 wmax=0.4633 active>.01=4.0/64 λ=0.1607 cells=64 splits=62 cost=$0.68
[STEP 11350] loss=-0.3621 ce=0.3826 aux=1.3763 ent_gate=4.1456/4.159 wmax=0.4615 active>.01=4.0/64 λ=0.1569 cells=64 splits=62 cost=$0.69
[STEP 11400] loss=-0.3314 ce=0.3625 aux=1.3759 ent_gate=4.1455/4.159 wmax=0.4628 active>.01=4.0/64 λ=0.1531 cells=64 splits=62 cost=$0.69
[STEP 11450] loss=-0.3389 ce=0.3692 aux=1.3789 ent_gate=4.1454/4.159 wmax=0.4634 active>.01=4.0/64 λ=0.1493 cells=64 splits=62 cost=$0.69
[STEP 11500] loss=-0.2060 ce=0.3653 aux=1.3843 ent_gate=4.1451/4.159 wmax=0.4652 active>.01=4.0/64 λ=0.1456 cells=64 splits=62 cost=$0.70
[STEP 11550] loss=-0.3081 ce=0.3638 aux=1.3808 ent_gate=4.1452/4.159 wmax=0.4645 active>.01=4.0/64 λ=0.1420 cells=64 splits=62 cost=$0.70
[STEP 11600] loss=-0.1976 ce=0.3516 aux=1.3833 ent_gate=4.1451/4.159 wmax=0.4659 active>.01=4.0/64 λ=0.1383 cells=64 splits=62 cost=$0.70
[STEP 11650] loss=-0.2694 ce=0.3623 aux=1.3854 ent_gate=4.1449/4.159 wmax=0.4673 active>.01=4.0/64 λ=0.1348 cells=64 splits=62 cost=$0.71
[STEP 11700] loss=-0.1407 ce=0.3645 aux=1.3890 ent_gate=4.1447/4.159 wmax=0.4685 active>.01=4.0/64 λ=0.1312 cells=64 splits=62 cost=$0.71
[STEP 11750] loss=0.0138 ce=0.3671 aux=1.3939 ent_gate=4.1444/4.159 wmax=0.4696 active>.01=4.0/64 λ=0.1277 cells=64 splits=62 cost=$0.71
[STEP 11800] loss=-0.1050 ce=0.3532 aux=1.3877 ent_gate=4.1448/4.159 wmax=0.4676 active>.01=4.0/64 λ=0.1243 cells=64 splits=62 cost=$0.71
[STEP 11850] loss=-0.1471 ce=0.3470 aux=1.3869 ent_gate=4.1448/4.159 wmax=0.4674 active>.01=4.0/64 λ=0.1209 cells=64 splits=62 cost=$0.72
[STEP 11900] loss=-0.1374 ce=0.3556 aux=1.3961 ent_gate=4.1442/4.159 wmax=0.4720 active>.01=4.0/64 λ=0.1175 cells=64 splits=62 cost=$0.72
[STEP 11950] loss=-0.2099 ce=0.3429 aux=1.3916 ent_gate=4.1445/4.159 wmax=0.4697 active>.01=4.0/64 λ=0.1142 cells=64 splits=62 cost=$0.72
  [SNAP 12000] 4a KL=2.9294 z=-0.30 | 4b cos_z=2.58
[STEP 12000] loss=-0.1306 ce=0.3464 aux=1.3935 ent_gate=4.1444/4.159 wmax=0.4701 active>.01=4.0/64 λ=0.1109 cells=64 splits=62 cost=$0.73
[STEP 12050] loss=-0.0926 ce=0.3459 aux=1.3935 ent_gate=4.1444/4.159 wmax=0.4708 active>.01=4.0/64 λ=0.1077 cells=64 splits=62 cost=$0.73
[STEP 12100] loss=-0.0059 ce=0.3565 aux=1.3902 ent_gate=4.1446/4.159 wmax=0.4695 active>.01=4.0/64 λ=0.1045 cells=64 splits=62 cost=$0.73
[STEP 12150] loss=-0.0350 ce=0.3457 aux=1.3917 ent_gate=4.1445/4.159 wmax=0.4703 active>.01=4.0/64 λ=0.1014 cells=64 splits=62 cost=$0.74
[STEP 12200] loss=-0.0802 ce=0.3427 aux=1.3964 ent_gate=4.1442/4.159 wmax=0.4719 active>.01=4.0/64 λ=0.0983 cells=64 splits=62 cost=$0.74
[STEP 12250] loss=0.0085 ce=0.3577 aux=1.3975 ent_gate=4.1441/4.159 wmax=0.4729 active>.01=4.0/64 λ=0.0953 cells=64 splits=62 cost=$0.74
[STEP 12300] loss=0.0174 ce=0.3546 aux=1.4004 ent_gate=4.1439/4.159 wmax=0.4740 active>.01=4.0/64 λ=0.0923 cells=64 splits=62 cost=$0.75
[STEP 12350] loss=0.0189 ce=0.3391 aux=1.3993 ent_gate=4.1439/4.159 wmax=0.4736 active>.01=4.0/64 λ=0.0894 cells=64 splits=62 cost=$0.75
[STEP 12400] loss=-0.0309 ce=0.3387 aux=1.3997 ent_gate=4.1439/4.159 wmax=0.4738 active>.01=4.0/64 λ=0.0865 cells=64 splits=62 cost=$0.75
[STEP 12450] loss=0.0088 ce=0.3375 aux=1.4003 ent_gate=4.1439/4.159 wmax=0.4740 active>.01=4.0/64 λ=0.0836 cells=64 splits=62 cost=$0.75
[STEP 12500] loss=0.1067 ce=0.3547 aux=1.4046 ent_gate=4.1436/4.159 wmax=0.4759 active>.01=4.0/64 λ=0.0809 cells=64 splits=62 cost=$0.76
[STEP 12550] loss=-0.0616 ce=0.3607 aux=1.4057 ent_gate=4.1435/4.159 wmax=0.4763 active>.01=4.0/64 λ=0.0781 cells=64 splits=62 cost=$0.76
[STEP 12600] loss=0.0992 ce=0.3605 aux=1.4059 ent_gate=4.1436/4.159 wmax=0.4757 active>.01=4.0/64 λ=0.0754 cells=64 splits=62 cost=$0.76
[STEP 12650] loss=0.0573 ce=0.3322 aux=1.4038 ent_gate=4.1436/4.159 wmax=0.4755 active>.01=4.0/64 λ=0.0728 cells=64 splits=62 cost=$0.77
[STEP 12700] loss=0.0277 ce=0.3479 aux=1.4039 ent_gate=4.1436/4.159 wmax=0.4757 active>.01=4.0/64 λ=0.0702 cells=64 splits=62 cost=$0.77
[STEP 12750] loss=0.0521 ce=0.3469 aux=1.4053 ent_gate=4.1435/4.159 wmax=0.4761 active>.01=4.0/64 λ=0.0677 cells=64 splits=62 cost=$0.77
[STEP 12800] loss=0.0251 ce=0.3411 aux=1.4034 ent_gate=4.1436/4.159 wmax=0.4757 active>.01=4.0/64 λ=0.0652 cells=64 splits=62 cost=$0.78
[STEP 12850] loss=0.1169 ce=0.3449 aux=1.4031 ent_gate=4.1437/4.159 wmax=0.4750 active>.01=4.0/64 λ=0.0627 cells=64 splits=62 cost=$0.78
[STEP 12900] loss=0.1295 ce=0.3391 aux=1.4080 ent_gate=4.1433/4.159 wmax=0.4775 active>.01=4.0/64 λ=0.0604 cells=64 splits=62 cost=$0.78
[STEP 12950] loss=0.0479 ce=0.3417 aux=1.4057 ent_gate=4.1435/4.159 wmax=0.4764 active>.01=4.0/64 λ=0.0580 cells=64 splits=62 cost=$0.79
[STEP 13000] loss=0.0256 ce=0.3457 aux=1.4077 ent_gate=4.1433/4.159 wmax=0.4777 active>.01=4.0/64 λ=0.0558 cells=64 splits=62 cost=$0.79
[STEP 13050] loss=0.1260 ce=0.3495 aux=1.4063 ent_gate=4.1434/4.159 wmax=0.4771 active>.01=4.0/64 λ=0.0535 cells=64 splits=62 cost=$0.79
[STEP 13100] loss=0.0450 ce=0.3503 aux=1.4083 ent_gate=4.1433/4.159 wmax=0.4779 active>.01=4.0/64 λ=0.0514 cells=64 splits=62 cost=$0.80
[STEP 13150] loss=0.0996 ce=0.3381 aux=1.4097 ent_gate=4.1432/4.159 wmax=0.4786 active>.01=4.0/64 λ=0.0492 cells=64 splits=62 cost=$0.80
[STEP 13200] loss=0.1270 ce=0.3416 aux=1.4082 ent_gate=4.1433/4.159 wmax=0.4781 active>.01=4.0/64 λ=0.0472 cells=64 splits=62 cost=$0.80
[STEP 13250] loss=0.1455 ce=0.3392 aux=1.4088 ent_gate=4.1432/4.159 wmax=0.4782 active>.01=4.0/64 λ=0.0452 cells=64 splits=62 cost=$0.80
[STEP 13300] loss=0.2478 ce=0.3406 aux=1.4105 ent_gate=4.1432/4.159 wmax=0.4787 active>.01=4.0/64 λ=0.0432 cells=64 splits=62 cost=$0.81
[STEP 13350] loss=0.1699 ce=0.3402 aux=1.4091 ent_gate=4.1432/4.159 wmax=0.4784 active>.01=4.0/64 λ=0.0413 cells=64 splits=62 cost=$0.81
[STEP 13400] loss=0.1607 ce=0.3526 aux=1.4118 ent_gate=4.1431/4.159 wmax=0.4794 active>.01=4.0/64 λ=0.0394 cells=64 splits=62 cost=$0.81
[STEP 13450] loss=0.2265 ce=0.3546 aux=1.4126 ent_gate=4.1430/4.159 wmax=0.4796 active>.01=4.0/64 λ=0.0377 cells=64 splits=62 cost=$0.82
[STEP 13500] loss=0.1995 ce=0.3365 aux=1.4130 ent_gate=4.1430/4.159 wmax=0.4800 active>.01=4.0/64 λ=0.0359 cells=64 splits=62 cost=$0.82
[STEP 13550] loss=0.2292 ce=0.3284 aux=1.4119 ent_gate=4.1430/4.159 wmax=0.4797 active>.01=4.0/64 λ=0.0342 cells=64 splits=62 cost=$0.82
[STEP 13600] loss=0.2840 ce=0.3406 aux=1.4097 ent_gate=4.1432/4.159 wmax=0.4788 active>.01=4.0/64 λ=0.0326 cells=64 splits=62 cost=$0.83
[STEP 13650] loss=0.2497 ce=0.3490 aux=1.4133 ent_gate=4.1429/4.159 wmax=0.4801 active>.01=4.0/64 λ=0.0310 cells=64 splits=62 cost=$0.83
[STEP 13700] loss=0.1954 ce=0.3307 aux=1.4129 ent_gate=4.1430/4.159 wmax=0.4799 active>.01=4.0/64 λ=0.0295 cells=64 splits=62 cost=$0.83
[STEP 13750] loss=0.2174 ce=0.3480 aux=1.4120 ent_gate=4.1430/4.159 wmax=0.4797 active>.01=4.0/64 λ=0.0280 cells=64 splits=62 cost=$0.83
[STEP 13800] loss=0.2684 ce=0.3396 aux=1.4132 ent_gate=4.1429/4.159 wmax=0.4802 active>.01=4.0/64 λ=0.0266 cells=64 splits=62 cost=$0.84
[STEP 13850] loss=0.3261 ce=0.3343 aux=1.4139 ent_gate=4.1429/4.159 wmax=0.4806 active>.01=4.0/64 λ=0.0253 cells=64 splits=62 cost=$0.84
[STEP 13900] loss=0.1614 ce=0.3375 aux=1.4136 ent_gate=4.1429/4.159 wmax=0.4804 active>.01=4.0/64 λ=0.0240 cells=64 splits=62 cost=$0.84
[STEP 13950] loss=0.2624 ce=0.3368 aux=1.4145 ent_gate=4.1428/4.159 wmax=0.4809 active>.01=4.0/64 λ=0.0228 cells=64 splits=62 cost=$0.85
  [SNAP 14000] 4a KL=3.2849 z=0.93 | 4b cos_z=2.67
[STEP 14000] loss=0.2044 ce=0.3413 aux=1.4129 ent_gate=4.1429/4.159 wmax=0.4802 active>.01=4.0/64 λ=0.0216 cells=64 splits=62 cost=$0.85
[STEP 14050] loss=0.2282 ce=0.3416 aux=1.4152 ent_gate=4.1428/4.159 wmax=0.4810 active>.01=4.0/64 λ=0.0204 cells=64 splits=62 cost=$0.85
[STEP 14100] loss=0.3037 ce=0.3324 aux=1.4155 ent_gate=4.1428/4.159 wmax=0.4812 active>.01=4.0/64 λ=0.0194 cells=64 splits=62 cost=$0.86
[STEP 14150] loss=0.2312 ce=0.3365 aux=1.4160 ent_gate=4.1427/4.159 wmax=0.4817 active>.01=4.0/64 λ=0.0184 cells=64 splits=62 cost=$0.86
[STEP 14200] loss=0.2535 ce=0.3475 aux=1.4156 ent_gate=4.1428/4.159 wmax=0.4814 active>.01=4.0/64 λ=0.0174 cells=64 splits=62 cost=$0.86
[STEP 14250] loss=0.2929 ce=0.3258 aux=1.4129 ent_gate=4.1429/4.159 wmax=0.4804 active>.01=4.0/64 λ=0.0165 cells=64 splits=62 cost=$0.87
[STEP 14300] loss=0.2705 ce=0.3391 aux=1.4151 ent_gate=4.1428/4.159 wmax=0.4811 active>.01=4.0/64 λ=0.0157 cells=64 splits=62 cost=$0.87
[STEP 14350] loss=0.2863 ce=0.3399 aux=1.4135 ent_gate=4.1429/4.159 wmax=0.4804 active>.01=4.0/64 λ=0.0149 cells=64 splits=62 cost=$0.87
[STEP 14400] loss=0.1992 ce=0.3245 aux=1.4136 ent_gate=4.1429/4.159 wmax=0.4807 active>.01=4.0/64 λ=0.0142 cells=64 splits=62 cost=$0.87
[STEP 14450] loss=0.2968 ce=0.3352 aux=1.4145 ent_gate=4.1428/4.159 wmax=0.4809 active>.01=4.0/64 λ=0.0135 cells=64 splits=62 cost=$0.88
[STEP 14500] loss=0.2945 ce=0.3320 aux=1.4133 ent_gate=4.1429/4.159 wmax=0.4805 active>.01=4.0/64 λ=0.0129 cells=64 splits=62 cost=$0.88
[STEP 14550] loss=0.2530 ce=0.3223 aux=1.4143 ent_gate=4.1428/4.159 wmax=0.4809 active>.01=4.0/64 λ=0.0124 cells=64 splits=62 cost=$0.88
[STEP 14600] loss=0.2448 ce=0.3261 aux=1.4154 ent_gate=4.1428/4.159 wmax=0.4813 active>.01=4.0/64 λ=0.0119 cells=64 splits=62 cost=$0.89
[STEP 14650] loss=0.3715 ce=0.3267 aux=1.4130 ent_gate=4.1429/4.159 wmax=0.4805 active>.01=4.0/64 λ=0.0114 cells=64 splits=62 cost=$0.89
[STEP 14700] loss=0.2926 ce=0.3483 aux=1.4162 ent_gate=4.1427/4.159 wmax=0.4816 active>.01=4.0/64 λ=0.0110 cells=64 splits=62 cost=$0.89
[STEP 14750] loss=0.3671 ce=0.3321 aux=1.4134 ent_gate=4.1429/4.159 wmax=0.4807 active>.01=4.0/64 λ=0.0107 cells=64 splits=62 cost=$0.90
[STEP 14800] loss=0.2819 ce=0.3415 aux=1.4150 ent_gate=4.1428/4.159 wmax=0.4812 active>.01=4.0/64 λ=0.0105 cells=64 splits=62 cost=$0.90
[STEP 14850] loss=0.2571 ce=0.3334 aux=1.4160 ent_gate=4.1427/4.159 wmax=0.4815 active>.01=4.0/64 λ=0.0103 cells=64 splits=62 cost=$0.90
[STEP 14900] loss=0.2991 ce=0.3252 aux=1.4141 ent_gate=4.1429/4.159 wmax=0.4808 active>.01=4.0/64 λ=0.0101 cells=64 splits=62 cost=$0.90
[STEP 14950] loss=0.3552 ce=0.3294 aux=1.4152 ent_gate=4.1428/4.159 wmax=0.4812 active>.01=4.0/64 λ=0.0100 cells=64 splits=62 cost=$0.91
[STEP 14999] loss=0.3307 ce=0.3349 aux=1.4163 ent_gate=4.1427/4.159 wmax=0.4817 active>.01=4.0/64 λ=0.0100 cells=64 splits=62 cost=$0.91
[INFO] training done wall=4282.8s cost=$0.91

=== F-PERSONA-4a routing (top-K MoE) ===
  verdict=KL_PASS_NULL_FAIL KL=3.3655 null=2.9145±0.4652 z=0.97 p=0.1500
  (soft gate) KL=0.0003 z=1.91

=== F-PERSONA-4b content (M4 aggregated cosine) regression ===
  verdict=FAIL cos_dist=0.000104 null=0.000079±0.000014 z=1.81 p=0.0600 (v2 carry z=3.20)

=== F-V5MIT-1..5 regression ===
  5/5  F-V5MIT-1=P F-V5MIT-2=P F-V5MIT-3=P F-V5MIT-4=P F-V5MIT-5=P

[RESULT] output/cotrain_v3_routing_result.json
[VERDICT] 4a=KL_PASS_NULL_FAIL (KL=3.3655 z=0.97) | 4b=FAIL (z=1.81) | F-V5MIT=5/5
[8/9] Downloading (MANDATORY before pod delete — memory feedback_orchestrator_h100_gotchas) ...
Warning: Permanently added '[157.90.56.162]:31689' (ED25519) to the list of known hosts.
Welcome to vast.ai. If authentication fails, try again after a few seconds, and double check your ssh key.
Have fun!
Read from remote host 157.90.56.162: Connection reset by peer
client_loop: send disconnect: Broken pipe
scp: Connection closed
[cleanup] Destroying instance 36687912 (exit=255)...
failed with error 404: Instance 36687912 not found.
ssh: connect to host 157.90.56.162 port 31689: Connection refused
scp: Connection closed
ssh: connect to host 157.90.56.162 port 31689: Connection refused
scp: Connection closed
[WARN] pull failed — SETTING SAVE_POD=1 (pod retained for manual recovery)
[9/9] DONE
Wed May 13 14:35:50 UTC 2026
  routing: top_k=4 aux_alpha=0.01 λ 1.0→0.01
  wall=1.19hr cost=$0.91 ce=0.332
  wmax=0.4814 active>.01=4.0/64 gate_max=0.043 aux=1.416
  F-PERSONA-4a routing: KL_PASS_NULL_FAIL KL=3.3655 z=0.97 p=0.1500
  F-PERSONA-4b content: FAIL z=1.81 (v2 carry z=3.20)
  F-V5MIT-1..5: 5/5
[cleanup] SAVE_POD=1 — keeping instance 36687912 (exit=0)
