SPLIT 30 fragments per arm
QUEUE 90 tasks (3 arms x 30 frags), concurrency=8
SKIP pairing/frag_000 (7|in|0 present)
SKIP pairing/frag_001 (7|in|1 present)
SKIP pairing/frag_002 (7|in|2 present)
SKIP pairing/frag_003 (7|in|3 present)
SKIP pairing/frag_004 (7|in|4 present)
SKIP pairing/frag_005 (7|ho|0 present)
SKIP pairing/frag_006 (7|ho|1 present)
SKIP pairing/frag_007 (7|ho|2 present)
SKIP pairing/frag_008 (7|ho|3 present)
SKIP pairing/frag_009 (7|ho|4 present)
SKIP pairing/frag_010 (4302|in|0 present)
SKIP pairing/frag_011 (4302|in|1 present)
SKIP pairing/frag_012 (4302|in|2 present)
SKIP pairing/frag_013 (4302|in|3 present)
SKIP pairing/frag_014 (4302|in|4 present)
SKIP pairing/frag_015 (4302|ho|0 present)
SKIP pairing/frag_016 (4302|ho|1 present)
SKIP pairing/frag_017 (4302|ho|2 present)
SKIP pairing/frag_018 (4302|ho|3 present)
SKIP pairing/frag_019 (4302|ho|4 present)
SKIP pairing/frag_020 (4303|in|0 present)
SKIP pairing/frag_021 (4303|in|1 present)
SKIP pairing/frag_022 (4303|in|2 present)
SKIP pairing/frag_023 (4303|in|3 present)
SKIP pairing/frag_024 (4303|in|4 present)
SKIP pairing/frag_025 (4303|ho|0 present)
SKIP pairing/frag_026 (4303|ho|1 present)
SKIP pairing/frag_027 (4303|ho|2 present)
SKIP pairing/frag_028 (4303|ho|3 present)
SKIP pairing/frag_029 (4303|ho|4 present)
SKIP shuffle/frag_001 (7|in|1 present)
SKIP shuffle/frag_002 (7|in|2 present)
SKIP shuffle/frag_000 (7|in|0 present)
SKIP shuffle/frag_003 (7|in|3 present)
SKIP shuffle/frag_004 (7|in|4 present)
SKIP shuffle/frag_005 (7|ho|0 present)
SKIP shuffle/frag_006 (7|ho|1 present)
SKIP shuffle/frag_007 (7|ho|2 present)
SKIP shuffle/frag_008 (7|ho|3 present)
SKIP shuffle/frag_009 (7|ho|4 present)
SKIP shuffle/frag_010 (4302|in|0 present)
SKIP shuffle/frag_011 (4302|in|1 present)
SKIP shuffle/frag_012 (4302|in|2 present)
SKIP shuffle/frag_013 (4302|in|3 present)
SKIP shuffle/frag_014 (4302|in|4 present)
SKIP shuffle/frag_015 (4302|ho|0 present)
SKIP shuffle/frag_016 (4302|ho|1 present)
SKIP shuffle/frag_017 (4302|ho|2 present)
SKIP shuffle/frag_018 (4302|ho|3 present)
SKIP shuffle/frag_019 (4302|ho|4 present)
SKIP shuffle/frag_020 (4303|in|0 present)
SKIP shuffle/frag_021 (4303|in|1 present)
SKIP shuffle/frag_022 (4303|in|2 present)
SKIP shuffle/frag_023 (4303|in|3 present)
SKIP shuffle/frag_024 (4303|in|4 present)
SKIP shuffle/frag_025 (4303|ho|0 present)
SKIP shuffle/frag_026 (4303|ho|1 present)
SKIP shuffle/frag_027 (4303|ho|2 present)
SKIP shuffle/frag_028 (4303|ho|3 present)
SKIP shuffle/frag_029 (4303|ho|4 present)
SKIP base/frag_000 (7|in|0 present)
SKIP base/frag_001 (7|in|1 present)
SKIP base/frag_002 (7|in|2 present)
SKIP base/frag_003 (7|in|3 present)
SKIP base/frag_004 (7|in|4 present)
SKIP base/frag_005 (7|ho|0 present)
SKIP base/frag_006 (7|ho|1 present)
SKIP base/frag_007 (7|ho|2 present)
SKIP base/frag_008 (7|ho|3 present)
SKIP base/frag_009 (7|ho|4 present)
SKIP base/frag_010 (4302|in|0 present)
SKIP base/frag_011 (4302|in|1 present)
SKIP base/frag_012 (4302|in|2 present)
SKIP base/frag_013 (4302|in|3 present)
SKIP base/frag_014 (4302|in|4 present)
SKIP base/frag_015 (4302|ho|0 present)
SKIP base/frag_016 (4302|ho|1 present)
SKIP base/frag_017 (4302|ho|2 present)
SKIP base/frag_018 (4302|ho|3 present)
SKIP base/frag_019 (4302|ho|4 present)
DONE base/frag_023 -> 21 lines in out_base
DONE base/frag_022 -> 22 lines in out_base
DONE base/frag_020 -> 23 lines in out_base
DONE base/frag_021 -> 24 lines in out_base
DONE base/frag_025 -> 25 lines in out_base
DONE base/frag_024 -> 26 lines in out_base
DONE base/frag_026 -> 27 lines in out_base
DONE base/frag_027 -> 28 lines in out_base
DONE base/frag_028 -> 29 lines in out_base
DONE base/frag_029 -> 30 lines in out_base
ALL_DECODE_DONE
out_pairing: 30 / 30 fragments
out_shuffle: 30 / 30 fragments
out_base: 30 / 30 fragments
