[orch] start ts=2026-05-07T12:44:39Z
[setup] installing pip packages
WARNING: Running pip as the 'root' user can result in broken permissions and conflicting behaviour with the system package manager, possibly rendering your system unusable.It is recommended to use a virtual environment instead: https://pip.pypa.io/warnings/venv. Use the --root-user-action option if you know what you are doing and want to suppress this warning.

[notice] A new release of pip is available: 24.2 -> 26.1.1
[notice] To update, run: python -m pip install --upgrade pip
Login successful.
Note: Environment variable`HF_TOKEN` is set and is the current active token independently from the token you've just configured.
[setup] hf auth: [1muser: [0m dancinlife
[setup] downloading EleutherAI/polyglot-ko-1.3b base (~3GB)
Fetching 12 files:  42%|████▏     | 5/12 [00:19<00:28,  4.01s/it]Download complete. Moving file to /workspace/anima_ja_ext/polyglot_base/pytorch_model.bin
Fetching 12 files:  75%|███████▌  | 9/12 [00:22<00:06,  2.30s/it]Fetching 12 files: 100%|██████████| 12/12 [00:22<00:00,  1.89s/it]
/workspace/anima_ja_ext/polyglot_base
total 5400848
drwxr-xr-x 3 root root       4096 May  7 12:45 .
drwxr-xr-x 7 root root       4096 May  7 12:45 ..
drwxr-xr-x 3 root root         33 May  7 12:44 .cache
-rw-r--r-- 1 root root       1434 May  7 12:44 .gitattributes
-rw-r--r-- 1 root root      15508 May  7 12:44 README.md
-rw-r--r-- 1 root root        640 May  7 12:44 config.json
-rw-r--r-- 1 root root        111 May  7 12:44 generation_config.json
-rw-r--r-- 1 root root 1000292202 May  7 12:45 model-00001-of-00003.safetensors
-rw-r--r-- 1 root root 1015555724 May  7 12:45 model-00002-of-00003.safetensors
[orch] versions: torch=2.4.1+cu124 transformers=4.57.6 peft=0.19.1
name, memory.total [MiB]
NVIDIA H100 80GB HBM3, 81559 MiB
[A] pre-LoRA Korean smoke probe
Loading checkpoint shards:   0%|          | 0/3 [00:00<?, ?it/s]Loading checkpoint shards:  33%|███▎      | 1/3 [00:00<00:00,  3.76it/s]Loading checkpoint shards:  67%|██████▋   | 2/3 [00:00<00:00,  2.19it/s]Loading checkpoint shards: 100%|██████████| 3/3 [00:01<00:00,  2.56it/s]Loading checkpoint shards: 100%|██████████| 3/3 [00:01<00:00,  2.57it/s]
Traceback (most recent call last):
  File "<string>", line 12, in <module>
  File "/usr/local/lib/python3.11/dist-packages/torch/utils/_contextlib.py", line 116, in decorate_context
    return func(*args, **kwargs)
           ^^^^^^^^^^^^^^^^^^^^^
  File "/usr/local/lib/python3.11/dist-packages/transformers/generation/utils.py", line 2390, in generate
    self._validate_model_kwargs(model_kwargs.copy())
  File "/usr/local/lib/python3.11/dist-packages/transformers/generation/utils.py", line 1599, in _validate_model_kwargs
    raise ValueError(
ValueError: The following `model_kwargs` are not used by the model: ['token_type_ids'] (note: typos in the generate arguments will also show up in this list)
[B] LoRA SFT start
[ja-ext] loading /workspace/anima_ja_ext/polyglot_base ...
`torch_dtype` is deprecated! Use `dtype` instead!
Loading checkpoint shards:   0%|          | 0/3 [00:00<?, ?it/s]Loading checkpoint shards:  33%|███▎      | 1/3 [00:00<00:00,  3.14it/s]Loading checkpoint shards:  67%|██████▋   | 2/3 [00:00<00:00,  2.78it/s]Loading checkpoint shards: 100%|██████████| 3/3 [00:00<00:00,  3.40it/s]Loading checkpoint shards: 100%|██████████| 3/3 [00:00<00:00,  3.25it/s]
trainable params: 12,582,912 || all params: 1,344,393,216 || trainable%: 0.9360
[ja-ext] loading corpus /workspace/anima_ja_ext/corpus/corpus_persona_chat_template.txt ...
[ja-ext] corpus rows=66153
[ja-ext] tokenized usable rows=59709
[ja-ext] step 50/3000 loss=3.1406 elapsed=8s
[ja-ext] step 100/3000 loss=3.3750 elapsed=15s
[ja-ext] step 150/3000 loss=2.8906 elapsed=22s
[ja-ext] step 200/3000 loss=3.3594 elapsed=29s
[ja-ext] step 250/3000 loss=3.0156 elapsed=36s
[ja-ext] step 300/3000 loss=3.3281 elapsed=44s
[ja-ext] step 350/3000 loss=2.9375 elapsed=51s
[ja-ext] step 400/3000 loss=2.4531 elapsed=58s
[ja-ext] step 450/3000 loss=2.0625 elapsed=65s
[ja-ext] step 500/3000 loss=1.9062 elapsed=72s
[ja-ext] saved adapter to /workspace/anima_ja_ext/ckpts/adapter_step_500
[ja-ext] step 550/3000 loss=2.3125 elapsed=79s
[ja-ext] step 600/3000 loss=2.1250 elapsed=87s
[ja-ext] step 650/3000 loss=2.2344 elapsed=94s
[ja-ext] step 700/3000 loss=2.1719 elapsed=101s
[ja-ext] step 750/3000 loss=2.5000 elapsed=108s
[ja-ext] step 800/3000 loss=2.2500 elapsed=115s
[ja-ext] step 850/3000 loss=1.8906 elapsed=122s
[ja-ext] step 900/3000 loss=1.9062 elapsed=130s
[ja-ext] step 950/3000 loss=2.3594 elapsed=137s
[ja-ext] step 1000/3000 loss=1.6953 elapsed=144s
[ja-ext] saved adapter to /workspace/anima_ja_ext/ckpts/adapter_step_1000
[ja-ext] step 1050/3000 loss=1.8828 elapsed=151s
[ja-ext] step 1100/3000 loss=1.7734 elapsed=158s
[ja-ext] step 1150/3000 loss=1.7891 elapsed=165s
[ja-ext] step 1200/3000 loss=1.8203 elapsed=173s
[ja-ext] step 1250/3000 loss=1.8281 elapsed=180s
[ja-ext] step 1300/3000 loss=1.9062 elapsed=187s
[ja-ext] step 1350/3000 loss=1.5703 elapsed=194s
[ja-ext] step 1400/3000 loss=1.8359 elapsed=201s
[ja-ext] step 1450/3000 loss=2.1719 elapsed=208s
[ja-ext] step 1500/3000 loss=1.6797 elapsed=216s
[ja-ext] saved adapter to /workspace/anima_ja_ext/ckpts/adapter_step_1500
[ja-ext] step 1550/3000 loss=1.3672 elapsed=223s
[ja-ext] step 1600/3000 loss=1.4922 elapsed=230s
[ja-ext] step 1650/3000 loss=1.3359 elapsed=237s
[ja-ext] step 1700/3000 loss=2.0000 elapsed=244s
[ja-ext] step 1750/3000 loss=1.3672 elapsed=252s
[ja-ext] step 1800/3000 loss=1.3281 elapsed=259s
[ja-ext] step 1850/3000 loss=1.4297 elapsed=266s
[ja-ext] step 1900/3000 loss=1.5859 elapsed=273s
[ja-ext] step 1950/3000 loss=1.9062 elapsed=280s
[ja-ext] step 2000/3000 loss=1.5703 elapsed=287s
[ja-ext] saved adapter to /workspace/anima_ja_ext/ckpts/adapter_step_2000
[ja-ext] step 2050/3000 loss=1.2188 elapsed=295s
[ja-ext] step 2100/3000 loss=1.2188 elapsed=302s
[ja-ext] step 2150/3000 loss=1.5234 elapsed=309s
[ja-ext] step 2200/3000 loss=1.6875 elapsed=316s
[ja-ext] step 2250/3000 loss=1.3906 elapsed=323s
[ja-ext] step 2300/3000 loss=1.1953 elapsed=330s
[ja-ext] step 2350/3000 loss=1.5078 elapsed=338s
[ja-ext] step 2400/3000 loss=1.5547 elapsed=345s
[ja-ext] step 2450/3000 loss=1.6016 elapsed=352s
[ja-ext] step 2500/3000 loss=1.0078 elapsed=359s
[ja-ext] saved adapter to /workspace/anima_ja_ext/ckpts/adapter_step_2500
[ja-ext] step 2550/3000 loss=1.0000 elapsed=366s
[ja-ext] step 2600/3000 loss=1.6719 elapsed=373s
[ja-ext] step 2650/3000 loss=1.2031 elapsed=381s
[ja-ext] step 2700/3000 loss=0.7969 elapsed=388s
[ja-ext] step 2750/3000 loss=1.2500 elapsed=395s
[ja-ext] step 2800/3000 loss=1.1797 elapsed=402s
[ja-ext] step 2850/3000 loss=0.8711 elapsed=409s
[ja-ext] step 2900/3000 loss=1.2031 elapsed=416s
[ja-ext] step 2950/3000 loss=1.2656 elapsed=424s
[ja-ext] step 3000/3000 loss=1.4219 elapsed=431s
[ja-ext] saved adapter to /workspace/anima_ja_ext/ckpts/adapter_step_3000
[ja-ext] training done 431s — final adapter: /workspace/anima_ja_ext/ckpts/adapter_final
[B] train exit rc=0
[C] post-LoRA Korean smoke probe
Loading checkpoint shards:   0%|          | 0/3 [00:00<?, ?it/s]Loading checkpoint shards:  33%|███▎      | 1/3 [00:00<00:00,  2.10it/s]Loading checkpoint shards:  67%|██████▋   | 2/3 [00:03<00:01,  1.80s/it]Loading checkpoint shards: 100%|██████████| 3/3 [00:04<00:00,  1.58s/it]Loading checkpoint shards: 100%|██████████| 3/3 [00:04<00:00,  1.51s/it]
Traceback (most recent call last):
  File "<string>", line 14, in <module>
  File "/usr/local/lib/python3.11/dist-packages/torch/utils/_contextlib.py", line 116, in decorate_context
    return func(*args, **kwargs)
           ^^^^^^^^^^^^^^^^^^^^^
  File "/usr/local/lib/python3.11/dist-packages/transformers/generation/utils.py", line 2390, in generate
    self._validate_model_kwargs(model_kwargs.copy())
  File "/usr/local/lib/python3.11/dist-packages/transformers/generation/utils.py", line 1599, in _validate_model_kwargs
    raise ValueError(
ValueError: The following `model_kwargs` are not used by the model: ['token_type_ids'] (note: typos in the generate arguments will also show up in this list)
[orch] DONE ts=2026-05-07T12:53:16Z
