[2026-05-10T13:20:39Z] loading A (Phase 2 cotrain)
[2026-05-10T13:20:39Z]   A: 222 tensors loaded, 0.2s
[2026-05-10T13:20:39Z] loading B (BG-LA pretrain)
[2026-05-10T13:20:40Z]   B: 222 tensors loaded, 0.3s
[2026-05-10T13:20:40Z] computing per-(layer, component) metrics
[2026-05-10T13:20:41Z]   layer  0: done (2.0s)
[2026-05-10T13:20:43Z]   layer  1: done (3.6s)
[2026-05-10T13:20:45Z]   layer  2: done (5.3s)
[2026-05-10T13:20:46Z]   layer  3: done (7.1s)
[2026-05-10T13:20:48Z]   layer  4: done (8.9s)
[2026-05-10T13:20:50Z]   layer  5: done (10.6s)
[2026-05-10T13:20:52Z]   layer  6: done (12.2s)
[2026-05-10T13:20:53Z]   layer  7: done (13.9s)
[2026-05-10T13:20:55Z]   layer  8: done (15.6s)
[2026-05-10T13:20:57Z]   layer  9: done (17.4s)
[2026-05-10T13:20:59Z]   layer 10: done (19.3s)
[2026-05-10T13:21:00Z]   layer 11: done (21.1s)
[2026-05-10T13:21:02Z]   layer 12: done (22.9s)
[2026-05-10T13:21:04Z]   layer 13: done (24.7s)
[2026-05-10T13:21:06Z]   layer 14: done (26.4s)
[2026-05-10T13:21:07Z]   layer 15: done (28.1s)
[2026-05-10T13:21:09Z]   layer 16: done (30.1s)
[2026-05-10T13:21:11Z]   layer 17: done (32.1s)
[2026-05-10T13:21:13Z]   layer 18: done (33.9s)
[2026-05-10T13:21:15Z]   layer 19: done (35.6s)
[2026-05-10T13:21:17Z]   layer 20: done (37.4s)
[2026-05-10T13:21:18Z]   layer 21: done (39.0s)
[2026-05-10T13:21:20Z]   layer 22: done (40.7s)
[2026-05-10T13:21:22Z]   layer 23: done (42.3s)
[2026-05-10T13:21:22Z] computing aggregates
[2026-05-10T13:21:22Z] global extras (tok_emb, norm_f, lm_head)
[2026-05-10T13:21:22Z] wrote /Users/ghost/core/anima/state/anima_engineag_cotrain_dual_loss_localize_2026_05_10/component_metrics.json (125.1 KB)
[2026-05-10T13:21:22Z] rendering heatmap_table.md
[2026-05-10T13:21:22Z] wrote /Users/ghost/core/anima/state/anima_engineag_cotrain_dual_loss_localize_2026_05_10/heatmap_table.md
[2026-05-10T13:21:22Z] DONE in 42.6s
