PROD START Tue Jun 23 13:46:43 UTC 2026
=== anima cli/train.py — torch Lane-P REFERENCE+BRIDGE trainer ===
  ROLE: bridge (NOT production; production = cli/train.hexa)
  mode: CANON clm303  device=cuda
  config: d=3784 L=4 E0=2 Emax=4 V=256 K=3 seq_len=1024 steps=30000 bs=16
  savant=True mitosis=True
  cuda: NVIDIA H100 NVL cap=9.0 torch=2.4.0
  params: 388628412 (388.628M)
  corpus cell[0] /workspace/corpus/persona_sns_corpus.txt  size=4194308 bytes
  step     1  CE=5.72696  E=2  wd=0.0500
  step   100  CE=0.24371  E=2  wd=0.0499
  step   200  CE=0.12302  E=2  wd=0.0498
  step   300  CE=0.10647  E=2  wd=0.0497
  step   400  CE=0.10105  E=2  wd=0.0496
  step   500  CE=0.09197  E=2  wd=0.0494
  step   600  CE=0.08911  E=2  wd=0.0493
  step   700  CE=0.08761  E=2  wd=0.0492
  step   800  CE=0.08204  E=2  wd=0.0491
  step   900  CE=0.07883  E=2  wd=0.0490
  step  1000  CE=0.08141  E=2  wd=0.0489
  step  1100  CE=0.08156  E=2  wd=0.0488
  step  1200  CE=0.07025  E=2  wd=0.0487
  step  1300  CE=0.07385  E=2  wd=0.0485
  step  1400  CE=0.07534  E=2  wd=0.0484
  step  1500  CE=0.06990  E=2  wd=0.0483
  step  1600  CE=0.07167  E=2  wd=0.0482
  step  1700  CE=0.07006  E=2  wd=0.0481
  step  1800  CE=0.07132  E=2  wd=0.0480
  step  1900  CE=0.06656  E=2  wd=0.0479
  step  2000  CE=0.06961  E=2  wd=0.0477
  step  2100  CE=0.06470  E=2  wd=0.0476
  step  2200  CE=0.06474  E=2  wd=0.0475
  step  2300  CE=0.06888  E=2  wd=0.0474
  step  2400  CE=0.06509  E=2  wd=0.0473
  step  2500  CE=0.06209  E=2  wd=0.0472
  step  2600  CE=0.06168  E=2  wd=0.0471
  step  2700  CE=0.06705  E=2  wd=0.0470
  step  2800  CE=0.06606  E=2  wd=0.0468
  step  2900  CE=0.06094  E=2  wd=0.0467
  step  3000  CE=0.06103  E=2  wd=0.0466
  step  3100  CE=0.06633  E=2  wd=0.0465
  step  3200  CE=0.06568  E=2  wd=0.0464
  step  3300  CE=0.06521  E=2  wd=0.0463
  step  3400  CE=0.06380  E=2  wd=0.0462
  step  3500  CE=0.06367  E=2  wd=0.0461
  step  3600  CE=0.06321  E=2  wd=0.0459
  step  3700  CE=0.06232  E=2  wd=0.0458
  step  3800  CE=0.06120  E=2  wd=0.0457
  step  3900  CE=0.05998  E=2  wd=0.0456
  step  4000  CE=0.06066  E=2  wd=0.0455
  step  4100  CE=0.05700  E=2  wd=0.0454
  step  4200  CE=0.05847  E=2  wd=0.0453
  step  4300  CE=0.05887  E=2  wd=0.0452
  step  4400  CE=0.05562  E=2  wd=0.0450
  step  4500  CE=0.05879  E=2  wd=0.0449
  step  4600  CE=0.05958  E=2  wd=0.0448
  step  4700  CE=0.05779  E=2  wd=0.0447
  step  4800  CE=0.05793  E=2  wd=0.0446
  step  4900  CE=0.05999  E=2  wd=0.0445
  step  5000  CE=0.05706  E=2  wd=0.0444
  step  5100  CE=0.05701  E=2  wd=0.0443
  step  5200  CE=0.05861  E=2  wd=0.0441
  step  5300  CE=0.05501  E=2  wd=0.0440
  step  5400  CE=0.06036  E=2  wd=0.0439
  step  5500  CE=0.05651  E=2  wd=0.0438
  step  5600  CE=0.05991  E=2  wd=0.0437
  step  5700  CE=0.05895  E=2  wd=0.0436
  step  5800  CE=0.06082  E=2  wd=0.0435
  step  5900  CE=0.05723  E=2  wd=0.0434
  step  6000  CE=0.05709  E=2  wd=0.0432
  step  6100  CE=0.05364  E=2  wd=0.0431
  step  6200  CE=0.06050  E=2  wd=0.0430
  step  6300  CE=0.05448  E=2  wd=0.0429
  step  6400  CE=0.05916  E=2  wd=0.0428
  step  6500  CE=0.05776  E=2  wd=0.0427
  step  6600  CE=0.05799  E=2  wd=0.0426
  step  6700  CE=0.05729  E=2  wd=0.0425
  step  6800  CE=0.05953  E=2  wd=0.0423
  step  6900  CE=0.05708  E=2  wd=0.0422
  step  7000  CE=0.05523  E=2  wd=0.0421
  step  7100  CE=0.05596  E=2  wd=0.0420
  step  7200  CE=0.05990  E=2  wd=0.0419
  step  7300  CE=0.05347  E=2  wd=0.0418
  step  7400  CE=0.05484  E=2  wd=0.0417
  step  7500  CE=0.05373  E=2  wd=0.0416
  step  7600  CE=0.05516  E=2  wd=0.0414
  step  7700  CE=0.05644  E=2  wd=0.0413
  step  7800  CE=0.05279  E=2  wd=0.0412
  step  7900  CE=0.05552  E=2  wd=0.0411
  step  8000  CE=0.05599  E=2  wd=0.0410
  step  8100  CE=0.05629  E=2  wd=0.0409
  step  8200  CE=0.05513  E=2  wd=0.0408
  step  8300  CE=0.05415  E=2  wd=0.0407
  step  8400  CE=0.05557  E=2  wd=0.0405
  step  8500  CE=0.05265  E=2  wd=0.0404
  step  8600  CE=0.05470  E=2  wd=0.0403
  step  8700  CE=0.05607  E=2  wd=0.0402
  step  8800  CE=0.05694  E=2  wd=0.0401
  step  8900  CE=0.05494  E=2  wd=0.0400
  step  9000  CE=0.05586  E=2  wd=0.0399
  step  9100  CE=0.05399  E=2  wd=0.0398
  step  9200  CE=0.05701  E=2  wd=0.0396
  step  9300  CE=0.05444  E=2  wd=0.0395
  step  9400  CE=0.05141  E=2  wd=0.0394
  step  9500  CE=0.05315  E=2  wd=0.0393
  step  9600  CE=0.05235  E=2  wd=0.0392
  step  9700  CE=0.05432  E=2  wd=0.0391
  step  9800  CE=0.05396  E=2  wd=0.0390
  step  9900  CE=0.05477  E=2  wd=0.0389
  step 10000  CE=0.05401  E=2  wd=0.0387
  step 10100  CE=0.05395  E=2  wd=0.0386
  step 10200  CE=0.05301  E=2  wd=0.0385
  step 10300  CE=0.05250  E=2  wd=0.0384
  step 10400  CE=0.05579  E=2  wd=0.0383
  step 10500  CE=0.05441  E=2  wd=0.0382
  step 10600  CE=0.05011  E=2  wd=0.0381
  step 10700  CE=0.05213  E=2  wd=0.0380
  step 10800  CE=0.05354  E=2  wd=0.0378
  step 10900  CE=0.05249  E=2  wd=0.0377
  step 11000  CE=0.05139  E=2  wd=0.0376
  step 11100  CE=0.05366  E=2  wd=0.0375
  step 11200  CE=0.05360  E=2  wd=0.0374
  step 11300  CE=0.05176  E=2  wd=0.0373
  step 11400  CE=0.05055  E=2  wd=0.0372
  step 11500  CE=0.05192  E=2  wd=0.0371
  step 11600  CE=0.05237  E=2  wd=0.0369
  step 11700  CE=0.05249  E=2  wd=0.0368
  step 11800  CE=0.05409  E=2  wd=0.0367
  step 11900  CE=0.05110  E=2  wd=0.0366
  step 12000  CE=0.05218  E=2  wd=0.0365
  step 12100  CE=0.05036  E=2  wd=0.0364
  step 12200  CE=0.05316  E=2  wd=0.0363
  step 12300  CE=0.05207  E=2  wd=0.0362
  step 12400  CE=0.05126  E=2  wd=0.0360
  step 12500  CE=0.05551  E=2  wd=0.0359
  step 12600  CE=0.05353  E=2  wd=0.0358
  step 12700  CE=0.05657  E=2  wd=0.0357
  step 12800  CE=0.05173  E=2  wd=0.0356
  step 12900  CE=0.05328  E=2  wd=0.0355
  step 13000  CE=0.05181  E=2  wd=0.0354
  step 13100  CE=0.05320  E=2  wd=0.0353
  step 13200  CE=0.05470  E=2  wd=0.0351
  step 13300  CE=0.05418  E=2  wd=0.0350
  step 13400  CE=0.04985  E=2  wd=0.0349
  step 13500  CE=0.05170  E=2  wd=0.0348
  step 13600  CE=0.05270  E=2  wd=0.0347
  step 13700  CE=0.05020  E=2  wd=0.0346
  step 13800  CE=0.05044  E=2  wd=0.0345
  step 13900  CE=0.05168  E=2  wd=0.0344
  step 14000  CE=0.05150  E=2  wd=0.0342
  step 14100  CE=0.05046  E=2  wd=0.0341
  step 14200  CE=0.05418  E=2  wd=0.0340
  step 14300  CE=0.05258  E=2  wd=0.0339
  step 14400  CE=0.05278  E=2  wd=0.0338
  step 14500  CE=0.05124  E=2  wd=0.0337
  step 14600  CE=0.05196  E=2  wd=0.0336
  step 14700  CE=0.04911  E=2  wd=0.0335
  step 14800  CE=0.04985  E=2  wd=0.0333
  step 14900  CE=0.05374  E=2  wd=0.0332
  step 15000 (MITOSIS SPLIT) E 2->3
  step 15000  CE=0.05268  E=3  wd=0.0331
  step 15100  CE=0.05662  E=3  wd=0.0330
  step 15200  CE=0.05163  E=3  wd=0.0329
  step 15300  CE=0.05294  E=3  wd=0.0328
  step 15400  CE=0.05042  E=3  wd=0.0327
  step 15500  CE=0.05155  E=3  wd=0.0326
  step 15600  CE=0.05382  E=3  wd=0.0324
  step 15700  CE=0.04999  E=3  wd=0.0323
  step 15800  CE=0.05123  E=3  wd=0.0322
  step 15900  CE=0.04990  E=3  wd=0.0321
  step 16000  CE=0.05061  E=3  wd=0.0320
  step 16100  CE=0.05130  E=3  wd=0.0319
  step 16200  CE=0.05218  E=3  wd=0.0318
  step 16300  CE=0.05274  E=3  wd=0.0317
  step 16400  CE=0.05036  E=3  wd=0.0315
  step 16500  CE=0.05038  E=3  wd=0.0314
  step 16600  CE=0.05197  E=3  wd=0.0313
  step 16700  CE=0.05088  E=3  wd=0.0312
  step 16800  CE=0.05118  E=3  wd=0.0311
  step 16900  CE=0.04964  E=3  wd=0.0310
  step 17000  CE=0.05010  E=3  wd=0.0309
  step 17100  CE=0.05129  E=3  wd=0.0308
  step 17200  CE=0.05311  E=3  wd=0.0306
  step 17300  CE=0.05203  E=3  wd=0.0305
  step 17400  CE=0.05289  E=3  wd=0.0304
  step 17500  CE=0.04949  E=3  wd=0.0303
  step 17600  CE=0.04980  E=3  wd=0.0302
  step 17700  CE=0.05410  E=3  wd=0.0301
  step 17800  CE=0.05265  E=3  wd=0.0300
  step 17900  CE=0.04938  E=3  wd=0.0299
  step 18000  CE=0.05186  E=3  wd=0.0297
  step 18100  CE=0.05219  E=3  wd=0.0296
  step 18200  CE=0.05080  E=3  wd=0.0295
  step 18300  CE=0.05430  E=3  wd=0.0294
  step 18400  CE=0.05141  E=3  wd=0.0293
  step 18500  CE=0.04967  E=3  wd=0.0292
  step 18600  CE=0.04966  E=3  wd=0.0291
  step 18700  CE=0.05183  E=3  wd=0.0290
  step 18800  CE=0.05249  E=3  wd=0.0288
  step 18900  CE=0.05079  E=3  wd=0.0287
  step 19000  CE=0.05296  E=3  wd=0.0286
  step 19100  CE=0.05064  E=3  wd=0.0285
  step 19200  CE=0.04935  E=3  wd=0.0284
  step 19300  CE=0.05312  E=3  wd=0.0283
  step 19400  CE=0.05011  E=3  wd=0.0282
  step 19500  CE=0.04998  E=3  wd=0.0281
  step 19600  CE=0.05395  E=3  wd=0.0279
  step 19700  CE=0.05107  E=3  wd=0.0278
  step 19800  CE=0.05259  E=3  wd=0.0277
  step 19900  CE=0.04952  E=3  wd=0.0276
  step 20000  CE=0.04996  E=3  wd=0.0275
  step 20100  CE=0.04996  E=3  wd=0.0274
  step 20200  CE=0.05096  E=3  wd=0.0273
  step 20300  CE=0.05048  E=3  wd=0.0272
  step 20400  CE=0.04883  E=3  wd=0.0270
  step 20500  CE=0.05099  E=3  wd=0.0269
  step 20600  CE=0.05007  E=3  wd=0.0268
  step 20700  CE=0.05263  E=3  wd=0.0267
  step 20800  CE=0.05288  E=3  wd=0.0266
  step 20900  CE=0.05085  E=3  wd=0.0265
  step 21000  CE=0.05124  E=3  wd=0.0264
  step 21100  CE=0.05024  E=3  wd=0.0263
  step 21200  CE=0.05179  E=3  wd=0.0261
  step 21300  CE=0.05069  E=3  wd=0.0260
  step 21400  CE=0.04865  E=3  wd=0.0259
  step 21500  CE=0.04700  E=3  wd=0.0258
  step 21600  CE=0.04846  E=3  wd=0.0257
  step 21700  CE=0.05005  E=3  wd=0.0256
  step 21800  CE=0.04960  E=3  wd=0.0255
  step 21900  CE=0.05039  E=3  wd=0.0253
  step 22000  CE=0.05137  E=3  wd=0.0252
  step 22100  CE=0.04970  E=3  wd=0.0251
  step 22200  CE=0.04789  E=3  wd=0.0250
  step 22300  CE=0.04766  E=3  wd=0.0249
  step 22400  CE=0.04868  E=3  wd=0.0248
  step 22500  CE=0.04801  E=3  wd=0.0247
  step 22600  CE=0.05108  E=3  wd=0.0246
  step 22700  CE=0.05024  E=3  wd=0.0244
  step 22800  CE=0.04799  E=3  wd=0.0243
  step 22900  CE=0.04780  E=3  wd=0.0242
  step 23000  CE=0.04833  E=3  wd=0.0241
  step 23100  CE=0.04786  E=3  wd=0.0240
  step 23200  CE=0.05043  E=3  wd=0.0239
  step 23300  CE=0.05127  E=3  wd=0.0238
  step 23400  CE=0.04995  E=3  wd=0.0237
  step 23500  CE=0.05083  E=3  wd=0.0235
  step 23600  CE=0.04549  E=3  wd=0.0234
  step 23700  CE=0.05297  E=3  wd=0.0233
  step 23800  CE=0.04906  E=3  wd=0.0232
  step 23900  CE=0.05034  E=3  wd=0.0231
  step 24000  CE=0.05123  E=3  wd=0.0230
  step 24100  CE=0.05110  E=3  wd=0.0229
  step 24200  CE=0.04940  E=3  wd=0.0228
  step 24300  CE=0.04963  E=3  wd=0.0226
  step 24400  CE=0.05119  E=3  wd=0.0225
  step 24500  CE=0.04914  E=3  wd=0.0224
  step 24600  CE=0.04958  E=3  wd=0.0223
  step 24700  CE=0.04883  E=3  wd=0.0222
  step 24800  CE=0.05018  E=3  wd=0.0221
  step 24900  CE=0.05152  E=3  wd=0.0220
  step 25000  CE=0.04831  E=3  wd=0.0219
  step 25100  CE=0.04801  E=3  wd=0.0217
  step 25200  CE=0.04665  E=3  wd=0.0216
  step 25300  CE=0.05144  E=3  wd=0.0215
  step 25400  CE=0.05108  E=3  wd=0.0214
  step 25500  CE=0.04973  E=3  wd=0.0213
  step 25600  CE=0.05161  E=3  wd=0.0212
  step 25700  CE=0.04951  E=3  wd=0.0211
  step 25800  CE=0.04970  E=3  wd=0.0210
  step 25900  CE=0.04932  E=3  wd=0.0208
  step 26000  CE=0.04916  E=3  wd=0.0207
  step 26100  CE=0.04894  E=3  wd=0.0206
  step 26200  CE=0.04865  E=3  wd=0.0205
  step 26300  CE=0.04836  E=3  wd=0.0204
  step 26400  CE=0.04760  E=3  wd=0.0203
  step 26500  CE=0.04810  E=3  wd=0.0202
  step 26600  CE=0.05123  E=3  wd=0.0201
  step 26700  CE=0.05074  E=3  wd=0.0199
  step 26800  CE=0.04708  E=3  wd=0.0198
  step 26900  CE=0.04939  E=3  wd=0.0197
  step 27000  CE=0.04972  E=3  wd=0.0196
  step 27100  CE=0.05004  E=3  wd=0.0195
  step 27200  CE=0.05012  E=3  wd=0.0194
  step 27300  CE=0.05119  E=3  wd=0.0193
  step 27400  CE=0.04895  E=3  wd=0.0192
  step 27500  CE=0.04733  E=3  wd=0.0190
  step 27600  CE=0.04899  E=3  wd=0.0189
  step 27700  CE=0.05083  E=3  wd=0.0188
  step 27800  CE=0.04833  E=3  wd=0.0187
  step 27900  CE=0.05047  E=3  wd=0.0186
  step 28000  CE=0.04825  E=3  wd=0.0185
  step 28100  CE=0.05034  E=3  wd=0.0184
  step 28200  CE=0.04899  E=3  wd=0.0183
  step 28300  CE=0.05104  E=3  wd=0.0181
  step 28400  CE=0.04861  E=3  wd=0.0180
  step 28500  CE=0.04926  E=3  wd=0.0179
  step 28600  CE=0.04808  E=3  wd=0.0178
  step 28700  CE=0.04876  E=3  wd=0.0177
  step 28800  CE=0.04911  E=3  wd=0.0176
  step 28900  CE=0.04851  E=3  wd=0.0175
  step 29000  CE=0.05050  E=3  wd=0.0174
  step 29100  CE=0.04988  E=3  wd=0.0172
  step 29200  CE=0.05006  E=3  wd=0.0171
  step 29300  CE=0.04871  E=3  wd=0.0170
  step 29400  CE=0.04654  E=3  wd=0.0169
  step 29500  CE=0.04882  E=3  wd=0.0168
  step 29600  CE=0.04795  E=3  wd=0.0167
  step 29700  CE=0.04801  E=3  wd=0.0166
  step 29800  CE=0.04993  E=3  wd=0.0165
  step 29900  CE=0.05076  E=3  wd=0.0163
  step 30000  CE=0.04660  E=3  wd=0.0162
  loss0=5.72696  lossF=0.04660  wall=7545.2s
  savant latched_at=1  mitosis E0=2->E=3
  mitosis CE across split: 0.04976 -> 0.05085
  serializing .clm v0.3 (L=4 E=3 d=3784 V=256 K=3) -> /tmp/clm303.clm
  ckpt WRITTEN 176584498 bytes -> /tmp/clm303.clm

=== CORE-loadable self-check (mirror of core/clm_decode.hexa) ===
  clm_decodable      = True
  nblk               = 10  (expect 10)  -> OK
  n_ext              = 21  (expect 21)  -> OK
  CLMX trailer found = True
  exact_eof          = True
  recovered clm_config: d=3784 K=3 V=256 E=3 L=4

PASS — .clm v0.3 is CORE-loadable; clm_config recovers d/L/E/V/K exactly (d=3784 L=4 E=3 V=256 K=3). Engine-native G6 verdict = CORE re-measure (a_engine_native_learning: torch CE above is DIRECTIONAL only).
PROD_EXIT_DONE rc=0
