seed=7 dp=0.0: train=1.0 held=0.0315 HE=0.0867 (oracle=1.0)
seed=7 dp=0.1: train=1.0 held=0.1179 HE=0.2416 (oracle=1.0)
seed=7 dp=0.25: train=1.0 held=0.1179 HE=1.929 (oracle=1.0)
seed=7 dp=0.4: train=1.0 held=0.1023 HE=3.0471 (oracle=1.0)
seed=4302 dp=0.0: train=1.0 held=0.1313 HE=0.2704 (oracle=1.0)
seed=4302 dp=0.1: train=1.0 held=0.1995 HE=1.0702 (oracle=1.0)
seed=4302 dp=0.25: train=1.0 held=0.1196 HE=1.3916 (oracle=1.0)
seed=4302 dp=0.4: train=1.0 held=0.032 HE=1.9247 (oracle=1.0)
seed=4303 dp=0.0: train=1.0 held=0.0881 HE=0.2421 (oracle=1.0)
seed=4303 dp=0.1: train=1.0 held=0.0 HE=0.4709 (oracle=1.0)
seed=4303 dp=0.25: train=0.9971 held=0.115 HE=2.7831 (oracle=1.0)
seed=4303 dp=0.4: train=1.0 held=0.0 HE=1.6773 (oracle=1.0)
seed=4304 dp=0.0: train=1.0 held=0.1211 HE=0.0265 (oracle=1.0)
seed=4304 dp=0.1: train=1.0 held=0.2432 HE=1.6888 (oracle=1.0)
seed=4304 dp=0.25: train=1.0 held=0.3699 HE=1.534 (oracle=1.0)
seed=4304 dp=0.4: train=1.0 held=0.2122 HE=3.5524 (oracle=1.0)
seed=4305 dp=0.0: train=1.0 held=0.0 HE=0.2177 (oracle=1.0)
seed=4305 dp=0.1: train=1.0 held=0.0 HE=0.0379 (oracle=1.0)
seed=4305 dp=0.25: train=1.0 held=0.116 HE=1.6505 (oracle=1.0)
seed=4305 dp=0.4: train=1.0 held=0.116 HE=1.339 (oracle=1.0)

=== VERDICT ===
{'seed': 7, 'gz': 0.1179, 'low_best': 0.1179, 'delta': 0.0}
{'seed': 4302, 'gz': 0.1196, 'low_best': 0.1995, 'delta': 0.0799}
{'seed': 4303, 'gz': 0.115, 'low_best': 0.0881, 'delta': -0.0269}
{'seed': 4304, 'gz': 0.3699, 'low_best': 0.2432, 'delta': -0.1267}
{'seed': 4305, 'gz': 0.116, 'low_best': 0.0, 'delta': -0.116}
oracle_ok: True | n>=+0.15: 0 / 5 | no_regress: False
TIER: 🧱 DIRECTIONAL-FLOOR (NOT-SUPPORTED) — inhibition band does not open G1 composition
