[RUN] S_to_C (S → C) class=A rounds=1 ...
  -> real=True found=True saturated=False overlay=517 agree=True
[RUN] BRIDGE_to_D (BRIDGE → D) class=A rounds=1 ...
  -> real=True found=True saturated=False overlay=517 agree=True
[RUN] E_to_C (E → C) class=A rounds=1 ...
  -> real=True found=True saturated=False overlay=517 agree=True
[RUN] D_to_loss (D → loss) class=A rounds=1 ...
  -> real=True found=True saturated=False overlay=517 agree=True
[RUN] C_to_D (C → D) class=B rounds=1 ...
  -> real=True found=True saturated=False overlay=517 agree=True
[RUN] E_to_TRINITY (E → TRINITY-INTEGRATED) class=B rounds=1 ...
  -> real=True found=True saturated=False overlay=517 agree=True
[RUN] W_to_E (W → E) class=B rounds=1 ...
  -> real=True found=True saturated=False overlay=517 agree=True
[RUN] THINKER_to_TALKER (THINKER → TALKER) class=C rounds=1 ...
  -> real=True found=True saturated=False overlay=517 agree=True
[RUN] W_to_Wt1 (W → W@t+1) class=C rounds=1 ...
  -> real=True found=True saturated=False overlay=517 agree=True
[RUN] Demit_to_St1 (D@emit → S@t+1) class=C rounds=1 ...
  -> real=True found=True saturated=False overlay=517 agree=True
[RUN] E_to_Dcontent (E → D@content) class=C rounds=1 ...
  -> real=True found=True saturated=False overlay=517 agree=True

=== §69 RECONCILE: run=11 deferred=8 agree=11 disagree=0 sha=103ee7127a42a4ca… ===
