=== 2026-05-03T21:33:51Z [preflight_start] ===
-- nvidia-smi memory --
memory.free [MiB], memory.used [MiB], memory.total [MiB]
11758 MiB, 15 MiB, 12227 MiB
-- nvidia-smi compute apps --
pid, used_gpu_memory [MiB], process_name
=== 2026-05-03T21:34:16Z [preflight_pass] ===
-- nvidia-smi memory --
memory.free [MiB], memory.used [MiB], memory.total [MiB]
11758 MiB, 15 MiB, 12227 MiB
-- nvidia-smi compute apps --
pid, used_gpu_memory [MiB], process_name
=== 2026-05-03T21:34:16Z [attempt_1_pre_launch] ===
-- nvidia-smi memory --
memory.free [MiB], memory.used [MiB], memory.total [MiB]
11758 MiB, 15 MiB, 12227 MiB
-- nvidia-smi compute apps --
pid, used_gpu_memory [MiB], process_name
=== 2026-05-03T21:34:16Z [attempt_1_post_launch] ===
-- nvidia-smi memory --
memory.free [MiB], memory.used [MiB], memory.total [MiB]
11758 MiB, 15 MiB, 12227 MiB
-- nvidia-smi compute apps --
pid, used_gpu_memory [MiB], process_name
