GEN110 ms=133676
TEXT :: the authentic pieces of the point of metabolic power constantinopers persuasions . Morris 's subsequent effect
      136.13 real       131.79 user         1.15 sys
         10148970496  maximum resident set size
                   0  average shared memory size
                   0  average unshared data size
                   0  average unshared stack size
              870306  page reclaims
                  53  page faults
                   0  swaps
                   0  block input operations
                   0  block output operations
                   0  messages sent
                   0  messages received
                   0  signals received
                   5  voluntary context switches
               13071  involuntary context switches
       1887114458790  instructions retired
        530178155687  cycles elapsed
         13040657912  peak memory footprint
